

================================================================
== Vitis HLS Report for 'compute_output_buffer_2d_array_array_ap_fixed_40_20_5_3_0_10u_config10_s'
================================================================
* Date:           Sun Apr  5 17:32:29 2026

* Version:        2023.2 (Build 4023990 on Oct 11 2023)
* Project:        gaussian_prj
* Solution:       solution1 (Vivado IP Flow Target)
* Product family: kintexu
* Target device:  xcku035-fbva676-2-e


================================================================
== Performance Estimates
================================================================
+ Timing: 
    * Summary: 
    +--------+---------+----------+------------+
    |  Clock |  Target | Estimated| Uncertainty|
    +--------+---------+----------+------------+
    |ap_clk  |  5.00 ns|  3.847 ns|     1.35 ns|
    +--------+---------+----------+------------+

+ Latency: 
    * Summary: 
    +---------+---------+-----------+-----------+-----+-----+---------+
    |  Latency (cycles) |   Latency (absolute)  |  Interval | Pipeline|
    |   min   |   max   |    min    |    max    | min | max |   Type  |
    +---------+---------+-----------+-----------+-----+-----+---------+
    |        9|        9|  45.000 ns|  45.000 ns|    9|    9|      yes|
    +---------+---------+-----------+-----------+-----+-----+---------+

    + Detail: 
        * Instance: 
        +-----------------------------------------------------------------------------+-------------------------------------------------------------+---------+---------+-----------+-----------+-----+-----+---------+
        |                                                                             |                                                             |  Latency (cycles) |   Latency (absolute)  |  Interval | Pipeline|
        |                                   Instance                                  |                            Module                           |   min   |   max   |    min    |    max    | min | max |   Type  |
        +-----------------------------------------------------------------------------+-------------------------------------------------------------+---------+---------+-----------+-----------+-----+-----+---------+
        |call_ln281_shift_line_buffer_array_ap_fixed_16_6_5_3_0_8u_config10_s_fu_300  |shift_line_buffer_array_ap_fixed_16_6_5_3_0_8u_config10_s    |        0|        0|       0 ns|       0 ns|    1|    1|      yes|
        |grp_dense_latency_ap_fixed_ap_fixed_40_20_5_3_0_config10_mult_s_fu_496       |dense_latency_ap_fixed_ap_fixed_40_20_5_3_0_config10_mult_s  |        6|        6|  30.000 ns|  30.000 ns|    1|    1|      yes|
        +-----------------------------------------------------------------------------+-------------------------------------------------------------+---------+---------+-----------+-----------+-----+-----+---------+

        * Loop: 
        N/A



================================================================
== Utilization Estimates
================================================================
* Summary: 
+-----------------+---------+------+--------+--------+-----+
|       Name      | BRAM_18K|  DSP |   FF   |   LUT  | URAM|
+-----------------+---------+------+--------+--------+-----+
|DSP              |        -|     -|       -|       -|    -|
|Expression       |        -|     -|       0|     513|    -|
|FIFO             |        -|     -|       -|       -|    -|
|Instance         |        -|   543|   23929|   27875|    -|
|Memory           |        -|     -|       -|       -|    -|
|Multiplexer      |        -|     -|       -|     114|    -|
|Register         |        -|     -|    1726|       -|    -|
+-----------------+---------+------+--------+--------+-----+
|Total            |        0|   543|   25655|   28502|    0|
+-----------------+---------+------+--------+--------+-----+
|Available        |     1080|  1700|  406256|  203128|    0|
+-----------------+---------+------+--------+--------+-----+
|Utilization (%)  |        0|    31|       6|      14|    0|
+-----------------+---------+------+--------+--------+-----+

+ Detail: 
    * Instance: 
    +-----------------------------------------------------------------------------+-------------------------------------------------------------+---------+-----+-------+-------+-----+
    |                                   Instance                                  |                            Module                           | BRAM_18K| DSP |   FF  |  LUT  | URAM|
    +-----------------------------------------------------------------------------+-------------------------------------------------------------+---------+-----+-------+-------+-----+
    |grp_dense_latency_ap_fixed_ap_fixed_40_20_5_3_0_config10_mult_s_fu_496       |dense_latency_ap_fixed_ap_fixed_40_20_5_3_0_config10_mult_s  |        0|  543|  23928|  27427|    0|
    |call_ln281_shift_line_buffer_array_ap_fixed_16_6_5_3_0_8u_config10_s_fu_300  |shift_line_buffer_array_ap_fixed_16_6_5_3_0_8u_config10_s    |        0|    0|      1|    448|    0|
    +-----------------------------------------------------------------------------+-------------------------------------------------------------+---------+-----+-------+-------+-----+
    |Total                                                                        |                                                             |        0|  543|  23929|  27875|    0|
    +-----------------------------------------------------------------------------+-------------------------------------------------------------+---------+-----+-------+-------+-----+

    * DSP: 
    N/A

    * Memory: 
    N/A

    * FIFO: 
    N/A

    * Expression: 
    +------------------------------------------+----------+----+---+----+------------+------------+
    |               Variable Name              | Operation| DSP| FF| LUT| Bitwidth P0| Bitwidth P1|
    +------------------------------------------+----------+----+---+----+------------+------------+
    |add_ln303_fu_716_p2                       |         +|   0|  0|  39|          32|           1|
    |add_ln307_fu_766_p2                       |         +|   0|  0|  39|          32|           1|
    |add_ln313_fu_790_p2                       |         +|   0|  0|  39|          32|           1|
    |add_ln318_fu_734_p2                       |         +|   0|  0|  39|          32|           1|
    |and_ln284_1_fu_710_p2                     |       and|   0|  0|   2|           1|           1|
    |and_ln284_fu_704_p2                       |       and|   0|  0|   2|           1|           1|
    |ap_block_pp0_stage0_01001                 |       and|   0|  0|   2|           1|           1|
    |ap_block_pp0_stage0_11001_ignoreCallOp19  |       and|   0|  0|   2|           1|           1|
    |ap_block_state10_pp0_stage0_iter1         |       and|   0|  0|   2|           1|           1|
    |ap_condition_609                          |       and|   0|  0|   2|           1|           1|
    |ap_condition_998                          |       and|   0|  0|   2|           1|           1|
    |ap_predicate_op35_call_state2             |       and|   0|  0|   2|           1|           1|
    |ap_predicate_op56_call_state3             |       and|   0|  0|   2|           1|           1|
    |icmp_ln284_1_fu_666_p2                    |      icmp|   0|  0|  39|          32|           2|
    |icmp_ln284_2_fu_682_p2                    |      icmp|   0|  0|  38|          31|           1|
    |icmp_ln284_3_fu_698_p2                    |      icmp|   0|  0|  38|          31|           1|
    |icmp_ln284_fu_648_p2                      |      icmp|   0|  0|  39|          32|           2|
    |icmp_ln303_fu_722_p2                      |      icmp|   0|  0|  39|          32|           3|
    |icmp_ln307_fu_772_p2                      |      icmp|   0|  0|  39|          32|           3|
    |icmp_ln313_fu_784_p2                      |      icmp|   0|  0|  39|          32|           2|
    |ap_block_pp0_stage0_subdone               |        or|   0|  0|   2|           1|           1|
    |select_ln313_fu_796_p3                    |    select|   0|  0|  32|           1|           2|
    |select_ln318_fu_740_p3                    |    select|   0|  0|  32|           1|           2|
    |ap_enable_pp0                             |       xor|   0|  0|   2|           1|           2|
    +------------------------------------------+----------+----+---+----+------------+------------+
    |Total                                     |          |   0|  0| 513|         363|          34|
    +------------------------------------------+----------+----+---+----+------------+------------+

    * Multiplexer: 
    +-----------------------------------------+----+-----------+-----+-----------+
    |                   Name                  | LUT| Input Size| Bits| Total Bits|
    +-----------------------------------------+----+-----------+-----+-----------+
    |ap_NS_fsm                                |  51|         10|    1|         10|
    |ap_enable_reg_pp0_iter0                  |   9|          2|    1|          2|
    |ap_enable_reg_pp0_iter1                  |   9|          2|    1|          2|
    |ap_phi_reg_pp0_iter0_storemerge_reg_289  |   9|          2|   32|         64|
    |layer10_out_blk_n                        |   9|          2|    1|          2|
    |pX_3                                     |   9|          2|   32|         64|
    |pY_3                                     |   9|          2|   32|         64|
    |sX_3                                     |   9|          2|   32|         64|
    +-----------------------------------------+----+-----------+-----+-----------+
    |Total                                    | 114|         24|  132|        272|
    +-----------------------------------------+----+-----------+-----+-----------+

    * Register: 
    +--------------------------------------------------------------------------------------+----+----+-----+-----------+
    |                                         Name                                         | FF | LUT| Bits| Const Bits|
    +--------------------------------------------------------------------------------------+----+----+-----+-----------+
    |and_ln284_1_reg_875                                                                   |   1|   0|    1|          0|
    |ap_CS_fsm                                                                             |   9|   0|    9|          0|
    |ap_enable_reg_pp0_iter0_reg                                                           |   1|   0|    1|          0|
    |ap_enable_reg_pp0_iter1                                                               |   1|   0|    1|          0|
    |ap_phi_reg_pp0_iter0_storemerge_reg_289                                               |  32|   0|   32|          0|
    |icmp_ln284_reg_871                                                                    |   1|   0|    1|          0|
    |icmp_ln303_reg_879                                                                    |   1|   0|    1|          0|
    |pX_3                                                                                  |  32|   0|   32|          0|
    |pY_3                                                                                  |  32|   0|   32|          0|
    |p_ZZN4nnet24compute_output_buffer_2dINS_5arrayI8ap_fixedILi16ELi6EL9ap_q_mode5EL9     |  16|   0|   16|          0|
    |p_ZZN4nnet24compute_output_buffer_2dINS_5arrayI8ap_fixedILi16ELi6EL9ap_q_mode5EL9_1   |  16|   0|   16|          0|
    |p_ZZN4nnet24compute_output_buffer_2dINS_5arrayI8ap_fixedILi16ELi6EL9ap_q_mode5EL9_10  |  16|   0|   16|          0|
    |p_ZZN4nnet24compute_output_buffer_2dINS_5arrayI8ap_fixedILi16ELi6EL9ap_q_mode5EL9_11  |  16|   0|   16|          0|
    |p_ZZN4nnet24compute_output_buffer_2dINS_5arrayI8ap_fixedILi16ELi6EL9ap_q_mode5EL9_12  |  16|   0|   16|          0|
    |p_ZZN4nnet24compute_output_buffer_2dINS_5arrayI8ap_fixedILi16ELi6EL9ap_q_mode5EL9_13  |  16|   0|   16|          0|
    |p_ZZN4nnet24compute_output_buffer_2dINS_5arrayI8ap_fixedILi16ELi6EL9ap_q_mode5EL9_14  |  16|   0|   16|          0|
    |p_ZZN4nnet24compute_output_buffer_2dINS_5arrayI8ap_fixedILi16ELi6EL9ap_q_mode5EL9_15  |  16|   0|   16|          0|
    |p_ZZN4nnet24compute_output_buffer_2dINS_5arrayI8ap_fixedILi16ELi6EL9ap_q_mode5EL9_16  |  16|   0|   16|          0|
    |p_ZZN4nnet24compute_output_buffer_2dINS_5arrayI8ap_fixedILi16ELi6EL9ap_q_mode5EL9_17  |  16|   0|   16|          0|
    |p_ZZN4nnet24compute_output_buffer_2dINS_5arrayI8ap_fixedILi16ELi6EL9ap_q_mode5EL9_18  |  16|   0|   16|          0|
    |p_ZZN4nnet24compute_output_buffer_2dINS_5arrayI8ap_fixedILi16ELi6EL9ap_q_mode5EL9_19  |  16|   0|   16|          0|
    |p_ZZN4nnet24compute_output_buffer_2dINS_5arrayI8ap_fixedILi16ELi6EL9ap_q_mode5EL9_2   |  16|   0|   16|          0|
    |p_ZZN4nnet24compute_output_buffer_2dINS_5arrayI8ap_fixedILi16ELi6EL9ap_q_mode5EL9_20  |  16|   0|   16|          0|
    |p_ZZN4nnet24compute_output_buffer_2dINS_5arrayI8ap_fixedILi16ELi6EL9ap_q_mode5EL9_21  |  16|   0|   16|          0|
    |p_ZZN4nnet24compute_output_buffer_2dINS_5arrayI8ap_fixedILi16ELi6EL9ap_q_mode5EL9_22  |  16|   0|   16|          0|
    |p_ZZN4nnet24compute_output_buffer_2dINS_5arrayI8ap_fixedILi16ELi6EL9ap_q_mode5EL9_23  |  16|   0|   16|          0|
    |p_ZZN4nnet24compute_output_buffer_2dINS_5arrayI8ap_fixedILi16ELi6EL9ap_q_mode5EL9_24  |  16|   0|   16|          0|
    |p_ZZN4nnet24compute_output_buffer_2dINS_5arrayI8ap_fixedILi16ELi6EL9ap_q_mode5EL9_25  |  16|   0|   16|          0|
    |p_ZZN4nnet24compute_output_buffer_2dINS_5arrayI8ap_fixedILi16ELi6EL9ap_q_mode5EL9_26  |  16|   0|   16|          0|
    |p_ZZN4nnet24compute_output_buffer_2dINS_5arrayI8ap_fixedILi16ELi6EL9ap_q_mode5EL9_27  |  16|   0|   16|          0|
    |p_ZZN4nnet24compute_output_buffer_2dINS_5arrayI8ap_fixedILi16ELi6EL9ap_q_mode5EL9_28  |  16|   0|   16|          0|
    |p_ZZN4nnet24compute_output_buffer_2dINS_5arrayI8ap_fixedILi16ELi6EL9ap_q_mode5EL9_29  |  16|   0|   16|          0|
    |p_ZZN4nnet24compute_output_buffer_2dINS_5arrayI8ap_fixedILi16ELi6EL9ap_q_mode5EL9_3   |  16|   0|   16|          0|
    |p_ZZN4nnet24compute_output_buffer_2dINS_5arrayI8ap_fixedILi16ELi6EL9ap_q_mode5EL9_30  |  16|   0|   16|          0|
    |p_ZZN4nnet24compute_output_buffer_2dINS_5arrayI8ap_fixedILi16ELi6EL9ap_q_mode5EL9_31  |  16|   0|   16|          0|
    |p_ZZN4nnet24compute_output_buffer_2dINS_5arrayI8ap_fixedILi16ELi6EL9ap_q_mode5EL9_32  |  16|   0|   16|          0|
    |p_ZZN4nnet24compute_output_buffer_2dINS_5arrayI8ap_fixedILi16ELi6EL9ap_q_mode5EL9_33  |  16|   0|   16|          0|
    |p_ZZN4nnet24compute_output_buffer_2dINS_5arrayI8ap_fixedILi16ELi6EL9ap_q_mode5EL9_34  |  16|   0|   16|          0|
    |p_ZZN4nnet24compute_output_buffer_2dINS_5arrayI8ap_fixedILi16ELi6EL9ap_q_mode5EL9_35  |  16|   0|   16|          0|
    |p_ZZN4nnet24compute_output_buffer_2dINS_5arrayI8ap_fixedILi16ELi6EL9ap_q_mode5EL9_36  |  16|   0|   16|          0|
    |p_ZZN4nnet24compute_output_buffer_2dINS_5arrayI8ap_fixedILi16ELi6EL9ap_q_mode5EL9_37  |  16|   0|   16|          0|
    |p_ZZN4nnet24compute_output_buffer_2dINS_5arrayI8ap_fixedILi16ELi6EL9ap_q_mode5EL9_38  |  16|   0|   16|          0|
    |p_ZZN4nnet24compute_output_buffer_2dINS_5arrayI8ap_fixedILi16ELi6EL9ap_q_mode5EL9_39  |  16|   0|   16|          0|
    |p_ZZN4nnet24compute_output_buffer_2dINS_5arrayI8ap_fixedILi16ELi6EL9ap_q_mode5EL9_4   |  16|   0|   16|          0|
    |p_ZZN4nnet24compute_output_buffer_2dINS_5arrayI8ap_fixedILi16ELi6EL9ap_q_mode5EL9_40  |  16|   0|   16|          0|
    |p_ZZN4nnet24compute_output_buffer_2dINS_5arrayI8ap_fixedILi16ELi6EL9ap_q_mode5EL9_41  |  16|   0|   16|          0|
    |p_ZZN4nnet24compute_output_buffer_2dINS_5arrayI8ap_fixedILi16ELi6EL9ap_q_mode5EL9_42  |  16|   0|   16|          0|
    |p_ZZN4nnet24compute_output_buffer_2dINS_5arrayI8ap_fixedILi16ELi6EL9ap_q_mode5EL9_43  |  16|   0|   16|          0|
    |p_ZZN4nnet24compute_output_buffer_2dINS_5arrayI8ap_fixedILi16ELi6EL9ap_q_mode5EL9_44  |  16|   0|   16|          0|
    |p_ZZN4nnet24compute_output_buffer_2dINS_5arrayI8ap_fixedILi16ELi6EL9ap_q_mode5EL9_45  |  16|   0|   16|          0|
    |p_ZZN4nnet24compute_output_buffer_2dINS_5arrayI8ap_fixedILi16ELi6EL9ap_q_mode5EL9_46  |  16|   0|   16|          0|
    |p_ZZN4nnet24compute_output_buffer_2dINS_5arrayI8ap_fixedILi16ELi6EL9ap_q_mode5EL9_47  |  16|   0|   16|          0|
    |p_ZZN4nnet24compute_output_buffer_2dINS_5arrayI8ap_fixedILi16ELi6EL9ap_q_mode5EL9_48  |  16|   0|   16|          0|
    |p_ZZN4nnet24compute_output_buffer_2dINS_5arrayI8ap_fixedILi16ELi6EL9ap_q_mode5EL9_49  |  16|   0|   16|          0|
    |p_ZZN4nnet24compute_output_buffer_2dINS_5arrayI8ap_fixedILi16ELi6EL9ap_q_mode5EL9_5   |  16|   0|   16|          0|
    |p_ZZN4nnet24compute_output_buffer_2dINS_5arrayI8ap_fixedILi16ELi6EL9ap_q_mode5EL9_50  |  16|   0|   16|          0|
    |p_ZZN4nnet24compute_output_buffer_2dINS_5arrayI8ap_fixedILi16ELi6EL9ap_q_mode5EL9_51  |  16|   0|   16|          0|
    |p_ZZN4nnet24compute_output_buffer_2dINS_5arrayI8ap_fixedILi16ELi6EL9ap_q_mode5EL9_52  |  16|   0|   16|          0|
    |p_ZZN4nnet24compute_output_buffer_2dINS_5arrayI8ap_fixedILi16ELi6EL9ap_q_mode5EL9_53  |  16|   0|   16|          0|
    |p_ZZN4nnet24compute_output_buffer_2dINS_5arrayI8ap_fixedILi16ELi6EL9ap_q_mode5EL9_54  |  16|   0|   16|          0|
    |p_ZZN4nnet24compute_output_buffer_2dINS_5arrayI8ap_fixedILi16ELi6EL9ap_q_mode5EL9_55  |  16|   0|   16|          0|
    |p_ZZN4nnet24compute_output_buffer_2dINS_5arrayI8ap_fixedILi16ELi6EL9ap_q_mode5EL9_56  |  16|   0|   16|          0|
    |p_ZZN4nnet24compute_output_buffer_2dINS_5arrayI8ap_fixedILi16ELi6EL9ap_q_mode5EL9_57  |  16|   0|   16|          0|
    |p_ZZN4nnet24compute_output_buffer_2dINS_5arrayI8ap_fixedILi16ELi6EL9ap_q_mode5EL9_58  |  16|   0|   16|          0|
    |p_ZZN4nnet24compute_output_buffer_2dINS_5arrayI8ap_fixedILi16ELi6EL9ap_q_mode5EL9_59  |  16|   0|   16|          0|
    |p_ZZN4nnet24compute_output_buffer_2dINS_5arrayI8ap_fixedILi16ELi6EL9ap_q_mode5EL9_6   |  16|   0|   16|          0|
    |p_ZZN4nnet24compute_output_buffer_2dINS_5arrayI8ap_fixedILi16ELi6EL9ap_q_mode5EL9_60  |  16|   0|   16|          0|
    |p_ZZN4nnet24compute_output_buffer_2dINS_5arrayI8ap_fixedILi16ELi6EL9ap_q_mode5EL9_61  |  16|   0|   16|          0|
    |p_ZZN4nnet24compute_output_buffer_2dINS_5arrayI8ap_fixedILi16ELi6EL9ap_q_mode5EL9_7   |  16|   0|   16|          0|
    |p_ZZN4nnet24compute_output_buffer_2dINS_5arrayI8ap_fixedILi16ELi6EL9ap_q_mode5EL9_8   |  16|   0|   16|          0|
    |p_ZZN4nnet24compute_output_buffer_2dINS_5arrayI8ap_fixedILi16ELi6EL9ap_q_mode5EL9_9   |  16|   0|   16|          0|
    |res_out_1_reg_896                                                                     |  40|   0|   40|          0|
    |res_out_2_reg_901                                                                     |  40|   0|   40|          0|
    |res_out_3_reg_906                                                                     |  40|   0|   40|          0|
    |res_out_4_reg_911                                                                     |  40|   0|   40|          0|
    |res_out_5_reg_916                                                                     |  40|   0|   40|          0|
    |res_out_6_reg_921                                                                     |  40|   0|   40|          0|
    |res_out_7_reg_926                                                                     |  40|   0|   40|          0|
    |res_out_8_reg_931                                                                     |  40|   0|   40|          0|
    |res_out_9_reg_936                                                                     |  40|   0|   40|          0|
    |res_out_reg_891                                                                       |  40|   0|   40|          0|
    |sX_3                                                                                  |  32|   0|   32|          0|
    |sY_3                                                                                  |  32|   0|   32|          0|
    |void_compute_output_buffer_2d_array_const_ap_shift_reg_n_chan_stream_weig             |  16|   0|   16|          0|
    |void_compute_output_buffer_2d_array_const_ap_shift_reg_n_chan_stream_weig_1           |  16|   0|   16|          0|
    |void_compute_output_buffer_2d_array_const_ap_shift_reg_n_chan_stream_weig_2           |  16|   0|   16|          0|
    |void_compute_output_buffer_2d_array_const_ap_shift_reg_n_chan_stream_weig_3           |  16|   0|   16|          0|
    |void_compute_output_buffer_2d_array_const_ap_shift_reg_n_chan_stream_weig_4           |  16|   0|   16|          0|
    |void_compute_output_buffer_2d_array_const_ap_shift_reg_n_chan_stream_weig_5           |  16|   0|   16|          0|
    |void_compute_output_buffer_2d_array_const_ap_shift_reg_n_chan_stream_weig_6           |  16|   0|   16|          0|
    |void_compute_output_buffer_2d_array_const_ap_shift_reg_n_chan_stream_weig_7           |  16|   0|   16|          0|
    |void_compute_output_buffer_2d_array_const_ap_shift_reg_n_chan_stream_weig_8           |  16|   0|   16|          0|
    |void_compute_output_buffer_2d_array_const_ap_shift_reg_n_chan_stream_weig_9           |  16|   0|   16|          0|
    +--------------------------------------------------------------------------------------+----+----+-----+-----------+
    |Total                                                                                 |1726|   0| 1726|          0|
    +--------------------------------------------------------------------------------------+----+----+-----+-----------+



================================================================
== Interface
================================================================
* Summary: 
+----------------------------+-----+-----+------------+---------------------------------------------------------------------------+--------------+
|          RTL Ports         | Dir | Bits|  Protocol  |                               Source Object                               |    C Type    |
+----------------------------+-----+-----+------------+---------------------------------------------------------------------------+--------------+
|ap_clk                      |   in|    1|  ap_ctrl_hs|  compute_output_buffer_2d<array,array<ap_fixed<40,20,5,3,0>,10u>,config10>|  return value|
|ap_rst                      |   in|    1|  ap_ctrl_hs|  compute_output_buffer_2d<array,array<ap_fixed<40,20,5,3,0>,10u>,config10>|  return value|
|ap_start                    |   in|    1|  ap_ctrl_hs|  compute_output_buffer_2d<array,array<ap_fixed<40,20,5,3,0>,10u>,config10>|  return value|
|ap_done                     |  out|    1|  ap_ctrl_hs|  compute_output_buffer_2d<array,array<ap_fixed<40,20,5,3,0>,10u>,config10>|  return value|
|ap_idle                     |  out|    1|  ap_ctrl_hs|  compute_output_buffer_2d<array,array<ap_fixed<40,20,5,3,0>,10u>,config10>|  return value|
|ap_ready                    |  out|    1|  ap_ctrl_hs|  compute_output_buffer_2d<array,array<ap_fixed<40,20,5,3,0>,10u>,config10>|  return value|
|ap_ce                       |   in|    1|  ap_ctrl_hs|  compute_output_buffer_2d<array,array<ap_fixed<40,20,5,3,0>,10u>,config10>|  return value|
|layer10_out_blk_n           |  out|    1|  ap_ctrl_hs|  compute_output_buffer_2d<array,array<ap_fixed<40,20,5,3,0>,10u>,config10>|  return value|
|p_read                      |   in|   16|     ap_none|                                                                     p_read|        scalar|
|p_read1                     |   in|   16|     ap_none|                                                                    p_read1|        scalar|
|p_read2                     |   in|   16|     ap_none|                                                                    p_read2|        scalar|
|p_read3                     |   in|   16|     ap_none|                                                                    p_read3|        scalar|
|p_read4                     |   in|   16|     ap_none|                                                                    p_read4|        scalar|
|p_read5                     |   in|   16|     ap_none|                                                                    p_read5|        scalar|
|p_read6                     |   in|   16|     ap_none|                                                                    p_read6|        scalar|
|p_read7                     |   in|   16|     ap_none|                                                                    p_read7|        scalar|
|layer10_out_din             |  out|  400|     ap_fifo|                                                                layer10_out|       pointer|
|layer10_out_num_data_valid  |   in|    3|     ap_fifo|                                                                layer10_out|       pointer|
|layer10_out_fifo_cap        |   in|    3|     ap_fifo|                                                                layer10_out|       pointer|
|layer10_out_full_n          |   in|    1|     ap_fifo|                                                                layer10_out|       pointer|
|layer10_out_write           |  out|    1|     ap_fifo|                                                                layer10_out|       pointer|
+----------------------------+-----+-----+------------+---------------------------------------------------------------------------+--------------+

