

================================================================
== Vitis HLS Report for 'compute_output_buffer_2d_array_array_ap_fixed_37_17_5_3_0_6u_config2_s'
================================================================
* Date:           Sun Apr  5 17:32:23 2026

* Version:        2023.2 (Build 4023990 on Oct 11 2023)
* Project:        gaussian_prj
* Solution:       solution1 (Vivado IP Flow Target)
* Product family: kintexu
* Target device:  xcku035-fbva676-2-e


================================================================
== Performance Estimates
================================================================
+ Timing: 
    * Summary: 
    +--------+---------+----------+------------+
    |  Clock |  Target | Estimated| Uncertainty|
    +--------+---------+----------+------------+
    |ap_clk  |  5.00 ns|  3.847 ns|     1.35 ns|
    +--------+---------+----------+------------+

+ Latency: 
    * Summary: 
    +---------+---------+-----------+-----------+-----+-----+---------+
    |  Latency (cycles) |   Latency (absolute)  |  Interval | Pipeline|
    |   min   |   max   |    min    |    max    | min | max |   Type  |
    +---------+---------+-----------+-----------+-----+-----+---------+
    |        6|        6|  30.000 ns|  30.000 ns|    6|    6|      yes|
    +---------+---------+-----------+-----------+-----+-----+---------+

    + Detail: 
        * Instance: 
        +----------------------------------------------------------------------------------+-----------------------------------------------------------------------+---------+---------+-----------+-----------+-----+-----+---------+
        |                                                                                  |                                                                       |  Latency (cycles) |   Latency (absolute)  |  Interval | Pipeline|
        |                                     Instance                                     |                                 Module                                |   min   |   max   |    min    |    max    | min | max |   Type  |
        +----------------------------------------------------------------------------------+-----------------------------------------------------------------------+---------+---------+-----------+-----------+-----+-----+---------+
        |call_ln281_shift_line_buffer_array_ap_fixed_16_6_5_3_0_1u_config2_s_fu_90         |shift_line_buffer_array_ap_fixed_16_6_5_3_0_1u_config2_s               |        0|        0|       0 ns|       0 ns|    1|    1|      yes|
        |grp_dense_latency_ap_fixed_16_6_5_3_0_ap_fixed_37_17_5_3_0_config2_mult_s_fu_118  |dense_latency_ap_fixed_16_6_5_3_0_ap_fixed_37_17_5_3_0_config2_mult_s  |        3|        3|  15.000 ns|  15.000 ns|    1|    1|      yes|
        +----------------------------------------------------------------------------------+-----------------------------------------------------------------------+---------+---------+-----------+-----------+-----+-----+---------+

        * Loop: 
        N/A



================================================================
== Utilization Estimates
================================================================
* Summary: 
+-----------------+---------+------+--------+--------+-----+
|       Name      | BRAM_18K|  DSP |   FF   |   LUT  | URAM|
+-----------------+---------+------+--------+--------+-----+
|DSP              |        -|     -|       -|       -|    -|
|Expression       |        -|     -|       0|     513|    -|
|FIFO             |        -|     -|       -|       -|    -|
|Instance         |        -|    47|    2139|    2116|    -|
|Memory           |        -|     -|       -|       -|    -|
|Multiplexer      |        -|     -|       -|     100|    -|
|Register         |        -|     -|     537|       -|    -|
+-----------------+---------+------+--------+--------+-----+
|Total            |        0|    47|    2676|    2729|    0|
+-----------------+---------+------+--------+--------+-----+
|Available        |     1080|  1700|  406256|  203128|    0|
+-----------------+---------+------+--------+--------+-----+
|Utilization (%)  |        0|     2|      ~0|       1|    0|
+-----------------+---------+------+--------+--------+-----+

+ Detail: 
    * Instance: 
    +----------------------------------------------------------------------------------+-----------------------------------------------------------------------+---------+----+------+------+-----+
    |                                     Instance                                     |                                 Module                                | BRAM_18K| DSP|  FF  |  LUT | URAM|
    +----------------------------------------------------------------------------------+-----------------------------------------------------------------------+---------+----+------+------+-----+
    |grp_dense_latency_ap_fixed_16_6_5_3_0_ap_fixed_37_17_5_3_0_config2_mult_s_fu_118  |dense_latency_ap_fixed_16_6_5_3_0_ap_fixed_37_17_5_3_0_config2_mult_s  |        0|  47|  2138|  2060|    0|
    |call_ln281_shift_line_buffer_array_ap_fixed_16_6_5_3_0_1u_config2_s_fu_90         |shift_line_buffer_array_ap_fixed_16_6_5_3_0_1u_config2_s               |        0|   0|     1|    56|    0|
    +----------------------------------------------------------------------------------+-----------------------------------------------------------------------+---------+----+------+------+-----+
    |Total                                                                             |                                                                       |        0|  47|  2139|  2116|    0|
    +----------------------------------------------------------------------------------+-----------------------------------------------------------------------+---------+----+------+------+-----+

    * DSP: 
    N/A

    * Memory: 
    N/A

    * FIFO: 
    N/A

    * Expression: 
    +-----------------------------------------+----------+----+---+----+------------+------------+
    |              Variable Name              | Operation| DSP| FF| LUT| Bitwidth P0| Bitwidth P1|
    +-----------------------------------------+----------+----+---+----+------------+------------+
    |add_ln303_fu_212_p2                      |         +|   0|  0|  39|          32|           1|
    |add_ln307_fu_262_p2                      |         +|   0|  0|  39|          32|           1|
    |add_ln313_fu_286_p2                      |         +|   0|  0|  39|          32|           1|
    |add_ln318_fu_230_p2                      |         +|   0|  0|  39|          32|           1|
    |and_ln284_3_fu_206_p2                    |       and|   0|  0|   2|           1|           1|
    |and_ln284_fu_200_p2                      |       and|   0|  0|   2|           1|           1|
    |ap_block_pp0_stage0_01001                |       and|   0|  0|   2|           1|           1|
    |ap_block_pp0_stage0_11001_ignoreCallOp9  |       and|   0|  0|   2|           1|           1|
    |ap_block_state7_pp0_stage0_iter1         |       and|   0|  0|   2|           1|           1|
    |ap_condition_250                         |       and|   0|  0|   2|           1|           1|
    |ap_condition_326                         |       and|   0|  0|   2|           1|           1|
    |ap_predicate_op25_call_state2            |       and|   0|  0|   2|           1|           1|
    |ap_predicate_op46_call_state3            |       and|   0|  0|   2|           1|           1|
    |icmp_ln284_7_fu_162_p2                   |      icmp|   0|  0|  39|          32|           2|
    |icmp_ln284_8_fu_178_p2                   |      icmp|   0|  0|  38|          31|           1|
    |icmp_ln284_9_fu_194_p2                   |      icmp|   0|  0|  38|          31|           1|
    |icmp_ln284_fu_144_p2                     |      icmp|   0|  0|  39|          32|           2|
    |icmp_ln303_fu_218_p2                     |      icmp|   0|  0|  39|          32|           6|
    |icmp_ln307_fu_268_p2                     |      icmp|   0|  0|  39|          32|           6|
    |icmp_ln313_fu_280_p2                     |      icmp|   0|  0|  39|          32|           2|
    |ap_block_pp0_stage0_subdone              |        or|   0|  0|   2|           1|           1|
    |select_ln313_fu_292_p3                   |    select|   0|  0|  32|           1|           2|
    |select_ln318_fu_236_p3                   |    select|   0|  0|  32|           1|           2|
    |ap_enable_pp0                            |       xor|   0|  0|   2|           1|           2|
    +-----------------------------------------+----------+----+---+----+------------+------------+
    |Total                                    |          |   0|  0| 513|         363|          40|
    +-----------------------------------------+----------+----+---+----+------------+------------+

    * Multiplexer: 
    +----------------------------------------+----+-----------+-----+-----------+
    |                  Name                  | LUT| Input Size| Bits| Total Bits|
    +----------------------------------------+----+-----------+-----+-----------+
    |ap_NS_fsm                               |  37|          7|    1|          7|
    |ap_enable_reg_pp0_iter0                 |   9|          2|    1|          2|
    |ap_enable_reg_pp0_iter1                 |   9|          2|    1|          2|
    |ap_phi_reg_pp0_iter0_storemerge_reg_79  |   9|          2|   32|         64|
    |layer2_out_blk_n                        |   9|          2|    1|          2|
    |pX_5                                    |   9|          2|   32|         64|
    |pY_5                                    |   9|          2|   32|         64|
    |sX_5                                    |   9|          2|   32|         64|
    +----------------------------------------+----+-----------+-----+-----------+
    |Total                                   | 100|         21|  132|        269|
    +----------------------------------------+----+-----------+-----+-----------+

    * Register: 
    +------------------------------------------------------------------------------+----+----+-----+-----------+
    |                                     Name                                     | FF | LUT| Bits| Const Bits|
    +------------------------------------------------------------------------------+----+----+-----+-----------+
    |and_ln284_3_reg_351                                                           |   1|   0|    1|          0|
    |ap_CS_fsm                                                                     |   6|   0|    6|          0|
    |ap_enable_reg_pp0_iter0_reg                                                   |   1|   0|    1|          0|
    |ap_enable_reg_pp0_iter1                                                       |   1|   0|    1|          0|
    |ap_phi_reg_pp0_iter0_storemerge_reg_79                                        |  32|   0|   32|          0|
    |icmp_ln284_reg_347                                                            |   1|   0|    1|          0|
    |icmp_ln303_reg_355                                                            |   1|   0|    1|          0|
    |pX_5                                                                          |  32|   0|   32|          0|
    |pY_5                                                                          |  32|   0|   32|          0|
    |res_out_1_reg_372                                                             |  37|   0|   37|          0|
    |res_out_2_reg_377                                                             |  37|   0|   37|          0|
    |res_out_3_reg_382                                                             |  37|   0|   37|          0|
    |res_out_4_reg_387                                                             |  37|   0|   37|          0|
    |res_out_5_reg_392                                                             |  37|   0|   37|          0|
    |res_out_reg_367                                                               |  37|   0|   37|          0|
    |sX_5                                                                          |  32|   0|   32|          0|
    |sY_5                                                                          |  32|   0|   32|          0|
    |void_compute_output_buffer_2d_array_const_ap_shift_reg_n_chan_stream_weig_20  |  16|   0|   16|          0|
    |void_compute_output_buffer_2d_array_const_ap_shift_reg_n_chan_stream_weig_21  |  16|   0|   16|          0|
    |void_compute_output_buffer_2d_array_const_ap_shift_reg_n_chan_stream_weig_22  |  16|   0|   16|          0|
    |void_compute_output_buffer_2d_array_const_ap_shift_reg_n_chan_stream_weig_23  |  16|   0|   16|          0|
    |void_compute_output_buffer_2d_array_const_ap_shift_reg_n_chan_stream_weig_24  |  16|   0|   16|          0|
    |void_compute_output_buffer_2d_array_const_ap_shift_reg_n_chan_stream_weig_25  |  16|   0|   16|          0|
    |void_compute_output_buffer_2d_array_const_ap_shift_reg_n_chan_stream_weig_26  |  16|   0|   16|          0|
    |void_compute_output_buffer_2d_array_const_ap_shift_reg_n_chan_stream_weig_27  |  16|   0|   16|          0|
    |void_compute_output_buffer_2d_array_const_ap_shift_reg_n_chan_stream_weig_28  |  16|   0|   16|          0|
    +------------------------------------------------------------------------------+----+----+-----+-----------+
    |Total                                                                         | 537|   0|  537|          0|
    +------------------------------------------------------------------------------+----+----+-----+-----------+



================================================================
== Interface
================================================================
* Summary: 
+---------------------------+-----+-----+------------+-------------------------------------------------------------------------+--------------+
|         RTL Ports         | Dir | Bits|  Protocol  |                              Source Object                              |    C Type    |
+---------------------------+-----+-----+------------+-------------------------------------------------------------------------+--------------+
|ap_clk                     |   in|    1|  ap_ctrl_hs|  compute_output_buffer_2d<array,array<ap_fixed<37,17,5,3,0>,6u>,config2>|  return value|
|ap_rst                     |   in|    1|  ap_ctrl_hs|  compute_output_buffer_2d<array,array<ap_fixed<37,17,5,3,0>,6u>,config2>|  return value|
|ap_start                   |   in|    1|  ap_ctrl_hs|  compute_output_buffer_2d<array,array<ap_fixed<37,17,5,3,0>,6u>,config2>|  return value|
|ap_done                    |  out|    1|  ap_ctrl_hs|  compute_output_buffer_2d<array,array<ap_fixed<37,17,5,3,0>,6u>,config2>|  return value|
|ap_idle                    |  out|    1|  ap_ctrl_hs|  compute_output_buffer_2d<array,array<ap_fixed<37,17,5,3,0>,6u>,config2>|  return value|
|ap_ready                   |  out|    1|  ap_ctrl_hs|  compute_output_buffer_2d<array,array<ap_fixed<37,17,5,3,0>,6u>,config2>|  return value|
|ap_ce                      |   in|    1|  ap_ctrl_hs|  compute_output_buffer_2d<array,array<ap_fixed<37,17,5,3,0>,6u>,config2>|  return value|
|layer2_out_blk_n           |  out|    1|  ap_ctrl_hs|  compute_output_buffer_2d<array,array<ap_fixed<37,17,5,3,0>,6u>,config2>|  return value|
|in_elem_0_0_0_0_0_val      |   in|   16|     ap_none|                                                    in_elem_0_0_0_0_0_val|        scalar|
|layer2_out_din             |  out|  222|     ap_fifo|                                                               layer2_out|       pointer|
|layer2_out_num_data_valid  |   in|   13|     ap_fifo|                                                               layer2_out|       pointer|
|layer2_out_fifo_cap        |   in|   13|     ap_fifo|                                                               layer2_out|       pointer|
|layer2_out_full_n          |   in|    1|     ap_fifo|                                                               layer2_out|       pointer|
|layer2_out_write           |  out|    1|     ap_fifo|                                                               layer2_out|       pointer|
+---------------------------+-----+-----+------------+-------------------------------------------------------------------------+--------------+

