

================================================================
== Vitis HLS Report for 'conv_2d_cl_array_ap_fixed_6u_array_ap_fixed_39_19_5_3_0_8u_config6_s'
================================================================
* Date:           Sun Apr  5 17:32:26 2026

* Version:        2023.2 (Build 4023990 on Oct 11 2023)
* Project:        gaussian_prj
* Solution:       solution1 (Vivado IP Flow Target)
* Product family: kintexu
* Target device:  xcku035-fbva676-2-e


================================================================
== Performance Estimates
================================================================
+ Timing: 
    * Summary: 
    +--------+---------+----------+------------+
    |  Clock |  Target | Estimated| Uncertainty|
    +--------+---------+----------+------------+
    |ap_clk  |  5.00 ns|  3.847 ns|     1.35 ns|
    +--------+---------+----------+------------+

+ Latency: 
    * Summary: 
    +---------+---------+----------+----------+-----+-----+---------+
    |  Latency (cycles) |  Latency (absolute) |  Interval | Pipeline|
    |   min   |   max   |    min   |    max   | min | max |   Type  |
    +---------+---------+----------+----------+-----+-----+---------+
    |      971|      971|  4.855 us|  4.855 us|  971|  971|       no|
    +---------+---------+----------+----------+-----+-----+---------+

    + Detail: 
        * Instance: 
        +-----------------------------------------------------------------------------------+------------------------------------------------------------------------+---------+---------+-----------+-----------+-----+-----+---------+
        |                                                                                   |                                                                        |  Latency (cycles) |   Latency (absolute)  |  Interval | Pipeline|
        |                                      Instance                                     |                                 Module                                 |   min   |   max   |    min    |    max    | min | max |   Type  |
        +-----------------------------------------------------------------------------------+------------------------------------------------------------------------+---------+---------+-----------+-----------+-----+-----+---------+
        |grp_compute_output_buffer_2d_array_array_ap_fixed_39_19_5_3_0_8u_config6_s_fu_208  |compute_output_buffer_2d_array_array_ap_fixed_39_19_5_3_0_8u_config6_s  |        8|        8|  40.000 ns|  40.000 ns|    8|    8|      yes|
        +-----------------------------------------------------------------------------------+------------------------------------------------------------------------+---------+---------+-----------+-----------+-----+-----+---------+

        * Loop: 
        +----------------------------------+---------+---------+----------+-----------+-----------+------+----------+
        |                                  |  Latency (cycles) | Iteration|  Initiation Interval  | Trip |          |
        |             Loop Name            |   min   |   max   |  Latency |  achieved |   target  | Count| Pipelined|
        +----------------------------------+---------+---------+----------+-----------+-----------+------+----------+
        |- ReadInputHeight_ReadInputWidth  |      969|      969|        10|          8|          1|   121|       yes|
        +----------------------------------+---------+---------+----------+-----------+-----------+------+----------+



================================================================
== Utilization Estimates
================================================================
* Summary: 
+-----------------+---------+------+--------+--------+-----+
|       Name      | BRAM_18K|  DSP |   FF   |   LUT  | URAM|
+-----------------+---------+------+--------+--------+-----+
|DSP              |        -|     -|       -|       -|    -|
|Expression       |        -|     -|       0|      42|    -|
|FIFO             |        -|     -|       -|       -|    -|
|Instance         |        -|   324|   15833|   17789|    -|
|Memory           |        -|     -|       -|       -|    -|
|Multiplexer      |        -|     -|       -|     139|    -|
|Register         |        -|     -|      21|       -|    -|
+-----------------+---------+------+--------+--------+-----+
|Total            |        0|   324|   15854|   17970|    0|
+-----------------+---------+------+--------+--------+-----+
|Available        |     1080|  1700|  406256|  203128|    0|
+-----------------+---------+------+--------+--------+-----+
|Utilization (%)  |        0|    19|       3|       8|    0|
+-----------------+---------+------+--------+--------+-----+

+ Detail: 
    * Instance: 
    +-----------------------------------------------------------------------------------+------------------------------------------------------------------------+---------+-----+-------+-------+-----+
    |                                      Instance                                     |                                 Module                                 | BRAM_18K| DSP |   FF  |  LUT  | URAM|
    +-----------------------------------------------------------------------------------+------------------------------------------------------------------------+---------+-----+-------+-------+-----+
    |grp_compute_output_buffer_2d_array_array_ap_fixed_39_19_5_3_0_8u_config6_s_fu_208  |compute_output_buffer_2d_array_array_ap_fixed_39_19_5_3_0_8u_config6_s  |        0|  324|  15833|  17789|    0|
    +-----------------------------------------------------------------------------------+------------------------------------------------------------------------+---------+-----+-------+-------+-----+
    |Total                                                                              |                                                                        |        0|  324|  15833|  17789|    0|
    +-----------------------------------------------------------------------------------+------------------------------------------------------------------------+---------+-----+-------+-------+-----+

    * DSP: 
    N/A

    * Memory: 
    N/A

    * FIFO: 
    N/A

    * Expression: 
    +------------------------------------------+----------+----+---+----+------------+------------+
    |               Variable Name              | Operation| DSP| FF| LUT| Bitwidth P0| Bitwidth P1|
    +------------------------------------------+----------+----+---+----+------------+------------+
    |add_ln25_fu_374_p2                        |         +|   0|  0|  14|           7|           1|
    |ap_block_pp0_stage0_11001                 |       and|   0|  0|   2|           1|           1|
    |ap_block_pp0_stage0_11001_ignoreCallOp37  |       and|   0|  0|   2|           1|           1|
    |ap_block_pp0_stage1_11001_ignoreCallOp30  |       and|   0|  0|   2|           1|           1|
    |ap_block_state2_pp0_stage1_iter0          |       and|   0|  0|   2|           1|           1|
    |ap_condition_221                          |       and|   0|  0|   2|           1|           1|
    |icmp_ln25_fu_368_p2                       |      icmp|   0|  0|  14|           7|           4|
    |ap_block_pp0_stage1_11001                 |        or|   0|  0|   2|           1|           1|
    |ap_enable_pp0                             |       xor|   0|  0|   2|           1|           2|
    +------------------------------------------+----------+----+---+----+------------+------------+
    |Total                                     |          |   0|  0|  42|          21|          13|
    +------------------------------------------+----------+----+---+----+------------+------------+

    * Multiplexer: 
    +--------------------------------------+----+-----------+-----+-----------+
    |                 Name                 | LUT| Input Size| Bits| Total Bits|
    +--------------------------------------+----+-----------+-----+-----------+
    |ap_NS_fsm                             |  49|          9|    1|          9|
    |ap_done_int                           |   9|          2|    1|          2|
    |ap_enable_reg_pp0_iter0               |   9|          2|    1|          2|
    |ap_enable_reg_pp0_iter0_reg           |   9|          2|    1|          2|
    |ap_enable_reg_pp0_iter1               |   9|          2|    1|          2|
    |ap_sig_allocacmp_indvar_flatten_load  |   9|          2|    7|         14|
    |indvar_flatten_fu_198                 |   9|          2|    7|         14|
    |layer5_out_blk_n                      |   9|          2|    1|          2|
    |layer6_out_blk_n                      |   9|          2|    1|          2|
    |layer6_out_write                      |   9|          2|    1|          2|
    |real_start                            |   9|          2|    1|          2|
    +--------------------------------------+----+-----------+-----+-----------+
    |Total                                 | 139|         29|   23|         53|
    +--------------------------------------+----+-----------+-----+-----------+

    * Register: 
    +------------------------------------------------------------------------------------------------+---+----+-----+-----------+
    |                                              Name                                              | FF| LUT| Bits| Const Bits|
    +------------------------------------------------------------------------------------------------+---+----+-----+-----------+
    |ap_CS_fsm                                                                                       |  8|   0|    8|          0|
    |ap_done_reg                                                                                     |  1|   0|    1|          0|
    |ap_enable_reg_pp0_iter0_reg                                                                     |  1|   0|    1|          0|
    |ap_enable_reg_pp0_iter1                                                                         |  1|   0|    1|          0|
    |grp_compute_output_buffer_2d_array_array_ap_fixed_39_19_5_3_0_8u_config6_s_fu_208_ap_start_reg  |  1|   0|    1|          0|
    |icmp_ln25_reg_452                                                                               |  1|   0|    1|          0|
    |indvar_flatten_fu_198                                                                           |  7|   0|    7|          0|
    |start_once_reg                                                                                  |  1|   0|    1|          0|
    +------------------------------------------------------------------------------------------------+---+----+-----+-----------+
    |Total                                                                                           | 21|   0|   21|          0|
    +------------------------------------------------------------------------------------------------+---+----+-----+-----------+



================================================================
== Interface
================================================================
* Summary: 
+---------------------------+-----+-----+------------+------------------------------------------------------------------------+--------------+
|         RTL Ports         | Dir | Bits|  Protocol  |                              Source Object                             |    C Type    |
+---------------------------+-----+-----+------------+------------------------------------------------------------------------+--------------+
|ap_clk                     |   in|    1|  ap_ctrl_hs|  conv_2d_cl<array<ap_fixed,6u>,array<ap_fixed<39,19,5,3,0>,8u>,config6>|  return value|
|ap_rst                     |   in|    1|  ap_ctrl_hs|  conv_2d_cl<array<ap_fixed,6u>,array<ap_fixed<39,19,5,3,0>,8u>,config6>|  return value|
|ap_start                   |   in|    1|  ap_ctrl_hs|  conv_2d_cl<array<ap_fixed,6u>,array<ap_fixed<39,19,5,3,0>,8u>,config6>|  return value|
|start_full_n               |   in|    1|  ap_ctrl_hs|  conv_2d_cl<array<ap_fixed,6u>,array<ap_fixed<39,19,5,3,0>,8u>,config6>|  return value|
|ap_done                    |  out|    1|  ap_ctrl_hs|  conv_2d_cl<array<ap_fixed,6u>,array<ap_fixed<39,19,5,3,0>,8u>,config6>|  return value|
|ap_continue                |   in|    1|  ap_ctrl_hs|  conv_2d_cl<array<ap_fixed,6u>,array<ap_fixed<39,19,5,3,0>,8u>,config6>|  return value|
|ap_idle                    |  out|    1|  ap_ctrl_hs|  conv_2d_cl<array<ap_fixed,6u>,array<ap_fixed<39,19,5,3,0>,8u>,config6>|  return value|
|ap_ready                   |  out|    1|  ap_ctrl_hs|  conv_2d_cl<array<ap_fixed,6u>,array<ap_fixed<39,19,5,3,0>,8u>,config6>|  return value|
|start_out                  |  out|    1|  ap_ctrl_hs|  conv_2d_cl<array<ap_fixed,6u>,array<ap_fixed<39,19,5,3,0>,8u>,config6>|  return value|
|start_write                |  out|    1|  ap_ctrl_hs|  conv_2d_cl<array<ap_fixed,6u>,array<ap_fixed<39,19,5,3,0>,8u>,config6>|  return value|
|layer5_out_dout            |   in|   96|     ap_fifo|                                                              layer5_out|       pointer|
|layer5_out_num_data_valid  |   in|    8|     ap_fifo|                                                              layer5_out|       pointer|
|layer5_out_fifo_cap        |   in|    8|     ap_fifo|                                                              layer5_out|       pointer|
|layer5_out_empty_n         |   in|    1|     ap_fifo|                                                              layer5_out|       pointer|
|layer5_out_read            |  out|    1|     ap_fifo|                                                              layer5_out|       pointer|
|layer6_out_din             |  out|  312|     ap_fifo|                                                              layer6_out|       pointer|
|layer6_out_num_data_valid  |   in|    8|     ap_fifo|                                                              layer6_out|       pointer|
|layer6_out_fifo_cap        |   in|    8|     ap_fifo|                                                              layer6_out|       pointer|
|layer6_out_full_n          |   in|    1|     ap_fifo|                                                              layer6_out|       pointer|
|layer6_out_write           |  out|    1|     ap_fifo|                                                              layer6_out|       pointer|
+---------------------------+-----+-----+------------+------------------------------------------------------------------------+--------------+

