

================================================================
== Vitis HLS Report for 'conv_2d_cl_array_ap_fixed_8u_array_ap_fixed_40_20_5_3_0_10u_config10_s'
================================================================
* Date:           Sun Apr  5 17:32:29 2026

* Version:        2023.2 (Build 4023990 on Oct 11 2023)
* Project:        gaussian_prj
* Solution:       solution1 (Vivado IP Flow Target)
* Product family: kintexu
* Target device:  xcku035-fbva676-2-e


================================================================
== Performance Estimates
================================================================
+ Timing: 
    * Summary: 
    +--------+---------+----------+------------+
    |  Clock |  Target | Estimated| Uncertainty|
    +--------+---------+----------+------------+
    |ap_clk  |  5.00 ns|  3.847 ns|     1.35 ns|
    +--------+---------+----------+------------+

+ Latency: 
    * Summary: 
    +---------+---------+----------+----------+-----+-----+---------+
    |  Latency (cycles) |  Latency (absolute) |  Interval | Pipeline|
    |   min   |   max   |    min   |    max   | min | max |   Type  |
    +---------+---------+----------+----------+-----+-----+---------+
    |      147|      147|  0.735 us|  0.735 us|  147|  147|       no|
    +---------+---------+----------+----------+-----+-----+---------+

    + Detail: 
        * Instance: 
        +-------------------------------------------------------------------------------------+--------------------------------------------------------------------------+---------+---------+-----------+-----------+-----+-----+---------+
        |                                                                                     |                                                                          |  Latency (cycles) |   Latency (absolute)  |  Interval | Pipeline|
        |                                       Instance                                      |                                  Module                                  |   min   |   max   |    min    |    max    | min | max |   Type  |
        +-------------------------------------------------------------------------------------+--------------------------------------------------------------------------+---------+---------+-----------+-----------+-----+-----+---------+
        |grp_compute_output_buffer_2d_array_array_ap_fixed_40_20_5_3_0_10u_config10_s_fu_260  |compute_output_buffer_2d_array_array_ap_fixed_40_20_5_3_0_10u_config10_s  |        9|        9|  45.000 ns|  45.000 ns|    9|    9|      yes|
        +-------------------------------------------------------------------------------------+--------------------------------------------------------------------------+---------+---------+-----------+-----------+-----+-----+---------+

        * Loop: 
        +----------------------------------+---------+---------+----------+-----------+-----------+------+----------+
        |                                  |  Latency (cycles) | Iteration|  Initiation Interval  | Trip |          |
        |             Loop Name            |   min   |   max   |  Latency |  achieved |   target  | Count| Pipelined|
        +----------------------------------+---------+---------+----------+-----------+-----------+------+----------+
        |- ReadInputHeight_ReadInputWidth  |      145|      145|        11|          9|          1|    16|       yes|
        +----------------------------------+---------+---------+----------+-----------+-----------+------+----------+



================================================================
== Utilization Estimates
================================================================
* Summary: 
+-----------------+---------+------+--------+--------+-----+
|       Name      | BRAM_18K|  DSP |   FF   |   LUT  | URAM|
+-----------------+---------+------+--------+--------+-----+
|DSP              |        -|     -|       -|       -|    -|
|Expression       |        -|     -|       0|      39|    -|
|FIFO             |        -|     -|       -|       -|    -|
|Instance         |        -|   543|   25655|   28502|    -|
|Memory           |        -|     -|       -|       -|    -|
|Multiplexer      |        -|     -|       -|     141|    -|
|Register         |        -|     -|      20|       -|    -|
+-----------------+---------+------+--------+--------+-----+
|Total            |        0|   543|   25675|   28682|    0|
+-----------------+---------+------+--------+--------+-----+
|Available        |     1080|  1700|  406256|  203128|    0|
+-----------------+---------+------+--------+--------+-----+
|Utilization (%)  |        0|    31|       6|      14|    0|
+-----------------+---------+------+--------+--------+-----+

+ Detail: 
    * Instance: 
    +-------------------------------------------------------------------------------------+--------------------------------------------------------------------------+---------+-----+-------+-------+-----+
    |                                       Instance                                      |                                  Module                                  | BRAM_18K| DSP |   FF  |  LUT  | URAM|
    +-------------------------------------------------------------------------------------+--------------------------------------------------------------------------+---------+-----+-------+-------+-----+
    |grp_compute_output_buffer_2d_array_array_ap_fixed_40_20_5_3_0_10u_config10_s_fu_260  |compute_output_buffer_2d_array_array_ap_fixed_40_20_5_3_0_10u_config10_s  |        0|  543|  25655|  28502|    0|
    +-------------------------------------------------------------------------------------+--------------------------------------------------------------------------+---------+-----+-------+-------+-----+
    |Total                                                                                |                                                                          |        0|  543|  25655|  28502|    0|
    +-------------------------------------------------------------------------------------+--------------------------------------------------------------------------+---------+-----+-------+-------+-----+

    * DSP: 
    N/A

    * Memory: 
    N/A

    * FIFO: 
    N/A

    * Expression: 
    +------------------------------------------+----------+----+---+----+------------+------------+
    |               Variable Name              | Operation| DSP| FF| LUT| Bitwidth P0| Bitwidth P1|
    +------------------------------------------+----------+----+---+----+------------+------------+
    |add_ln25_fu_472_p2                        |         +|   0|  0|  12|           5|           1|
    |ap_block_pp0_stage0_11001                 |       and|   0|  0|   2|           1|           1|
    |ap_block_pp0_stage0_11001_ignoreCallOp41  |       and|   0|  0|   2|           1|           1|
    |ap_block_pp0_stage1_11001_ignoreCallOp33  |       and|   0|  0|   2|           1|           1|
    |ap_block_state2_pp0_stage1_iter0          |       and|   0|  0|   2|           1|           1|
    |ap_condition_234                          |       and|   0|  0|   2|           1|           1|
    |icmp_ln25_fu_466_p2                       |      icmp|   0|  0|  13|           5|           6|
    |ap_block_pp0_stage1_11001                 |        or|   0|  0|   2|           1|           1|
    |ap_enable_pp0                             |       xor|   0|  0|   2|           1|           2|
    +------------------------------------------+----------+----+---+----+------------+------------+
    |Total                                     |          |   0|  0|  39|          17|          15|
    +------------------------------------------+----------+----+---+----+------------+------------+

    * Multiplexer: 
    +--------------------------------------+----+-----------+-----+-----------+
    |                 Name                 | LUT| Input Size| Bits| Total Bits|
    +--------------------------------------+----+-----------+-----+-----------+
    |ap_NS_fsm                             |  51|         10|    1|         10|
    |ap_done_int                           |   9|          2|    1|          2|
    |ap_enable_reg_pp0_iter0               |   9|          2|    1|          2|
    |ap_enable_reg_pp0_iter0_reg           |   9|          2|    1|          2|
    |ap_enable_reg_pp0_iter1               |   9|          2|    1|          2|
    |ap_sig_allocacmp_indvar_flatten_load  |   9|          2|    5|         10|
    |indvar_flatten_fu_250                 |   9|          2|    5|         10|
    |layer10_out_blk_n                     |   9|          2|    1|          2|
    |layer10_out_write                     |   9|          2|    1|          2|
    |layer9_out_blk_n                      |   9|          2|    1|          2|
    |real_start                            |   9|          2|    1|          2|
    +--------------------------------------+----+-----------+-----+-----------+
    |Total                                 | 141|         30|   19|         46|
    +--------------------------------------+----+-----------+-----+-----------+

    * Register: 
    +--------------------------------------------------------------------------------------------------+---+----+-----+-----------+
    |                                               Name                                               | FF| LUT| Bits| Const Bits|
    +--------------------------------------------------------------------------------------------------+---+----+-----+-----------+
    |ap_CS_fsm                                                                                         |  9|   0|    9|          0|
    |ap_done_reg                                                                                       |  1|   0|    1|          0|
    |ap_enable_reg_pp0_iter0_reg                                                                       |  1|   0|    1|          0|
    |ap_enable_reg_pp0_iter1                                                                           |  1|   0|    1|          0|
    |grp_compute_output_buffer_2d_array_array_ap_fixed_40_20_5_3_0_10u_config10_s_fu_260_ap_start_reg  |  1|   0|    1|          0|
    |icmp_ln25_reg_572                                                                                 |  1|   0|    1|          0|
    |indvar_flatten_fu_250                                                                             |  5|   0|    5|          0|
    |start_once_reg                                                                                    |  1|   0|    1|          0|
    +--------------------------------------------------------------------------------------------------+---+----+-----+-----------+
    |Total                                                                                             | 20|   0|   20|          0|
    +--------------------------------------------------------------------------------------------------+---+----+-----+-----------+



================================================================
== Interface
================================================================
* Summary: 
+----------------------------+-----+-----+------------+--------------------------------------------------------------------------+--------------+
|          RTL Ports         | Dir | Bits|  Protocol  |                               Source Object                              |    C Type    |
+----------------------------+-----+-----+------------+--------------------------------------------------------------------------+--------------+
|ap_clk                      |   in|    1|  ap_ctrl_hs|  conv_2d_cl<array<ap_fixed,8u>,array<ap_fixed<40,20,5,3,0>,10u>,config10>|  return value|
|ap_rst                      |   in|    1|  ap_ctrl_hs|  conv_2d_cl<array<ap_fixed,8u>,array<ap_fixed<40,20,5,3,0>,10u>,config10>|  return value|
|ap_start                    |   in|    1|  ap_ctrl_hs|  conv_2d_cl<array<ap_fixed,8u>,array<ap_fixed<40,20,5,3,0>,10u>,config10>|  return value|
|start_full_n                |   in|    1|  ap_ctrl_hs|  conv_2d_cl<array<ap_fixed,8u>,array<ap_fixed<40,20,5,3,0>,10u>,config10>|  return value|
|ap_done                     |  out|    1|  ap_ctrl_hs|  conv_2d_cl<array<ap_fixed,8u>,array<ap_fixed<40,20,5,3,0>,10u>,config10>|  return value|
|ap_continue                 |   in|    1|  ap_ctrl_hs|  conv_2d_cl<array<ap_fixed,8u>,array<ap_fixed<40,20,5,3,0>,10u>,config10>|  return value|
|ap_idle                     |  out|    1|  ap_ctrl_hs|  conv_2d_cl<array<ap_fixed,8u>,array<ap_fixed<40,20,5,3,0>,10u>,config10>|  return value|
|ap_ready                    |  out|    1|  ap_ctrl_hs|  conv_2d_cl<array<ap_fixed,8u>,array<ap_fixed<40,20,5,3,0>,10u>,config10>|  return value|
|start_out                   |  out|    1|  ap_ctrl_hs|  conv_2d_cl<array<ap_fixed,8u>,array<ap_fixed<40,20,5,3,0>,10u>,config10>|  return value|
|start_write                 |  out|    1|  ap_ctrl_hs|  conv_2d_cl<array<ap_fixed,8u>,array<ap_fixed<40,20,5,3,0>,10u>,config10>|  return value|
|layer9_out_dout             |   in|  128|     ap_fifo|                                                                layer9_out|       pointer|
|layer9_out_num_data_valid   |   in|    5|     ap_fifo|                                                                layer9_out|       pointer|
|layer9_out_fifo_cap         |   in|    5|     ap_fifo|                                                                layer9_out|       pointer|
|layer9_out_empty_n          |   in|    1|     ap_fifo|                                                                layer9_out|       pointer|
|layer9_out_read             |  out|    1|     ap_fifo|                                                                layer9_out|       pointer|
|layer10_out_din             |  out|  400|     ap_fifo|                                                               layer10_out|       pointer|
|layer10_out_num_data_valid  |   in|    3|     ap_fifo|                                                               layer10_out|       pointer|
|layer10_out_fifo_cap        |   in|    3|     ap_fifo|                                                               layer10_out|       pointer|
|layer10_out_full_n          |   in|    1|     ap_fifo|                                                               layer10_out|       pointer|
|layer10_out_write           |  out|    1|     ap_fifo|                                                               layer10_out|       pointer|
+----------------------------+-----+-----+------------+--------------------------------------------------------------------------+--------------+

