================================================================
== Design Size Report
================================================================

* Total Instructions per Compilation Phase
+---------------+-----------------------------+--------------+----------------------------------------------------------------------------------------+
| Phase         | Step                        | Instructions | Description                                                                            |
+---------------+-----------------------------+--------------+----------------------------------------------------------------------------------------+
| Compile/Link  |                             |   9,096      | After all functions are compiled and linked into a single design                       |
|               |                             |              |                                                                                        |
| Unroll/Inline |                             |              | After user unroll and inline pragmas are applied                                       |
|               | (1) unroll                  | 100,895 *    | user unroll pragmas are applied                                                        |
|               | (2) simplification          |  27,983      | simplification of applied user unroll pragmas                                          |
|               | (3) inline                  |  27,401      | user inline pragmas are applied                                                        |
|               | (4) simplification          |  26,083      | simplification of applied user inline pragmas                                          |
|               |                             |              |                                                                                        |
| Array/Struct  |                             |              | After user array partition and struct aggregate/disaggregate pragmas are applied       |
|               | (1) array partition         |  15,562      | user array partition pragmas are applied                                               |
|               | (2) simplification          |  12,344      | simplification of applied user array partition & struct aggregate/disaggregate pragmas |
|               | (3) aggregate/disaggregate  |  12,409      | user struct aggregate/disaggregate pragmas are applied                                 |
|               | (4) array reshape           |  14,402      | apply array reshape pragmas                                                            |
|               | (5) access patterns         |  14,323      | array access pattern optmizations                                                      |
|               |                             |              |                                                                                        |
| Performance   |                             |              | After transformations are applied to meet performance pragma targets                   |
|               | (1) loop simplification     |  14,350      | loop and instruction simplification                                                    |
|               | (2) parallelization         |  14,142      | loops are unrolled or pipelined to meet performance targets                            |
|               | (3) array partition         |  13,922      | arrays are partitioned to meet performance targets                                     |
|               | (4) simplification          |  13,922      | simplification of design after performance transformations                             |
|               |                             |              |                                                                                        |
| HW Transforms |                             |              | After hardware transfomations                                                          |
|               | (1) lowering                |  13,403      | initial conversion to HW specific instructions                                         |
|               | (2) optimizations           |  13,880      | high level synthesis optimizations                                                     |
+---------------+-----------------------------+--------------+----------------------------------------------------------------------------------------+
    * - Exceeded design size warning message threshold

* Instructions per Function for each Compilation Phase
+------------------------------------------+------------------------------+----------------+---------------+--------------+-------------+---------------+
| Function                                 | Location                     | Compile/Link   | Unroll/Inline | Array/Struct | Performance | HW Transforms |
+------------------------------------------+------------------------------+----------------+---------------+--------------+-------------+---------------+
| + gaussian                               | gaussian.cpp:7               | 9,096          | 26,083        | 14,323       | 13,922      | 13,880        |
|  + conv_2d_cl<nnet::array<ap_fi...       | nnet_conv2d_stream.h:67      |  904           |   883         |   517        |   503       |   515         |
|   + conv_2d_buffer_latency_cl<nn...      | nnet_conv2d_stream.h:14      |  901           |               |              |             |               |
|    + compute_output_buffer_2d<nne...     | nnet_conv_stream.h:251       |  844           |               |              |             |               |
|     + shift_line_buffer<nnet::arra...    | nnet_conv_stream.h:215       |  157           |               |              |             |               |
|        operator[]                        | nnet_types.h:19              |    3           |               |              |             |               |
|        kernel_shift_2d<nnet::array<...   | nnet_conv_stream.h:181       |   75           |               |              |             |               |
|     + dense                              | nnet_dense.h:50              |  585           |               |              |             |               |
|      + dense_latency<ap_fixed<16, 6...   | nnet_dense_latency.h:13      |  583           |               |              |             |               |
|         product                          | nnet_mult.h:70               |  137           |               |              |             |               |
|         cast<ap_fixed<16, 6, AP_TRN,...  | nnet_mult.h:110              |    3           |               |              |             |               |
|       operator[]                         | nnet_types.h:17              |    3           |               |              |             |               |
|   + compute_output_buffer_2d<nne...      | nnet_conv_stream.h:251       |                |   858         |   492        |   480       |   490         |
|      shift_line_buffer<nnet::arra...     | nnet_conv_stream.h:215       |                |    27         |    38        |    26       |    33         |
|      dense_latency<ap_fixed<16, 6...     | nnet_dense_latency.h:13      |                |   742         |   344        |   344       |   345         |
|  + thresholded_relu<nnet::array...       | nnet_activation_stream.h:526 |  198           |   106         |   124        |   124       |   115         |
|     operator[]                           | nnet_types.h:17              |   12 (4 calls) |               |              |             |               |
|  + pooling2d_cl<nnet::array<ap_...       | nnet_pooling_stream.h:96     |  784           | 1,463         |   806        |   716       |   775         |
|   + compute_pool_buffer_2d<nnet:...      | nnet_pooling_stream.h:30     |  725           |               |              |             |               |
|    + shift_line_buffer<nnet::arra...     | nnet_conv_stream.h:215       |  157           |               |              |             |               |
|       operator[]                         | nnet_types.h:19              |    3           |               |              |             |               |
|       kernel_shift_2d<nnet::array<...    | nnet_conv_stream.h:181       |   75           |               |              |             |               |
|    + reduce_pool<ap_fixed<16, 6, ...     | nnet_pooling_stream.h:17     |  446           |               |              |             |               |
|     + reduce<ap_fixed<16, 6, AP_TR...    | nnet_common.h:37             |  443           |               |              |             |               |
|      + reduce<ap_fixed<16, 6, AP_TR...   | nnet_common.h:37             |  414 (2 calls) |               |              |             |               |
|       + reduce<ap_fixed<16, 6, AP_TR...  | nnet_common.h:37             |  356 (4 calls) |               |              |             |               |
|        + reduce<ap_fixed<16, 6, AP_TR... | nnet_common.h:37             |  240 (8 calls) |               |              |             |               |
|           operator()                     | nnet_common.h:66             |  160 (8 calls) |               |              |             |               |
|          operator()                      | nnet_common.h:66             |   80 (4 calls) |               |              |             |               |
|         operator()                       | nnet_common.h:66             |   40 (2 calls) |               |              |             |               |
|        operator()                        | nnet_common.h:66             |   20           |               |              |             |               |
|      operator[]                          | nnet_types.h:17              |    3           |               |              |             |               |
|     shift_line_buffer<nnet::arra...      | nnet_conv_stream.h:215       |                |   243         |   343        |   253       |   326         |
|  + conv_2d_cl<nnet::array<ap_fi...       | nnet_conv2d_stream.h:67      |  904           | 6,229         | 3,126        | 3,084       | 3,108         |
|   + conv_2d_buffer_latency_cl<nn...      | nnet_conv2d_stream.h:14      |  901           |               |              |             |               |
|    + compute_output_buffer_2d<nne...     | nnet_conv_stream.h:251       |  844           |               |              |             |               |
|     + shift_line_buffer<nnet::arra...    | nnet_conv_stream.h:215       |  157           |               |              |             |               |
|        operator[]                        | nnet_types.h:19              |    3           |               |              |             |               |
|        kernel_shift_2d<nnet::array<...   | nnet_conv_stream.h:181       |   75           |               |              |             |               |
|     + dense                              | nnet_dense.h:50              |  585           |               |              |             |               |
|      + dense_latency<ap_fixed<16, 6...   | nnet_dense_latency.h:13      |  583           |               |              |             |               |
|         product                          | nnet_mult.h:70               |  137           |               |              |             |               |
|         cast<ap_fixed<16, 6, AP_TRN,...  | nnet_mult.h:110              |    3           |               |              |             |               |
|       operator[]                         | nnet_types.h:17              |    3           |               |              |             |               |
|   + compute_output_buffer_2d<nne...      | nnet_conv_stream.h:251       |                | 6,189         | 3,040        | 2,974       | 3,016         |
|      shift_line_buffer<nnet::arra...     | nnet_conv_stream.h:215       |                |   147         |   223        |   157       |   194         |
|      dense_latency<ap_fixed<16, 6...     | nnet_dense_latency.h:13      |                | 5,941         | 2,687        | 2,687       | 2,688         |
|  + thresholded_relu<nnet::array...       | nnet_activation_stream.h:526 |  198           |   138         |   162        |   162       |   151         |
|     operator[]                           | nnet_types.h:17              |   12 (4 calls) |               |              |             |               |
|  + pooling2d_cl<nnet::array<ap_...       | nnet_pooling_stream.h:96     |  430           |   504         |   460        |   420       |   403         |
|   + compute_pool_buffer_2d<nnet:...      | nnet_pooling_stream.h:30     |  371           |               |              |             |               |
|    + shift_line_buffer<nnet::arra...     | nnet_conv_stream.h:215       |  157           |               |              |             |               |
|       operator[]                         | nnet_types.h:19              |    3           |               |              |             |               |
|       kernel_shift_2d<nnet::array<...    | nnet_conv_stream.h:181       |   75           |               |              |             |               |
|    + reduce_pool<ap_fixed<16, 6, ...     | nnet_pooling_stream.h:17     |   92           |               |              |             |               |
|     + reduce<ap_fixed<16, 6, AP_TR...    | nnet_common.h:37             |   89           |               |              |             |               |
|      + reduce<ap_fixed<16, 6, AP_TR...   | nnet_common.h:37             |   60 (2 calls) |               |              |             |               |
|         operator()                       | nnet_common.h:66             |   40 (2 calls) |               |              |             |               |
|        operator()                        | nnet_common.h:66             |   20           |               |              |             |               |
|      operator[]                          | nnet_types.h:17              |    3           |               |              |             |               |
|     shift_line_buffer<nnet::arra...      | nnet_conv_stream.h:215       |                |    99         |   169        |   129       |   130         |
|  + conv_2d_cl<nnet::array<ap_fi...       | nnet_conv2d_stream.h:67      |  904           | 10,558        | 5,004        | 4,950       | 4,980         |
|   + conv_2d_buffer_latency_cl<nn...      | nnet_conv2d_stream.h:14      |  901           |               |              |             |               |
|    + compute_output_buffer_2d<nne...     | nnet_conv_stream.h:251       |  844           |               |              |             |               |
|     + shift_line_buffer<nnet::arra...    | nnet_conv_stream.h:215       |  157           |               |              |             |               |
|        operator[]                        | nnet_types.h:19              |    3           |               |              |             |               |
|        kernel_shift_2d<nnet::array<...   | nnet_conv_stream.h:181       |   75           |               |              |             |               |
|     + dense                              | nnet_dense.h:50              |  585           |               |              |             |               |
|      + dense_latency<ap_fixed<16, 6...   | nnet_dense_latency.h:13      |  583           |               |              |             |               |
|         product                          | nnet_mult.h:70               |  137           |               |              |             |               |
|         cast<ap_fixed<16, 6, AP_TRN,...  | nnet_mult.h:110              |    3           |               |              |             |               |
|       operator[]                         | nnet_types.h:17              |    3           |               |              |             |               |
|   + compute_output_buffer_2d<nne...      | nnet_conv_stream.h:251       |                | 10,512        | 4,896        | 4,808       | 4,864         |
|      shift_line_buffer<nnet::arra...     | nnet_conv_stream.h:215       |                |   195         |   297        |   209       |   258         |
|      dense_latency<ap_fixed<16, 6...     | nnet_dense_latency.h:13      |                | 10,234        | 4,449        | 4,449       | 4,450         |
|  + thresholded_relu<nnet::array...       | nnet_activation_stream.h:526 |  198           |   100         |   200        |   200       |   187         |
|     operator[]                           | nnet_types.h:17              |   12 (4 calls) |               |              |             |               |
|  + pooling2d_cl<nnet::array<ap_...       | nnet_pooling_stream.h:96     |  430           |   604         |   558        |   508       |   487         |
|   + compute_pool_buffer_2d<nnet:...      | nnet_pooling_stream.h:30     |  371           |               |              |             |               |
|    + shift_line_buffer<nnet::arra...     | nnet_conv_stream.h:215       |  157           |               |              |             |               |
|       operator[]                         | nnet_types.h:19              |    3           |               |              |             |               |
|       kernel_shift_2d<nnet::array<...    | nnet_conv_stream.h:181       |   75           |               |              |             |               |
|    + reduce_pool<ap_fixed<16, 6, ...     | nnet_pooling_stream.h:17     |   92           |               |              |             |               |
|     + reduce<ap_fixed<16, 6, AP_TR...    | nnet_common.h:37             |   89           |               |              |             |               |
|      + reduce<ap_fixed<16, 6, AP_TR...   | nnet_common.h:37             |   60 (2 calls) |               |              |             |               |
|         operator()                       | nnet_common.h:66             |   40 (2 calls) |               |              |             |               |
|        operator()                        | nnet_common.h:66             |   20           |               |              |             |               |
|      operator[]                          | nnet_types.h:17              |    3           |               |              |             |               |
|     shift_line_buffer<nnet::arra...      | nnet_conv_stream.h:215       |                |   123         |   211        |   161       |   162         |
|  + dense<nnet::array<ap_fixed<1...       | nnet_dense_stream.h:82       |  751           | 2,106         | 1,161        | 1,129       | 1,128         |
|   + data_prepare<nnet::array<ap_...      | nnet_dense_stream.h:28       |   75           |               |              |             |               |
|      operator[]                          | nnet_types.h:17              |    6 (2 calls) |               |              |             |               |
|   + dense_latency_wrapper<ap_fix...      | nnet_dense_stream.h:13       |  585           | 2,021         |   915        |   903       |   904         |
|    + dense_latency<ap_fixed<16, 6...     | nnet_dense_latency.h:13      |  583           | 2,019         |   913        |             |               |
|       product                            | nnet_mult.h:70               |  137           |               |              |             |               |
|       cast<ap_fixed<16, 6, AP_TRN,...    | nnet_mult.h:110              |    3           |               |              |             |               |
|   + res_write<nnet::array<ap_fix...      | nnet_dense_stream.h:53       |   71           |               |              |             |               |
|      operator[]                          | nnet_types.h:17              |    6 (2 calls) |               |              |             |               |
|  + relu<nnet::array<ap_fixed<37...       | nnet_activation_stream.h:39  |  278           |   245         |   290        |   290       |   268         |
|     operator[]                           | nnet_types.h:17              |   12 (4 calls) |               |              |             |               |
|  + dense<nnet::array<ap_fixed<1...       | nnet_dense_stream.h:82       |  751           | 2,103         | 1,163        | 1,116       | 1,105         |
|   + data_prepare<nnet::array<ap_...      | nnet_dense_stream.h:28       |   75           |               |              |             |               |
|      operator[]                          | nnet_types.h:17              |    6 (2 calls) |               |              |             |               |
|   + dense_latency_wrapper<ap_fix...      | nnet_dense_stream.h:13       |  585           | 2,018         |   922        |   905       |   906         |
|    + dense_latency<ap_fixed<16, 6...     | nnet_dense_latency.h:13      |  583           | 2,016         |   920        |             |               |
|       product                            | nnet_mult.h:70               |  137           |               |              |             |               |
|       cast<ap_fixed<16, 6, AP_TRN,...    | nnet_mult.h:110              |    3           |               |              |             |               |
|   + res_write<nnet::array<ap_fix...      | nnet_dense_stream.h:53       |   71           |               |              |             |               |
|      operator[]                          | nnet_types.h:17              |    6 (2 calls) |               |              |             |               |
|  + relu<nnet::array<ap_fixed<37...       | nnet_activation_stream.h:39  |  278           |   165         |   195        |   195       |   178         |
|     operator[]                           | nnet_types.h:17              |   12 (4 calls) |               |              |             |               |
|  + dense<nnet::array<ap_fixed<1...       | nnet_dense_stream.h:82       |  751           |   755         |   435        |   403       |   406         |
|   + data_prepare<nnet::array<ap_...      | nnet_dense_stream.h:28       |   75           |               |              |             |               |
|      operator[]                          | nnet_types.h:17              |    6 (2 calls) |               |              |             |               |
|   + dense_latency_wrapper<ap_fix...      | nnet_dense_stream.h:13       |  585           |   700         |   324        |   312       |   313         |
|    + dense_latency<ap_fixed<16, 6...     | nnet_dense_latency.h:13      |  583           |   698         |   322        |             |               |
|       product                            | nnet_mult.h:70               |  137           |               |              |             |               |
|       cast<ap_fixed<16, 6, AP_TRN,...    | nnet_mult.h:110              |    3           |               |              |             |               |
|   + res_write<nnet::array<ap_fix...      | nnet_dense_stream.h:53       |   71           |               |              |             |               |
|      operator[]                          | nnet_types.h:17              |    6 (2 calls) |               |              |             |               |
+------------------------------------------+------------------------------+----------------+---------------+--------------+-------------+---------------+

* Design Size Message Settings
+---------------------------------------------+--------+------------------------------------------------------------------+
| Message Setting                             | Value  | Description                                                      |
+---------------------------------------------+--------+------------------------------------------------------------------+
| config_compile -design_size_maximum_warning | 100000 | Show a warning when total design instructions exceeds this value |
+---------------------------------------------+--------+------------------------------------------------------------------+


