

================================================================
== Vitis HLS Report for 'dense_latency_wrapper_ap_fixed_ap_fixed_37_17_5_3_0_config17_s'
================================================================
* Date:           Sun Apr  5 17:32:31 2026

* Version:        2023.2 (Build 4023990 on Oct 11 2023)
* Project:        gaussian_prj
* Solution:       solution1 (Vivado IP Flow Target)
* Product family: kintexu
* Target device:  xcku035-fbva676-2-e


================================================================
== Performance Estimates
================================================================
+ Timing: 
    * Summary: 
    +--------+---------+----------+------------+
    |  Clock |  Target | Estimated| Uncertainty|
    +--------+---------+----------+------------+
    |ap_clk  |  5.00 ns|  3.580 ns|     1.35 ns|
    +--------+---------+----------+------------+

+ Latency: 
    * Summary: 
    +---------+---------+-----------+-----------+-----+-----+---------+
    |  Latency (cycles) |   Latency (absolute)  |  Interval | Pipeline|
    |   min   |   max   |    min    |    max    | min | max |   Type  |
    +---------+---------+-----------+-----------+-----+-----+---------+
    |        3|        3|  15.000 ns|  15.000 ns|    1|    1|      yes|
    +---------+---------+-----------+-----------+-----+-----+---------+

    + Detail: 
        * Instance: 
        N/A

        * Loop: 
        N/A



================================================================
== Utilization Estimates
================================================================
* Summary: 
+-----------------+---------+------+--------+--------+-----+
|       Name      | BRAM_18K|  DSP |   FF   |   LUT  | URAM|
+-----------------+---------+------+--------+--------+-----+
|DSP              |        -|     -|       -|       -|    -|
|Expression       |        -|     -|       0|    4742|    -|
|FIFO             |        -|     -|       -|       -|    -|
|Instance         |        -|   134|       0|     536|    -|
|Memory           |        -|     -|       -|       -|    -|
|Multiplexer      |        -|     -|       -|       -|    -|
|Register         |        -|     -|    5344|       -|    -|
+-----------------+---------+------+--------+--------+-----+
|Total            |        0|   134|    5344|    5278|    0|
+-----------------+---------+------+--------+--------+-----+
|Available        |     1080|  1700|  406256|  203128|    0|
+-----------------+---------+------+--------+--------+-----+
|Utilization (%)  |        0|     7|       1|       2|    0|
+-----------------+---------+------+--------+--------+-----+

+ Detail: 
    * Instance: 
    +---------------------------+---------------------+---------+----+---+----+-----+
    |          Instance         |        Module       | BRAM_18K| DSP| FF| LUT| URAM|
    +---------------------------+---------------------+---------+----+---+----+-----+
    |mul_16s_10ns_25_1_0_U1611  |mul_16s_10ns_25_1_0  |        0|   1|  0|   4|    0|
    |mul_16s_10ns_25_1_0_U1689  |mul_16s_10ns_25_1_0  |        0|   1|  0|   4|    0|
    |mul_16s_10ns_25_1_0_U1732  |mul_16s_10ns_25_1_0  |        0|   1|  0|   4|    0|
    |mul_16s_10ns_26_1_0_U1613  |mul_16s_10ns_26_1_0  |        0|   1|  0|   4|    0|
    |mul_16s_10ns_26_1_0_U1614  |mul_16s_10ns_26_1_0  |        0|   1|  0|   4|    0|
    |mul_16s_10ns_26_1_0_U1619  |mul_16s_10ns_26_1_0  |        0|   1|  0|   4|    0|
    |mul_16s_10ns_26_1_0_U1624  |mul_16s_10ns_26_1_0  |        0|   1|  0|   4|    0|
    |mul_16s_10ns_26_1_0_U1626  |mul_16s_10ns_26_1_0  |        0|   1|  0|   4|    0|
    |mul_16s_10ns_26_1_0_U1630  |mul_16s_10ns_26_1_0  |        0|   1|  0|   4|    0|
    |mul_16s_10ns_26_1_0_U1633  |mul_16s_10ns_26_1_0  |        0|   1|  0|   4|    0|
    |mul_16s_10ns_26_1_0_U1634  |mul_16s_10ns_26_1_0  |        0|   1|  0|   4|    0|
    |mul_16s_10ns_26_1_0_U1639  |mul_16s_10ns_26_1_0  |        0|   1|  0|   4|    0|
    |mul_16s_10ns_26_1_0_U1649  |mul_16s_10ns_26_1_0  |        0|   1|  0|   4|    0|
    |mul_16s_10ns_26_1_0_U1656  |mul_16s_10ns_26_1_0  |        0|   1|  0|   4|    0|
    |mul_16s_10ns_26_1_0_U1657  |mul_16s_10ns_26_1_0  |        0|   1|  0|   4|    0|
    |mul_16s_10ns_26_1_0_U1662  |mul_16s_10ns_26_1_0  |        0|   1|  0|   4|    0|
    |mul_16s_10ns_26_1_0_U1670  |mul_16s_10ns_26_1_0  |        0|   1|  0|   4|    0|
    |mul_16s_10ns_26_1_0_U1675  |mul_16s_10ns_26_1_0  |        0|   1|  0|   4|    0|
    |mul_16s_10ns_26_1_0_U1680  |mul_16s_10ns_26_1_0  |        0|   1|  0|   4|    0|
    |mul_16s_10ns_26_1_0_U1682  |mul_16s_10ns_26_1_0  |        0|   1|  0|   4|    0|
    |mul_16s_10ns_26_1_0_U1684  |mul_16s_10ns_26_1_0  |        0|   1|  0|   4|    0|
    |mul_16s_10ns_26_1_0_U1685  |mul_16s_10ns_26_1_0  |        0|   1|  0|   4|    0|
    |mul_16s_10ns_26_1_0_U1691  |mul_16s_10ns_26_1_0  |        0|   1|  0|   4|    0|
    |mul_16s_10ns_26_1_0_U1694  |mul_16s_10ns_26_1_0  |        0|   1|  0|   4|    0|
    |mul_16s_10ns_26_1_0_U1695  |mul_16s_10ns_26_1_0  |        0|   1|  0|   4|    0|
    |mul_16s_10ns_26_1_0_U1703  |mul_16s_10ns_26_1_0  |        0|   1|  0|   4|    0|
    |mul_16s_10ns_26_1_0_U1710  |mul_16s_10ns_26_1_0  |        0|   1|  0|   4|    0|
    |mul_16s_10ns_26_1_0_U1725  |mul_16s_10ns_26_1_0  |        0|   1|  0|   4|    0|
    |mul_16s_10ns_26_1_0_U1734  |mul_16s_10ns_26_1_0  |        0|   1|  0|   4|    0|
    |mul_16s_10s_25_1_0_U1658   |mul_16s_10s_25_1_0   |        0|   1|  0|   4|    0|
    |mul_16s_10s_25_1_0_U1719   |mul_16s_10s_25_1_0   |        0|   1|  0|   4|    0|
    |mul_16s_10s_26_1_0_U1606   |mul_16s_10s_26_1_0   |        0|   1|  0|   4|    0|
    |mul_16s_10s_26_1_0_U1609   |mul_16s_10s_26_1_0   |        0|   1|  0|   4|    0|
    |mul_16s_10s_26_1_0_U1622   |mul_16s_10s_26_1_0   |        0|   1|  0|   4|    0|
    |mul_16s_10s_26_1_0_U1631   |mul_16s_10s_26_1_0   |        0|   1|  0|   4|    0|
    |mul_16s_10s_26_1_0_U1638   |mul_16s_10s_26_1_0   |        0|   1|  0|   4|    0|
    |mul_16s_10s_26_1_0_U1641   |mul_16s_10s_26_1_0   |        0|   1|  0|   4|    0|
    |mul_16s_10s_26_1_0_U1644   |mul_16s_10s_26_1_0   |        0|   1|  0|   4|    0|
    |mul_16s_10s_26_1_0_U1654   |mul_16s_10s_26_1_0   |        0|   1|  0|   4|    0|
    |mul_16s_10s_26_1_0_U1659   |mul_16s_10s_26_1_0   |        0|   1|  0|   4|    0|
    |mul_16s_10s_26_1_0_U1660   |mul_16s_10s_26_1_0   |        0|   1|  0|   4|    0|
    |mul_16s_10s_26_1_0_U1661   |mul_16s_10s_26_1_0   |        0|   1|  0|   4|    0|
    |mul_16s_10s_26_1_0_U1667   |mul_16s_10s_26_1_0   |        0|   1|  0|   4|    0|
    |mul_16s_10s_26_1_0_U1673   |mul_16s_10s_26_1_0   |        0|   1|  0|   4|    0|
    |mul_16s_10s_26_1_0_U1679   |mul_16s_10s_26_1_0   |        0|   1|  0|   4|    0|
    |mul_16s_10s_26_1_0_U1690   |mul_16s_10s_26_1_0   |        0|   1|  0|   4|    0|
    |mul_16s_10s_26_1_0_U1693   |mul_16s_10s_26_1_0   |        0|   1|  0|   4|    0|
    |mul_16s_10s_26_1_0_U1697   |mul_16s_10s_26_1_0   |        0|   1|  0|   4|    0|
    |mul_16s_10s_26_1_0_U1698   |mul_16s_10s_26_1_0   |        0|   1|  0|   4|    0|
    |mul_16s_10s_26_1_0_U1699   |mul_16s_10s_26_1_0   |        0|   1|  0|   4|    0|
    |mul_16s_10s_26_1_0_U1704   |mul_16s_10s_26_1_0   |        0|   1|  0|   4|    0|
    |mul_16s_10s_26_1_0_U1708   |mul_16s_10s_26_1_0   |        0|   1|  0|   4|    0|
    |mul_16s_10s_26_1_0_U1709   |mul_16s_10s_26_1_0   |        0|   1|  0|   4|    0|
    |mul_16s_10s_26_1_0_U1711   |mul_16s_10s_26_1_0   |        0|   1|  0|   4|    0|
    |mul_16s_10s_26_1_0_U1717   |mul_16s_10s_26_1_0   |        0|   1|  0|   4|    0|
    |mul_16s_10s_26_1_0_U1720   |mul_16s_10s_26_1_0   |        0|   1|  0|   4|    0|
    |mul_16s_10s_26_1_0_U1727   |mul_16s_10s_26_1_0   |        0|   1|  0|   4|    0|
    |mul_16s_10s_26_1_0_U1733   |mul_16s_10s_26_1_0   |        0|   1|  0|   4|    0|
    |mul_16s_10s_26_1_0_U1738   |mul_16s_10s_26_1_0   |        0|   1|  0|   4|    0|
    |mul_16s_11ns_27_1_0_U1610  |mul_16s_11ns_27_1_0  |        0|   1|  0|   4|    0|
    |mul_16s_11s_26_1_0_U1608   |mul_16s_11s_26_1_0   |        0|   1|  0|   4|    0|
    |mul_16s_11s_26_1_0_U1686   |mul_16s_11s_26_1_0   |        0|   1|  0|   4|    0|
    |mul_16s_11s_27_1_0_U1629   |mul_16s_11s_27_1_0   |        0|   1|  0|   4|    0|
    |mul_16s_11s_27_1_0_U1715   |mul_16s_11s_27_1_0   |        0|   1|  0|   4|    0|
    |mul_16s_6ns_22_1_0_U1683   |mul_16s_6ns_22_1_0   |        0|   1|  0|   4|    0|
    |mul_16s_6s_21_1_1_U1623    |mul_16s_6s_21_1_1    |        0|   1|  0|   4|    0|
    |mul_16s_6s_22_1_0_U1671    |mul_16s_6s_22_1_0    |        0|   1|  0|   4|    0|
    |mul_16s_6s_22_1_0_U1726    |mul_16s_6s_22_1_0    |        0|   1|  0|   4|    0|
    |mul_16s_7ns_23_1_0_U1617   |mul_16s_7ns_23_1_0   |        0|   1|  0|   4|    0|
    |mul_16s_7ns_23_1_0_U1651   |mul_16s_7ns_23_1_0   |        0|   1|  0|   4|    0|
    |mul_16s_7ns_23_1_0_U1663   |mul_16s_7ns_23_1_0   |        0|   1|  0|   4|    0|
    |mul_16s_7ns_23_1_0_U1668   |mul_16s_7ns_23_1_0   |        0|   1|  0|   4|    0|
    |mul_16s_7ns_23_1_0_U1728   |mul_16s_7ns_23_1_0   |        0|   1|  0|   4|    0|
    |mul_16s_7s_23_1_0_U1632    |mul_16s_7s_23_1_0    |        0|   1|  0|   4|    0|
    |mul_16s_7s_23_1_0_U1642    |mul_16s_7s_23_1_0    |        0|   1|  0|   4|    0|
    |mul_16s_8ns_23_1_0_U1700   |mul_16s_8ns_23_1_0   |        0|   1|  0|   4|    0|
    |mul_16s_8ns_23_1_0_U1729   |mul_16s_8ns_23_1_0   |        0|   1|  0|   4|    0|
    |mul_16s_8ns_24_1_0_U1607   |mul_16s_8ns_24_1_0   |        0|   1|  0|   4|    0|
    |mul_16s_8ns_24_1_0_U1618   |mul_16s_8ns_24_1_0   |        0|   1|  0|   4|    0|
    |mul_16s_8ns_24_1_0_U1625   |mul_16s_8ns_24_1_0   |        0|   1|  0|   4|    0|
    |mul_16s_8ns_24_1_0_U1636   |mul_16s_8ns_24_1_0   |        0|   1|  0|   4|    0|
    |mul_16s_8ns_24_1_0_U1655   |mul_16s_8ns_24_1_0   |        0|   1|  0|   4|    0|
    |mul_16s_8ns_24_1_0_U1678   |mul_16s_8ns_24_1_0   |        0|   1|  0|   4|    0|
    |mul_16s_8ns_24_1_0_U1721   |mul_16s_8ns_24_1_0   |        0|   1|  0|   4|    0|
    |mul_16s_8ns_24_1_0_U1724   |mul_16s_8ns_24_1_0   |        0|   1|  0|   4|    0|
    |mul_16s_8ns_24_1_0_U1737   |mul_16s_8ns_24_1_0   |        0|   1|  0|   4|    0|
    |mul_16s_8s_23_1_0_U1605    |mul_16s_8s_23_1_0    |        0|   1|  0|   4|    0|
    |mul_16s_8s_23_1_0_U1731    |mul_16s_8s_23_1_0    |        0|   1|  0|   4|    0|
    |mul_16s_8s_24_1_0_U1616    |mul_16s_8s_24_1_0    |        0|   1|  0|   4|    0|
    |mul_16s_8s_24_1_0_U1645    |mul_16s_8s_24_1_0    |        0|   1|  0|   4|    0|
    |mul_16s_8s_24_1_0_U1647    |mul_16s_8s_24_1_0    |        0|   1|  0|   4|    0|
    |mul_16s_8s_24_1_0_U1650    |mul_16s_8s_24_1_0    |        0|   1|  0|   4|    0|
    |mul_16s_8s_24_1_0_U1666    |mul_16s_8s_24_1_0    |        0|   1|  0|   4|    0|
    |mul_16s_8s_24_1_0_U1716    |mul_16s_8s_24_1_0    |        0|   1|  0|   4|    0|
    |mul_16s_8s_24_1_0_U1735    |mul_16s_8s_24_1_0    |        0|   1|  0|   4|    0|
    |mul_16s_9ns_24_1_0_U1637   |mul_16s_9ns_24_1_0   |        0|   1|  0|   4|    0|
    |mul_16s_9ns_24_1_0_U1701   |mul_16s_9ns_24_1_0   |        0|   1|  0|   4|    0|
    |mul_16s_9ns_25_1_0_U1615   |mul_16s_9ns_25_1_0   |        0|   1|  0|   4|    0|
    |mul_16s_9ns_25_1_0_U1628   |mul_16s_9ns_25_1_0   |        0|   1|  0|   4|    0|
    |mul_16s_9ns_25_1_0_U1635   |mul_16s_9ns_25_1_0   |        0|   1|  0|   4|    0|
    |mul_16s_9ns_25_1_0_U1643   |mul_16s_9ns_25_1_0   |        0|   1|  0|   4|    0|
    |mul_16s_9ns_25_1_0_U1646   |mul_16s_9ns_25_1_0   |        0|   1|  0|   4|    0|
    |mul_16s_9ns_25_1_0_U1648   |mul_16s_9ns_25_1_0   |        0|   1|  0|   4|    0|
    |mul_16s_9ns_25_1_0_U1653   |mul_16s_9ns_25_1_0   |        0|   1|  0|   4|    0|
    |mul_16s_9ns_25_1_0_U1669   |mul_16s_9ns_25_1_0   |        0|   1|  0|   4|    0|
    |mul_16s_9ns_25_1_0_U1672   |mul_16s_9ns_25_1_0   |        0|   1|  0|   4|    0|
    |mul_16s_9ns_25_1_0_U1674   |mul_16s_9ns_25_1_0   |        0|   1|  0|   4|    0|
    |mul_16s_9ns_25_1_0_U1687   |mul_16s_9ns_25_1_0   |        0|   1|  0|   4|    0|
    |mul_16s_9ns_25_1_0_U1692   |mul_16s_9ns_25_1_0   |        0|   1|  0|   4|    0|
    |mul_16s_9ns_25_1_0_U1705   |mul_16s_9ns_25_1_0   |        0|   1|  0|   4|    0|
    |mul_16s_9ns_25_1_0_U1712   |mul_16s_9ns_25_1_0   |        0|   1|  0|   4|    0|
    |mul_16s_9ns_25_1_0_U1713   |mul_16s_9ns_25_1_0   |        0|   1|  0|   4|    0|
    |mul_16s_9ns_25_1_0_U1722   |mul_16s_9ns_25_1_0   |        0|   1|  0|   4|    0|
    |mul_16s_9ns_25_1_0_U1723   |mul_16s_9ns_25_1_0   |        0|   1|  0|   4|    0|
    |mul_16s_9ns_25_1_0_U1736   |mul_16s_9ns_25_1_0   |        0|   1|  0|   4|    0|
    |mul_16s_9s_25_1_0_U1612    |mul_16s_9s_25_1_0    |        0|   1|  0|   4|    0|
    |mul_16s_9s_25_1_0_U1620    |mul_16s_9s_25_1_0    |        0|   1|  0|   4|    0|
    |mul_16s_9s_25_1_0_U1621    |mul_16s_9s_25_1_0    |        0|   1|  0|   4|    0|
    |mul_16s_9s_25_1_0_U1627    |mul_16s_9s_25_1_0    |        0|   1|  0|   4|    0|
    |mul_16s_9s_25_1_0_U1640    |mul_16s_9s_25_1_0    |        0|   1|  0|   4|    0|
    |mul_16s_9s_25_1_0_U1652    |mul_16s_9s_25_1_0    |        0|   1|  0|   4|    0|
    |mul_16s_9s_25_1_0_U1664    |mul_16s_9s_25_1_0    |        0|   1|  0|   4|    0|
    |mul_16s_9s_25_1_0_U1665    |mul_16s_9s_25_1_0    |        0|   1|  0|   4|    0|
    |mul_16s_9s_25_1_0_U1676    |mul_16s_9s_25_1_0    |        0|   1|  0|   4|    0|
    |mul_16s_9s_25_1_0_U1677    |mul_16s_9s_25_1_0    |        0|   1|  0|   4|    0|
    |mul_16s_9s_25_1_0_U1681    |mul_16s_9s_25_1_0    |        0|   1|  0|   4|    0|
    |mul_16s_9s_25_1_0_U1688    |mul_16s_9s_25_1_0    |        0|   1|  0|   4|    0|
    |mul_16s_9s_25_1_0_U1696    |mul_16s_9s_25_1_0    |        0|   1|  0|   4|    0|
    |mul_16s_9s_25_1_0_U1702    |mul_16s_9s_25_1_0    |        0|   1|  0|   4|    0|
    |mul_16s_9s_25_1_0_U1706    |mul_16s_9s_25_1_0    |        0|   1|  0|   4|    0|
    |mul_16s_9s_25_1_0_U1707    |mul_16s_9s_25_1_0    |        0|   1|  0|   4|    0|
    |mul_16s_9s_25_1_0_U1714    |mul_16s_9s_25_1_0    |        0|   1|  0|   4|    0|
    |mul_16s_9s_25_1_0_U1718    |mul_16s_9s_25_1_0    |        0|   1|  0|   4|    0|
    |mul_16s_9s_25_1_0_U1730    |mul_16s_9s_25_1_0    |        0|   1|  0|   4|    0|
    +---------------------------+---------------------+---------+----+---+----+-----+
    |Total                      |                     |        0| 134|  0| 536|    0|
    +---------------------------+---------------------+---------+----+---+----+-----+

    * DSP: 
    N/A

    * Memory: 
    N/A

    * FIFO: 
    N/A

    * Expression: 
    +--------------------------+----------+----+---+----+------------+------------+
    |       Variable Name      | Operation| DSP| FF| LUT| Bitwidth P0| Bitwidth P1|
    +--------------------------+----------+----+---+----+------------+------------+
    |add_ln58_100_fu_62451_p2  |         +|   0|  0|  33|          26|          26|
    |add_ln58_101_fu_63051_p2  |         +|   0|  0|  27|          27|          27|
    |add_ln58_102_fu_62457_p2  |         +|   0|  0|  27|          27|          27|
    |add_ln58_103_fu_62463_p2  |         +|   0|  0|  33|          26|          26|
    |add_ln58_104_fu_62473_p2  |         +|   0|  0|  27|          27|          27|
    |add_ln58_105_fu_62479_p2  |         +|   0|  0|  33|          26|          26|
    |add_ln58_106_fu_63063_p2  |         +|   0|  0|  27|          27|          27|
    |add_ln58_107_fu_62485_p2  |         +|   0|  0|  30|          23|          23|
    |add_ln58_108_fu_62495_p2  |         +|   0|  0|  31|          24|          24|
    |add_ln58_109_fu_63072_p2  |         +|   0|  0|  27|          27|          27|
    |add_ln58_110_fu_62501_p2  |         +|   0|  0|  25|          25|          25|
    |add_ln58_111_fu_63085_p2  |         +|   0|  0|  27|          27|          27|
    |add_ln58_112_fu_62507_p2  |         +|   0|  0|  31|          24|          24|
    |add_ln58_113_fu_62517_p2  |         +|   0|  0|  30|          23|          23|
    |add_ln58_114_fu_62527_p2  |         +|   0|  0|  32|          25|          25|
    |add_ln58_115_fu_63094_p2  |         +|   0|  0|  27|          27|          27|
    |add_ln58_116_fu_63100_p2  |         +|   0|  0|  34|          27|          27|
    |add_ln58_117_fu_63106_p2  |         +|   0|  0|  32|          25|          25|
    |add_ln58_118_fu_63116_p2  |         +|   0|  0|  27|          27|          27|
    |add_ln58_119_fu_62533_p2  |         +|   0|  0|  31|          24|          24|
    |add_ln58_120_fu_62543_p2  |         +|   0|  0|  31|          24|          24|
    |add_ln58_121_fu_62553_p2  |         +|   0|  0|  32|          25|          25|
    |add_ln58_122_fu_63125_p2  |         +|   0|  0|  27|          27|          27|
    |add_ln58_123_fu_63131_p2  |         +|   0|  0|  26|          26|          26|
    |add_ln58_124_fu_63555_p2  |         +|   0|  0|  28|          28|          28|
    |add_ln58_125_fu_63137_p2  |         +|   0|  0|  33|          26|          26|
    |add_ln58_126_fu_63147_p2  |         +|   0|  0|  32|          25|          25|
    |add_ln58_127_fu_63157_p2  |         +|   0|  0|  34|          27|          27|
    |add_ln58_128_fu_63564_p2  |         +|   0|  0|  28|          28|          28|
    |add_ln58_129_fu_63163_p2  |         +|   0|  0|  35|          28|          28|
    |add_ln58_130_fu_63169_p2  |         +|   0|  0|  33|          26|          26|
    |add_ln58_131_fu_63179_p2  |         +|   0|  0|  28|          28|          28|
    |add_ln58_132_fu_62559_p2  |         +|   0|  0|  32|          25|          25|
    |add_ln58_133_fu_62569_p2  |         +|   0|  0|  31|          24|          24|
    |add_ln58_134_fu_62579_p2  |         +|   0|  0|  33|          26|          26|
    |add_ln58_135_fu_63188_p2  |         +|   0|  0|  28|          28|          28|
    |add_ln58_136_fu_63194_p2  |         +|   0|  0|  35|          28|          28|
    |add_ln58_137_fu_63200_p2  |         +|   0|  0|  33|          26|          26|
    |add_ln58_138_fu_63210_p2  |         +|   0|  0|  28|          28|          28|
    |add_ln58_139_fu_63216_p2  |         +|   0|  0|  26|          26|          26|
    |add_ln58_140_fu_62585_p2  |         +|   0|  0|  30|          23|          23|
    |add_ln58_141_fu_63225_p2  |         +|   0|  0|  32|          25|          25|
    |add_ln58_142_fu_63235_p2  |         +|   0|  0|  26|          26|          26|
    |add_ln58_143_fu_63245_p2  |         +|   0|  0|  28|          28|          28|
    |add_ln58_144_fu_63251_p2  |         +|   0|  0|  35|          28|          28|
    |add_ln58_145_fu_63257_p2  |         +|   0|  0|  26|          26|          26|
    |add_ln58_146_fu_63583_p2  |         +|   0|  0|  28|          28|          28|
    |add_ln58_147_fu_63263_p2  |         +|   0|  0|  32|          25|          25|
    |add_ln58_148_fu_62591_p2  |         +|   0|  0|  31|          24|          24|
    |add_ln58_149_fu_63276_p2  |         +|   0|  0|  32|          25|          25|
    |add_ln58_150_fu_63286_p2  |         +|   0|  0|  33|          26|          26|
    |add_ln58_151_fu_63591_p2  |         +|   0|  0|  28|          28|          28|
    |add_ln58_152_fu_63601_p2  |         +|   0|  0|  35|          28|          28|
    |add_ln58_153_fu_63607_p2  |         +|   0|  0|  33|          26|          26|
    |add_ln58_154_fu_63617_p2  |         +|   0|  0|  28|          28|          28|
    |add_ln58_155_fu_63292_p2  |         +|   0|  0|  32|          25|          25|
    |add_ln58_156_fu_63302_p2  |         +|   0|  0|  32|          25|          25|
    |add_ln58_157_fu_63312_p2  |         +|   0|  0|  33|          26|          26|
    |add_ln58_158_fu_63626_p2  |         +|   0|  0|  28|          28|          28|
    |add_ln58_159_fu_63636_p2  |         +|   0|  0|  28|          28|          28|
    |add_ln58_160_fu_63318_p2  |         +|   0|  0|  33|          26|          26|
    |add_ln58_161_fu_63328_p2  |         +|   0|  0|  34|          27|          27|
    |add_ln58_162_fu_63645_p2  |         +|   0|  0|  28|          28|          28|
    |add_ln58_163_fu_63655_p2  |         +|   0|  0|  36|          29|          29|
    |add_ln58_164_fu_63665_p2  |         +|   0|  0|  35|          28|          28|
    |add_ln58_165_fu_63334_p2  |         +|   0|  0|  33|          26|          26|
    |add_ln58_166_fu_63344_p2  |         +|   0|  0|  34|          27|          27|
    |add_ln58_167_fu_63674_p2  |         +|   0|  0|  28|          28|          28|
    |add_ln58_168_fu_63350_p2  |         +|   0|  0|  25|          25|          25|
    |add_ln58_169_fu_62597_p2  |         +|   0|  0|  29|          22|          22|
    |add_ln58_170_fu_63359_p2  |         +|   0|  0|  31|          24|          24|
    |add_ln58_171_fu_63369_p2  |         +|   0|  0|  25|          25|          25|
    |add_ln58_172_fu_63683_p2  |         +|   0|  0|  28|          28|          28|
    |add_ln58_173_fu_63375_p2  |         +|   0|  0|  33|          26|          26|
    |add_ln58_174_fu_63696_p2  |         +|   0|  0|  36|          29|          29|
    |add_ln58_175_fu_63706_p2  |         +|   0|  0|  28|          28|          28|
    |add_ln58_176_fu_63381_p2  |         +|   0|  0|  24|          24|          24|
    |add_ln58_177_fu_63391_p2  |         +|   0|  0|  32|          25|          25|
    |add_ln58_178_fu_63715_p2  |         +|   0|  0|  28|          28|          28|
    |add_ln58_179_fu_63725_p2  |         +|   0|  0|  36|          29|          29|
    |add_ln58_180_fu_63397_p2  |         +|   0|  0|  35|          28|          28|
    |add_ln58_181_fu_63403_p2  |         +|   0|  0|  32|          25|          25|
    |add_ln58_182_fu_63413_p2  |         +|   0|  0|  28|          28|          28|
    |add_ln58_183_fu_63419_p2  |         +|   0|  0|  25|          25|          25|
    |add_ln58_184_fu_63425_p2  |         +|   0|  0|  30|          23|          23|
    |add_ln58_185_fu_63435_p2  |         +|   0|  0|  25|          25|          25|
    |add_ln58_186_fu_63445_p2  |         +|   0|  0|  28|          28|          28|
    |add_ln58_187_fu_63451_p2  |         +|   0|  0|  35|          28|          28|
    |add_ln58_188_fu_63457_p2  |         +|   0|  0|  33|          26|          26|
    |add_ln58_189_fu_63467_p2  |         +|   0|  0|  28|          28|          28|
    |add_ln58_190_fu_63473_p2  |         +|   0|  0|  25|          25|          25|
    |add_ln58_191_fu_63479_p2  |         +|   0|  0|  31|          24|          24|
    |add_ln58_192_fu_63489_p2  |         +|   0|  0|  25|          25|          25|
    |add_ln58_193_fu_63499_p2  |         +|   0|  0|  28|          28|          28|
    |add_ln58_194_fu_63741_p2  |         +|   0|  0|  29|          29|          29|
    |add_ln58_195_fu_63757_p2  |         +|   0|  0|  29|          29|          29|
    |add_ln58_196_fu_63747_p2  |         +|   0|  0|  33|          26|          26|
    |add_ln58_50_fu_62258_p2   |         +|   0|  0|  25|          25|          18|
    |add_ln58_51_fu_62264_p2   |         +|   0|  0|  30|          23|          17|
    |add_ln58_52_fu_62842_p2   |         +|   0|  0|  32|          25|          17|
    |add_ln58_53_fu_62274_p2   |         +|   0|  0|  23|          23|          17|
    |add_ln58_54_fu_62855_p2   |         +|   0|  0|  32|          25|          25|
    |add_ln58_55_fu_62280_p2   |         +|   0|  0|  28|          21|          17|
    |add_ln58_56_fu_62290_p2   |         +|   0|  0|  30|          23|          23|
    |add_ln58_57_fu_62296_p2   |         +|   0|  0|  33|          26|          26|
    |add_ln58_58_fu_62302_p2   |         +|   0|  0|  32|          25|          25|
    |add_ln58_59_fu_62308_p2   |         +|   0|  0|  33|          26|          26|
    |add_ln58_60_fu_61903_p2   |         +|   0|  0|  23|          23|          23|
    |add_ln58_61_fu_61909_p2   |         +|   0|  0|  25|          18|          17|
    |add_ln58_62_fu_61919_p2   |         +|   0|  0|  23|          23|          23|
    |add_ln58_63_fu_62877_p2   |         +|   0|  0|  32|          25|          25|
    |add_ln58_64_fu_62317_p2   |         +|   0|  0|  26|          26|          26|
    |add_ln58_65_fu_62323_p2   |         +|   0|  0|  26|          26|          26|
    |add_ln58_66_fu_62329_p2   |         +|   0|  0|  25|          25|          25|
    |add_ln58_67_fu_62339_p2   |         +|   0|  0|  33|          26|          26|
    |add_ln58_68_fu_62349_p2   |         +|   0|  0|  26|          26|          26|
    |add_ln58_69_fu_62355_p2   |         +|   0|  0|  26|          26|          26|
    |add_ln58_70_fu_62893_p2   |         +|   0|  0|  26|          26|          26|
    |add_ln58_71_fu_62899_p2   |         +|   0|  0|  26|          26|          26|
    |add_ln58_72_fu_62909_p2   |         +|   0|  0|  26|          26|          26|
    |add_ln58_73_fu_62915_p2   |         +|   0|  0|  26|          26|          26|
    |add_ln58_74_fu_62925_p2   |         +|   0|  0|  26|          26|          26|
    |add_ln58_75_fu_62931_p2   |         +|   0|  0|  26|          26|          26|
    |add_ln58_76_fu_62361_p2   |         +|   0|  0|  25|          25|          25|
    |add_ln58_77_fu_62367_p2   |         +|   0|  0|  25|          25|          25|
    |add_ln58_78_fu_62941_p2   |         +|   0|  0|  26|          26|          26|
    |add_ln58_79_fu_62947_p2   |         +|   0|  0|  26|          26|          26|
    |add_ln58_80_fu_62377_p2   |         +|   0|  0|  33|          26|          26|
    |add_ln58_81_fu_62957_p2   |         +|   0|  0|  27|          27|          27|
    |add_ln58_82_fu_62387_p2   |         +|   0|  0|  32|          25|          25|
    |add_ln58_83_fu_62397_p2   |         +|   0|  0|  33|          26|          26|
    |add_ln58_84_fu_62966_p2   |         +|   0|  0|  27|          27|          27|
    |add_ln58_85_fu_62976_p2   |         +|   0|  0|  27|          27|          27|
    |add_ln58_86_fu_62982_p2   |         +|   0|  0|  32|          25|          25|
    |add_ln58_87_fu_62992_p2   |         +|   0|  0|  27|          27|          27|
    |add_ln58_88_fu_62403_p2   |         +|   0|  0|  27|          27|          27|
    |add_ln58_89_fu_62409_p2   |         +|   0|  0|  33|          26|          26|
    |add_ln58_90_fu_62419_p2   |         +|   0|  0|  27|          27|          27|
    |add_ln58_91_fu_63001_p2   |         +|   0|  0|  27|          27|          27|
    |add_ln58_92_fu_62425_p2   |         +|   0|  0|  31|          24|          24|
    |add_ln58_93_fu_62435_p2   |         +|   0|  0|  33|          26|          26|
    |add_ln58_94_fu_63010_p2   |         +|   0|  0|  27|          27|          27|
    |add_ln58_95_fu_63020_p2   |         +|   0|  0|  27|          27|          27|
    |add_ln58_96_fu_63026_p2   |         +|   0|  0|  33|          26|          26|
    |add_ln58_97_fu_63036_p2   |         +|   0|  0|  27|          27|          27|
    |add_ln58_98_fu_63042_p2   |         +|   0|  0|  27|          27|          27|
    |add_ln58_99_fu_62441_p2   |         +|   0|  0|  32|          25|          25|
    |add_ln58_fu_62248_p2      |         +|   0|  0|  32|          25|          17|
    |add_ln73_1_fu_62023_p2    |         +|   0|  0|  30|          23|          23|
    |add_ln73_2_fu_62058_p2    |         +|   0|  0|  25|          25|          25|
    |add_ln73_3_fu_62832_p2    |         +|   0|  0|  24|          24|          24|
    |add_ln73_fu_61951_p2      |         +|   0|  0|  23|          23|          23|
    |sub_ln73_10_fu_62686_p2   |         -|   0|  0|  33|           1|          26|
    |sub_ln73_11_fu_62703_p2   |         -|   0|  0|  26|          26|          26|
    |sub_ln73_12_fu_62086_p2   |         -|   0|  0|  29|          22|          22|
    |sub_ln73_13_fu_62120_p2   |         -|   0|  0|  20|           1|          20|
    |sub_ln73_14_fu_62137_p2   |         -|   0|  0|  20|          20|          20|
    |sub_ln73_15_fu_62179_p2   |         -|   0|  0|  28|          21|          21|
    |sub_ln73_16_fu_62776_p2   |         -|   0|  0|  26|          26|          26|
    |sub_ln73_8_fu_61763_p2    |         -|   0|  0|  31|          24|          24|
    |sub_ln73_9_fu_62676_p2    |         -|   0|  0|  32|          25|          25|
    |sub_ln73_fu_62224_p2      |         -|   0|  0|  24|           1|          17|
    +--------------------------+----------+----+---+----+------------+------------+
    |Total                     |          |   0|  0|4742|        4108|        4128|
    +--------------------------+----------+----+---+----+------------+------------+

    * Multiplexer: 
    N/A

    * Register: 
    +--------------------------------------------+----+----+-----+-----------+
    |                    Name                    | FF | LUT| Bits| Const Bits|
    +--------------------------------------------+----+----+-----+-----------+
    |add_ln58_100_reg_64060                      |  26|   0|   26|          0|
    |add_ln58_101_reg_64125                      |  27|   0|   27|          0|
    |add_ln58_104_reg_64065                      |  27|   0|   27|          0|
    |add_ln58_105_reg_64070                      |  26|   0|   26|          0|
    |add_ln58_108_reg_64075                      |  24|   0|   24|          0|
    |add_ln58_110_reg_64080                      |  25|   0|   25|          0|
    |add_ln58_114_reg_64085                      |  25|   0|   25|          0|
    |add_ln58_115_reg_64130                      |  27|   0|   27|          0|
    |add_ln58_121_reg_64090                      |  25|   0|   25|          0|
    |add_ln58_122_reg_64135                      |  27|   0|   27|          0|
    |add_ln58_123_reg_64140                      |  26|   0|   26|          0|
    |add_ln58_127_reg_64145                      |  27|   0|   27|          0|
    |add_ln58_134_reg_64095                      |  26|   0|   26|          0|
    |add_ln58_135_reg_64150                      |  28|   0|   28|          0|
    |add_ln58_140_reg_64100                      |  23|   0|   23|          0|
    |add_ln58_143_reg_64155                      |  28|   0|   28|          0|
    |add_ln58_144_reg_64160                      |  28|   0|   28|          0|
    |add_ln58_145_reg_64165                      |  22|   0|   26|          4|
    |add_ln58_148_reg_64105                      |  24|   0|   24|          0|
    |add_ln58_150_reg_64170                      |  26|   0|   26|          0|
    |add_ln58_157_reg_64175                      |  26|   0|   26|          0|
    |add_ln58_161_reg_64180                      |  27|   0|   27|          0|
    |add_ln58_166_reg_64185                      |  27|   0|   27|          0|
    |add_ln58_169_reg_64110                      |  22|   0|   22|          0|
    |add_ln58_171_reg_64190                      |  25|   0|   25|          0|
    |add_ln58_173_reg_64195                      |  26|   0|   26|          0|
    |add_ln58_177_reg_64200                      |  25|   0|   25|          0|
    |add_ln58_186_reg_64205                      |  28|   0|   28|          0|
    |add_ln58_193_reg_64210                      |  28|   0|   28|          0|
    |add_ln58_53_reg_64010                       |  20|   0|   23|          3|
    |add_ln58_56_reg_64015                       |  23|   0|   23|          0|
    |add_ln58_57_reg_64020                       |  26|   0|   26|          0|
    |add_ln58_58_reg_64025                       |  25|   0|   25|          0|
    |add_ln58_59_reg_64030                       |  26|   0|   26|          0|
    |add_ln58_62_reg_63989                       |  22|   0|   23|          1|
    |add_ln58_65_reg_64035                       |  26|   0|   26|          0|
    |add_ln58_69_reg_64040                       |  26|   0|   26|          0|
    |add_ln58_83_reg_64045                       |  26|   0|   26|          0|
    |add_ln58_87_reg_64115                       |  27|   0|   27|          0|
    |add_ln58_90_reg_64050                       |  27|   0|   27|          0|
    |add_ln58_93_reg_64055                       |  26|   0|   26|          0|
    |add_ln58_97_reg_64120                       |  27|   0|   27|          0|
    |data_0_val1_int_reg                         |  16|   0|   16|          0|
    |data_10_val11_int_reg                       |  16|   0|   16|          0|
    |data_10_val11_read_reg_63866                |  16|   0|   16|          0|
    |data_11_val12_int_reg                       |  16|   0|   16|          0|
    |data_11_val12_read_reg_63856                |  16|   0|   16|          0|
    |data_11_val12_read_reg_63856_pp0_iter1_reg  |  16|   0|   16|          0|
    |data_12_val13_int_reg                       |  16|   0|   16|          0|
    |data_12_val13_read_reg_63848                |  16|   0|   16|          0|
    |data_12_val13_read_reg_63848_pp0_iter1_reg  |  16|   0|   16|          0|
    |data_13_val14_int_reg                       |  16|   0|   16|          0|
    |data_13_val14_read_reg_63838                |  16|   0|   16|          0|
    |data_13_val14_read_reg_63838_pp0_iter1_reg  |  16|   0|   16|          0|
    |data_14_val15_int_reg                       |  16|   0|   16|          0|
    |data_14_val15_read_reg_63827                |  16|   0|   16|          0|
    |data_14_val15_read_reg_63827_pp0_iter1_reg  |  16|   0|   16|          0|
    |data_1_val2_int_reg                         |  16|   0|   16|          0|
    |data_1_val2_read_reg_63908                  |  16|   0|   16|          0|
    |data_2_val3_int_reg                         |  16|   0|   16|          0|
    |data_3_val4_int_reg                         |  16|   0|   16|          0|
    |data_4_val5_int_reg                         |  16|   0|   16|          0|
    |data_4_val5_read_reg_63902                  |  16|   0|   16|          0|
    |data_5_val6_int_reg                         |  16|   0|   16|          0|
    |data_6_val7_int_reg                         |  16|   0|   16|          0|
    |data_6_val7_read_reg_63894                  |  16|   0|   16|          0|
    |data_6_val7_read_reg_63894_pp0_iter1_reg    |  16|   0|   16|          0|
    |data_7_val8_int_reg                         |  16|   0|   16|          0|
    |data_7_val8_read_reg_63888                  |  16|   0|   16|          0|
    |data_8_val9_int_reg                         |  16|   0|   16|          0|
    |data_8_val9_read_reg_63879                  |  16|   0|   16|          0|
    |data_9_val10_int_reg                        |  16|   0|   16|          0|
    |data_9_val10_read_reg_63871                 |  16|   0|   16|          0|
    |mul_ln58_reg_61648                          |  26|   0|   26|          0|
    |mul_ln73_100_reg_34572                      |  24|   0|   24|          0|
    |mul_ln73_101_reg_34576                      |  26|   0|   26|          0|
    |mul_ln73_102_reg_34580                      |  26|   0|   26|          0|
    |mul_ln73_103_reg_34584                      |  25|   0|   25|          0|
    |mul_ln73_104_reg_34588                      |  23|   0|   23|          0|
    |mul_ln73_105_reg_60196                      |  26|   0|   26|          0|
    |mul_ln73_106_reg_34592                      |  22|   0|   22|          0|
    |mul_ln73_107_reg_34596                      |  24|   0|   24|          0|
    |mul_ln73_108_reg_34600                      |  24|   0|   24|          0|
    |mul_ln73_109_reg_34604                      |  26|   0|   26|          0|
    |mul_ln73_110_reg_34608                      |  23|   0|   23|          0|
    |mul_ln73_111_reg_60200                      |  26|   0|   26|          0|
    |mul_ln73_112_reg_60204                      |  25|   0|   25|          0|
    |mul_ln73_113_reg_60208                      |  26|   0|   26|          0|
    |mul_ln73_114_reg_60212                      |  26|   0|   26|          0|
    |mul_ln73_115_reg_60216                      |  25|   0|   25|          0|
    |mul_ln73_116_reg_60220                      |  26|   0|   26|          0|
    |mul_ln73_117_reg_60224                      |  25|   0|   25|          0|
    |mul_ln73_118_reg_60228                      |  26|   0|   26|          0|
    |mul_ln73_119_reg_60232                      |  26|   0|   26|          0|
    |mul_ln73_120_reg_60236                      |  25|   0|   25|          0|
    |mul_ln73_121_reg_34612                      |  23|   0|   23|          0|
    |mul_ln73_122_reg_60240                      |  26|   0|   26|          0|
    |mul_ln73_123_reg_60244                      |  26|   0|   26|          0|
    |mul_ln73_124_reg_60248                      |  26|   0|   26|          0|
    |mul_ln73_125_reg_34616                      |  24|   0|   24|          0|
    |mul_ln73_126_reg_60252                      |  25|   0|   25|          0|
    |mul_ln73_127_reg_60256                      |  25|   0|   25|          0|
    |mul_ln73_128_reg_60260                      |  26|   0|   26|          0|
    |mul_ln73_129_reg_60264                      |  24|   0|   24|          0|
    |mul_ln73_130_reg_34620                      |  24|   0|   24|          0|
    |mul_ln73_131_reg_34624                      |  23|   0|   23|          0|
    |mul_ln73_132_reg_60268                      |  25|   0|   25|          0|
    |mul_ln73_133_reg_34628                      |  25|   0|   25|          0|
    |mul_ln73_134_reg_34632                      |  23|   0|   23|          0|
    |mul_ln73_135_reg_34636                      |  24|   0|   24|          0|
    |mul_ln73_136_reg_60272                      |  24|   0|   24|          0|
    |mul_ln73_137_reg_60276                      |  26|   0|   26|          0|
    |mul_ln73_138_reg_60280                      |  25|   0|   25|          0|
    |mul_ln73_139_reg_61612                      |  26|   0|   26|          0|
    |mul_ln73_140_reg_61616                      |  26|   0|   26|          0|
    |mul_ln73_141_reg_60284                      |  25|   0|   25|          0|
    |mul_ln73_142_reg_34640                      |  24|   0|   24|          0|
    |mul_ln73_143_reg_61620                      |  26|   0|   26|          0|
    |mul_ln73_144_reg_60288                      |  25|   0|   25|          0|
    |mul_ln73_145_reg_34644                      |  24|   0|   24|          0|
    |mul_ln73_145_reg_34644_pp0_iter1_reg        |  24|   0|   24|          0|
    |mul_ln73_146_reg_60292                      |  25|   0|   25|          0|
    |mul_ln73_147_reg_61624                      |  27|   0|   27|          0|
    |mul_ln73_148_reg_60296                      |  26|   0|   26|          0|
    |mul_ln73_149_reg_60300                      |  25|   0|   25|          0|
    |mul_ln73_150_reg_60304                      |  24|   0|   24|          0|
    |mul_ln73_151_reg_60308                      |  26|   0|   26|          0|
    |mul_ln73_152_reg_60312                      |  25|   0|   25|          0|
    |mul_ln73_153_reg_60316                      |  26|   0|   26|          0|
    |mul_ln73_154_reg_60320                      |  25|   0|   25|          0|
    |mul_ln73_155_reg_61628                      |  27|   0|   27|          0|
    |mul_ln73_156_reg_60324                      |  25|   0|   25|          0|
    |mul_ln73_157_reg_60328                      |  26|   0|   26|          0|
    |mul_ln73_158_reg_60332                      |  26|   0|   26|          0|
    |mul_ln73_159_reg_60336                      |  24|   0|   24|          0|
    |mul_ln73_160_reg_60340                      |  26|   0|   26|          0|
    |mul_ln73_161_reg_60344                      |  25|   0|   25|          0|
    |mul_ln73_162_reg_60348                      |  23|   0|   23|          0|
    |mul_ln73_163_reg_60352                      |  26|   0|   26|          0|
    |mul_ln73_164_reg_61632                      |  22|   0|   22|          0|
    |mul_ln73_165_reg_61636                      |  26|   0|   26|          0|
    |mul_ln73_166_reg_60356                      |  26|   0|   26|          0|
    |mul_ln73_167_reg_61640                      |  27|   0|   27|          0|
    |mul_ln73_168_reg_60360                      |  25|   0|   25|          0|
    |mul_ln73_169_reg_60364                      |  25|   0|   25|          0|
    |mul_ln73_170_reg_61644                      |  22|   0|   22|          0|
    |mul_ln73_171_reg_60368                      |  25|   0|   25|          0|
    |mul_ln73_172_reg_60372                      |  23|   0|   23|          0|
    |mul_ln73_41_reg_34424                       |  23|   0|   23|          0|
    |mul_ln73_42_reg_34428                       |  25|   0|   25|          0|
    |mul_ln73_43_reg_34432                       |  26|   0|   26|          0|
    |mul_ln73_44_reg_34436                       |  25|   0|   25|          0|
    |mul_ln73_45_reg_34440                       |  23|   0|   23|          0|
    |mul_ln73_46_reg_34444                       |  26|   0|   26|          0|
    |mul_ln73_47_reg_34448                       |  26|   0|   26|          0|
    |mul_ln73_48_reg_60112                       |  25|   0|   25|          0|
    |mul_ln73_49_reg_34452                       |  21|   0|   21|          0|
    |mul_ln73_50_reg_34456                       |  26|   0|   26|          0|
    |mul_ln73_51_reg_34460                       |  25|   0|   25|          0|
    |mul_ln73_52_reg_34464                       |  26|   0|   26|          0|
    |mul_ln73_53_reg_34468                       |  25|   0|   25|          0|
    |mul_ln73_54_reg_34472                       |  26|   0|   26|          0|
    |mul_ln73_55_reg_34476                       |  26|   0|   26|          0|
    |mul_ln73_56_reg_60116                       |  24|   0|   24|          0|
    |mul_ln73_57_reg_60120                       |  25|   0|   25|          0|
    |mul_ln73_58_reg_60124                       |  25|   0|   25|          0|
    |mul_ln73_59_reg_34480                       |  25|   0|   25|          0|
    |mul_ln73_60_reg_34484                       |  26|   0|   26|          0|
    |mul_ln73_61_reg_60128                       |  26|   0|   26|          0|
    |mul_ln73_62_reg_34488                       |  24|   0|   24|          0|
    |mul_ln73_63_reg_34492                       |  25|   0|   25|          0|
    |mul_ln73_64_reg_34496                       |  25|   0|   25|          0|
    |mul_ln73_65_reg_60132                       |  26|   0|   26|          0|
    |mul_ln73_66_reg_60136                       |  26|   0|   26|          0|
    |mul_ln73_67_reg_60140                       |  26|   0|   26|          0|
    |mul_ln73_68_reg_60144                       |  26|   0|   26|          0|
    |mul_ln73_69_reg_60148                       |  25|   0|   25|          0|
    |mul_ln73_70_reg_34500                       |  26|   0|   26|          0|
    |mul_ln73_71_reg_60152                       |  25|   0|   25|          0|
    |mul_ln73_72_reg_34504                       |  23|   0|   23|          0|
    |mul_ln73_73_reg_34508                       |  25|   0|   25|          0|
    |mul_ln73_74_reg_34512                       |  24|   0|   24|          0|
    |mul_ln73_75_reg_60156                       |  26|   0|   26|          0|
    |mul_ln73_76_reg_60160                       |  26|   0|   26|          0|
    |mul_ln73_77_reg_60164                       |  24|   0|   24|          0|
    |mul_ln73_78_reg_34516                       |  26|   0|   26|          0|
    |mul_ln73_79_reg_60168                       |  25|   0|   25|          0|
    |mul_ln73_80_reg_34520                       |  26|   0|   26|          0|
    |mul_ln73_81_reg_60172                       |  25|   0|   25|          0|
    |mul_ln73_82_reg_60176                       |  26|   0|   26|          0|
    |mul_ln73_83_reg_34524                       |  26|   0|   26|          0|
    |mul_ln73_84_reg_34528                       |  26|   0|   26|          0|
    |mul_ln73_85_reg_60180                       |  26|   0|   26|          0|
    |mul_ln73_86_reg_34532                       |  25|   0|   25|          0|
    |mul_ln73_87_reg_34536                       |  25|   0|   25|          0|
    |mul_ln73_88_reg_34540                       |  24|   0|   24|          0|
    |mul_ln73_89_reg_60184                       |  26|   0|   26|          0|
    |mul_ln73_90_reg_34544                       |  26|   0|   26|          0|
    |mul_ln73_91_reg_60188                       |  26|   0|   26|          0|
    |mul_ln73_92_reg_34548                       |  26|   0|   26|          0|
    |mul_ln73_93_reg_34552                       |  25|   0|   25|          0|
    |mul_ln73_94_reg_34556                       |  23|   0|   23|          0|
    |mul_ln73_95_reg_60192                       |  26|   0|   26|          0|
    |mul_ln73_96_reg_34560                       |  25|   0|   25|          0|
    |mul_ln73_97_reg_34564                       |  24|   0|   24|          0|
    |mul_ln73_98_reg_61608                       |  26|   0|   26|          0|
    |mul_ln73_99_reg_34568                       |  25|   0|   25|          0|
    |mul_ln73_reg_60108                          |  25|   0|   25|          0|
    |sext_ln70_29_reg_63921                      |  26|   0|   26|          0|
    |sext_ln70_30_reg_63927                      |  25|   0|   25|          0|
    |sext_ln70_33_reg_63938                      |  25|   0|   25|          0|
    |sext_ln70_34_reg_63944                      |  26|   0|   26|          0|
    |sext_ln70_37_reg_63952                      |  26|   0|   26|          0|
    |sext_ln70_38_reg_63959                      |  26|   0|   26|          0|
    |sext_ln70_41_reg_63966                      |  26|   0|   26|          0|
    |sext_ln70_41_reg_63966_pp0_iter1_reg        |  26|   0|   26|          0|
    |sext_ln70_46_reg_63971                      |  26|   0|   26|          0|
    |sext_ln70_56_reg_63977                      |  25|   0|   25|          0|
    |sext_ln70_58_reg_63983                      |  24|   0|   24|          0|
    |sext_ln70_76_reg_64004                      |  26|   0|   26|          0|
    |sext_ln73_reg_63915                         |  25|   0|   25|          0|
    |sub_ln73_14_reg_63994                       |  19|   0|   20|          1|
    |sub_ln73_8_reg_63933                        |  19|   0|   24|          5|
    |sub_ln73_reg_63999                          |  17|   0|   17|          0|
    +--------------------------------------------+----+----+-----+-----------+
    |Total                                       |5344|   0| 5358|         14|
    +--------------------------------------------+----+----+-----+-----------+



================================================================
== Interface
================================================================
* Summary: 
+---------------+-----+-----+------------+----------------------------------------------------------------+--------------+
|   RTL Ports   | Dir | Bits|  Protocol  |                          Source Object                         |    C Type    |
+---------------+-----+-----+------------+----------------------------------------------------------------+--------------+
|ap_clk         |   in|    1|  ap_ctrl_hs|  dense_latency_wrapper<ap_fixed,ap_fixed<37,17,5,3,0>,config17>|  return value|
|ap_rst         |   in|    1|  ap_ctrl_hs|  dense_latency_wrapper<ap_fixed,ap_fixed<37,17,5,3,0>,config17>|  return value|
|ap_return_0    |  out|   37|  ap_ctrl_hs|  dense_latency_wrapper<ap_fixed,ap_fixed<37,17,5,3,0>,config17>|  return value|
|ap_return_1    |  out|   37|  ap_ctrl_hs|  dense_latency_wrapper<ap_fixed,ap_fixed<37,17,5,3,0>,config17>|  return value|
|ap_return_2    |  out|   37|  ap_ctrl_hs|  dense_latency_wrapper<ap_fixed,ap_fixed<37,17,5,3,0>,config17>|  return value|
|ap_return_3    |  out|   37|  ap_ctrl_hs|  dense_latency_wrapper<ap_fixed,ap_fixed<37,17,5,3,0>,config17>|  return value|
|ap_return_4    |  out|   37|  ap_ctrl_hs|  dense_latency_wrapper<ap_fixed,ap_fixed<37,17,5,3,0>,config17>|  return value|
|ap_return_5    |  out|   37|  ap_ctrl_hs|  dense_latency_wrapper<ap_fixed,ap_fixed<37,17,5,3,0>,config17>|  return value|
|ap_return_6    |  out|   37|  ap_ctrl_hs|  dense_latency_wrapper<ap_fixed,ap_fixed<37,17,5,3,0>,config17>|  return value|
|ap_return_7    |  out|   37|  ap_ctrl_hs|  dense_latency_wrapper<ap_fixed,ap_fixed<37,17,5,3,0>,config17>|  return value|
|ap_return_8    |  out|   37|  ap_ctrl_hs|  dense_latency_wrapper<ap_fixed,ap_fixed<37,17,5,3,0>,config17>|  return value|
|ap_return_9    |  out|   37|  ap_ctrl_hs|  dense_latency_wrapper<ap_fixed,ap_fixed<37,17,5,3,0>,config17>|  return value|
|data_0_val1    |   in|   16|     ap_none|                                                     data_0_val1|        scalar|
|data_1_val2    |   in|   16|     ap_none|                                                     data_1_val2|        scalar|
|data_2_val3    |   in|   16|     ap_none|                                                     data_2_val3|        scalar|
|data_3_val4    |   in|   16|     ap_none|                                                     data_3_val4|        scalar|
|data_4_val5    |   in|   16|     ap_none|                                                     data_4_val5|        scalar|
|data_5_val6    |   in|   16|     ap_none|                                                     data_5_val6|        scalar|
|data_6_val7    |   in|   16|     ap_none|                                                     data_6_val7|        scalar|
|data_7_val8    |   in|   16|     ap_none|                                                     data_7_val8|        scalar|
|data_8_val9    |   in|   16|     ap_none|                                                     data_8_val9|        scalar|
|data_9_val10   |   in|   16|     ap_none|                                                    data_9_val10|        scalar|
|data_10_val11  |   in|   16|     ap_none|                                                   data_10_val11|        scalar|
|data_11_val12  |   in|   16|     ap_none|                                                   data_11_val12|        scalar|
|data_12_val13  |   in|   16|     ap_none|                                                   data_12_val13|        scalar|
|data_13_val14  |   in|   16|     ap_none|                                                   data_13_val14|        scalar|
|data_14_val15  |   in|   16|     ap_none|                                                   data_14_val15|        scalar|
+---------------+-----+-----+------------+----------------------------------------------------------------+--------------+

