

================================================================
== Vitis HLS Report for 'dense_latency_wrapper_ap_fixed_ap_fixed_37_17_5_3_0_config15_s'
================================================================
* Date:           Sun Apr  5 17:32:30 2026

* Version:        2023.2 (Build 4023990 on Oct 11 2023)
* Project:        gaussian_prj
* Solution:       solution1 (Vivado IP Flow Target)
* Product family: kintexu
* Target device:  xcku035-fbva676-2-e


================================================================
== Performance Estimates
================================================================
+ Timing: 
    * Summary: 
    +--------+---------+----------+------------+
    |  Clock |  Target | Estimated| Uncertainty|
    +--------+---------+----------+------------+
    |ap_clk  |  5.00 ns|  3.575 ns|     1.35 ns|
    +--------+---------+----------+------------+

+ Latency: 
    * Summary: 
    +---------+---------+-----------+-----------+-----+-----+---------+
    |  Latency (cycles) |   Latency (absolute)  |  Interval | Pipeline|
    |   min   |   max   |    min    |    max    | min | max |   Type  |
    +---------+---------+-----------+-----------+-----+-----+---------+
    |        3|        3|  15.000 ns|  15.000 ns|    1|    1|      yes|
    +---------+---------+-----------+-----------+-----+-----+---------+

    + Detail: 
        * Instance: 
        N/A

        * Loop: 
        N/A



================================================================
== Utilization Estimates
================================================================
* Summary: 
+-----------------+---------+------+--------+--------+-----+
|       Name      | BRAM_18K|  DSP |   FF   |   LUT  | URAM|
+-----------------+---------+------+--------+--------+-----+
|DSP              |        -|     -|       -|       -|    -|
|Expression       |        -|     -|       0|    4893|    -|
|FIFO             |        -|     -|       -|       -|    -|
|Instance         |        -|   129|       0|     516|    -|
|Memory           |        -|     -|       -|       -|    -|
|Multiplexer      |        -|     -|       -|       -|    -|
|Register         |        -|     -|    5001|       1|    -|
+-----------------+---------+------+--------+--------+-----+
|Total            |        0|   129|    5001|    5410|    0|
+-----------------+---------+------+--------+--------+-----+
|Available        |     1080|  1700|  406256|  203128|    0|
+-----------------+---------+------+--------+--------+-----+
|Utilization (%)  |        0|     7|       1|       2|    0|
+-----------------+---------+------+--------+--------+-----+

+ Detail: 
    * Instance: 
    +---------------------------+---------------------+---------+----+---+----+-----+
    |          Instance         |        Module       | BRAM_18K| DSP| FF| LUT| URAM|
    +---------------------------+---------------------+---------+----+---+----+-----+
    |mul_16s_10ns_25_1_0_U1467  |mul_16s_10ns_25_1_0  |        0|   1|  0|   4|    0|
    |mul_16s_10ns_25_1_0_U1488  |mul_16s_10ns_25_1_0  |        0|   1|  0|   4|    0|
    |mul_16s_10ns_25_1_0_U1498  |mul_16s_10ns_25_1_0  |        0|   1|  0|   4|    0|
    |mul_16s_10ns_25_1_0_U1515  |mul_16s_10ns_25_1_0  |        0|   1|  0|   4|    0|
    |mul_16s_10ns_25_1_0_U1520  |mul_16s_10ns_25_1_0  |        0|   1|  0|   4|    0|
    |mul_16s_10ns_25_1_0_U1521  |mul_16s_10ns_25_1_0  |        0|   1|  0|   4|    0|
    |mul_16s_10ns_25_1_0_U1557  |mul_16s_10ns_25_1_0  |        0|   1|  0|   4|    0|
    |mul_16s_10ns_26_1_0_U1461  |mul_16s_10ns_26_1_0  |        0|   1|  0|   4|    0|
    |mul_16s_10ns_26_1_0_U1469  |mul_16s_10ns_26_1_0  |        0|   1|  0|   4|    0|
    |mul_16s_10ns_26_1_0_U1471  |mul_16s_10ns_26_1_0  |        0|   1|  0|   4|    0|
    |mul_16s_10ns_26_1_0_U1478  |mul_16s_10ns_26_1_0  |        0|   1|  0|   4|    0|
    |mul_16s_10ns_26_1_0_U1487  |mul_16s_10ns_26_1_0  |        0|   1|  0|   4|    0|
    |mul_16s_10ns_26_1_0_U1492  |mul_16s_10ns_26_1_0  |        0|   1|  0|   4|    0|
    |mul_16s_10ns_26_1_0_U1493  |mul_16s_10ns_26_1_0  |        0|   1|  0|   4|    0|
    |mul_16s_10ns_26_1_0_U1494  |mul_16s_10ns_26_1_0  |        0|   1|  0|   4|    0|
    |mul_16s_10ns_26_1_0_U1499  |mul_16s_10ns_26_1_0  |        0|   1|  0|   4|    0|
    |mul_16s_10ns_26_1_0_U1502  |mul_16s_10ns_26_1_0  |        0|   1|  0|   4|    0|
    |mul_16s_10ns_26_1_0_U1504  |mul_16s_10ns_26_1_0  |        0|   1|  0|   4|    0|
    |mul_16s_10ns_26_1_0_U1506  |mul_16s_10ns_26_1_0  |        0|   1|  0|   4|    0|
    |mul_16s_10ns_26_1_0_U1519  |mul_16s_10ns_26_1_0  |        0|   1|  0|   4|    0|
    |mul_16s_10ns_26_1_0_U1522  |mul_16s_10ns_26_1_0  |        0|   1|  0|   4|    0|
    |mul_16s_10ns_26_1_0_U1531  |mul_16s_10ns_26_1_0  |        0|   1|  0|   4|    0|
    |mul_16s_10ns_26_1_0_U1536  |mul_16s_10ns_26_1_0  |        0|   1|  0|   4|    0|
    |mul_16s_10ns_26_1_0_U1537  |mul_16s_10ns_26_1_0  |        0|   1|  0|   4|    0|
    |mul_16s_10ns_26_1_0_U1544  |mul_16s_10ns_26_1_0  |        0|   1|  0|   4|    0|
    |mul_16s_10ns_26_1_0_U1545  |mul_16s_10ns_26_1_0  |        0|   1|  0|   4|    0|
    |mul_16s_10ns_26_1_0_U1558  |mul_16s_10ns_26_1_0  |        0|   1|  0|   4|    0|
    |mul_16s_10ns_26_1_0_U1563  |mul_16s_10ns_26_1_0  |        0|   1|  0|   4|    0|
    |mul_16s_10ns_26_1_0_U1569  |mul_16s_10ns_26_1_0  |        0|   1|  0|   4|    0|
    |mul_16s_10ns_26_1_0_U1573  |mul_16s_10ns_26_1_0  |        0|   1|  0|   4|    0|
    |mul_16s_10ns_26_1_0_U1578  |mul_16s_10ns_26_1_0  |        0|   1|  0|   4|    0|
    |mul_16s_10ns_26_1_0_U1586  |mul_16s_10ns_26_1_0  |        0|   1|  0|   4|    0|
    |mul_16s_10s_25_1_0_U1464   |mul_16s_10s_25_1_0   |        0|   1|  0|   4|    0|
    |mul_16s_10s_25_1_0_U1481   |mul_16s_10s_25_1_0   |        0|   1|  0|   4|    0|
    |mul_16s_10s_25_1_0_U1500   |mul_16s_10s_25_1_0   |        0|   1|  0|   4|    0|
    |mul_16s_10s_25_1_0_U1560   |mul_16s_10s_25_1_0   |        0|   1|  0|   4|    0|
    |mul_16s_10s_25_1_0_U1572   |mul_16s_10s_25_1_0   |        0|   1|  0|   4|    0|
    |mul_16s_10s_25_1_0_U1584   |mul_16s_10s_25_1_0   |        0|   1|  0|   4|    0|
    |mul_16s_10s_26_1_0_U1462   |mul_16s_10s_26_1_0   |        0|   1|  0|   4|    0|
    |mul_16s_10s_26_1_0_U1482   |mul_16s_10s_26_1_0   |        0|   1|  0|   4|    0|
    |mul_16s_10s_26_1_0_U1483   |mul_16s_10s_26_1_0   |        0|   1|  0|   4|    0|
    |mul_16s_10s_26_1_0_U1485   |mul_16s_10s_26_1_0   |        0|   1|  0|   4|    0|
    |mul_16s_10s_26_1_0_U1507   |mul_16s_10s_26_1_0   |        0|   1|  0|   4|    0|
    |mul_16s_10s_26_1_0_U1508   |mul_16s_10s_26_1_0   |        0|   1|  0|   4|    0|
    |mul_16s_10s_26_1_0_U1513   |mul_16s_10s_26_1_0   |        0|   1|  0|   4|    0|
    |mul_16s_10s_26_1_0_U1514   |mul_16s_10s_26_1_0   |        0|   1|  0|   4|    0|
    |mul_16s_10s_26_1_0_U1516   |mul_16s_10s_26_1_0   |        0|   1|  0|   4|    0|
    |mul_16s_10s_26_1_0_U1518   |mul_16s_10s_26_1_0   |        0|   1|  0|   4|    0|
    |mul_16s_10s_26_1_0_U1529   |mul_16s_10s_26_1_0   |        0|   1|  0|   4|    0|
    |mul_16s_10s_26_1_0_U1534   |mul_16s_10s_26_1_0   |        0|   1|  0|   4|    0|
    |mul_16s_10s_26_1_0_U1555   |mul_16s_10s_26_1_0   |        0|   1|  0|   4|    0|
    |mul_16s_10s_26_1_0_U1559   |mul_16s_10s_26_1_0   |        0|   1|  0|   4|    0|
    |mul_16s_10s_26_1_0_U1562   |mul_16s_10s_26_1_0   |        0|   1|  0|   4|    0|
    |mul_16s_10s_26_1_0_U1566   |mul_16s_10s_26_1_0   |        0|   1|  0|   4|    0|
    |mul_16s_10s_26_1_0_U1568   |mul_16s_10s_26_1_0   |        0|   1|  0|   4|    0|
    |mul_16s_10s_26_1_0_U1575   |mul_16s_10s_26_1_0   |        0|   1|  0|   4|    0|
    |mul_16s_10s_26_1_0_U1576   |mul_16s_10s_26_1_0   |        0|   1|  0|   4|    0|
    |mul_16s_10s_26_1_0_U1581   |mul_16s_10s_26_1_0   |        0|   1|  0|   4|    0|
    |mul_16s_10s_26_1_0_U1582   |mul_16s_10s_26_1_0   |        0|   1|  0|   4|    0|
    |mul_16s_10s_26_1_0_U1583   |mul_16s_10s_26_1_0   |        0|   1|  0|   4|    0|
    |mul_16s_10s_26_1_0_U1585   |mul_16s_10s_26_1_0   |        0|   1|  0|   4|    0|
    |mul_16s_10s_26_1_0_U1589   |mul_16s_10s_26_1_0   |        0|   1|  0|   4|    0|
    |mul_16s_11ns_26_1_0_U1474  |mul_16s_11ns_26_1_0  |        0|   1|  0|   4|    0|
    |mul_16s_11ns_26_1_0_U1491  |mul_16s_11ns_26_1_0  |        0|   1|  0|   4|    0|
    |mul_16s_11ns_27_1_0_U1477  |mul_16s_11ns_27_1_0  |        0|   1|  0|   4|    0|
    |mul_16s_11ns_27_1_0_U1539  |mul_16s_11ns_27_1_0  |        0|   1|  0|   4|    0|
    |mul_16s_11ns_27_1_0_U1574  |mul_16s_11ns_27_1_0  |        0|   1|  0|   4|    0|
    |mul_16s_11s_27_1_0_U1577   |mul_16s_11s_27_1_0   |        0|   1|  0|   4|    0|
    |mul_16s_6ns_22_1_0_U1496   |mul_16s_6ns_22_1_0   |        0|   1|  0|   4|    0|
    |mul_16s_6s_21_1_1_U1528    |mul_16s_6s_21_1_1    |        0|   1|  0|   4|    0|
    |mul_16s_6s_22_1_0_U1501    |mul_16s_6s_22_1_0    |        0|   1|  0|   4|    0|
    |mul_16s_6s_22_1_0_U1580    |mul_16s_6s_22_1_0    |        0|   1|  0|   4|    0|
    |mul_16s_7ns_23_1_0_U1510   |mul_16s_7ns_23_1_0   |        0|   1|  0|   4|    0|
    |mul_16s_7ns_23_1_0_U1527   |mul_16s_7ns_23_1_0   |        0|   1|  0|   4|    0|
    |mul_16s_7ns_23_1_0_U1533   |mul_16s_7ns_23_1_0   |        0|   1|  0|   4|    0|
    |mul_16s_7s_22_1_0_U1480    |mul_16s_7s_22_1_0    |        0|   1|  0|   4|    0|
    |mul_16s_7s_22_1_0_U1564    |mul_16s_7s_22_1_0    |        0|   1|  0|   4|    0|
    |mul_16s_7s_23_1_0_U1495    |mul_16s_7s_23_1_0    |        0|   1|  0|   4|    0|
    |mul_16s_7s_23_1_0_U1532    |mul_16s_7s_23_1_0    |        0|   1|  0|   4|    0|
    |mul_16s_7s_23_1_0_U1553    |mul_16s_7s_23_1_0    |        0|   1|  0|   4|    0|
    |mul_16s_7s_23_1_0_U1561    |mul_16s_7s_23_1_0    |        0|   1|  0|   4|    0|
    |mul_16s_8ns_23_1_0_U1511   |mul_16s_8ns_23_1_0   |        0|   1|  0|   4|    0|
    |mul_16s_8ns_23_1_0_U1541   |mul_16s_8ns_23_1_0   |        0|   1|  0|   4|    0|
    |mul_16s_8ns_24_1_0_U1463   |mul_16s_8ns_24_1_0   |        0|   1|  0|   4|    0|
    |mul_16s_8ns_24_1_0_U1526   |mul_16s_8ns_24_1_0   |        0|   1|  0|   4|    0|
    |mul_16s_8ns_24_1_0_U1570   |mul_16s_8ns_24_1_0   |        0|   1|  0|   4|    0|
    |mul_16s_8s_24_1_0_U1470    |mul_16s_8s_24_1_0    |        0|   1|  0|   4|    0|
    |mul_16s_8s_24_1_0_U1473    |mul_16s_8s_24_1_0    |        0|   1|  0|   4|    0|
    |mul_16s_8s_24_1_0_U1475    |mul_16s_8s_24_1_0    |        0|   1|  0|   4|    0|
    |mul_16s_8s_24_1_0_U1509    |mul_16s_8s_24_1_0    |        0|   1|  0|   4|    0|
    |mul_16s_8s_24_1_0_U1550    |mul_16s_8s_24_1_0    |        0|   1|  0|   4|    0|
    |mul_16s_8s_24_1_0_U1554    |mul_16s_8s_24_1_0    |        0|   1|  0|   4|    0|
    |mul_16s_8s_24_1_0_U1556    |mul_16s_8s_24_1_0    |        0|   1|  0|   4|    0|
    |mul_16s_8s_24_1_0_U1571    |mul_16s_8s_24_1_0    |        0|   1|  0|   4|    0|
    |mul_16s_9ns_24_1_0_U1486   |mul_16s_9ns_24_1_0   |        0|   1|  0|   4|    0|
    |mul_16s_9ns_24_1_0_U1489   |mul_16s_9ns_24_1_0   |        0|   1|  0|   4|    0|
    |mul_16s_9ns_24_1_0_U1503   |mul_16s_9ns_24_1_0   |        0|   1|  0|   4|    0|
    |mul_16s_9ns_24_1_0_U1524   |mul_16s_9ns_24_1_0   |        0|   1|  0|   4|    0|
    |mul_16s_9ns_25_1_0_U1465   |mul_16s_9ns_25_1_0   |        0|   1|  0|   4|    0|
    |mul_16s_9ns_25_1_0_U1472   |mul_16s_9ns_25_1_0   |        0|   1|  0|   4|    0|
    |mul_16s_9ns_25_1_0_U1484   |mul_16s_9ns_25_1_0   |        0|   1|  0|   4|    0|
    |mul_16s_9ns_25_1_0_U1512   |mul_16s_9ns_25_1_0   |        0|   1|  0|   4|    0|
    |mul_16s_9ns_25_1_0_U1517   |mul_16s_9ns_25_1_0   |        0|   1|  0|   4|    0|
    |mul_16s_9ns_25_1_0_U1525   |mul_16s_9ns_25_1_0   |        0|   1|  0|   4|    0|
    |mul_16s_9ns_25_1_0_U1530   |mul_16s_9ns_25_1_0   |        0|   1|  0|   4|    0|
    |mul_16s_9ns_25_1_0_U1540   |mul_16s_9ns_25_1_0   |        0|   1|  0|   4|    0|
    |mul_16s_9ns_25_1_0_U1543   |mul_16s_9ns_25_1_0   |        0|   1|  0|   4|    0|
    |mul_16s_9ns_25_1_0_U1549   |mul_16s_9ns_25_1_0   |        0|   1|  0|   4|    0|
    |mul_16s_9ns_25_1_0_U1551   |mul_16s_9ns_25_1_0   |        0|   1|  0|   4|    0|
    |mul_16s_9ns_25_1_0_U1552   |mul_16s_9ns_25_1_0   |        0|   1|  0|   4|    0|
    |mul_16s_9ns_25_1_0_U1565   |mul_16s_9ns_25_1_0   |        0|   1|  0|   4|    0|
    |mul_16s_9ns_25_1_0_U1579   |mul_16s_9ns_25_1_0   |        0|   1|  0|   4|    0|
    |mul_16s_9ns_25_1_0_U1587   |mul_16s_9ns_25_1_0   |        0|   1|  0|   4|    0|
    |mul_16s_9s_24_1_0_U1479    |mul_16s_9s_24_1_0    |        0|   1|  0|   4|    0|
    |mul_16s_9s_24_1_0_U1548    |mul_16s_9s_24_1_0    |        0|   1|  0|   4|    0|
    |mul_16s_9s_25_1_0_U1466    |mul_16s_9s_25_1_0    |        0|   1|  0|   4|    0|
    |mul_16s_9s_25_1_0_U1468    |mul_16s_9s_25_1_0    |        0|   1|  0|   4|    0|
    |mul_16s_9s_25_1_0_U1476    |mul_16s_9s_25_1_0    |        0|   1|  0|   4|    0|
    |mul_16s_9s_25_1_0_U1490    |mul_16s_9s_25_1_0    |        0|   1|  0|   4|    0|
    |mul_16s_9s_25_1_0_U1497    |mul_16s_9s_25_1_0    |        0|   1|  0|   4|    0|
    |mul_16s_9s_25_1_0_U1505    |mul_16s_9s_25_1_0    |        0|   1|  0|   4|    0|
    |mul_16s_9s_25_1_0_U1523    |mul_16s_9s_25_1_0    |        0|   1|  0|   4|    0|
    |mul_16s_9s_25_1_0_U1535    |mul_16s_9s_25_1_0    |        0|   1|  0|   4|    0|
    |mul_16s_9s_25_1_0_U1538    |mul_16s_9s_25_1_0    |        0|   1|  0|   4|    0|
    |mul_16s_9s_25_1_0_U1542    |mul_16s_9s_25_1_0    |        0|   1|  0|   4|    0|
    |mul_16s_9s_25_1_0_U1546    |mul_16s_9s_25_1_0    |        0|   1|  0|   4|    0|
    |mul_16s_9s_25_1_0_U1547    |mul_16s_9s_25_1_0    |        0|   1|  0|   4|    0|
    |mul_16s_9s_25_1_0_U1567    |mul_16s_9s_25_1_0    |        0|   1|  0|   4|    0|
    |mul_16s_9s_25_1_0_U1588    |mul_16s_9s_25_1_0    |        0|   1|  0|   4|    0|
    +---------------------------+---------------------+---------+----+---+----+-----+
    |Total                      |                     |        0| 129|  0| 516|    0|
    +---------------------------+---------------------+---------+----+---+----+-----+

    * DSP: 
    N/A

    * Memory: 
    N/A

    * FIFO: 
    N/A

    * Expression: 
    +--------------------------+----------+----+---+----+------------+------------+
    |       Variable Name      | Operation| DSP| FF| LUT| Bitwidth P0| Bitwidth P1|
    +--------------------------+----------+----+---+----+------------+------------+
    |add_ln58_196_fu_62010_p2  |         +|   0|  0|  30|          23|          12|
    |add_ln58_197_fu_62550_p2  |         +|   0|  0|  32|          25|          18|
    |add_ln58_198_fu_62560_p2  |         +|   0|  0|  30|          23|          16|
    |add_ln58_199_fu_62566_p2  |         +|   0|  0|  25|          25|          16|
    |add_ln58_200_fu_62572_p2  |         +|   0|  0|  32|          25|          16|
    |add_ln58_201_fu_62582_p2  |         +|   0|  0|  31|          24|          17|
    |add_ln58_202_fu_62016_p2  |         +|   0|  0|  24|          17|          17|
    |add_ln58_203_fu_62026_p2  |         +|   0|  0|  26|          19|          19|
    |add_ln58_204_fu_62595_p2  |         +|   0|  0|  32|          25|          11|
    |add_ln58_205_fu_63165_p2  |         +|   0|  0|  33|          26|          26|
    |add_ln58_206_fu_62605_p2  |         +|   0|  0|  31|          24|          24|
    |add_ln58_207_fu_62615_p2  |         +|   0|  0|  23|          23|          17|
    |add_ln58_208_fu_62625_p2  |         +|   0|  0|  32|          25|          25|
    |add_ln58_209_fu_62635_p2  |         +|   0|  0|  28|          21|          16|
    |add_ln58_210_fu_62645_p2  |         +|   0|  0|  32|          25|          25|
    |add_ln58_211_fu_63178_p2  |         +|   0|  0|  33|          26|          26|
    |add_ln58_212_fu_62651_p2  |         +|   0|  0|  33|          26|          26|
    |add_ln58_213_fu_62657_p2  |         +|   0|  0|  25|          25|          25|
    |add_ln58_214_fu_62663_p2  |         +|   0|  0|  32|          25|          25|
    |add_ln58_215_fu_62669_p2  |         +|   0|  0|  32|          25|          25|
    |add_ln58_216_fu_62675_p2  |         +|   0|  0|  25|          25|          25|
    |add_ln58_217_fu_62681_p2  |         +|   0|  0|  29|          22|          18|
    |add_ln58_218_fu_62691_p2  |         +|   0|  0|  25|          25|          25|
    |add_ln58_219_fu_63197_p2  |         +|   0|  0|  26|          26|          26|
    |add_ln58_220_fu_63203_p2  |         +|   0|  0|  26|          26|          26|
    |add_ln58_221_fu_63213_p2  |         +|   0|  0|  33|          26|          26|
    |add_ln58_222_fu_62701_p2  |         +|   0|  0|  26|          26|          26|
    |add_ln58_223_fu_62707_p2  |         +|   0|  0|  31|          24|          15|
    |add_ln58_224_fu_62717_p2  |         +|   0|  0|  26|          26|          26|
    |add_ln58_225_fu_62723_p2  |         +|   0|  0|  26|          26|          26|
    |add_ln58_226_fu_62729_p2  |         +|   0|  0|  31|          24|          24|
    |add_ln58_227_fu_62739_p2  |         +|   0|  0|  26|          26|          26|
    |add_ln58_228_fu_63229_p2  |         +|   0|  0|  26|          26|          26|
    |add_ln58_229_fu_62745_p2  |         +|   0|  0|  25|          25|          25|
    |add_ln58_230_fu_63238_p2  |         +|   0|  0|  26|          26|          26|
    |add_ln58_231_fu_63248_p2  |         +|   0|  0|  26|          26|          26|
    |add_ln58_232_fu_63254_p2  |         +|   0|  0|  26|          26|          26|
    |add_ln58_233_fu_63277_p2  |         +|   0|  0|  26|          26|          26|
    |add_ln58_234_fu_63287_p2  |         +|   0|  0|  26|          26|          26|
    |add_ln58_235_fu_62751_p2  |         +|   0|  0|  32|          25|          25|
    |add_ln58_236_fu_63296_p2  |         +|   0|  0|  26|          26|          26|
    |add_ln58_237_fu_63306_p2  |         +|   0|  0|  26|          26|          26|
    |add_ln58_238_fu_62757_p2  |         +|   0|  0|  32|          25|          25|
    |add_ln58_239_fu_63315_p2  |         +|   0|  0|  26|          26|          26|
    |add_ln58_240_fu_62763_p2  |         +|   0|  0|  26|          26|          26|
    |add_ln58_241_fu_62769_p2  |         +|   0|  0|  29|          22|          22|
    |add_ln58_242_fu_62779_p2  |         +|   0|  0|  24|          24|          24|
    |add_ln58_243_fu_62789_p2  |         +|   0|  0|  26|          26|          26|
    |add_ln58_244_fu_63328_p2  |         +|   0|  0|  27|          27|          27|
    |add_ln58_245_fu_62795_p2  |         +|   0|  0|  32|          25|          25|
    |add_ln58_246_fu_62805_p2  |         +|   0|  0|  33|          26|          26|
    |add_ln58_247_fu_63337_p2  |         +|   0|  0|  27|          27|          27|
    |add_ln58_248_fu_62811_p2  |         +|   0|  0|  26|          26|          26|
    |add_ln58_249_fu_62817_p2  |         +|   0|  0|  24|          24|          24|
    |add_ln58_250_fu_62827_p2  |         +|   0|  0|  26|          26|          26|
    |add_ln58_251_fu_63350_p2  |         +|   0|  0|  27|          27|          27|
    |add_ln58_252_fu_62833_p2  |         +|   0|  0|  31|          24|          24|
    |add_ln58_253_fu_62843_p2  |         +|   0|  0|  25|          25|          25|
    |add_ln58_254_fu_63359_p2  |         +|   0|  0|  27|          27|          27|
    |add_ln58_255_fu_62849_p2  |         +|   0|  0|  26|          26|          26|
    |add_ln58_256_fu_63372_p2  |         +|   0|  0|  34|          27|          27|
    |add_ln58_257_fu_63382_p2  |         +|   0|  0|  27|          27|          27|
    |add_ln58_258_fu_63388_p2  |         +|   0|  0|  33|          26|          26|
    |add_ln58_259_fu_63398_p2  |         +|   0|  0|  27|          27|          27|
    |add_ln58_260_fu_62855_p2  |         +|   0|  0|  32|          25|          25|
    |add_ln58_261_fu_62865_p2  |         +|   0|  0|  26|          26|          26|
    |add_ln58_262_fu_62032_p2  |         +|   0|  0|  30|          23|          23|
    |add_ln58_263_fu_62874_p2  |         +|   0|  0|  31|          24|          24|
    |add_ln58_264_fu_62884_p2  |         +|   0|  0|  26|          26|          26|
    |add_ln58_265_fu_63411_p2  |         +|   0|  0|  33|          26|          26|
    |add_ln58_266_fu_63421_p2  |         +|   0|  0|  27|          27|          27|
    |add_ln58_267_fu_62890_p2  |         +|   0|  0|  31|          24|          24|
    |add_ln58_268_fu_63430_p2  |         +|   0|  0|  32|          25|          25|
    |add_ln58_269_fu_63440_p2  |         +|   0|  0|  27|          27|          27|
    |add_ln58_270_fu_63450_p2  |         +|   0|  0|  27|          27|          27|
    |add_ln58_271_fu_62896_p2  |         +|   0|  0|  32|          25|          25|
    |add_ln58_272_fu_63459_p2  |         +|   0|  0|  33|          26|          26|
    |add_ln58_273_fu_63469_p2  |         +|   0|  0|  27|          27|          27|
    |add_ln58_274_fu_62902_p2  |         +|   0|  0|  33|          26|          26|
    |add_ln58_275_fu_63482_p2  |         +|   0|  0|  34|          27|          27|
    |add_ln58_276_fu_63492_p2  |         +|   0|  0|  27|          27|          27|
    |add_ln58_277_fu_62908_p2  |         +|   0|  0|  32|          25|          25|
    |add_ln58_278_fu_62918_p2  |         +|   0|  0|  33|          26|          26|
    |add_ln58_279_fu_63501_p2  |         +|   0|  0|  27|          27|          27|
    |add_ln58_280_fu_63511_p2  |         +|   0|  0|  27|          27|          27|
    |add_ln58_281_fu_62924_p2  |         +|   0|  0|  32|          25|          25|
    |add_ln58_282_fu_62934_p2  |         +|   0|  0|  33|          26|          26|
    |add_ln58_283_fu_63520_p2  |         +|   0|  0|  27|          27|          27|
    |add_ln58_284_fu_63530_p2  |         +|   0|  0|  27|          27|          27|
    |add_ln58_285_fu_62940_p2  |         +|   0|  0|  32|          25|          25|
    |add_ln58_286_fu_62950_p2  |         +|   0|  0|  33|          26|          26|
    |add_ln58_287_fu_63539_p2  |         +|   0|  0|  27|          27|          27|
    |add_ln58_288_fu_63549_p2  |         +|   0|  0|  27|          27|          27|
    |add_ln58_289_fu_62956_p2  |         +|   0|  0|  25|          25|          25|
    |add_ln58_290_fu_62962_p2  |         +|   0|  0|  25|          25|          25|
    |add_ln58_291_fu_63558_p2  |         +|   0|  0|  27|          27|          27|
    |add_ln58_292_fu_62968_p2  |         +|   0|  0|  32|          25|          25|
    |add_ln58_293_fu_63571_p2  |         +|   0|  0|  27|          27|          27|
    |add_ln58_294_fu_62974_p2  |         +|   0|  0|  32|          25|          25|
    |add_ln58_295_fu_62984_p2  |         +|   0|  0|  30|          23|          23|
    |add_ln58_296_fu_62994_p2  |         +|   0|  0|  33|          26|          26|
    |add_ln58_297_fu_63580_p2  |         +|   0|  0|  27|          27|          27|
    |add_ln58_298_fu_63590_p2  |         +|   0|  0|  28|          28|          28|
    |add_ln58_299_fu_63000_p2  |         +|   0|  0|  31|          24|          24|
    |add_ln58_300_fu_63599_p2  |         +|   0|  0|  32|          25|          25|
    |add_ln58_301_fu_63609_p2  |         +|   0|  0|  28|          28|          28|
    |add_ln58_302_fu_63619_p2  |         +|   0|  0|  35|          28|          28|
    |add_ln58_303_fu_63629_p2  |         +|   0|  0|  27|          27|          27|
    |add_ln58_304_fu_63006_p2  |         +|   0|  0|  31|          24|          24|
    |add_ln58_305_fu_63638_p2  |         +|   0|  0|  32|          25|          25|
    |add_ln58_306_fu_63648_p2  |         +|   0|  0|  27|          27|          27|
    |add_ln58_307_fu_63658_p2  |         +|   0|  0|  27|          27|          27|
    |add_ln58_308_fu_63664_p2  |         +|   0|  0|  33|          26|          26|
    |add_ln58_309_fu_63674_p2  |         +|   0|  0|  27|          27|          27|
    |add_ln58_310_fu_63684_p2  |         +|   0|  0|  35|          28|          28|
    |add_ln58_311_fu_63694_p2  |         +|   0|  0|  32|          25|          25|
    |add_ln58_312_fu_63704_p2  |         +|   0|  0|  27|          27|          27|
    |add_ln58_313_fu_63012_p2  |         +|   0|  0|  31|          24|          24|
    |add_ln58_314_fu_63022_p2  |         +|   0|  0|  30|          23|          23|
    |add_ln58_315_fu_63032_p2  |         +|   0|  0|  32|          25|          25|
    |add_ln58_316_fu_63713_p2  |         +|   0|  0|  27|          27|          27|
    |add_ln58_317_fu_63723_p2  |         +|   0|  0|  35|          28|          28|
    |add_ln58_318_fu_63733_p2  |         +|   0|  0|  28|          28|          28|
    |add_ln58_319_fu_63739_p2  |         +|   0|  0|  33|          26|          26|
    |add_ln58_320_fu_63749_p2  |         +|   0|  0|  28|          28|          28|
    |add_ln58_321_fu_63759_p2  |         +|   0|  0|  32|          25|          25|
    |add_ln58_322_fu_63769_p2  |         +|   0|  0|  35|          28|          28|
    |add_ln58_323_fu_63779_p2  |         +|   0|  0|  28|          28|          28|
    |add_ln58_324_fu_63038_p2  |         +|   0|  0|  32|          25|          25|
    |add_ln58_325_fu_63788_p2  |         +|   0|  0|  33|          26|          26|
    |add_ln58_326_fu_63798_p2  |         +|   0|  0|  28|          28|          28|
    |add_ln58_327_fu_63808_p2  |         +|   0|  0|  28|          28|          28|
    |add_ln58_328_fu_63814_p2  |         +|   0|  0|  33|          26|          26|
    |add_ln58_329_fu_63824_p2  |         +|   0|  0|  28|          28|          28|
    |add_ln58_330_fu_63834_p2  |         +|   0|  0|  28|          28|          28|
    |add_ln58_331_fu_63044_p2  |         +|   0|  0|  33|          26|          26|
    |add_ln58_332_fu_63843_p2  |         +|   0|  0|  34|          27|          27|
    |add_ln58_333_fu_63853_p2  |         +|   0|  0|  28|          28|          28|
    |add_ln58_334_fu_63863_p2  |         +|   0|  0|  33|          26|          26|
    |add_ln58_335_fu_63873_p2  |         +|   0|  0|  35|          28|          28|
    |add_ln58_336_fu_63883_p2  |         +|   0|  0|  28|          28|          28|
    |add_ln58_337_fu_63889_p2  |         +|   0|  0|  25|          25|          25|
    |add_ln58_338_fu_63895_p2  |         +|   0|  0|  25|          25|          25|
    |add_ln58_339_fu_63905_p2  |         +|   0|  0|  28|          28|          28|
    |add_ln58_340_fu_63915_p2  |         +|   0|  0|  28|          28|          28|
    |add_ln58_341_fu_63921_p2  |         +|   0|  0|  33|          26|          26|
    |add_ln58_342_fu_63931_p2  |         +|   0|  0|  28|          28|          28|
    |add_ln58_fu_62541_p2      |         +|   0|  0|  32|          25|          16|
    |add_ln73_4_fu_62344_p2    |         +|   0|  0|  31|          24|          24|
    |add_ln73_fu_61921_p2      |         +|   0|  0|  30|          23|          23|
    |sub_ln58_fu_63271_p2      |         -|   0|  0|  26|          26|          26|
    |sub_ln73_17_fu_62064_p2   |         -|   0|  0|  23|          23|          23|
    |sub_ln73_18_fu_62080_p2   |         -|   0|  0|  33|          26|          26|
    |sub_ln73_19_fu_62112_p2   |         -|   0|  0|  25|          25|          25|
    |sub_ln73_20_fu_62144_p2   |         -|   0|  0|  24|          24|          24|
    |sub_ln73_21_fu_61851_p2   |         -|   0|  0|  29|          22|          22|
    |sub_ln73_22_fu_62211_p2   |         -|   0|  0|  24|          24|          24|
    |sub_ln73_23_fu_62228_p2   |         -|   0|  0|  22|           1|          22|
    |sub_ln73_24_fu_62234_p2   |         -|   0|  0|  22|          22|          22|
    |sub_ln73_25_fu_62259_p2   |         -|   0|  0|  28|          21|          21|
    |sub_ln73_26_fu_61891_p2   |         -|   0|  0|  26|           1|          19|
    |sub_ln73_27_fu_62317_p2   |         -|   0|  0|  25|          25|          25|
    |sub_ln73_28_fu_62334_p2   |         -|   0|  0|  31|          24|          24|
    |sub_ln73_29_fu_62379_p2   |         -|   0|  0|  26|          26|          26|
    |sub_ln73_30_fu_62419_p2   |         -|   0|  0|  31|          24|          24|
    |sub_ln73_31_fu_62455_p2   |         -|   0|  0|  27|          20|          20|
    |sub_ln73_32_fu_62476_p2   |         -|   0|  0|  30|          23|          23|
    |sub_ln73_33_fu_62535_p2   |         -|   0|  0|  30|          23|          23|
    |sub_ln73_fu_61813_p2      |         -|   0|  0|  30|           1|          23|
    +--------------------------+----------+----+---+----+------------+------------+
    |Total                     |          |   0|  0|4893|        4237|        4201|
    +--------------------------+----------+----+---+----+------------+------------+

    * Multiplexer: 
    N/A

    * Register: 
    +-------------------------------------------+----+----+-----+-----------+
    |                    Name                   | FF | LUT| Bits| Const Bits|
    +-------------------------------------------+----+----+-----+-----------+
    |add_ln58_196_reg_64233                     |  23|   0|   23|          0|
    |add_ln58_198_reg_64263                     |  23|   0|   23|          0|
    |add_ln58_203_reg_64238                     |  19|   0|   19|          0|
    |add_ln58_210_reg_64268                     |  25|   0|   25|          0|
    |add_ln58_212_reg_64273                     |  26|   0|   26|          0|
    |add_ln58_213_reg_64278                     |  25|   0|   25|          0|
    |add_ln58_214_reg_64283                     |  25|   0|   25|          0|
    |add_ln58_215_reg_64288                     |  25|   0|   25|          0|
    |add_ln58_224_reg_64293                     |  26|   0|   26|          0|
    |add_ln58_227_reg_64298                     |  26|   0|   26|          0|
    |add_ln58_229_reg_64303                     |  25|   0|   25|          0|
    |add_ln58_235_reg_64308                     |  25|   0|   25|          0|
    |add_ln58_238_reg_64313                     |  25|   0|   25|          0|
    |add_ln58_243_reg_64318                     |  26|   0|   26|          0|
    |add_ln58_246_reg_64323                     |  26|   0|   26|          0|
    |add_ln58_250_reg_64328                     |  26|   0|   26|          0|
    |add_ln58_253_reg_64333                     |  25|   0|   25|          0|
    |add_ln58_255_reg_64338                     |  25|   0|   26|          1|
    |add_ln58_262_reg_64243                     |  23|   0|   23|          0|
    |add_ln58_264_reg_64343                     |  26|   0|   26|          0|
    |add_ln58_267_reg_64348                     |  24|   0|   24|          0|
    |add_ln58_271_reg_64353                     |  25|   0|   25|          0|
    |add_ln58_274_reg_64358                     |  26|   0|   26|          0|
    |add_ln58_278_reg_64363                     |  26|   0|   26|          0|
    |add_ln58_282_reg_64368                     |  26|   0|   26|          0|
    |add_ln58_286_reg_64373                     |  26|   0|   26|          0|
    |add_ln58_290_reg_64378                     |  25|   0|   25|          0|
    |add_ln58_292_reg_64383                     |  25|   0|   25|          0|
    |add_ln58_296_reg_64388                     |  26|   0|   26|          0|
    |add_ln58_299_reg_64393                     |  24|   0|   24|          0|
    |add_ln58_304_reg_64398                     |  24|   0|   24|          0|
    |add_ln58_315_reg_64403                     |  25|   0|   25|          0|
    |add_ln58_324_reg_64408                     |  25|   0|   25|          0|
    |add_ln58_331_reg_64413                     |  26|   0|   26|          0|
    |add_ln58_reg_64258                         |  25|   0|   25|          0|
    |add_ln73_4_reg_64248                       |  24|   0|   24|          0|
    |add_ln73_reg_64166                         |  23|   0|   23|          0|
    |data_0_val1_int_reg                        |  16|   0|   16|          0|
    |data_0_val1_read_reg_64131                 |  16|   0|   16|          0|
    |data_1_val2_int_reg                        |  16|   0|   16|          0|
    |data_1_val2_read_reg_64116                 |  16|   0|   16|          0|
    |data_1_val2_read_reg_64116_pp0_iter1_reg   |  16|   0|   16|          0|
    |data_2_val3_int_reg                        |  16|   0|   16|          0|
    |data_2_val3_read_reg_64106                 |  16|   0|   16|          0|
    |data_2_val3_read_reg_64106_pp0_iter1_reg   |  16|   0|   16|          0|
    |data_3_val4_int_reg                        |  16|   0|   16|          0|
    |data_3_val4_read_reg_64092                 |  16|   0|   16|          0|
    |data_4_val5_int_reg                        |  16|   0|   16|          0|
    |data_4_val5_read_reg_64081                 |  16|   0|   16|          0|
    |data_4_val5_read_reg_64081_pp0_iter1_reg   |  16|   0|   16|          0|
    |data_5_val6_int_reg                        |  16|   0|   16|          0|
    |data_5_val6_read_reg_64072                 |  16|   0|   16|          0|
    |data_5_val6_read_reg_64072_pp0_iter1_reg   |  16|   0|   16|          0|
    |data_6_val7_int_reg                        |  16|   0|   16|          0|
    |data_6_val7_read_reg_64062                 |  16|   0|   16|          0|
    |data_6_val7_read_reg_64062_pp0_iter1_reg   |  16|   0|   16|          0|
    |data_7_val8_int_reg                        |  16|   0|   16|          0|
    |data_7_val8_read_reg_64051                 |  16|   0|   16|          0|
    |data_7_val8_read_reg_64051_pp0_iter1_reg   |  16|   0|   16|          0|
    |data_8_val9_int_reg                        |  16|   0|   16|          0|
    |data_8_val9_read_reg_64042                 |  16|   0|   16|          0|
    |data_8_val9_read_reg_64042_pp0_iter1_reg   |  16|   0|   16|          0|
    |data_9_val10_int_reg                       |  16|   0|   16|          0|
    |data_9_val10_read_reg_64031                |  16|   0|   16|          0|
    |data_9_val10_read_reg_64031_pp0_iter1_reg  |  16|   0|   16|          0|
    |mul_ln70_reg_43316                         |  22|   0|   22|          0|
    |mul_ln73_173_reg_2368                      |  23|   0|   23|          0|
    |mul_ln73_174_reg_43232                     |  25|   0|   25|          0|
    |mul_ln73_175_reg_43236                     |  25|   0|   25|          0|
    |mul_ln73_176_reg_43240                     |  25|   0|   25|          0|
    |mul_ln73_177_reg_43244                     |  25|   0|   25|          0|
    |mul_ln73_178_reg_2372                      |  23|   0|   23|          0|
    |mul_ln73_178_reg_2372_pp0_iter1_reg        |  23|   0|   23|          0|
    |mul_ln73_179_reg_61516                     |  26|   0|   26|          0|
    |mul_ln73_180_reg_43248                     |  25|   0|   25|          0|
    |mul_ln73_181_reg_43252                     |  25|   0|   25|          0|
    |mul_ln73_182_reg_43256                     |  25|   0|   25|          0|
    |mul_ln73_183_reg_43260                     |  24|   0|   24|          0|
    |mul_ln73_184_reg_43264                     |  26|   0|   26|          0|
    |mul_ln73_185_reg_43268                     |  25|   0|   25|          0|
    |mul_ln73_186_reg_61520                     |  26|   0|   26|          0|
    |mul_ln73_187_reg_43272                     |  24|   0|   24|          0|
    |mul_ln73_188_reg_43276                     |  24|   0|   24|          0|
    |mul_ln73_189_reg_43280                     |  21|   0|   21|          0|
    |mul_ln73_190_reg_61524                     |  26|   0|   26|          0|
    |mul_ln73_191_reg_61528                     |  26|   0|   26|          0|
    |mul_ln73_192_reg_61532                     |  26|   0|   26|          0|
    |mul_ln73_193_reg_43284                     |  25|   0|   25|          0|
    |mul_ln73_194_reg_43288                     |  25|   0|   25|          0|
    |mul_ln73_195_reg_43292                     |  25|   0|   25|          0|
    |mul_ln73_196_reg_43296                     |  25|   0|   25|          0|
    |mul_ln73_197_reg_61536                     |  27|   0|   27|          0|
    |mul_ln73_198_reg_61540                     |  26|   0|   26|          0|
    |mul_ln73_199_reg_43300                     |  22|   0|   22|          0|
    |mul_ln73_200_reg_61544                     |  26|   0|   26|          0|
    |mul_ln73_201_reg_43304                     |  24|   0|   24|          0|
    |mul_ln73_202_reg_61548                     |  26|   0|   26|          0|
    |mul_ln73_203_reg_61552                     |  26|   0|   26|          0|
    |mul_ln73_204_reg_43308                     |  22|   0|   22|          0|
    |mul_ln73_205_reg_61556                     |  26|   0|   26|          0|
    |mul_ln73_206_reg_61560                     |  26|   0|   26|          0|
    |mul_ln73_207_reg_61564                     |  26|   0|   26|          0|
    |mul_ln73_208_reg_61568                     |  26|   0|   26|          0|
    |mul_ln73_209_reg_43312                     |  24|   0|   24|          0|
    |mul_ln73_210_reg_43320                     |  25|   0|   25|          0|
    |mul_ln73_211_reg_61572                     |  26|   0|   26|          0|
    |mul_ln73_212_reg_43324                     |  25|   0|   25|          0|
    |mul_ln73_213_reg_43328                     |  22|   0|   22|          0|
    |mul_ln73_214_reg_43332                     |  25|   0|   25|          0|
    |mul_ln73_215_reg_61576                     |  26|   0|   26|          0|
    |mul_ln73_216_reg_43336                     |  24|   0|   24|          0|
    |mul_ln73_217_reg_61580                     |  26|   0|   26|          0|
    |mul_ln73_218_reg_61584                     |  26|   0|   26|          0|
    |mul_ln73_219_reg_61588                     |  26|   0|   26|          0|
    |mul_ln73_220_reg_43340                     |  25|   0|   25|          0|
    |mul_ln73_221_reg_43344                     |  24|   0|   24|          0|
    |mul_ln73_222_reg_43348                     |  23|   0|   23|          0|
    |mul_ln73_223_reg_2376                      |  23|   0|   23|          0|
    |mul_ln73_224_reg_43352                     |  25|   0|   25|          0|
    |mul_ln73_225_reg_43356                     |  25|   0|   25|          0|
    |mul_ln73_226_reg_43360                     |  25|   0|   25|          0|
    |mul_ln73_226_reg_43360_pp0_iter2_reg       |  25|   0|   25|          0|
    |mul_ln73_227_reg_43364                     |  24|   0|   24|          0|
    |mul_ln73_228_reg_61592                     |  26|   0|   26|          0|
    |mul_ln73_229_reg_43368                     |  25|   0|   25|          0|
    |mul_ln73_230_reg_43372                     |  25|   0|   25|          0|
    |mul_ln73_231_reg_61596                     |  26|   0|   26|          0|
    |mul_ln73_232_reg_43376                     |  26|   0|   26|          0|
    |mul_ln73_233_reg_43380                     |  24|   0|   24|          0|
    |mul_ln73_234_reg_43384                     |  25|   0|   25|          0|
    |mul_ln73_235_reg_43388                     |  24|   0|   24|          0|
    |mul_ln73_235_reg_43388_pp0_iter2_reg       |  24|   0|   24|          0|
    |mul_ln73_236_reg_43392                     |  25|   0|   25|          0|
    |mul_ln73_237_reg_61600                     |  26|   0|   26|          0|
    |mul_ln73_238_reg_43396                     |  25|   0|   25|          0|
    |mul_ln73_239_reg_43400                     |  24|   0|   24|          0|
    |mul_ln73_240_reg_61604                     |  26|   0|   26|          0|
    |mul_ln73_241_reg_43404                     |  25|   0|   25|          0|
    |mul_ln73_242_reg_61608                     |  26|   0|   26|          0|
    |mul_ln73_243_reg_43408                     |  26|   0|   26|          0|
    |mul_ln73_244_reg_61612                     |  25|   0|   25|          0|
    |mul_ln73_245_reg_43412                     |  26|   0|   26|          0|
    |mul_ln73_246_reg_61616                     |  26|   0|   26|          0|
    |mul_ln73_247_reg_43416                     |  24|   0|   24|          0|
    |mul_ln73_248_reg_43420                     |  24|   0|   24|          0|
    |mul_ln73_249_reg_61620                     |  25|   0|   25|          0|
    |mul_ln73_250_reg_43424                     |  25|   0|   25|          0|
    |mul_ln73_251_reg_43428                     |  24|   0|   24|          0|
    |mul_ln73_252_reg_61624                     |  26|   0|   26|          0|
    |mul_ln73_253_reg_61628                     |  26|   0|   26|          0|
    |mul_ln73_254_reg_61632                     |  26|   0|   26|          0|
    |mul_ln73_255_reg_43432                     |  25|   0|   25|          0|
    |mul_ln73_256_reg_61636                     |  23|   0|   23|          0|
    |mul_ln73_257_reg_43436                     |  26|   0|   26|          0|
    |mul_ln73_258_reg_43440                     |  25|   0|   25|          0|
    |mul_ln73_259_reg_61640                     |  26|   0|   26|          0|
    |mul_ln73_260_reg_43444                     |  25|   0|   25|          0|
    |mul_ln73_261_reg_43448                     |  23|   0|   23|          0|
    |mul_ln73_262_reg_43452                     |  22|   0|   22|          0|
    |mul_ln73_263_reg_61644                     |  26|   0|   26|          0|
    |mul_ln73_264_reg_43456                     |  26|   0|   26|          0|
    |mul_ln73_265_reg_43460                     |  25|   0|   25|          0|
    |mul_ln73_266_reg_61648                     |  26|   0|   26|          0|
    |mul_ln73_267_reg_61652                     |  26|   0|   26|          0|
    |mul_ln73_268_reg_43464                     |  25|   0|   25|          0|
    |mul_ln73_269_reg_61656                     |  25|   0|   25|          0|
    |mul_ln73_270_reg_61660                     |  26|   0|   26|          0|
    |mul_ln73_271_reg_61664                     |  27|   0|   27|          0|
    |mul_ln73_272_reg_43468                     |  24|   0|   24|          0|
    |mul_ln73_273_reg_61668                     |  25|   0|   25|          0|
    |mul_ln73_274_reg_61672                     |  26|   0|   26|          0|
    |mul_ln73_275_reg_61676                     |  26|   0|   26|          0|
    |mul_ln73_276_reg_43472                     |  23|   0|   23|          0|
    |mul_ln73_277_reg_43476                     |  23|   0|   23|          0|
    |mul_ln73_278_reg_61680                     |  26|   0|   26|          0|
    |mul_ln73_279_reg_61684                     |  25|   0|   25|          0|
    |mul_ln73_280_reg_43480                     |  25|   0|   25|          0|
    |mul_ln73_281_reg_61688                     |  26|   0|   26|          0|
    |mul_ln73_282_reg_43484                     |  26|   0|   26|          0|
    |mul_ln73_283_reg_61692                     |  26|   0|   26|          0|
    |mul_ln73_284_reg_61696                     |  25|   0|   25|          0|
    |mul_ln73_285_reg_61700                     |  27|   0|   27|          0|
    |mul_ln73_286_reg_43488                     |  24|   0|   24|          0|
    |mul_ln73_287_reg_61704                     |  26|   0|   26|          0|
    |mul_ln73_288_reg_43492                     |  23|   0|   23|          0|
    |mul_ln73_289_reg_61708                     |  26|   0|   26|          0|
    |mul_ln73_290_reg_61712                     |  27|   0|   27|          0|
    |mul_ln73_291_reg_43496                     |  24|   0|   24|          0|
    |mul_ln73_292_reg_61716                     |  26|   0|   26|          0|
    |mul_ln73_293_reg_61720                     |  26|   0|   26|          0|
    |mul_ln73_294_reg_61724                     |  26|   0|   26|          0|
    |mul_ln73_295_reg_61728                     |  26|   0|   26|          0|
    |mul_ln73_296_reg_43500                     |  26|   0|   26|          0|
    |mul_ln73_297_reg_61732                     |  25|   0|   25|          0|
    |mul_ln73_298_reg_61736                     |  25|   0|   25|          0|
    |mul_ln73_299_reg_61740                     |  25|   0|   25|          0|
    |mul_ln73_reg_43228                         |  25|   0|   25|          0|
    |sext_ln70_100_reg_64193                    |  25|   0|   25|          0|
    |sext_ln70_102_reg_64198                    |  26|   0|   26|          0|
    |sext_ln70_103_reg_64207                    |  25|   0|   25|          0|
    |sext_ln70_105_reg_64214                    |  26|   0|   26|          0|
    |sext_ln70_111_reg_64223                    |  26|   0|   26|          0|
    |sext_ln70_89_reg_64140                     |  23|   0|   23|          0|
    |sext_ln70_90_reg_64161                     |  24|   0|   24|          0|
    |sext_ln70_93_reg_64171                     |  26|   0|   26|          0|
    |sext_ln70_97_reg_64179                     |  26|   0|   26|          0|
    |sext_ln70_98_reg_64187                     |  25|   0|   25|          0|
    |sext_ln73_reg_64146                        |  26|   0|   26|          0|
    |sub_ln73_26_reg_64156                      |  17|   0|   19|          2|
    |sub_ln73_33_reg_64253                      |  19|   0|   23|          4|
    |sub_ln73_reg_64151                         |  17|   0|   23|          6|
    |data_3_val4_read_reg_64092                 |   0|   1|   16|          0|
    +-------------------------------------------+----+----+-----+-----------+
    |Total                                      |5001|   1| 5030|         13|
    +-------------------------------------------+----+----+-----+-----------+



================================================================
== Interface
================================================================
* Summary: 
+--------------+-----+-----+------------+----------------------------------------------------------------+--------------+
|   RTL Ports  | Dir | Bits|  Protocol  |                          Source Object                         |    C Type    |
+--------------+-----+-----+------------+----------------------------------------------------------------+--------------+
|ap_clk        |   in|    1|  ap_ctrl_hs|  dense_latency_wrapper<ap_fixed,ap_fixed<37,17,5,3,0>,config15>|  return value|
|ap_rst        |   in|    1|  ap_ctrl_hs|  dense_latency_wrapper<ap_fixed,ap_fixed<37,17,5,3,0>,config15>|  return value|
|ap_return_0   |  out|   37|  ap_ctrl_hs|  dense_latency_wrapper<ap_fixed,ap_fixed<37,17,5,3,0>,config15>|  return value|
|ap_return_1   |  out|   37|  ap_ctrl_hs|  dense_latency_wrapper<ap_fixed,ap_fixed<37,17,5,3,0>,config15>|  return value|
|ap_return_2   |  out|   37|  ap_ctrl_hs|  dense_latency_wrapper<ap_fixed,ap_fixed<37,17,5,3,0>,config15>|  return value|
|ap_return_3   |  out|   37|  ap_ctrl_hs|  dense_latency_wrapper<ap_fixed,ap_fixed<37,17,5,3,0>,config15>|  return value|
|ap_return_4   |  out|   37|  ap_ctrl_hs|  dense_latency_wrapper<ap_fixed,ap_fixed<37,17,5,3,0>,config15>|  return value|
|ap_return_5   |  out|   37|  ap_ctrl_hs|  dense_latency_wrapper<ap_fixed,ap_fixed<37,17,5,3,0>,config15>|  return value|
|ap_return_6   |  out|   37|  ap_ctrl_hs|  dense_latency_wrapper<ap_fixed,ap_fixed<37,17,5,3,0>,config15>|  return value|
|ap_return_7   |  out|   37|  ap_ctrl_hs|  dense_latency_wrapper<ap_fixed,ap_fixed<37,17,5,3,0>,config15>|  return value|
|ap_return_8   |  out|   37|  ap_ctrl_hs|  dense_latency_wrapper<ap_fixed,ap_fixed<37,17,5,3,0>,config15>|  return value|
|ap_return_9   |  out|   37|  ap_ctrl_hs|  dense_latency_wrapper<ap_fixed,ap_fixed<37,17,5,3,0>,config15>|  return value|
|ap_return_10  |  out|   37|  ap_ctrl_hs|  dense_latency_wrapper<ap_fixed,ap_fixed<37,17,5,3,0>,config15>|  return value|
|ap_return_11  |  out|   37|  ap_ctrl_hs|  dense_latency_wrapper<ap_fixed,ap_fixed<37,17,5,3,0>,config15>|  return value|
|ap_return_12  |  out|   37|  ap_ctrl_hs|  dense_latency_wrapper<ap_fixed,ap_fixed<37,17,5,3,0>,config15>|  return value|
|ap_return_13  |  out|   37|  ap_ctrl_hs|  dense_latency_wrapper<ap_fixed,ap_fixed<37,17,5,3,0>,config15>|  return value|
|ap_return_14  |  out|   37|  ap_ctrl_hs|  dense_latency_wrapper<ap_fixed,ap_fixed<37,17,5,3,0>,config15>|  return value|
|data_0_val1   |   in|   16|     ap_none|                                                     data_0_val1|        scalar|
|data_1_val2   |   in|   16|     ap_none|                                                     data_1_val2|        scalar|
|data_2_val3   |   in|   16|     ap_none|                                                     data_2_val3|        scalar|
|data_3_val4   |   in|   16|     ap_none|                                                     data_3_val4|        scalar|
|data_4_val5   |   in|   16|     ap_none|                                                     data_4_val5|        scalar|
|data_5_val6   |   in|   16|     ap_none|                                                     data_5_val6|        scalar|
|data_6_val7   |   in|   16|     ap_none|                                                     data_6_val7|        scalar|
|data_7_val8   |   in|   16|     ap_none|                                                     data_7_val8|        scalar|
|data_8_val9   |   in|   16|     ap_none|                                                     data_8_val9|        scalar|
|data_9_val10  |   in|   16|     ap_none|                                                    data_9_val10|        scalar|
+--------------+-----+-----+------------+----------------------------------------------------------------+--------------+

