

================================================================
== Vitis HLS Report for 'dense_array_ap_fixed_15u_array_ap_fixed_37_17_5_3_0_10u_config17_s'
================================================================
* Date:           Sun Apr  5 17:32:31 2026

* Version:        2023.2 (Build 4023990 on Oct 11 2023)
* Project:        gaussian_prj
* Solution:       solution1 (Vivado IP Flow Target)
* Product family: kintexu
* Target device:  xcku035-fbva676-2-e


================================================================
== Performance Estimates
================================================================
+ Timing: 
    * Summary: 
    +--------+---------+----------+------------+
    |  Clock |  Target | Estimated| Uncertainty|
    +--------+---------+----------+------------+
    |ap_clk  |  5.00 ns|  3.580 ns|     1.35 ns|
    +--------+---------+----------+------------+

+ Latency: 
    * Summary: 
    +---------+---------+-----------+-----------+-----+-----+---------+
    |  Latency (cycles) |   Latency (absolute)  |  Interval | Pipeline|
    |   min   |   max   |    min    |    max    | min | max |   Type  |
    +---------+---------+-----------+-----------+-----+-----+---------+
    |        6|        6|  30.000 ns|  30.000 ns|    6|    6|       no|
    +---------+---------+-----------+-----------+-----+-----+---------+

    + Detail: 
        * Instance: 
        +--------------------------------------------------------------------------+----------------------------------------------------------------+---------+---------+-----------+-----------+-----+-----+---------+
        |                                                                          |                                                                |  Latency (cycles) |   Latency (absolute)  |  Interval | Pipeline|
        |                                 Instance                                 |                             Module                             |   min   |   max   |    min    |    max    | min | max |   Type  |
        +--------------------------------------------------------------------------+----------------------------------------------------------------+---------+---------+-----------+-----------+-----+-----+---------+
        |grp_dense_latency_wrapper_ap_fixed_ap_fixed_37_17_5_3_0_config17_s_fu_93  |dense_latency_wrapper_ap_fixed_ap_fixed_37_17_5_3_0_config17_s  |        3|        3|  15.000 ns|  15.000 ns|    1|    1|      yes|
        +--------------------------------------------------------------------------+----------------------------------------------------------------+---------+---------+-----------+-----------+-----+-----+---------+

        * Loop: 
        N/A



================================================================
== Utilization Estimates
================================================================
* Summary: 
+-----------------+---------+------+--------+--------+-----+
|       Name      | BRAM_18K|  DSP |   FF   |   LUT  | URAM|
+-----------------+---------+------+--------+--------+-----+
|DSP              |        -|     -|       -|       -|    -|
|Expression       |        -|     -|       0|       2|    -|
|FIFO             |        -|     -|       -|       -|    -|
|Instance         |        -|   134|    5344|    5278|    -|
|Memory           |        -|     -|       -|       -|    -|
|Multiplexer      |        -|     -|       -|      79|    -|
|Register         |        -|     -|     619|       -|    -|
+-----------------+---------+------+--------+--------+-----+
|Total            |        0|   134|    5963|    5359|    0|
+-----------------+---------+------+--------+--------+-----+
|Available        |     1080|  1700|  406256|  203128|    0|
+-----------------+---------+------+--------+--------+-----+
|Utilization (%)  |        0|     7|       1|       2|    0|
+-----------------+---------+------+--------+--------+-----+

+ Detail: 
    * Instance: 
    +--------------------------------------------------------------------------+----------------------------------------------------------------+---------+-----+------+------+-----+
    |                                 Instance                                 |                             Module                             | BRAM_18K| DSP |  FF  |  LUT | URAM|
    +--------------------------------------------------------------------------+----------------------------------------------------------------+---------+-----+------+------+-----+
    |grp_dense_latency_wrapper_ap_fixed_ap_fixed_37_17_5_3_0_config17_s_fu_93  |dense_latency_wrapper_ap_fixed_ap_fixed_37_17_5_3_0_config17_s  |        0|  134|  5344|  5278|    0|
    +--------------------------------------------------------------------------+----------------------------------------------------------------+---------+-----+------+------+-----+
    |Total                                                                     |                                                                |        0|  134|  5344|  5278|    0|
    +--------------------------------------------------------------------------+----------------------------------------------------------------+---------+-----+------+------+-----+

    * DSP: 
    N/A

    * Memory: 
    N/A

    * FIFO: 
    N/A

    * Expression: 
    +-----------------+----------+----+---+----+------------+------------+
    |  Variable Name  | Operation| DSP| FF| LUT| Bitwidth P0| Bitwidth P1|
    +-----------------+----------+----+---+----+------------+------------+
    |ap_block_state1  |        or|   0|  0|   2|           1|           1|
    +-----------------+----------+----+---+----+------------+------------+
    |Total            |          |   0|  0|   2|           1|           1|
    +-----------------+----------+----+---+----+------------+------------+

    * Multiplexer: 
    +-------------------+----+-----------+-----+-----------+
    |        Name       | LUT| Input Size| Bits| Total Bits|
    +-------------------+----+-----------+-----+-----------+
    |ap_NS_fsm          |  43|          8|    1|          8|
    |ap_done            |   9|          2|    1|          2|
    |layer16_out_blk_n  |   9|          2|    1|          2|
    |layer17_out_blk_n  |   9|          2|    1|          2|
    |real_start         |   9|          2|    1|          2|
    +-------------------+----+-----------+-----+-----------+
    |Total              |  79|         16|    5|         16|
    +-------------------+----+-----------+-----+-----------+

    * Register: 
    +----------------------+----+----+-----+-----------+
    |         Name         | FF | LUT| Bits| Const Bits|
    +----------------------+----+----+-----+-----------+
    |ap_CS_fsm             |   7|   0|    7|          0|
    |ap_done_reg           |   1|   0|    1|          0|
    |data_pack_15_reg_316  |  16|   0|   16|          0|
    |data_pack_16_reg_321  |  16|   0|   16|          0|
    |data_pack_17_reg_326  |  16|   0|   16|          0|
    |data_pack_18_reg_331  |  16|   0|   16|          0|
    |data_pack_19_reg_336  |  16|   0|   16|          0|
    |data_pack_20_reg_341  |  16|   0|   16|          0|
    |data_pack_21_reg_346  |  16|   0|   16|          0|
    |data_pack_22_reg_351  |  16|   0|   16|          0|
    |data_pack_23_reg_356  |  16|   0|   16|          0|
    |data_pack_24_reg_361  |  16|   0|   16|          0|
    |data_pack_25_reg_366  |  16|   0|   16|          0|
    |data_pack_26_reg_371  |  16|   0|   16|          0|
    |data_pack_27_reg_376  |  16|   0|   16|          0|
    |data_pack_28_reg_381  |  16|   0|   16|          0|
    |data_pack_reg_311     |  16|   0|   16|          0|
    |res_1_reg_391         |  37|   0|   37|          0|
    |res_2_reg_396         |  37|   0|   37|          0|
    |res_3_reg_401         |  37|   0|   37|          0|
    |res_4_reg_406         |  37|   0|   37|          0|
    |res_5_reg_411         |  37|   0|   37|          0|
    |res_6_reg_416         |  37|   0|   37|          0|
    |res_7_reg_421         |  37|   0|   37|          0|
    |res_8_reg_426         |  37|   0|   37|          0|
    |res_9_reg_431         |  37|   0|   37|          0|
    |res_reg_386           |  37|   0|   37|          0|
    |start_once_reg        |   1|   0|    1|          0|
    +----------------------+----+----+-----+-----------+
    |Total                 | 619|   0|  619|          0|
    +----------------------+----+----+-----+-----------+



================================================================
== Interface
================================================================
* Summary: 
+----------------------------+-----+-----+------------+----------------------------------------------------------------------+--------------+
|          RTL Ports         | Dir | Bits|  Protocol  |                             Source Object                            |    C Type    |
+----------------------------+-----+-----+------------+----------------------------------------------------------------------+--------------+
|ap_clk                      |   in|    1|  ap_ctrl_hs|  dense<array<ap_fixed,15u>,array<ap_fixed<37,17,5,3,0>,10u>,config17>|  return value|
|ap_rst                      |   in|    1|  ap_ctrl_hs|  dense<array<ap_fixed,15u>,array<ap_fixed<37,17,5,3,0>,10u>,config17>|  return value|
|ap_start                    |   in|    1|  ap_ctrl_hs|  dense<array<ap_fixed,15u>,array<ap_fixed<37,17,5,3,0>,10u>,config17>|  return value|
|start_full_n                |   in|    1|  ap_ctrl_hs|  dense<array<ap_fixed,15u>,array<ap_fixed<37,17,5,3,0>,10u>,config17>|  return value|
|ap_done                     |  out|    1|  ap_ctrl_hs|  dense<array<ap_fixed,15u>,array<ap_fixed<37,17,5,3,0>,10u>,config17>|  return value|
|ap_continue                 |   in|    1|  ap_ctrl_hs|  dense<array<ap_fixed,15u>,array<ap_fixed<37,17,5,3,0>,10u>,config17>|  return value|
|ap_idle                     |  out|    1|  ap_ctrl_hs|  dense<array<ap_fixed,15u>,array<ap_fixed<37,17,5,3,0>,10u>,config17>|  return value|
|ap_ready                    |  out|    1|  ap_ctrl_hs|  dense<array<ap_fixed,15u>,array<ap_fixed<37,17,5,3,0>,10u>,config17>|  return value|
|start_out                   |  out|    1|  ap_ctrl_hs|  dense<array<ap_fixed,15u>,array<ap_fixed<37,17,5,3,0>,10u>,config17>|  return value|
|start_write                 |  out|    1|  ap_ctrl_hs|  dense<array<ap_fixed,15u>,array<ap_fixed<37,17,5,3,0>,10u>,config17>|  return value|
|layer16_out_dout            |   in|  240|     ap_fifo|                                                           layer16_out|       pointer|
|layer16_out_num_data_valid  |   in|    2|     ap_fifo|                                                           layer16_out|       pointer|
|layer16_out_fifo_cap        |   in|    2|     ap_fifo|                                                           layer16_out|       pointer|
|layer16_out_empty_n         |   in|    1|     ap_fifo|                                                           layer16_out|       pointer|
|layer16_out_read            |  out|    1|     ap_fifo|                                                           layer16_out|       pointer|
|layer17_out_din             |  out|  370|     ap_fifo|                                                           layer17_out|       pointer|
|layer17_out_num_data_valid  |   in|    2|     ap_fifo|                                                           layer17_out|       pointer|
|layer17_out_fifo_cap        |   in|    2|     ap_fifo|                                                           layer17_out|       pointer|
|layer17_out_full_n          |   in|    1|     ap_fifo|                                                           layer17_out|       pointer|
|layer17_out_write           |  out|    1|     ap_fifo|                                                           layer17_out|       pointer|
+----------------------------+-----+-----+------------+----------------------------------------------------------------------+--------------+

