

================================================================
== Vitis HLS Report for 'dense_array_ap_fixed_10u_array_ap_fixed_37_17_5_3_0_5u_config19_s'
================================================================
* Date:           Sun Apr  5 17:32:31 2026

* Version:        2023.2 (Build 4023990 on Oct 11 2023)
* Project:        gaussian_prj
* Solution:       solution1 (Vivado IP Flow Target)
* Product family: kintexu
* Target device:  xcku035-fbva676-2-e


================================================================
== Performance Estimates
================================================================
+ Timing: 
    * Summary: 
    +--------+---------+----------+------------+
    |  Clock |  Target | Estimated| Uncertainty|
    +--------+---------+----------+------------+
    |ap_clk  |  5.00 ns|  3.584 ns|     1.35 ns|
    +--------+---------+----------+------------+

+ Latency: 
    * Summary: 
    +---------+---------+-----------+-----------+-----+-----+---------+
    |  Latency (cycles) |   Latency (absolute)  |  Interval | Pipeline|
    |   min   |   max   |    min    |    max    | min | max |   Type  |
    +---------+---------+-----------+-----------+-----+-----+---------+
    |        6|        6|  30.000 ns|  30.000 ns|    6|    6|       no|
    +---------+---------+-----------+-----------+-----+-----+---------+

    + Detail: 
        * Instance: 
        +--------------------------------------------------------------------------+----------------------------------------------------------------+---------+---------+-----------+-----------+-----+-----+---------+
        |                                                                          |                                                                |  Latency (cycles) |   Latency (absolute)  |  Interval | Pipeline|
        |                                 Instance                                 |                             Module                             |   min   |   max   |    min    |    max    | min | max |   Type  |
        +--------------------------------------------------------------------------+----------------------------------------------------------------+---------+---------+-----------+-----------+-----+-----+---------+
        |grp_dense_latency_wrapper_ap_fixed_ap_fixed_37_17_5_3_0_config19_s_fu_81  |dense_latency_wrapper_ap_fixed_ap_fixed_37_17_5_3_0_config19_s  |        2|        2|  10.000 ns|  10.000 ns|    1|    1|      yes|
        +--------------------------------------------------------------------------+----------------------------------------------------------------+---------+---------+-----------+-----------+-----+-----+---------+

        * Loop: 
        N/A



================================================================
== Utilization Estimates
================================================================
* Summary: 
+-----------------+---------+------+--------+--------+-----+
|       Name      | BRAM_18K|  DSP |   FF   |   LUT  | URAM|
+-----------------+---------+------+--------+--------+-----+
|DSP              |        -|     -|       -|       -|    -|
|Expression       |        -|     -|       0|       4|    -|
|FIFO             |        -|     -|       -|       -|    -|
|Instance         |        -|    43|    1794|    1896|    -|
|Memory           |        -|     -|       -|       -|    -|
|Multiplexer      |        -|     -|       -|      70|    -|
|Register         |        -|     -|     353|       -|    -|
+-----------------+---------+------+--------+--------+-----+
|Total            |        0|    43|    2147|    1970|    0|
+-----------------+---------+------+--------+--------+-----+
|Available        |     1080|  1700|  406256|  203128|    0|
+-----------------+---------+------+--------+--------+-----+
|Utilization (%)  |        0|     2|      ~0|      ~0|    0|
+-----------------+---------+------+--------+--------+-----+

+ Detail: 
    * Instance: 
    +--------------------------------------------------------------------------+----------------------------------------------------------------+---------+----+------+------+-----+
    |                                 Instance                                 |                             Module                             | BRAM_18K| DSP|  FF  |  LUT | URAM|
    +--------------------------------------------------------------------------+----------------------------------------------------------------+---------+----+------+------+-----+
    |grp_dense_latency_wrapper_ap_fixed_ap_fixed_37_17_5_3_0_config19_s_fu_81  |dense_latency_wrapper_ap_fixed_ap_fixed_37_17_5_3_0_config19_s  |        0|  43|  1794|  1896|    0|
    +--------------------------------------------------------------------------+----------------------------------------------------------------+---------+----+------+------+-----+
    |Total                                                                     |                                                                |        0|  43|  1794|  1896|    0|
    +--------------------------------------------------------------------------+----------------------------------------------------------------+---------+----+------+------+-----+

    * DSP: 
    N/A

    * Memory: 
    N/A

    * FIFO: 
    N/A

    * Expression: 
    +-----------------+----------+----+---+----+------------+------------+
    |  Variable Name  | Operation| DSP| FF| LUT| Bitwidth P0| Bitwidth P1|
    +-----------------+----------+----+---+----+------------+------------+
    |ap_block_state1  |        or|   0|  0|   2|           1|           1|
    |ap_block_state7  |        or|   0|  0|   2|           1|           1|
    +-----------------+----------+----+---+----+------------+------------+
    |Total            |          |   0|  0|   4|           2|           2|
    +-----------------+----------+----+---+----+------------+------------+

    * Multiplexer: 
    +-------------------------+----+-----------+-----+-----------+
    |           Name          | LUT| Input Size| Bits| Total Bits|
    +-------------------------+----+-----------+-----+-----------+
    |ap_NS_fsm                |  43|          8|    1|          8|
    |ap_done                  |   9|          2|    1|          2|
    |layer18_out_blk_n        |   9|          2|    1|          2|
    |layer19_out_TDATA_blk_n  |   9|          2|    1|          2|
    +-------------------------+----+-----------+-----+-----------+
    |Total                    |  70|         14|    4|         14|
    +-------------------------+----+-----------+-----+-----------+

    * Register: 
    +----------------------+----+----+-----+-----------+
    |         Name         | FF | LUT| Bits| Const Bits|
    +----------------------+----+----+-----+-----------+
    |ap_CS_fsm             |   7|   0|    7|          0|
    |ap_done_reg           |   1|   0|    1|          0|
    |data_pack_30_reg_236  |  16|   0|   16|          0|
    |data_pack_31_reg_241  |  16|   0|   16|          0|
    |data_pack_32_reg_246  |  16|   0|   16|          0|
    |data_pack_33_reg_251  |  16|   0|   16|          0|
    |data_pack_34_reg_256  |  16|   0|   16|          0|
    |data_pack_35_reg_261  |  16|   0|   16|          0|
    |data_pack_36_reg_266  |  16|   0|   16|          0|
    |data_pack_37_reg_271  |  16|   0|   16|          0|
    |data_pack_38_reg_276  |  16|   0|   16|          0|
    |data_pack_reg_231     |  16|   0|   16|          0|
    |res_1_reg_286         |  37|   0|   37|          0|
    |res_2_reg_291         |  37|   0|   37|          0|
    |res_3_reg_296         |  37|   0|   37|          0|
    |res_4_reg_301         |  37|   0|   37|          0|
    |res_reg_281           |  37|   0|   37|          0|
    +----------------------+----+----+-----+-----------+
    |Total                 | 353|   0|  353|          0|
    +----------------------+----+----+-----+-----------+



================================================================
== Interface
================================================================
* Summary: 
+----------------------------+-----+-----+------------+---------------------------------------------------------------------+--------------+
|          RTL Ports         | Dir | Bits|  Protocol  |                            Source Object                            |    C Type    |
+----------------------------+-----+-----+------------+---------------------------------------------------------------------+--------------+
|ap_clk                      |   in|    1|  ap_ctrl_hs|  dense<array<ap_fixed,10u>,array<ap_fixed<37,17,5,3,0>,5u>,config19>|  return value|
|ap_rst                      |   in|    1|  ap_ctrl_hs|  dense<array<ap_fixed,10u>,array<ap_fixed<37,17,5,3,0>,5u>,config19>|  return value|
|ap_start                    |   in|    1|  ap_ctrl_hs|  dense<array<ap_fixed,10u>,array<ap_fixed<37,17,5,3,0>,5u>,config19>|  return value|
|ap_done                     |  out|    1|  ap_ctrl_hs|  dense<array<ap_fixed,10u>,array<ap_fixed<37,17,5,3,0>,5u>,config19>|  return value|
|ap_continue                 |   in|    1|  ap_ctrl_hs|  dense<array<ap_fixed,10u>,array<ap_fixed<37,17,5,3,0>,5u>,config19>|  return value|
|ap_idle                     |  out|    1|  ap_ctrl_hs|  dense<array<ap_fixed,10u>,array<ap_fixed<37,17,5,3,0>,5u>,config19>|  return value|
|ap_ready                    |  out|    1|  ap_ctrl_hs|  dense<array<ap_fixed,10u>,array<ap_fixed<37,17,5,3,0>,5u>,config19>|  return value|
|layer18_out_dout            |   in|  160|     ap_fifo|                                                          layer18_out|       pointer|
|layer18_out_num_data_valid  |   in|    2|     ap_fifo|                                                          layer18_out|       pointer|
|layer18_out_fifo_cap        |   in|    2|     ap_fifo|                                                          layer18_out|       pointer|
|layer18_out_empty_n         |   in|    1|     ap_fifo|                                                          layer18_out|       pointer|
|layer18_out_read            |  out|    1|     ap_fifo|                                                          layer18_out|       pointer|
|layer19_out_TDATA           |  out|  320|        axis|                                                          layer19_out|       pointer|
|layer19_out_TVALID          |  out|    1|        axis|                                                          layer19_out|       pointer|
|layer19_out_TREADY          |   in|    1|        axis|                                                          layer19_out|       pointer|
+----------------------------+-----+-----+------------+---------------------------------------------------------------------+--------------+

