

================================================================
== Vitis HLS Report for 'dense_array_ap_fixed_10u_array_ap_fixed_37_17_5_3_0_15u_config15_s'
================================================================
* Date:           Sun Apr  5 17:32:30 2026

* Version:        2023.2 (Build 4023990 on Oct 11 2023)
* Project:        gaussian_prj
* Solution:       solution1 (Vivado IP Flow Target)
* Product family: kintexu
* Target device:  xcku035-fbva676-2-e


================================================================
== Performance Estimates
================================================================
+ Timing: 
    * Summary: 
    +--------+---------+----------+------------+
    |  Clock |  Target | Estimated| Uncertainty|
    +--------+---------+----------+------------+
    |ap_clk  |  5.00 ns|  3.575 ns|     1.35 ns|
    +--------+---------+----------+------------+

+ Latency: 
    * Summary: 
    +---------+---------+-----------+-----------+-----+-----+---------+
    |  Latency (cycles) |   Latency (absolute)  |  Interval | Pipeline|
    |   min   |   max   |    min    |    max    | min | max |   Type  |
    +---------+---------+-----------+-----------+-----+-----+---------+
    |        6|        6|  30.000 ns|  30.000 ns|    6|    6|       no|
    +---------+---------+-----------+-----------+-----+-----+---------+

    + Detail: 
        * Instance: 
        +--------------------------------------------------------------------------+----------------------------------------------------------------+---------+---------+-----------+-----------+-----+-----+---------+
        |                                                                          |                                                                |  Latency (cycles) |   Latency (absolute)  |  Interval | Pipeline|
        |                                 Instance                                 |                             Module                             |   min   |   max   |    min    |    max    | min | max |   Type  |
        +--------------------------------------------------------------------------+----------------------------------------------------------------+---------+---------+-----------+-----------+-----+-----+---------+
        |grp_dense_latency_wrapper_ap_fixed_ap_fixed_37_17_5_3_0_config15_s_fu_73  |dense_latency_wrapper_ap_fixed_ap_fixed_37_17_5_3_0_config15_s  |        3|        3|  15.000 ns|  15.000 ns|    1|    1|      yes|
        +--------------------------------------------------------------------------+----------------------------------------------------------------+---------+---------+-----------+-----------+-----+-----+---------+

        * Loop: 
        N/A



================================================================
== Utilization Estimates
================================================================
* Summary: 
+-----------------+---------+------+--------+--------+-----+
|       Name      | BRAM_18K|  DSP |   FF   |   LUT  | URAM|
+-----------------+---------+------+--------+--------+-----+
|DSP              |        -|     -|       -|       -|    -|
|Expression       |        -|     -|       0|       2|    -|
|FIFO             |        -|     -|       -|       -|    -|
|Instance         |        -|   129|    5001|    5410|    -|
|Memory           |        -|     -|       -|       -|    -|
|Multiplexer      |        -|     -|       -|      79|    -|
|Register         |        -|     -|     724|       -|    -|
+-----------------+---------+------+--------+--------+-----+
|Total            |        0|   129|    5725|    5491|    0|
+-----------------+---------+------+--------+--------+-----+
|Available        |     1080|  1700|  406256|  203128|    0|
+-----------------+---------+------+--------+--------+-----+
|Utilization (%)  |        0|     7|       1|       2|    0|
+-----------------+---------+------+--------+--------+-----+

+ Detail: 
    * Instance: 
    +--------------------------------------------------------------------------+----------------------------------------------------------------+---------+-----+------+------+-----+
    |                                 Instance                                 |                             Module                             | BRAM_18K| DSP |  FF  |  LUT | URAM|
    +--------------------------------------------------------------------------+----------------------------------------------------------------+---------+-----+------+------+-----+
    |grp_dense_latency_wrapper_ap_fixed_ap_fixed_37_17_5_3_0_config15_s_fu_73  |dense_latency_wrapper_ap_fixed_ap_fixed_37_17_5_3_0_config15_s  |        0|  129|  5001|  5410|    0|
    +--------------------------------------------------------------------------+----------------------------------------------------------------+---------+-----+------+------+-----+
    |Total                                                                     |                                                                |        0|  129|  5001|  5410|    0|
    +--------------------------------------------------------------------------+----------------------------------------------------------------+---------+-----+------+------+-----+

    * DSP: 
    N/A

    * Memory: 
    N/A

    * FIFO: 
    N/A

    * Expression: 
    +-----------------+----------+----+---+----+------------+------------+
    |  Variable Name  | Operation| DSP| FF| LUT| Bitwidth P0| Bitwidth P1|
    +-----------------+----------+----+---+----+------------+------------+
    |ap_block_state1  |        or|   0|  0|   2|           1|           1|
    +-----------------+----------+----+---+----+------------+------------+
    |Total            |          |   0|  0|   2|           1|           1|
    +-----------------+----------+----+---+----+------------+------------+

    * Multiplexer: 
    +-------------------+----+-----------+-----+-----------+
    |        Name       | LUT| Input Size| Bits| Total Bits|
    +-------------------+----+-----------+-----+-----------+
    |ap_NS_fsm          |  43|          8|    1|          8|
    |ap_done            |   9|          2|    1|          2|
    |layer13_out_blk_n  |   9|          2|    1|          2|
    |layer15_out_blk_n  |   9|          2|    1|          2|
    |real_start         |   9|          2|    1|          2|
    +-------------------+----+-----------+-----+-----------+
    |Total              |  79|         16|    5|         16|
    +-------------------+----+-----------+-----+-----------+

    * Register: 
    +----------------------+----+----+-----+-----------+
    |         Name         | FF | LUT| Bits| Const Bits|
    +----------------------+----+----+-----+-----------+
    |ap_CS_fsm             |   7|   0|    7|          0|
    |ap_done_reg           |   1|   0|    1|          0|
    |data_pack_40_reg_266  |  16|   0|   16|          0|
    |data_pack_41_reg_271  |  16|   0|   16|          0|
    |data_pack_42_reg_276  |  16|   0|   16|          0|
    |data_pack_43_reg_281  |  16|   0|   16|          0|
    |data_pack_44_reg_286  |  16|   0|   16|          0|
    |data_pack_45_reg_291  |  16|   0|   16|          0|
    |data_pack_46_reg_296  |  16|   0|   16|          0|
    |data_pack_47_reg_301  |  16|   0|   16|          0|
    |data_pack_48_reg_306  |  16|   0|   16|          0|
    |data_pack_reg_261     |  16|   0|   16|          0|
    |res_10_reg_361        |  37|   0|   37|          0|
    |res_11_reg_366        |  37|   0|   37|          0|
    |res_12_reg_371        |  37|   0|   37|          0|
    |res_13_reg_376        |  37|   0|   37|          0|
    |res_14_reg_381        |  37|   0|   37|          0|
    |res_1_reg_316         |  37|   0|   37|          0|
    |res_2_reg_321         |  37|   0|   37|          0|
    |res_3_reg_326         |  37|   0|   37|          0|
    |res_4_reg_331         |  37|   0|   37|          0|
    |res_5_reg_336         |  37|   0|   37|          0|
    |res_6_reg_341         |  37|   0|   37|          0|
    |res_7_reg_346         |  37|   0|   37|          0|
    |res_8_reg_351         |  37|   0|   37|          0|
    |res_9_reg_356         |  37|   0|   37|          0|
    |res_reg_311           |  37|   0|   37|          0|
    |start_once_reg        |   1|   0|    1|          0|
    +----------------------+----+----+-----+-----------+
    |Total                 | 724|   0|  724|          0|
    +----------------------+----+----+-----+-----------+



================================================================
== Interface
================================================================
* Summary: 
+----------------------------+-----+-----+------------+----------------------------------------------------------------------+--------------+
|          RTL Ports         | Dir | Bits|  Protocol  |                             Source Object                            |    C Type    |
+----------------------------+-----+-----+------------+----------------------------------------------------------------------+--------------+
|ap_clk                      |   in|    1|  ap_ctrl_hs|  dense<array<ap_fixed,10u>,array<ap_fixed<37,17,5,3,0>,15u>,config15>|  return value|
|ap_rst                      |   in|    1|  ap_ctrl_hs|  dense<array<ap_fixed,10u>,array<ap_fixed<37,17,5,3,0>,15u>,config15>|  return value|
|ap_start                    |   in|    1|  ap_ctrl_hs|  dense<array<ap_fixed,10u>,array<ap_fixed<37,17,5,3,0>,15u>,config15>|  return value|
|start_full_n                |   in|    1|  ap_ctrl_hs|  dense<array<ap_fixed,10u>,array<ap_fixed<37,17,5,3,0>,15u>,config15>|  return value|
|ap_done                     |  out|    1|  ap_ctrl_hs|  dense<array<ap_fixed,10u>,array<ap_fixed<37,17,5,3,0>,15u>,config15>|  return value|
|ap_continue                 |   in|    1|  ap_ctrl_hs|  dense<array<ap_fixed,10u>,array<ap_fixed<37,17,5,3,0>,15u>,config15>|  return value|
|ap_idle                     |  out|    1|  ap_ctrl_hs|  dense<array<ap_fixed,10u>,array<ap_fixed<37,17,5,3,0>,15u>,config15>|  return value|
|ap_ready                    |  out|    1|  ap_ctrl_hs|  dense<array<ap_fixed,10u>,array<ap_fixed<37,17,5,3,0>,15u>,config15>|  return value|
|start_out                   |  out|    1|  ap_ctrl_hs|  dense<array<ap_fixed,10u>,array<ap_fixed<37,17,5,3,0>,15u>,config15>|  return value|
|start_write                 |  out|    1|  ap_ctrl_hs|  dense<array<ap_fixed,10u>,array<ap_fixed<37,17,5,3,0>,15u>,config15>|  return value|
|layer13_out_dout            |   in|  160|     ap_fifo|                                                           layer13_out|       pointer|
|layer13_out_num_data_valid  |   in|    2|     ap_fifo|                                                           layer13_out|       pointer|
|layer13_out_fifo_cap        |   in|    2|     ap_fifo|                                                           layer13_out|       pointer|
|layer13_out_empty_n         |   in|    1|     ap_fifo|                                                           layer13_out|       pointer|
|layer13_out_read            |  out|    1|     ap_fifo|                                                           layer13_out|       pointer|
|layer15_out_din             |  out|  555|     ap_fifo|                                                           layer15_out|       pointer|
|layer15_out_num_data_valid  |   in|    2|     ap_fifo|                                                           layer15_out|       pointer|
|layer15_out_fifo_cap        |   in|    2|     ap_fifo|                                                           layer15_out|       pointer|
|layer15_out_full_n          |   in|    1|     ap_fifo|                                                           layer15_out|       pointer|
|layer15_out_write           |  out|    1|     ap_fifo|                                                           layer15_out|       pointer|
+----------------------------+-----+-----+------------+----------------------------------------------------------------------+--------------+

