

================================================================
== Vitis HLS Report for 'gaussian'
================================================================
* Date:           Sun Apr  5 17:32:32 2026

* Version:        2023.2 (Build 4023990 on Oct 11 2023)
* Project:        gaussian_prj
* Solution:       solution1 (Vivado IP Flow Target)
* Product family: kintexu
* Target device:  xcku035-fbva676-2-e


================================================================
== Performance Estimates
================================================================
+ Timing: 
    * Summary: 
    +--------+---------+----------+------------+
    |  Clock |  Target | Estimated| Uncertainty|
    +--------+---------+----------+------------+
    |ap_clk  |  5.00 ns|  3.847 ns|     1.35 ns|
    +--------+---------+----------+------------+

+ Latency: 
    * Summary: 
    +---------+---------+-----------+-----------+-------+-------+----------+
    |  Latency (cycles) |   Latency (absolute)  |    Interval   | Pipeline |
    |   min   |   max   |    min    |    max    |  min  |  max  |   Type   |
    +---------+---------+-----------+-----------+-------+-------+----------+
    |    13863|    13863|  69.315 us|  69.315 us|  13828|  13828|  dataflow|
    +---------+---------+-----------+-----------+-------+-------+----------+

    + Detail: 
        * Instance: 
        +------------------------------------------------------------------------------+-----------------------------------------------------------------------------+---------+---------+-----------+-----------+-------+-------+---------+
        |                                                                              |                                                                             |  Latency (cycles) |   Latency (absolute)  |    Interval   | Pipeline|
        |                                   Instance                                   |                                    Module                                   |   min   |   max   |    min    |    max    |  min  |  max  |   Type  |
        +------------------------------------------------------------------------------+-----------------------------------------------------------------------------+---------+---------+-----------+-----------+-------+-------+---------+
        |conv_2d_cl_array_ap_fixed_1u_array_ap_fixed_37_17_5_3_0_6u_config2_U0         |conv_2d_cl_array_ap_fixed_1u_array_ap_fixed_37_17_5_3_0_6u_config2_s         |    13827|    13827|  69.135 us|  69.135 us|  13827|  13827|       no|
        |thresholded_relu_array_ap_fixed_array_ap_fixed_6u_thresholdedrelu_config4_U0  |thresholded_relu_array_ap_fixed_array_ap_fixed_6u_thresholdedrelu_config4_s  |     2119|     2119|  10.595 us|  10.595 us|   2119|   2119|       no|
        |pooling2d_cl_array_ap_fixed_6u_array_ap_fixed_16_6_5_3_0_6u_config5_U0        |pooling2d_cl_array_ap_fixed_6u_array_ap_fixed_16_6_5_3_0_6u_config5_s        |     4237|     4237|  21.185 us|  21.185 us|   4237|   4237|       no|
        |conv_2d_cl_array_ap_fixed_6u_array_ap_fixed_39_19_5_3_0_8u_config6_U0         |conv_2d_cl_array_ap_fixed_6u_array_ap_fixed_39_19_5_3_0_8u_config6_s         |      971|      971|   4.855 us|   4.855 us|    971|    971|       no|
        |thresholded_relu_array_ap_fixed_array_ap_fixed_8u_thresholdedrelu_config8_U0  |thresholded_relu_array_ap_fixed_array_ap_fixed_8u_thresholdedrelu_config8_s  |       84|       84|   0.420 us|   0.420 us|     84|     84|       no|
        |pooling2d_cl_array_ap_fixed_8u_array_ap_fixed_16_6_5_3_0_8u_config9_U0        |pooling2d_cl_array_ap_fixed_8u_array_ap_fixed_16_6_5_3_0_8u_config9_s        |      165|      165|   0.825 us|   0.825 us|    165|    165|       no|
        |conv_2d_cl_array_ap_fixed_8u_array_ap_fixed_40_20_5_3_0_10u_config10_U0       |conv_2d_cl_array_ap_fixed_8u_array_ap_fixed_40_20_5_3_0_10u_config10_s       |      147|      147|   0.735 us|   0.735 us|    147|    147|       no|
        |thresholded_relu_array_ap_fixed_array_thresholdedrelu_config12_U0             |thresholded_relu_array_ap_fixed_array_thresholdedrelu_config12_s             |        7|        7|  35.000 ns|  35.000 ns|      7|      7|       no|
        |pooling2d_cl_array_array_ap_fixed_16_6_5_3_0_10u_config13_U0                  |pooling2d_cl_array_array_ap_fixed_16_6_5_3_0_10u_config13_s                  |       11|       11|  55.000 ns|  55.000 ns|     11|     11|       no|
        |dense_array_ap_fixed_10u_array_ap_fixed_37_17_5_3_0_15u_config15_U0           |dense_array_ap_fixed_10u_array_ap_fixed_37_17_5_3_0_15u_config15_s           |        6|        6|  30.000 ns|  30.000 ns|      6|      6|       no|
        |relu_array_ap_fixed_15u_array_ap_fixed_16_6_5_3_0_15u_relu_config16_U0        |relu_array_ap_fixed_15u_array_ap_fixed_16_6_5_3_0_15u_relu_config16_s        |        1|        1|   5.000 ns|   5.000 ns|      1|      1|       no|
        |dense_array_ap_fixed_15u_array_ap_fixed_37_17_5_3_0_10u_config17_U0           |dense_array_ap_fixed_15u_array_ap_fixed_37_17_5_3_0_10u_config17_s           |        6|        6|  30.000 ns|  30.000 ns|      6|      6|       no|
        |relu_array_ap_fixed_10u_array_ap_fixed_16_6_5_3_0_10u_relu_config18_U0        |relu_array_ap_fixed_10u_array_ap_fixed_16_6_5_3_0_10u_relu_config18_s        |        1|        1|   5.000 ns|   5.000 ns|      1|      1|       no|
        |dense_array_ap_fixed_10u_array_ap_fixed_37_17_5_3_0_5u_config19_U0            |dense_array_ap_fixed_10u_array_ap_fixed_37_17_5_3_0_5u_config19_s            |        6|        6|  30.000 ns|  30.000 ns|      6|      6|       no|
        +------------------------------------------------------------------------------+-----------------------------------------------------------------------------+---------+---------+-----------+-----------+-------+-------+---------+

        * Loop: 
        N/A



================================================================
== Utilization Estimates
================================================================
* Summary: 
+-----------------+---------+------+--------+--------+-----+
|       Name      | BRAM_18K|  DSP |   FF   |   LUT  | URAM|
+-----------------+---------+------+--------+--------+-----+
|DSP              |        -|     -|       -|       -|    -|
|Expression       |        -|     -|       0|       2|    -|
|FIFO             |      123|     -|    1696|     794|    -|
|Instance         |        -|  1220|   63851|   74506|    -|
|Memory           |        -|     -|       -|       -|    -|
|Multiplexer      |        -|     -|       -|       -|    -|
|Register         |        -|     -|       -|       -|    -|
+-----------------+---------+------+--------+--------+-----+
|Total            |      123|  1220|   65547|   75302|    0|
+-----------------+---------+------+--------+--------+-----+
|Available        |     1080|  1700|  406256|  203128|    0|
+-----------------+---------+------+--------+--------+-----+
|Utilization (%)  |       11|    71|      16|      37|    0|
+-----------------+---------+------+--------+--------+-----+

+ Detail: 
    * Instance: 
    +------------------------------------------------------------------------------+-----------------------------------------------------------------------------+---------+-----+-------+-------+-----+
    |                                   Instance                                   |                                    Module                                   | BRAM_18K| DSP |   FF  |  LUT  | URAM|
    +------------------------------------------------------------------------------+-----------------------------------------------------------------------------+---------+-----+-------+-------+-----+
    |conv_2d_cl_array_ap_fixed_1u_array_ap_fixed_37_17_5_3_0_6u_config2_U0         |conv_2d_cl_array_ap_fixed_1u_array_ap_fixed_37_17_5_3_0_6u_config2_s         |        0|   47|   2700|   2908|    0|
    |conv_2d_cl_array_ap_fixed_6u_array_ap_fixed_39_19_5_3_0_8u_config6_U0         |conv_2d_cl_array_ap_fixed_6u_array_ap_fixed_39_19_5_3_0_8u_config6_s         |        0|  324|  15854|  17970|    0|
    |conv_2d_cl_array_ap_fixed_8u_array_ap_fixed_40_20_5_3_0_10u_config10_U0       |conv_2d_cl_array_ap_fixed_8u_array_ap_fixed_40_20_5_3_0_10u_config10_s       |        0|  543|  25675|  28682|    0|
    |dense_array_ap_fixed_10u_array_ap_fixed_37_17_5_3_0_15u_config15_U0           |dense_array_ap_fixed_10u_array_ap_fixed_37_17_5_3_0_15u_config15_s           |        0|  129|   5725|   5491|    0|
    |dense_array_ap_fixed_10u_array_ap_fixed_37_17_5_3_0_5u_config19_U0            |dense_array_ap_fixed_10u_array_ap_fixed_37_17_5_3_0_5u_config19_s            |        0|   43|   2147|   1970|    0|
    |dense_array_ap_fixed_15u_array_ap_fixed_37_17_5_3_0_10u_config17_U0           |dense_array_ap_fixed_15u_array_ap_fixed_37_17_5_3_0_10u_config17_s           |        0|  134|   5963|   5359|    0|
    |pooling2d_cl_array_ap_fixed_6u_array_ap_fixed_16_6_5_3_0_6u_config5_U0        |pooling2d_cl_array_ap_fixed_6u_array_ap_fixed_16_6_5_3_0_6u_config5_s        |        0|    0|   2802|   4977|    0|
    |pooling2d_cl_array_ap_fixed_8u_array_ap_fixed_16_6_5_3_0_8u_config9_U0        |pooling2d_cl_array_ap_fixed_8u_array_ap_fixed_16_6_5_3_0_8u_config9_s        |        0|    0|    957|   1743|    0|
    |pooling2d_cl_array_array_ap_fixed_16_6_5_3_0_10u_config13_U0                  |pooling2d_cl_array_array_ap_fixed_16_6_5_3_0_10u_config13_s                  |        0|    0|   1147|   2021|    0|
    |relu_array_ap_fixed_10u_array_ap_fixed_16_6_5_3_0_10u_relu_config18_U0        |relu_array_ap_fixed_10u_array_ap_fixed_16_6_5_3_0_10u_relu_config18_s        |        0|    0|    174|    652|    0|
    |relu_array_ap_fixed_15u_array_ap_fixed_16_6_5_3_0_15u_relu_config16_U0        |relu_array_ap_fixed_15u_array_ap_fixed_16_6_5_3_0_15u_relu_config16_s        |        0|    0|    259|    952|    0|
    |thresholded_relu_array_ap_fixed_array_ap_fixed_6u_thresholdedrelu_config4_U0  |thresholded_relu_array_ap_fixed_array_ap_fixed_6u_thresholdedrelu_config4_s  |        0|    0|    120|    467|    0|
    |thresholded_relu_array_ap_fixed_array_ap_fixed_8u_thresholdedrelu_config8_U0  |thresholded_relu_array_ap_fixed_array_ap_fixed_8u_thresholdedrelu_config8_s  |        0|    0|    149|    593|    0|
    |thresholded_relu_array_ap_fixed_array_thresholdedrelu_config12_U0             |thresholded_relu_array_ap_fixed_array_thresholdedrelu_config12_s             |        0|    0|    179|    721|    0|
    +------------------------------------------------------------------------------+-----------------------------------------------------------------------------+---------+-----+-------+-------+-----+
    |Total                                                                         |                                                                             |        0| 1220|  63851|  74506|    0|
    +------------------------------------------------------------------------------+-----------------------------------------------------------------------------+---------+-----+-------+-------+-----+

    * DSP: 
    N/A

    * Memory: 
    N/A

    * FIFO: 
    +---------------+---------+-----+----+-----+------+-----+---------+
    |      Name     | BRAM_18K|  FF | LUT| URAM| Depth| Bits| Size:D*B|
    +---------------+---------+-----+----+-----+------+-----+---------+
    |layer10_out_U  |       23|  147|   0|    -|     4|  400|     1600|
    |layer12_out_U  |        0|   99|   0|    -|     4|  160|      640|
    |layer13_out_U  |        0|   99|   0|    -|     1|  160|      160|
    |layer15_out_U  |        0|   99|   0|    -|     1|  555|      555|
    |layer16_out_U  |        0|   99|   0|    -|     1|  240|      240|
    |layer17_out_U  |        0|   99|   0|    -|     1|  370|      370|
    |layer18_out_U  |        0|   99|   0|    -|     1|  160|      160|
    |layer2_out_U   |       40|  163|   0|    -|  2116|  222|   469752|
    |layer4_out_U   |       20|  163|   0|    -|  2116|   96|   203136|
    |layer5_out_U   |        6|  158|   0|    -|   121|   96|    11616|
    |layer6_out_U   |       18|  160|   0|    -|    81|  312|    25272|
    |layer8_out_U   |        8|  160|   0|    -|    81|  128|    10368|
    |layer9_out_U   |        8|  151|   0|    -|    16|  128|     2048|
    +---------------+---------+-----+----+-----+------+-----+---------+
    |Total          |      123| 1696|   0|    0|  4544| 3027|   725917|
    +---------------+---------+-----+----+-----+------+-----+---------+

    * Expression: 
    +--------------+----------+----+---+----+------------+------------+
    | Variable Name| Operation| DSP| FF| LUT| Bitwidth P0| Bitwidth P1|
    +--------------+----------+----+---+----+------------+------------+
    |ap_idle       |       and|   0|  0|   2|           1|           1|
    +--------------+----------+----+---+----+------------+------------+
    |Total         |          |   0|  0|   2|           1|           1|
    +--------------+----------+----+---+----+------------+------------+

    * Multiplexer: 
    N/A

    * Register: 
    N/A



================================================================
== Interface
================================================================
* Summary: 
+--------------------+-----+-----+------------+--------------+--------------+
|      RTL Ports     | Dir | Bits|  Protocol  | Source Object|    C Type    |
+--------------------+-----+-----+------------+--------------+--------------+
|InputLayer_TDATA    |   in|   16|        axis|    InputLayer|       pointer|
|InputLayer_TVALID   |   in|    1|        axis|    InputLayer|       pointer|
|InputLayer_TREADY   |  out|    1|        axis|    InputLayer|       pointer|
|layer19_out_TDATA   |  out|  320|        axis|   layer19_out|       pointer|
|layer19_out_TVALID  |  out|    1|        axis|   layer19_out|       pointer|
|layer19_out_TREADY  |   in|    1|        axis|   layer19_out|       pointer|
|ap_clk              |   in|    1|  ap_ctrl_hs|      gaussian|  return value|
|ap_rst_n            |   in|    1|  ap_ctrl_hs|      gaussian|  return value|
|ap_start            |   in|    1|  ap_ctrl_hs|      gaussian|  return value|
|ap_done             |  out|    1|  ap_ctrl_hs|      gaussian|  return value|
|ap_ready            |  out|    1|  ap_ctrl_hs|      gaussian|  return value|
|ap_idle             |  out|    1|  ap_ctrl_hs|      gaussian|  return value|
+--------------------+-----+-----+------------+--------------+--------------+

