

================================================================
== Vitis HLS Report for 'pooling2d_cl_array_ap_fixed_8u_array_ap_fixed_16_6_5_3_0_8u_config9_s'
================================================================
* Date:           Sun Apr  5 17:32:26 2026

* Version:        2023.2 (Build 4023990 on Oct 11 2023)
* Project:        gaussian_prj
* Solution:       solution1 (Vivado IP Flow Target)
* Product family: kintexu
* Target device:  xcku035-fbva676-2-e


================================================================
== Performance Estimates
================================================================
+ Timing: 
    * Summary: 
    +--------+---------+----------+------------+
    |  Clock |  Target | Estimated| Uncertainty|
    +--------+---------+----------+------------+
    |ap_clk  |  5.00 ns|  3.847 ns|     1.35 ns|
    +--------+---------+----------+------------+

+ Latency: 
    * Summary: 
    +---------+---------+----------+----------+-----+-----+---------+
    |  Latency (cycles) |  Latency (absolute) |  Interval | Pipeline|
    |   min   |   max   |    min   |    max   | min | max |   Type  |
    +---------+---------+----------+----------+-----+-----+---------+
    |      165|      165|  0.825 us|  0.825 us|  165|  165|       no|
    +---------+---------+----------+----------+-----+-----+---------+

    + Detail: 
        * Instance: 
        +---------------------------------------------------------------------------+----------------------------------------------------------+---------+---------+----------+----------+-----+-----+---------+
        |                                                                           |                                                          |  Latency (cycles) |  Latency (absolute) |  Interval | Pipeline|
        |                                  Instance                                 |                          Module                          |   min   |   max   |    min   |    max   | min | max |   Type  |
        +---------------------------------------------------------------------------+----------------------------------------------------------+---------+---------+----------+----------+-----+-----+---------+
        |call_ln52_shift_line_buffer_array_ap_fixed_16_6_5_3_0_8u_config9_s_fu_190  |shift_line_buffer_array_ap_fixed_16_6_5_3_0_8u_config9_s  |        0|        0|      0 ns|      0 ns|    1|    1|      yes|
        +---------------------------------------------------------------------------+----------------------------------------------------------+---------+---------+----------+----------+-----+-----+---------+

        * Loop: 
        +----------------------------------+---------+---------+----------+-----------+-----------+------+----------+
        |                                  |  Latency (cycles) | Iteration|  Initiation Interval  | Trip |          |
        |             Loop Name            |   min   |   max   |  Latency |  achieved |   target  | Count| Pipelined|
        +----------------------------------+---------+---------+----------+-----------+-----------+------+----------+
        |- ReadInputHeight_ReadInputWidth  |      163|      163|         4|          2|          1|    81|       yes|
        +----------------------------------+---------+---------+----------+-----------+-----------+------+----------+



================================================================
== Utilization Estimates
================================================================
* Summary: 
+-----------------+---------+------+--------+--------+-----+
|       Name      | BRAM_18K|  DSP |   FF   |   LUT  | URAM|
+-----------------+---------+------+--------+--------+-----+
|DSP              |        -|     -|       -|       -|    -|
|Expression       |        -|     -|       0|    1469|    -|
|FIFO             |        -|     -|       -|       -|    -|
|Instance         |        -|     -|       1|     152|    -|
|Memory           |        -|     -|       -|       -|    -|
|Multiplexer      |        -|     -|       -|     122|    -|
|Register         |        -|     -|     956|       -|    -|
+-----------------+---------+------+--------+--------+-----+
|Total            |        0|     0|     957|    1743|    0|
+-----------------+---------+------+--------+--------+-----+
|Available        |     1080|  1700|  406256|  203128|    0|
+-----------------+---------+------+--------+--------+-----+
|Utilization (%)  |        0|     0|      ~0|      ~0|    0|
+-----------------+---------+------+--------+--------+-----+

+ Detail: 
    * Instance: 
    +---------------------------------------------------------------------------+----------------------------------------------------------+---------+----+---+-----+-----+
    |                                  Instance                                 |                          Module                          | BRAM_18K| DSP| FF| LUT | URAM|
    +---------------------------------------------------------------------------+----------------------------------------------------------+---------+----+---+-----+-----+
    |call_ln52_shift_line_buffer_array_ap_fixed_16_6_5_3_0_8u_config9_s_fu_190  |shift_line_buffer_array_ap_fixed_16_6_5_3_0_8u_config9_s  |        0|   0|  1|  152|    0|
    +---------------------------------------------------------------------------+----------------------------------------------------------+---------+----+---+-----+-----+
    |Total                                                                      |                                                          |        0|   0|  1|  152|    0|
    +---------------------------------------------------------------------------+----------------------------------------------------------+---------+----+---+-----+-----+

    * DSP: 
    N/A

    * Memory: 
    N/A

    * FIFO: 
    N/A

    * Expression: 
    +------------------------------------------+----------+----+---+----+------------+------------+
    |               Variable Name              | Operation| DSP| FF| LUT| Bitwidth P0| Bitwidth P1|
    +------------------------------------------+----------+----+---+----+------------+------------+
    |add_ln109_fu_296_p2                       |         +|   0|  0|  14|           7|           1|
    |add_ln76_fu_354_p2                        |         +|   0|  0|  39|          32|           1|
    |add_ln80_fu_408_p2                        |         +|   0|  0|  39|          32|           1|
    |add_ln86_fu_444_p2                        |         +|   0|  0|  39|          32|          32|
    |add_ln91_fu_380_p2                        |         +|   0|  0|  39|          32|          32|
    |and_ln55_1_fu_348_p2                      |       and|   0|  0|   2|           1|           1|
    |and_ln55_fu_342_p2                        |       and|   0|  0|   2|           1|           1|
    |ap_block_state2_pp0_stage1_iter0          |       and|   0|  0|   2|           1|           1|
    |ap_block_state4_pp0_stage1_iter1          |       and|   0|  0|   2|           1|           1|
    |ap_condition_338                          |       and|   0|  0|   2|           1|           1|
    |ap_condition_354                          |       and|   0|  0|   2|           1|           1|
    |ap_condition_618                          |       and|   0|  0|   2|           1|           1|
    |ap_predicate_op173_write_state4           |       and|   0|  0|   2|           1|           1|
    |icmp_ln109_fu_290_p2                      |      icmp|   0|  0|  14|           7|           7|
    |icmp_ln55_1_fu_320_p2                     |      icmp|   0|  0|  39|          32|           1|
    |icmp_ln55_2_fu_330_p2                     |      icmp|   0|  0|  39|          32|           1|
    |icmp_ln55_3_fu_336_p2                     |      icmp|   0|  0|  39|          32|           1|
    |icmp_ln55_fu_306_p2                       |      icmp|   0|  0|  39|          32|           1|
    |icmp_ln66_10_fu_771_p2                    |      icmp|   0|  0|  23|          16|          16|
    |icmp_ln66_11_fu_791_p2                    |      icmp|   0|  0|  23|          16|          16|
    |icmp_ln66_12_fu_813_p2                    |      icmp|   0|  0|  23|          16|          16|
    |icmp_ln66_13_fu_833_p2                    |      icmp|   0|  0|  23|          16|          16|
    |icmp_ln66_14_fu_853_p2                    |      icmp|   0|  0|  23|          16|          16|
    |icmp_ln66_15_fu_875_p2                    |      icmp|   0|  0|  23|          16|          16|
    |icmp_ln66_16_fu_895_p2                    |      icmp|   0|  0|  23|          16|          16|
    |icmp_ln66_17_fu_915_p2                    |      icmp|   0|  0|  23|          16|          16|
    |icmp_ln66_18_fu_937_p2                    |      icmp|   0|  0|  23|          16|          16|
    |icmp_ln66_19_fu_957_p2                    |      icmp|   0|  0|  23|          16|          16|
    |icmp_ln66_1_fu_585_p2                     |      icmp|   0|  0|  23|          16|          16|
    |icmp_ln66_20_fu_977_p2                    |      icmp|   0|  0|  23|          16|          16|
    |icmp_ln66_21_fu_999_p2                    |      icmp|   0|  0|  23|          16|          16|
    |icmp_ln66_22_fu_1019_p2                   |      icmp|   0|  0|  23|          16|          16|
    |icmp_ln66_23_fu_1039_p2                   |      icmp|   0|  0|  23|          16|          16|
    |icmp_ln66_2_fu_605_p2                     |      icmp|   0|  0|  23|          16|          16|
    |icmp_ln66_3_fu_627_p2                     |      icmp|   0|  0|  23|          16|          16|
    |icmp_ln66_4_fu_647_p2                     |      icmp|   0|  0|  23|          16|          16|
    |icmp_ln66_5_fu_667_p2                     |      icmp|   0|  0|  23|          16|          16|
    |icmp_ln66_6_fu_689_p2                     |      icmp|   0|  0|  23|          16|          16|
    |icmp_ln66_7_fu_709_p2                     |      icmp|   0|  0|  23|          16|          16|
    |icmp_ln66_8_fu_729_p2                     |      icmp|   0|  0|  23|          16|          16|
    |icmp_ln66_9_fu_751_p2                     |      icmp|   0|  0|  23|          16|          16|
    |icmp_ln66_fu_565_p2                       |      icmp|   0|  0|  23|          16|          16|
    |icmp_ln76_fu_360_p2                       |      icmp|   0|  0|  39|          32|           4|
    |icmp_ln80_fu_414_p2                       |      icmp|   0|  0|  39|          32|           4|
    |icmp_ln86_fu_430_p2                       |      icmp|   0|  0|  39|          32|           1|
    |ap_block_pp0_stage0_11001                 |        or|   0|  0|   2|           1|           1|
    |ap_block_pp0_stage1_01001                 |        or|   0|  0|   2|           1|           1|
    |ap_block_pp0_stage1_11001_ignoreCallOp64  |        or|   0|  0|   2|           1|           1|
    |res_pack_1_fu_1061_p3                     |    select|   0|  0|  16|           1|          16|
    |res_pack_2_fu_1072_p3                     |    select|   0|  0|  16|           1|          16|
    |res_pack_3_fu_1083_p3                     |    select|   0|  0|  16|           1|          16|
    |res_pack_4_fu_1094_p3                     |    select|   0|  0|  16|           1|          16|
    |res_pack_5_fu_1105_p3                     |    select|   0|  0|  16|           1|          16|
    |res_pack_6_fu_1116_p3                     |    select|   0|  0|  16|           1|          16|
    |res_pack_7_fu_1127_p3                     |    select|   0|  0|  16|           1|          16|
    |res_pack_fu_1050_p3                       |    select|   0|  0|  16|           1|          16|
    |select_ln0_10_fu_887_p3                   |    select|   0|  0|  16|           1|          16|
    |select_ln0_11_fu_907_p3                   |    select|   0|  0|  16|           1|          16|
    |select_ln0_12_fu_949_p3                   |    select|   0|  0|  16|           1|          16|
    |select_ln0_13_fu_969_p3                   |    select|   0|  0|  16|           1|          16|
    |select_ln0_14_fu_1011_p3                  |    select|   0|  0|  16|           1|          16|
    |select_ln0_15_fu_1031_p3                  |    select|   0|  0|  16|           1|          16|
    |select_ln0_1_fu_597_p3                    |    select|   0|  0|  16|           1|          16|
    |select_ln0_2_fu_639_p3                    |    select|   0|  0|  16|           1|          16|
    |select_ln0_3_fu_659_p3                    |    select|   0|  0|  16|           1|          16|
    |select_ln0_4_fu_701_p3                    |    select|   0|  0|  16|           1|          16|
    |select_ln0_5_fu_721_p3                    |    select|   0|  0|  16|           1|          16|
    |select_ln0_6_fu_763_p3                    |    select|   0|  0|  16|           1|          16|
    |select_ln0_7_fu_783_p3                    |    select|   0|  0|  16|           1|          16|
    |select_ln0_8_fu_825_p3                    |    select|   0|  0|  16|           1|          16|
    |select_ln0_9_fu_845_p3                    |    select|   0|  0|  16|           1|          16|
    |select_ln0_fu_577_p3                      |    select|   0|  0|  16|           1|          16|
    |select_ln86_fu_436_p3                     |    select|   0|  0|   2|           1|           2|
    |select_ln91_fu_372_p3                     |    select|   0|  0|   2|           1|           2|
    |ap_enable_pp0                             |       xor|   0|  0|   2|           1|           2|
    |xor_ln66_10_fu_777_p2                     |       xor|   0|  0|   2|           1|           2|
    |xor_ln66_11_fu_1078_p2                    |       xor|   0|  0|   2|           1|           2|
    |xor_ln66_12_fu_819_p2                     |       xor|   0|  0|   2|           1|           2|
    |xor_ln66_13_fu_839_p2                     |       xor|   0|  0|   2|           1|           2|
    |xor_ln66_14_fu_1089_p2                    |       xor|   0|  0|   2|           1|           2|
    |xor_ln66_15_fu_881_p2                     |       xor|   0|  0|   2|           1|           2|
    |xor_ln66_16_fu_901_p2                     |       xor|   0|  0|   2|           1|           2|
    |xor_ln66_17_fu_1100_p2                    |       xor|   0|  0|   2|           1|           2|
    |xor_ln66_18_fu_943_p2                     |       xor|   0|  0|   2|           1|           2|
    |xor_ln66_19_fu_963_p2                     |       xor|   0|  0|   2|           1|           2|
    |xor_ln66_1_fu_591_p2                      |       xor|   0|  0|   2|           1|           2|
    |xor_ln66_20_fu_1111_p2                    |       xor|   0|  0|   2|           1|           2|
    |xor_ln66_21_fu_1005_p2                    |       xor|   0|  0|   2|           1|           2|
    |xor_ln66_22_fu_1025_p2                    |       xor|   0|  0|   2|           1|           2|
    |xor_ln66_23_fu_1122_p2                    |       xor|   0|  0|   2|           1|           2|
    |xor_ln66_2_fu_1045_p2                     |       xor|   0|  0|   2|           1|           2|
    |xor_ln66_3_fu_633_p2                      |       xor|   0|  0|   2|           1|           2|
    |xor_ln66_4_fu_653_p2                      |       xor|   0|  0|   2|           1|           2|
    |xor_ln66_5_fu_1056_p2                     |       xor|   0|  0|   2|           1|           2|
    |xor_ln66_6_fu_695_p2                      |       xor|   0|  0|   2|           1|           2|
    |xor_ln66_7_fu_715_p2                      |       xor|   0|  0|   2|           1|           2|
    |xor_ln66_8_fu_1067_p2                     |       xor|   0|  0|   2|           1|           2|
    |xor_ln66_9_fu_757_p2                      |       xor|   0|  0|   2|           1|           2|
    |xor_ln66_fu_571_p2                        |       xor|   0|  0|   2|           1|           2|
    +------------------------------------------+----------+----+---+----+------------+------------+
    |Total                                     |          |   0|  0|1469|         812|         920|
    +------------------------------------------+----------+----+---+----+------------+------------+

    * Multiplexer: 
    +-----------------------------------------+----+-----------+-----+-----------+
    |                   Name                  | LUT| Input Size| Bits| Total Bits|
    +-----------------------------------------+----+-----------+-----+-----------+
    |ap_NS_fsm                                |  14|          3|    1|          3|
    |ap_done_int                              |   9|          2|    1|          2|
    |ap_enable_reg_pp0_iter0                  |   9|          2|    1|          2|
    |ap_enable_reg_pp0_iter1                  |   9|          2|    1|          2|
    |ap_phi_reg_pp0_iter0_storemerge_reg_179  |   9|          2|   32|         64|
    |ap_sig_allocacmp_indvar_flatten_load     |   9|          2|    7|         14|
    |indvar_flatten_fu_162                    |   9|          2|    7|         14|
    |layer8_out_blk_n                         |   9|          2|    1|          2|
    |layer9_out_blk_n                         |   9|          2|    1|          2|
    |pX                                       |   9|          2|   32|         64|
    |pY                                       |   9|          2|   32|         64|
    |real_start                               |   9|          2|    1|          2|
    |sX                                       |   9|          2|   32|         64|
    +-----------------------------------------+----+-----------+-----+-----------+
    |Total                                    | 122|         27|  149|        299|
    +-----------------------------------------+----+-----------+-----+-----------+

    * Register: 
    +----------------------------------------------------------------------------------------+----+----+-----+-----------+
    |                                          Name                                          | FF | LUT| Bits| Const Bits|
    +----------------------------------------------------------------------------------------+----+----+-----+-----------+
    |and_ln55_1_reg_1169                                                                     |   1|   0|    1|          0|
    |and_ln55_1_reg_1169_pp0_iter1_reg                                                       |   1|   0|    1|          0|
    |ap_CS_fsm                                                                               |   2|   0|    2|          0|
    |ap_done_reg                                                                             |   1|   0|    1|          0|
    |ap_enable_reg_pp0_iter0_reg                                                             |   1|   0|    1|          0|
    |ap_enable_reg_pp0_iter1                                                                 |   1|   0|    1|          0|
    |ap_phi_reg_pp0_iter0_storemerge_reg_179                                                 |  32|   0|   32|          0|
    |call_ln52_shift_line_buffer_array_ap_fixed_16_6_5_3_0_8u_config9_s_fu_190_ap_start_reg  |   1|   0|    1|          0|
    |icmp_ln109_reg_1161                                                                     |   1|   0|    1|          0|
    |icmp_ln55_reg_1165                                                                      |   1|   0|    1|          0|
    |icmp_ln55_reg_1165_pp0_iter1_reg                                                        |   1|   0|    1|          0|
    |icmp_ln66_11_reg_1241                                                                   |   1|   0|    1|          0|
    |icmp_ln66_14_reg_1256                                                                   |   1|   0|    1|          0|
    |icmp_ln66_17_reg_1271                                                                   |   1|   0|    1|          0|
    |icmp_ln66_20_reg_1286                                                                   |   1|   0|    1|          0|
    |icmp_ln66_23_reg_1301                                                                   |   1|   0|    1|          0|
    |icmp_ln66_2_reg_1196                                                                    |   1|   0|    1|          0|
    |icmp_ln66_5_reg_1211                                                                    |   1|   0|    1|          0|
    |icmp_ln66_8_reg_1226                                                                    |   1|   0|    1|          0|
    |icmp_ln76_reg_1173                                                                      |   1|   0|    1|          0|
    |indvar_flatten_fu_162                                                                   |   7|   0|    7|          0|
    |pX                                                                                      |  32|   0|   32|          0|
    |pY                                                                                      |  32|   0|   32|          0|
    |p_ZZN4nnet22compute_pool_buffer_2dINS_5arrayI8ap_fixedILi16ELi6EL9ap_q_mode5EL9ap       |  16|   0|   16|          0|
    |p_ZZN4nnet22compute_pool_buffer_2dINS_5arrayI8ap_fixedILi16ELi6EL9ap_q_mode5EL9ap_1     |  16|   0|   16|          0|
    |p_ZZN4nnet22compute_pool_buffer_2dINS_5arrayI8ap_fixedILi16ELi6EL9ap_q_mode5EL9ap_10    |  16|   0|   16|          0|
    |p_ZZN4nnet22compute_pool_buffer_2dINS_5arrayI8ap_fixedILi16ELi6EL9ap_q_mode5EL9ap_11    |  16|   0|   16|          0|
    |p_ZZN4nnet22compute_pool_buffer_2dINS_5arrayI8ap_fixedILi16ELi6EL9ap_q_mode5EL9ap_12    |  16|   0|   16|          0|
    |p_ZZN4nnet22compute_pool_buffer_2dINS_5arrayI8ap_fixedILi16ELi6EL9ap_q_mode5EL9ap_13    |  16|   0|   16|          0|
    |p_ZZN4nnet22compute_pool_buffer_2dINS_5arrayI8ap_fixedILi16ELi6EL9ap_q_mode5EL9ap_14    |  16|   0|   16|          0|
    |p_ZZN4nnet22compute_pool_buffer_2dINS_5arrayI8ap_fixedILi16ELi6EL9ap_q_mode5EL9ap_15    |  16|   0|   16|          0|
    |p_ZZN4nnet22compute_pool_buffer_2dINS_5arrayI8ap_fixedILi16ELi6EL9ap_q_mode5EL9ap_16    |  16|   0|   16|          0|
    |p_ZZN4nnet22compute_pool_buffer_2dINS_5arrayI8ap_fixedILi16ELi6EL9ap_q_mode5EL9ap_17    |  16|   0|   16|          0|
    |p_ZZN4nnet22compute_pool_buffer_2dINS_5arrayI8ap_fixedILi16ELi6EL9ap_q_mode5EL9ap_18    |  16|   0|   16|          0|
    |p_ZZN4nnet22compute_pool_buffer_2dINS_5arrayI8ap_fixedILi16ELi6EL9ap_q_mode5EL9ap_19    |  16|   0|   16|          0|
    |p_ZZN4nnet22compute_pool_buffer_2dINS_5arrayI8ap_fixedILi16ELi6EL9ap_q_mode5EL9ap_2     |  16|   0|   16|          0|
    |p_ZZN4nnet22compute_pool_buffer_2dINS_5arrayI8ap_fixedILi16ELi6EL9ap_q_mode5EL9ap_20    |  16|   0|   16|          0|
    |p_ZZN4nnet22compute_pool_buffer_2dINS_5arrayI8ap_fixedILi16ELi6EL9ap_q_mode5EL9ap_21    |  16|   0|   16|          0|
    |p_ZZN4nnet22compute_pool_buffer_2dINS_5arrayI8ap_fixedILi16ELi6EL9ap_q_mode5EL9ap_3     |  16|   0|   16|          0|
    |p_ZZN4nnet22compute_pool_buffer_2dINS_5arrayI8ap_fixedILi16ELi6EL9ap_q_mode5EL9ap_4     |  16|   0|   16|          0|
    |p_ZZN4nnet22compute_pool_buffer_2dINS_5arrayI8ap_fixedILi16ELi6EL9ap_q_mode5EL9ap_5     |  16|   0|   16|          0|
    |p_ZZN4nnet22compute_pool_buffer_2dINS_5arrayI8ap_fixedILi16ELi6EL9ap_q_mode5EL9ap_6     |  16|   0|   16|          0|
    |p_ZZN4nnet22compute_pool_buffer_2dINS_5arrayI8ap_fixedILi16ELi6EL9ap_q_mode5EL9ap_7     |  16|   0|   16|          0|
    |p_ZZN4nnet22compute_pool_buffer_2dINS_5arrayI8ap_fixedILi16ELi6EL9ap_q_mode5EL9ap_8     |  16|   0|   16|          0|
    |p_ZZN4nnet22compute_pool_buffer_2dINS_5arrayI8ap_fixedILi16ELi6EL9ap_q_mode5EL9ap_9     |  16|   0|   16|          0|
    |sX                                                                                      |  32|   0|   32|          0|
    |sY                                                                                      |  32|   0|   32|          0|
    |select_ln0_10_reg_1261                                                                  |  16|   0|   16|          0|
    |select_ln0_11_reg_1266                                                                  |  16|   0|   16|          0|
    |select_ln0_12_reg_1276                                                                  |  16|   0|   16|          0|
    |select_ln0_13_reg_1281                                                                  |  16|   0|   16|          0|
    |select_ln0_14_reg_1291                                                                  |  16|   0|   16|          0|
    |select_ln0_15_reg_1296                                                                  |  16|   0|   16|          0|
    |select_ln0_1_reg_1191                                                                   |  16|   0|   16|          0|
    |select_ln0_2_reg_1201                                                                   |  16|   0|   16|          0|
    |select_ln0_3_reg_1206                                                                   |  16|   0|   16|          0|
    |select_ln0_4_reg_1216                                                                   |  16|   0|   16|          0|
    |select_ln0_5_reg_1221                                                                   |  16|   0|   16|          0|
    |select_ln0_6_reg_1231                                                                   |  16|   0|   16|          0|
    |select_ln0_7_reg_1236                                                                   |  16|   0|   16|          0|
    |select_ln0_8_reg_1246                                                                   |  16|   0|   16|          0|
    |select_ln0_9_reg_1251                                                                   |  16|   0|   16|          0|
    |select_ln0_reg_1186                                                                     |  16|   0|   16|          0|
    |start_once_reg                                                                          |   1|   0|    1|          0|
    |void_compute_pool_buffer_2d_array_const_ap_shift_reg_n_filt_stream_kernel               |  16|   0|   16|          0|
    |void_compute_pool_buffer_2d_array_const_ap_shift_reg_n_filt_stream_kernel_1             |  16|   0|   16|          0|
    |void_compute_pool_buffer_2d_array_const_ap_shift_reg_n_filt_stream_kernel_2             |  16|   0|   16|          0|
    |void_compute_pool_buffer_2d_array_const_ap_shift_reg_n_filt_stream_kernel_3             |  16|   0|   16|          0|
    |void_compute_pool_buffer_2d_array_const_ap_shift_reg_n_filt_stream_kernel_4             |  16|   0|   16|          0|
    |void_compute_pool_buffer_2d_array_const_ap_shift_reg_n_filt_stream_kernel_5             |  16|   0|   16|          0|
    |void_compute_pool_buffer_2d_array_const_ap_shift_reg_n_filt_stream_kernel_6             |  16|   0|   16|          0|
    |void_compute_pool_buffer_2d_array_const_ap_shift_reg_n_filt_stream_kernel_7             |  16|   0|   16|          0|
    |void_compute_pool_buffer_2d_array_const_ap_shift_reg_n_filt_stream_kernel_8             |  16|   0|   16|          0|
    |void_compute_pool_buffer_2d_array_const_ap_shift_reg_n_filt_stream_kernel_9             |  16|   0|   16|          0|
    +----------------------------------------------------------------------------------------+----+----+-----+-----------+
    |Total                                                                                   | 956|   0|  956|          0|
    +----------------------------------------------------------------------------------------+----+----+-----+-----------+



================================================================
== Interface
================================================================
* Summary: 
+---------------------------+-----+-----+------------+-------------------------------------------------------------------------+--------------+
|         RTL Ports         | Dir | Bits|  Protocol  |                              Source Object                              |    C Type    |
+---------------------------+-----+-----+------------+-------------------------------------------------------------------------+--------------+
|ap_clk                     |   in|    1|  ap_ctrl_hs|  pooling2d_cl<array<ap_fixed,8u>,array<ap_fixed<16,6,5,3,0>,8u>,config9>|  return value|
|ap_rst                     |   in|    1|  ap_ctrl_hs|  pooling2d_cl<array<ap_fixed,8u>,array<ap_fixed<16,6,5,3,0>,8u>,config9>|  return value|
|ap_start                   |   in|    1|  ap_ctrl_hs|  pooling2d_cl<array<ap_fixed,8u>,array<ap_fixed<16,6,5,3,0>,8u>,config9>|  return value|
|start_full_n               |   in|    1|  ap_ctrl_hs|  pooling2d_cl<array<ap_fixed,8u>,array<ap_fixed<16,6,5,3,0>,8u>,config9>|  return value|
|ap_done                    |  out|    1|  ap_ctrl_hs|  pooling2d_cl<array<ap_fixed,8u>,array<ap_fixed<16,6,5,3,0>,8u>,config9>|  return value|
|ap_continue                |   in|    1|  ap_ctrl_hs|  pooling2d_cl<array<ap_fixed,8u>,array<ap_fixed<16,6,5,3,0>,8u>,config9>|  return value|
|ap_idle                    |  out|    1|  ap_ctrl_hs|  pooling2d_cl<array<ap_fixed,8u>,array<ap_fixed<16,6,5,3,0>,8u>,config9>|  return value|
|ap_ready                   |  out|    1|  ap_ctrl_hs|  pooling2d_cl<array<ap_fixed,8u>,array<ap_fixed<16,6,5,3,0>,8u>,config9>|  return value|
|start_out                  |  out|    1|  ap_ctrl_hs|  pooling2d_cl<array<ap_fixed,8u>,array<ap_fixed<16,6,5,3,0>,8u>,config9>|  return value|
|start_write                |  out|    1|  ap_ctrl_hs|  pooling2d_cl<array<ap_fixed,8u>,array<ap_fixed<16,6,5,3,0>,8u>,config9>|  return value|
|layer8_out_dout            |   in|  128|     ap_fifo|                                                               layer8_out|       pointer|
|layer8_out_num_data_valid  |   in|    8|     ap_fifo|                                                               layer8_out|       pointer|
|layer8_out_fifo_cap        |   in|    8|     ap_fifo|                                                               layer8_out|       pointer|
|layer8_out_empty_n         |   in|    1|     ap_fifo|                                                               layer8_out|       pointer|
|layer8_out_read            |  out|    1|     ap_fifo|                                                               layer8_out|       pointer|
|layer9_out_din             |  out|  128|     ap_fifo|                                                               layer9_out|       pointer|
|layer9_out_num_data_valid  |   in|    5|     ap_fifo|                                                               layer9_out|       pointer|
|layer9_out_fifo_cap        |   in|    5|     ap_fifo|                                                               layer9_out|       pointer|
|layer9_out_full_n          |   in|    1|     ap_fifo|                                                               layer9_out|       pointer|
|layer9_out_write           |  out|    1|     ap_fifo|                                                               layer9_out|       pointer|
+---------------------------+-----+-----+------------+-------------------------------------------------------------------------+--------------+

