

================================================================
== Vitis HLS Report for 'pooling2d_cl_array_ap_fixed_6u_array_ap_fixed_16_6_5_3_0_6u_config5_s'
================================================================
* Date:           Sun Apr  5 17:32:24 2026

* Version:        2023.2 (Build 4023990 on Oct 11 2023)
* Project:        gaussian_prj
* Solution:       solution1 (Vivado IP Flow Target)
* Product family: kintexu
* Target device:  xcku035-fbva676-2-e


================================================================
== Performance Estimates
================================================================
+ Timing: 
    * Summary: 
    +--------+---------+----------+------------+
    |  Clock |  Target | Estimated| Uncertainty|
    +--------+---------+----------+------------+
    |ap_clk  |  5.00 ns|  3.847 ns|     1.35 ns|
    +--------+---------+----------+------------+

+ Latency: 
    * Summary: 
    +---------+---------+-----------+-----------+------+------+---------+
    |  Latency (cycles) |   Latency (absolute)  |   Interval  | Pipeline|
    |   min   |   max   |    min    |    max    |  min |  max |   Type  |
    +---------+---------+-----------+-----------+------+------+---------+
    |     4237|     4237|  21.185 us|  21.185 us|  4237|  4237|       no|
    +---------+---------+-----------+-----------+------+------+---------+

    + Detail: 
        * Instance: 
        +---------------------------------------------------------------------------+----------------------------------------------------------+---------+---------+----------+----------+-----+-----+---------+
        |                                                                           |                                                          |  Latency (cycles) |  Latency (absolute) |  Interval | Pipeline|
        |                                  Instance                                 |                          Module                          |   min   |   max   |    min   |    max   | min | max |   Type  |
        +---------------------------------------------------------------------------+----------------------------------------------------------+---------+---------+----------+----------+-----+-----+---------+
        |call_ln52_shift_line_buffer_array_ap_fixed_16_6_5_3_0_6u_config5_s_fu_336  |shift_line_buffer_array_ap_fixed_16_6_5_3_0_6u_config5_s  |        0|        0|      0 ns|      0 ns|    1|    1|      yes|
        +---------------------------------------------------------------------------+----------------------------------------------------------+---------+---------+----------+----------+-----+-----+---------+

        * Loop: 
        +----------------------------------+---------+---------+----------+-----------+-----------+------+----------+
        |                                  |  Latency (cycles) | Iteration|  Initiation Interval  | Trip |          |
        |             Loop Name            |   min   |   max   |  Latency |  achieved |   target  | Count| Pipelined|
        +----------------------------------+---------+---------+----------+-----------+-----------+------+----------+
        |- ReadInputHeight_ReadInputWidth  |     4235|     4235|         6|          2|          1|  2116|       yes|
        +----------------------------------+---------+---------+----------+-----------+-----------+------+----------+



================================================================
== Utilization Estimates
================================================================
* Summary: 
+-----------------+---------+------+--------+--------+-----+
|       Name      | BRAM_18K|  DSP |   FF   |   LUT  | URAM|
+-----------------+---------+------+--------+--------+-----+
|DSP              |        -|     -|       -|       -|    -|
|Expression       |        -|     -|       0|    4187|    -|
|FIFO             |        -|     -|       -|       -|    -|
|Instance         |        -|     -|       1|     666|    -|
|Memory           |        -|     -|       -|       -|    -|
|Multiplexer      |        -|     -|       -|     122|    -|
|Register         |        -|     -|    2801|       2|    -|
+-----------------+---------+------+--------+--------+-----+
|Total            |        0|     0|    2802|    4977|    0|
+-----------------+---------+------+--------+--------+-----+
|Available        |     1080|  1700|  406256|  203128|    0|
+-----------------+---------+------+--------+--------+-----+
|Utilization (%)  |        0|     0|      ~0|       2|    0|
+-----------------+---------+------+--------+--------+-----+

+ Detail: 
    * Instance: 
    +---------------------------------------------------------------------------+----------------------------------------------------------+---------+----+---+-----+-----+
    |                                  Instance                                 |                          Module                          | BRAM_18K| DSP| FF| LUT | URAM|
    +---------------------------------------------------------------------------+----------------------------------------------------------+---------+----+---+-----+-----+
    |call_ln52_shift_line_buffer_array_ap_fixed_16_6_5_3_0_6u_config5_s_fu_336  |shift_line_buffer_array_ap_fixed_16_6_5_3_0_6u_config5_s  |        0|   0|  1|  666|    0|
    +---------------------------------------------------------------------------+----------------------------------------------------------+---------+----+---+-----+-----+
    |Total                                                                      |                                                          |        0|   0|  1|  666|    0|
    +---------------------------------------------------------------------------+----------------------------------------------------------+---------+----+---+-----+-----+

    * DSP: 
    N/A

    * Memory: 
    N/A

    * FIFO: 
    N/A

    * Expression: 
    +------------------------------------------+----------+----+---+----+------------+------------+
    |               Variable Name              | Operation| DSP| FF| LUT| Bitwidth P0| Bitwidth P1|
    +------------------------------------------+----------+----+---+----+------------+------------+
    |add_ln109_fu_588_p2                       |         +|   0|  0|  19|          12|           1|
    |add_ln76_fu_646_p2                        |         +|   0|  0|  39|          32|           1|
    |add_ln80_fu_700_p2                        |         +|   0|  0|  39|          32|           1|
    |add_ln86_fu_736_p2                        |         +|   0|  0|  39|          32|          32|
    |add_ln91_fu_672_p2                        |         +|   0|  0|  39|          32|          32|
    |and_ln55_2_fu_640_p2                      |       and|   0|  0|   2|           1|           1|
    |and_ln55_fu_634_p2                        |       and|   0|  0|   2|           1|           1|
    |ap_block_state2_pp0_stage1_iter0          |       and|   0|  0|   2|           1|           1|
    |ap_block_state6_pp0_stage1_iter2          |       and|   0|  0|   2|           1|           1|
    |ap_condition_1380                         |       and|   0|  0|   2|           1|           1|
    |ap_condition_728                          |       and|   0|  0|   2|           1|           1|
    |ap_condition_741                          |       and|   0|  0|   2|           1|           1|
    |ap_predicate_op435_write_state6           |       and|   0|  0|   2|           1|           1|
    |icmp_ln109_fu_582_p2                      |      icmp|   0|  0|  19|          12|          12|
    |icmp_ln55_4_fu_612_p2                     |      icmp|   0|  0|  39|          32|           2|
    |icmp_ln55_5_fu_622_p2                     |      icmp|   0|  0|  39|          32|           2|
    |icmp_ln55_6_fu_628_p2                     |      icmp|   0|  0|  39|          32|           2|
    |icmp_ln55_fu_598_p2                       |      icmp|   0|  0|  39|          32|           2|
    |icmp_ln66_100_fu_2163_p2                  |      icmp|   0|  0|  23|          16|          16|
    |icmp_ln66_101_fu_2169_p2                  |      icmp|   0|  0|  23|          16|          16|
    |icmp_ln66_102_fu_2189_p2                  |      icmp|   0|  0|  23|          16|          16|
    |icmp_ln66_103_fu_2209_p2                  |      icmp|   0|  0|  23|          16|          16|
    |icmp_ln66_104_fu_2749_p2                  |      icmp|   0|  0|  23|          16|          16|
    |icmp_ln66_105_fu_2215_p2                  |      icmp|   0|  0|  23|          16|          16|
    |icmp_ln66_106_fu_2235_p2                  |      icmp|   0|  0|  23|          16|          16|
    |icmp_ln66_107_fu_2255_p2                  |      icmp|   0|  0|  23|          16|          16|
    |icmp_ln66_108_fu_2261_p2                  |      icmp|   0|  0|  23|          16|          16|
    |icmp_ln66_109_fu_2281_p2                  |      icmp|   0|  0|  23|          16|          16|
    |icmp_ln66_110_fu_2301_p2                  |      icmp|   0|  0|  23|          16|          16|
    |icmp_ln66_111_fu_2791_p2                  |      icmp|   0|  0|  23|          16|          16|
    |icmp_ln66_112_fu_2891_p2                  |      icmp|   0|  0|  23|          16|          16|
    |icmp_ln66_24_fu_903_p2                    |      icmp|   0|  0|  23|          16|          16|
    |icmp_ln66_25_fu_923_p2                    |      icmp|   0|  0|  23|          16|          16|
    |icmp_ln66_26_fu_929_p2                    |      icmp|   0|  0|  23|          16|          16|
    |icmp_ln66_27_fu_949_p2                    |      icmp|   0|  0|  23|          16|          16|
    |icmp_ln66_28_fu_969_p2                    |      icmp|   0|  0|  23|          16|          16|
    |icmp_ln66_29_fu_2329_p2                   |      icmp|   0|  0|  23|          16|          16|
    |icmp_ln66_30_fu_975_p2                    |      icmp|   0|  0|  23|          16|          16|
    |icmp_ln66_31_fu_995_p2                    |      icmp|   0|  0|  23|          16|          16|
    |icmp_ln66_32_fu_1015_p2                   |      icmp|   0|  0|  23|          16|          16|
    |icmp_ln66_33_fu_1021_p2                   |      icmp|   0|  0|  23|          16|          16|
    |icmp_ln66_34_fu_1041_p2                   |      icmp|   0|  0|  23|          16|          16|
    |icmp_ln66_35_fu_1061_p2                   |      icmp|   0|  0|  23|          16|          16|
    |icmp_ln66_36_fu_2371_p2                   |      icmp|   0|  0|  23|          16|          16|
    |icmp_ln66_37_fu_2811_p2                   |      icmp|   0|  0|  23|          16|          16|
    |icmp_ln66_38_fu_1131_p2                   |      icmp|   0|  0|  23|          16|          16|
    |icmp_ln66_39_fu_1151_p2                   |      icmp|   0|  0|  23|          16|          16|
    |icmp_ln66_40_fu_1171_p2                   |      icmp|   0|  0|  23|          16|          16|
    |icmp_ln66_41_fu_1177_p2                   |      icmp|   0|  0|  23|          16|          16|
    |icmp_ln66_42_fu_1197_p2                   |      icmp|   0|  0|  23|          16|          16|
    |icmp_ln66_43_fu_1217_p2                   |      icmp|   0|  0|  23|          16|          16|
    |icmp_ln66_44_fu_2413_p2                   |      icmp|   0|  0|  23|          16|          16|
    |icmp_ln66_45_fu_1223_p2                   |      icmp|   0|  0|  23|          16|          16|
    |icmp_ln66_46_fu_1243_p2                   |      icmp|   0|  0|  23|          16|          16|
    |icmp_ln66_47_fu_1263_p2                   |      icmp|   0|  0|  23|          16|          16|
    |icmp_ln66_48_fu_1269_p2                   |      icmp|   0|  0|  23|          16|          16|
    |icmp_ln66_49_fu_1289_p2                   |      icmp|   0|  0|  23|          16|          16|
    |icmp_ln66_50_fu_1309_p2                   |      icmp|   0|  0|  23|          16|          16|
    |icmp_ln66_51_fu_2455_p2                   |      icmp|   0|  0|  23|          16|          16|
    |icmp_ln66_52_fu_2827_p2                   |      icmp|   0|  0|  23|          16|          16|
    |icmp_ln66_53_fu_1379_p2                   |      icmp|   0|  0|  23|          16|          16|
    |icmp_ln66_54_fu_1399_p2                   |      icmp|   0|  0|  23|          16|          16|
    |icmp_ln66_55_fu_1419_p2                   |      icmp|   0|  0|  23|          16|          16|
    |icmp_ln66_56_fu_1425_p2                   |      icmp|   0|  0|  23|          16|          16|
    |icmp_ln66_57_fu_1445_p2                   |      icmp|   0|  0|  23|          16|          16|
    |icmp_ln66_58_fu_1465_p2                   |      icmp|   0|  0|  23|          16|          16|
    |icmp_ln66_59_fu_2497_p2                   |      icmp|   0|  0|  23|          16|          16|
    |icmp_ln66_60_fu_1471_p2                   |      icmp|   0|  0|  23|          16|          16|
    |icmp_ln66_61_fu_1491_p2                   |      icmp|   0|  0|  23|          16|          16|
    |icmp_ln66_62_fu_1511_p2                   |      icmp|   0|  0|  23|          16|          16|
    |icmp_ln66_63_fu_1517_p2                   |      icmp|   0|  0|  23|          16|          16|
    |icmp_ln66_64_fu_1537_p2                   |      icmp|   0|  0|  23|          16|          16|
    |icmp_ln66_65_fu_1557_p2                   |      icmp|   0|  0|  23|          16|          16|
    |icmp_ln66_66_fu_2539_p2                   |      icmp|   0|  0|  23|          16|          16|
    |icmp_ln66_67_fu_2843_p2                   |      icmp|   0|  0|  23|          16|          16|
    |icmp_ln66_68_fu_1627_p2                   |      icmp|   0|  0|  23|          16|          16|
    |icmp_ln66_69_fu_1647_p2                   |      icmp|   0|  0|  23|          16|          16|
    |icmp_ln66_70_fu_1667_p2                   |      icmp|   0|  0|  23|          16|          16|
    |icmp_ln66_71_fu_1673_p2                   |      icmp|   0|  0|  23|          16|          16|
    |icmp_ln66_72_fu_1693_p2                   |      icmp|   0|  0|  23|          16|          16|
    |icmp_ln66_73_fu_1713_p2                   |      icmp|   0|  0|  23|          16|          16|
    |icmp_ln66_74_fu_2581_p2                   |      icmp|   0|  0|  23|          16|          16|
    |icmp_ln66_75_fu_1719_p2                   |      icmp|   0|  0|  23|          16|          16|
    |icmp_ln66_76_fu_1739_p2                   |      icmp|   0|  0|  23|          16|          16|
    |icmp_ln66_77_fu_1759_p2                   |      icmp|   0|  0|  23|          16|          16|
    |icmp_ln66_78_fu_1765_p2                   |      icmp|   0|  0|  23|          16|          16|
    |icmp_ln66_79_fu_1785_p2                   |      icmp|   0|  0|  23|          16|          16|
    |icmp_ln66_80_fu_1805_p2                   |      icmp|   0|  0|  23|          16|          16|
    |icmp_ln66_81_fu_2623_p2                   |      icmp|   0|  0|  23|          16|          16|
    |icmp_ln66_82_fu_2859_p2                   |      icmp|   0|  0|  23|          16|          16|
    |icmp_ln66_83_fu_1875_p2                   |      icmp|   0|  0|  23|          16|          16|
    |icmp_ln66_84_fu_1895_p2                   |      icmp|   0|  0|  23|          16|          16|
    |icmp_ln66_85_fu_1915_p2                   |      icmp|   0|  0|  23|          16|          16|
    |icmp_ln66_86_fu_1921_p2                   |      icmp|   0|  0|  23|          16|          16|
    |icmp_ln66_87_fu_1941_p2                   |      icmp|   0|  0|  23|          16|          16|
    |icmp_ln66_88_fu_1961_p2                   |      icmp|   0|  0|  23|          16|          16|
    |icmp_ln66_89_fu_2665_p2                   |      icmp|   0|  0|  23|          16|          16|
    |icmp_ln66_90_fu_1967_p2                   |      icmp|   0|  0|  23|          16|          16|
    |icmp_ln66_91_fu_1987_p2                   |      icmp|   0|  0|  23|          16|          16|
    |icmp_ln66_92_fu_2007_p2                   |      icmp|   0|  0|  23|          16|          16|
    |icmp_ln66_93_fu_2013_p2                   |      icmp|   0|  0|  23|          16|          16|
    |icmp_ln66_94_fu_2033_p2                   |      icmp|   0|  0|  23|          16|          16|
    |icmp_ln66_95_fu_2053_p2                   |      icmp|   0|  0|  23|          16|          16|
    |icmp_ln66_96_fu_2707_p2                   |      icmp|   0|  0|  23|          16|          16|
    |icmp_ln66_97_fu_2875_p2                   |      icmp|   0|  0|  23|          16|          16|
    |icmp_ln66_98_fu_2123_p2                   |      icmp|   0|  0|  23|          16|          16|
    |icmp_ln66_99_fu_2143_p2                   |      icmp|   0|  0|  23|          16|          16|
    |icmp_ln66_fu_883_p2                       |      icmp|   0|  0|  23|          16|          16|
    |icmp_ln76_fu_652_p2                       |      icmp|   0|  0|  39|          32|           6|
    |icmp_ln80_fu_706_p2                       |      icmp|   0|  0|  39|          32|           6|
    |icmp_ln86_fu_722_p2                       |      icmp|   0|  0|  39|          32|           2|
    |ap_block_pp0_stage0_11001                 |        or|   0|  0|   2|           1|           1|
    |ap_block_pp0_stage1_01001                 |        or|   0|  0|   2|           1|           1|
    |ap_block_pp0_stage1_11001_ignoreCallOp64  |        or|   0|  0|   2|           1|           1|
    |res_pack_10_fu_2869_p3                    |    select|   0|  0|  16|           1|          16|
    |res_pack_11_fu_2885_p3                    |    select|   0|  0|  16|           1|          16|
    |res_pack_12_fu_2901_p3                    |    select|   0|  0|  16|           1|          16|
    |res_pack_8_fu_2837_p3                     |    select|   0|  0|  16|           1|          16|
    |res_pack_9_fu_2853_p3                     |    select|   0|  0|  16|           1|          16|
    |res_pack_fu_2821_p3                       |    select|   0|  0|  16|           1|          16|
    |select_ln0_16_fu_915_p3                   |    select|   0|  0|  16|           1|          16|
    |select_ln0_17_fu_2312_p3                  |    select|   0|  0|  16|           1|          16|
    |select_ln0_18_fu_941_p3                   |    select|   0|  0|  16|           1|          16|
    |select_ln0_19_fu_961_p3                   |    select|   0|  0|  16|           1|          16|
    |select_ln0_20_fu_2323_p3                  |    select|   0|  0|  16|           1|          16|
    |select_ln0_21_fu_2341_p3                  |    select|   0|  0|  16|           1|          16|
    |select_ln0_22_fu_987_p3                   |    select|   0|  0|  16|           1|          16|
    |select_ln0_23_fu_1007_p3                  |    select|   0|  0|  16|           1|          16|
    |select_ln0_24_fu_2354_p3                  |    select|   0|  0|  16|           1|          16|
    |select_ln0_25_fu_1033_p3                  |    select|   0|  0|  16|           1|          16|
    |select_ln0_26_fu_1053_p3                  |    select|   0|  0|  16|           1|          16|
    |select_ln0_27_fu_2365_p3                  |    select|   0|  0|  16|           1|          16|
    |select_ln0_28_fu_2383_p3                  |    select|   0|  0|  16|           1|          16|
    |select_ln0_29_fu_1143_p3                  |    select|   0|  0|  16|           1|          16|
    |select_ln0_30_fu_1163_p3                  |    select|   0|  0|  16|           1|          16|
    |select_ln0_31_fu_2396_p3                  |    select|   0|  0|  16|           1|          16|
    |select_ln0_32_fu_1189_p3                  |    select|   0|  0|  16|           1|          16|
    |select_ln0_33_fu_1209_p3                  |    select|   0|  0|  16|           1|          16|
    |select_ln0_34_fu_2407_p3                  |    select|   0|  0|  16|           1|          16|
    |select_ln0_35_fu_2425_p3                  |    select|   0|  0|  16|           1|          16|
    |select_ln0_36_fu_1235_p3                  |    select|   0|  0|  16|           1|          16|
    |select_ln0_37_fu_1255_p3                  |    select|   0|  0|  16|           1|          16|
    |select_ln0_38_fu_2438_p3                  |    select|   0|  0|  16|           1|          16|
    |select_ln0_39_fu_1281_p3                  |    select|   0|  0|  16|           1|          16|
    |select_ln0_40_fu_1301_p3                  |    select|   0|  0|  16|           1|          16|
    |select_ln0_41_fu_2449_p3                  |    select|   0|  0|  16|           1|          16|
    |select_ln0_42_fu_2467_p3                  |    select|   0|  0|  16|           1|          16|
    |select_ln0_43_fu_1391_p3                  |    select|   0|  0|  16|           1|          16|
    |select_ln0_44_fu_1411_p3                  |    select|   0|  0|  16|           1|          16|
    |select_ln0_45_fu_2480_p3                  |    select|   0|  0|  16|           1|          16|
    |select_ln0_46_fu_1437_p3                  |    select|   0|  0|  16|           1|          16|
    |select_ln0_47_fu_1457_p3                  |    select|   0|  0|  16|           1|          16|
    |select_ln0_48_fu_2491_p3                  |    select|   0|  0|  16|           1|          16|
    |select_ln0_49_fu_2509_p3                  |    select|   0|  0|  16|           1|          16|
    |select_ln0_50_fu_1483_p3                  |    select|   0|  0|  16|           1|          16|
    |select_ln0_51_fu_1503_p3                  |    select|   0|  0|  16|           1|          16|
    |select_ln0_52_fu_2522_p3                  |    select|   0|  0|  16|           1|          16|
    |select_ln0_53_fu_1529_p3                  |    select|   0|  0|  16|           1|          16|
    |select_ln0_54_fu_1549_p3                  |    select|   0|  0|  16|           1|          16|
    |select_ln0_55_fu_2533_p3                  |    select|   0|  0|  16|           1|          16|
    |select_ln0_56_fu_2551_p3                  |    select|   0|  0|  16|           1|          16|
    |select_ln0_57_fu_1639_p3                  |    select|   0|  0|  16|           1|          16|
    |select_ln0_58_fu_1659_p3                  |    select|   0|  0|  16|           1|          16|
    |select_ln0_59_fu_2564_p3                  |    select|   0|  0|  16|           1|          16|
    |select_ln0_60_fu_1685_p3                  |    select|   0|  0|  16|           1|          16|
    |select_ln0_61_fu_1705_p3                  |    select|   0|  0|  16|           1|          16|
    |select_ln0_62_fu_2575_p3                  |    select|   0|  0|  16|           1|          16|
    |select_ln0_63_fu_2593_p3                  |    select|   0|  0|  16|           1|          16|
    |select_ln0_64_fu_1731_p3                  |    select|   0|  0|  16|           1|          16|
    |select_ln0_65_fu_1751_p3                  |    select|   0|  0|  16|           1|          16|
    |select_ln0_66_fu_2606_p3                  |    select|   0|  0|  16|           1|          16|
    |select_ln0_67_fu_1777_p3                  |    select|   0|  0|  16|           1|          16|
    |select_ln0_68_fu_1797_p3                  |    select|   0|  0|  16|           1|          16|
    |select_ln0_69_fu_2617_p3                  |    select|   0|  0|  16|           1|          16|
    |select_ln0_70_fu_2635_p3                  |    select|   0|  0|  16|           1|          16|
    |select_ln0_71_fu_1887_p3                  |    select|   0|  0|  16|           1|          16|
    |select_ln0_72_fu_1907_p3                  |    select|   0|  0|  16|           1|          16|
    |select_ln0_73_fu_2648_p3                  |    select|   0|  0|  16|           1|          16|
    |select_ln0_74_fu_1933_p3                  |    select|   0|  0|  16|           1|          16|
    |select_ln0_75_fu_1953_p3                  |    select|   0|  0|  16|           1|          16|
    |select_ln0_76_fu_2659_p3                  |    select|   0|  0|  16|           1|          16|
    |select_ln0_77_fu_2677_p3                  |    select|   0|  0|  16|           1|          16|
    |select_ln0_78_fu_1979_p3                  |    select|   0|  0|  16|           1|          16|
    |select_ln0_79_fu_1999_p3                  |    select|   0|  0|  16|           1|          16|
    |select_ln0_80_fu_2690_p3                  |    select|   0|  0|  16|           1|          16|
    |select_ln0_81_fu_2025_p3                  |    select|   0|  0|  16|           1|          16|
    |select_ln0_82_fu_2045_p3                  |    select|   0|  0|  16|           1|          16|
    |select_ln0_83_fu_2701_p3                  |    select|   0|  0|  16|           1|          16|
    |select_ln0_84_fu_2719_p3                  |    select|   0|  0|  16|           1|          16|
    |select_ln0_85_fu_2135_p3                  |    select|   0|  0|  16|           1|          16|
    |select_ln0_86_fu_2155_p3                  |    select|   0|  0|  16|           1|          16|
    |select_ln0_87_fu_2732_p3                  |    select|   0|  0|  16|           1|          16|
    |select_ln0_88_fu_2181_p3                  |    select|   0|  0|  16|           1|          16|
    |select_ln0_89_fu_2201_p3                  |    select|   0|  0|  16|           1|          16|
    |select_ln0_90_fu_2743_p3                  |    select|   0|  0|  16|           1|          16|
    |select_ln0_91_fu_2761_p3                  |    select|   0|  0|  16|           1|          16|
    |select_ln0_92_fu_2227_p3                  |    select|   0|  0|  16|           1|          16|
    |select_ln0_93_fu_2247_p3                  |    select|   0|  0|  16|           1|          16|
    |select_ln0_94_fu_2774_p3                  |    select|   0|  0|  16|           1|          16|
    |select_ln0_95_fu_2273_p3                  |    select|   0|  0|  16|           1|          16|
    |select_ln0_96_fu_2293_p3                  |    select|   0|  0|  16|           1|          16|
    |select_ln0_97_fu_2785_p3                  |    select|   0|  0|  16|           1|          16|
    |select_ln0_98_fu_2803_p3                  |    select|   0|  0|  16|           1|          16|
    |select_ln0_fu_895_p3                      |    select|   0|  0|  16|           1|          16|
    |select_ln86_fu_728_p3                     |    select|   0|  0|   3|           1|           3|
    |select_ln91_fu_664_p3                     |    select|   0|  0|   3|           1|           3|
    |ap_enable_pp0                             |       xor|   0|  0|   2|           1|           2|
    |xor_ln66_100_fu_2727_p2                   |       xor|   0|  0|   2|           1|           2|
    |xor_ln66_101_fu_2175_p2                   |       xor|   0|  0|   2|           1|           2|
    |xor_ln66_102_fu_2195_p2                   |       xor|   0|  0|   2|           1|           2|
    |xor_ln66_103_fu_2738_p2                   |       xor|   0|  0|   2|           1|           2|
    |xor_ln66_104_fu_2755_p2                   |       xor|   0|  0|   2|           1|           2|
    |xor_ln66_105_fu_2221_p2                   |       xor|   0|  0|   2|           1|           2|
    |xor_ln66_106_fu_2241_p2                   |       xor|   0|  0|   2|           1|           2|
    |xor_ln66_107_fu_2769_p2                   |       xor|   0|  0|   2|           1|           2|
    |xor_ln66_108_fu_2267_p2                   |       xor|   0|  0|   2|           1|           2|
    |xor_ln66_109_fu_2287_p2                   |       xor|   0|  0|   2|           1|           2|
    |xor_ln66_110_fu_2780_p2                   |       xor|   0|  0|   2|           1|           2|
    |xor_ln66_111_fu_2797_p2                   |       xor|   0|  0|   2|           1|           2|
    |xor_ln66_112_fu_2895_p2                   |       xor|   0|  0|   2|           1|           2|
    |xor_ln66_24_fu_909_p2                     |       xor|   0|  0|   2|           1|           2|
    |xor_ln66_25_fu_2307_p2                    |       xor|   0|  0|   2|           1|           2|
    |xor_ln66_26_fu_935_p2                     |       xor|   0|  0|   2|           1|           2|
    |xor_ln66_27_fu_955_p2                     |       xor|   0|  0|   2|           1|           2|
    |xor_ln66_28_fu_2318_p2                    |       xor|   0|  0|   2|           1|           2|
    |xor_ln66_29_fu_2335_p2                    |       xor|   0|  0|   2|           1|           2|
    |xor_ln66_30_fu_981_p2                     |       xor|   0|  0|   2|           1|           2|
    |xor_ln66_31_fu_1001_p2                    |       xor|   0|  0|   2|           1|           2|
    |xor_ln66_32_fu_2349_p2                    |       xor|   0|  0|   2|           1|           2|
    |xor_ln66_33_fu_1027_p2                    |       xor|   0|  0|   2|           1|           2|
    |xor_ln66_34_fu_1047_p2                    |       xor|   0|  0|   2|           1|           2|
    |xor_ln66_35_fu_2360_p2                    |       xor|   0|  0|   2|           1|           2|
    |xor_ln66_36_fu_2377_p2                    |       xor|   0|  0|   2|           1|           2|
    |xor_ln66_37_fu_2815_p2                    |       xor|   0|  0|   2|           1|           2|
    |xor_ln66_38_fu_1137_p2                    |       xor|   0|  0|   2|           1|           2|
    |xor_ln66_39_fu_1157_p2                    |       xor|   0|  0|   2|           1|           2|
    |xor_ln66_40_fu_2391_p2                    |       xor|   0|  0|   2|           1|           2|
    |xor_ln66_41_fu_1183_p2                    |       xor|   0|  0|   2|           1|           2|
    |xor_ln66_42_fu_1203_p2                    |       xor|   0|  0|   2|           1|           2|
    |xor_ln66_43_fu_2402_p2                    |       xor|   0|  0|   2|           1|           2|
    |xor_ln66_44_fu_2419_p2                    |       xor|   0|  0|   2|           1|           2|
    |xor_ln66_45_fu_1229_p2                    |       xor|   0|  0|   2|           1|           2|
    |xor_ln66_46_fu_1249_p2                    |       xor|   0|  0|   2|           1|           2|
    |xor_ln66_47_fu_2433_p2                    |       xor|   0|  0|   2|           1|           2|
    |xor_ln66_48_fu_1275_p2                    |       xor|   0|  0|   2|           1|           2|
    |xor_ln66_49_fu_1295_p2                    |       xor|   0|  0|   2|           1|           2|
    |xor_ln66_50_fu_2444_p2                    |       xor|   0|  0|   2|           1|           2|
    |xor_ln66_51_fu_2461_p2                    |       xor|   0|  0|   2|           1|           2|
    |xor_ln66_52_fu_2831_p2                    |       xor|   0|  0|   2|           1|           2|
    |xor_ln66_53_fu_1385_p2                    |       xor|   0|  0|   2|           1|           2|
    |xor_ln66_54_fu_1405_p2                    |       xor|   0|  0|   2|           1|           2|
    |xor_ln66_55_fu_2475_p2                    |       xor|   0|  0|   2|           1|           2|
    |xor_ln66_56_fu_1431_p2                    |       xor|   0|  0|   2|           1|           2|
    |xor_ln66_57_fu_1451_p2                    |       xor|   0|  0|   2|           1|           2|
    |xor_ln66_58_fu_2486_p2                    |       xor|   0|  0|   2|           1|           2|
    |xor_ln66_59_fu_2503_p2                    |       xor|   0|  0|   2|           1|           2|
    |xor_ln66_60_fu_1477_p2                    |       xor|   0|  0|   2|           1|           2|
    |xor_ln66_61_fu_1497_p2                    |       xor|   0|  0|   2|           1|           2|
    |xor_ln66_62_fu_2517_p2                    |       xor|   0|  0|   2|           1|           2|
    |xor_ln66_63_fu_1523_p2                    |       xor|   0|  0|   2|           1|           2|
    |xor_ln66_64_fu_1543_p2                    |       xor|   0|  0|   2|           1|           2|
    |xor_ln66_65_fu_2528_p2                    |       xor|   0|  0|   2|           1|           2|
    |xor_ln66_66_fu_2545_p2                    |       xor|   0|  0|   2|           1|           2|
    |xor_ln66_67_fu_2847_p2                    |       xor|   0|  0|   2|           1|           2|
    |xor_ln66_68_fu_1633_p2                    |       xor|   0|  0|   2|           1|           2|
    |xor_ln66_69_fu_1653_p2                    |       xor|   0|  0|   2|           1|           2|
    |xor_ln66_70_fu_2559_p2                    |       xor|   0|  0|   2|           1|           2|
    |xor_ln66_71_fu_1679_p2                    |       xor|   0|  0|   2|           1|           2|
    |xor_ln66_72_fu_1699_p2                    |       xor|   0|  0|   2|           1|           2|
    |xor_ln66_73_fu_2570_p2                    |       xor|   0|  0|   2|           1|           2|
    |xor_ln66_74_fu_2587_p2                    |       xor|   0|  0|   2|           1|           2|
    |xor_ln66_75_fu_1725_p2                    |       xor|   0|  0|   2|           1|           2|
    |xor_ln66_76_fu_1745_p2                    |       xor|   0|  0|   2|           1|           2|
    |xor_ln66_77_fu_2601_p2                    |       xor|   0|  0|   2|           1|           2|
    |xor_ln66_78_fu_1771_p2                    |       xor|   0|  0|   2|           1|           2|
    |xor_ln66_79_fu_1791_p2                    |       xor|   0|  0|   2|           1|           2|
    |xor_ln66_80_fu_2612_p2                    |       xor|   0|  0|   2|           1|           2|
    |xor_ln66_81_fu_2629_p2                    |       xor|   0|  0|   2|           1|           2|
    |xor_ln66_82_fu_2863_p2                    |       xor|   0|  0|   2|           1|           2|
    |xor_ln66_83_fu_1881_p2                    |       xor|   0|  0|   2|           1|           2|
    |xor_ln66_84_fu_1901_p2                    |       xor|   0|  0|   2|           1|           2|
    |xor_ln66_85_fu_2643_p2                    |       xor|   0|  0|   2|           1|           2|
    |xor_ln66_86_fu_1927_p2                    |       xor|   0|  0|   2|           1|           2|
    |xor_ln66_87_fu_1947_p2                    |       xor|   0|  0|   2|           1|           2|
    |xor_ln66_88_fu_2654_p2                    |       xor|   0|  0|   2|           1|           2|
    |xor_ln66_89_fu_2671_p2                    |       xor|   0|  0|   2|           1|           2|
    |xor_ln66_90_fu_1973_p2                    |       xor|   0|  0|   2|           1|           2|
    |xor_ln66_91_fu_1993_p2                    |       xor|   0|  0|   2|           1|           2|
    |xor_ln66_92_fu_2685_p2                    |       xor|   0|  0|   2|           1|           2|
    |xor_ln66_93_fu_2019_p2                    |       xor|   0|  0|   2|           1|           2|
    |xor_ln66_94_fu_2039_p2                    |       xor|   0|  0|   2|           1|           2|
    |xor_ln66_95_fu_2696_p2                    |       xor|   0|  0|   2|           1|           2|
    |xor_ln66_96_fu_2713_p2                    |       xor|   0|  0|   2|           1|           2|
    |xor_ln66_97_fu_2879_p2                    |       xor|   0|  0|   2|           1|           2|
    |xor_ln66_98_fu_2129_p2                    |       xor|   0|  0|   2|           1|           2|
    |xor_ln66_99_fu_2149_p2                    |       xor|   0|  0|   2|           1|           2|
    |xor_ln66_fu_889_p2                        |       xor|   0|  0|   2|           1|           2|
    +------------------------------------------+----------+----+---+----+------------+------------+
    |Total                                     |          |   0|  0|4187|        2010|        3180|
    +------------------------------------------+----------+----+---+----+------------+------------+

    * Multiplexer: 
    +-----------------------------------------+----+-----------+-----+-----------+
    |                   Name                  | LUT| Input Size| Bits| Total Bits|
    +-----------------------------------------+----+-----------+-----+-----------+
    |ap_NS_fsm                                |  14|          3|    1|          3|
    |ap_done_int                              |   9|          2|    1|          2|
    |ap_enable_reg_pp0_iter0                  |   9|          2|    1|          2|
    |ap_enable_reg_pp0_iter1                  |   9|          2|    1|          2|
    |ap_phi_reg_pp0_iter0_storemerge_reg_325  |   9|          2|   32|         64|
    |ap_sig_allocacmp_indvar_flatten_load     |   9|          2|   12|         24|
    |indvar_flatten_fu_308                    |   9|          2|   12|         24|
    |layer4_out_blk_n                         |   9|          2|    1|          2|
    |layer5_out_blk_n                         |   9|          2|    1|          2|
    |pX_1                                     |   9|          2|   32|         64|
    |pY_1                                     |   9|          2|   32|         64|
    |real_start                               |   9|          2|    1|          2|
    |sX_1                                     |   9|          2|   32|         64|
    +-----------------------------------------+----+-----------+-----+-----------+
    |Total                                    | 122|         27|  159|        319|
    +-----------------------------------------+----+-----------+-----+-----------+

    * Register: 
    +----------------------------------------------------------------------------------------+----+----+-----+-----------+
    |                                          Name                                          | FF | LUT| Bits| Const Bits|
    +----------------------------------------------------------------------------------------+----+----+-----+-----------+
    |and_ln55_2_reg_2933                                                                     |   1|   0|    1|          0|
    |ap_CS_fsm                                                                               |   2|   0|    2|          0|
    |ap_done_reg                                                                             |   1|   0|    1|          0|
    |ap_enable_reg_pp0_iter0_reg                                                             |   1|   0|    1|          0|
    |ap_enable_reg_pp0_iter1                                                                 |   1|   0|    1|          0|
    |ap_enable_reg_pp0_iter2                                                                 |   1|   0|    1|          0|
    |ap_loop_exit_ready_pp0_iter1_reg                                                        |   1|   0|    1|          0|
    |ap_phi_reg_pp0_iter0_storemerge_reg_325                                                 |  32|   0|   32|          0|
    |call_ln52_shift_line_buffer_array_ap_fixed_16_6_5_3_0_6u_config5_s_fu_336_ap_start_reg  |   1|   0|    1|          0|
    |icmp_ln109_reg_2925                                                                     |   1|   0|    1|          0|
    |icmp_ln55_reg_2929                                                                      |   1|   0|    1|          0|
    |icmp_ln66_100_reg_3260                                                                  |   1|   0|    1|          0|
    |icmp_ln66_103_reg_3275                                                                  |   1|   0|    1|          0|
    |icmp_ln66_107_reg_3290                                                                  |   1|   0|    1|          0|
    |icmp_ln66_110_reg_3305                                                                  |   1|   0|    1|          0|
    |icmp_ln66_25_reg_2960                                                                   |   1|   0|    1|          0|
    |icmp_ln66_28_reg_2975                                                                   |   1|   0|    1|          0|
    |icmp_ln66_32_reg_2990                                                                   |   1|   0|    1|          0|
    |icmp_ln66_35_reg_3005                                                                   |   1|   0|    1|          0|
    |icmp_ln66_40_reg_3020                                                                   |   1|   0|    1|          0|
    |icmp_ln66_43_reg_3035                                                                   |   1|   0|    1|          0|
    |icmp_ln66_47_reg_3050                                                                   |   1|   0|    1|          0|
    |icmp_ln66_50_reg_3065                                                                   |   1|   0|    1|          0|
    |icmp_ln66_55_reg_3080                                                                   |   1|   0|    1|          0|
    |icmp_ln66_58_reg_3095                                                                   |   1|   0|    1|          0|
    |icmp_ln66_62_reg_3110                                                                   |   1|   0|    1|          0|
    |icmp_ln66_65_reg_3125                                                                   |   1|   0|    1|          0|
    |icmp_ln66_70_reg_3140                                                                   |   1|   0|    1|          0|
    |icmp_ln66_73_reg_3155                                                                   |   1|   0|    1|          0|
    |icmp_ln66_77_reg_3170                                                                   |   1|   0|    1|          0|
    |icmp_ln66_80_reg_3185                                                                   |   1|   0|    1|          0|
    |icmp_ln66_85_reg_3200                                                                   |   1|   0|    1|          0|
    |icmp_ln66_88_reg_3215                                                                   |   1|   0|    1|          0|
    |icmp_ln66_92_reg_3230                                                                   |   1|   0|    1|          0|
    |icmp_ln66_95_reg_3245                                                                   |   1|   0|    1|          0|
    |icmp_ln76_reg_2937                                                                      |   1|   0|    1|          0|
    |indvar_flatten_fu_308                                                                   |  12|   0|   12|          0|
    |pX_1                                                                                    |  32|   0|   32|          0|
    |pY_1                                                                                    |  32|   0|   32|          0|
    |p_ZZN4nnet22compute_pool_buffer_2dINS_5arrayI8ap_fixedILi16ELi6EL9ap_q_mode5EL9ap_167   |  16|   0|   16|          0|
    |p_ZZN4nnet22compute_pool_buffer_2dINS_5arrayI8ap_fixedILi16ELi6EL9ap_q_mode5EL9ap_168   |  16|   0|   16|          0|
    |p_ZZN4nnet22compute_pool_buffer_2dINS_5arrayI8ap_fixedILi16ELi6EL9ap_q_mode5EL9ap_169   |  16|   0|   16|          0|
    |p_ZZN4nnet22compute_pool_buffer_2dINS_5arrayI8ap_fixedILi16ELi6EL9ap_q_mode5EL9ap_170   |  16|   0|   16|          0|
    |p_ZZN4nnet22compute_pool_buffer_2dINS_5arrayI8ap_fixedILi16ELi6EL9ap_q_mode5EL9ap_171   |  16|   0|   16|          0|
    |p_ZZN4nnet22compute_pool_buffer_2dINS_5arrayI8ap_fixedILi16ELi6EL9ap_q_mode5EL9ap_172   |  16|   0|   16|          0|
    |p_ZZN4nnet22compute_pool_buffer_2dINS_5arrayI8ap_fixedILi16ELi6EL9ap_q_mode5EL9ap_173   |  16|   0|   16|          0|
    |p_ZZN4nnet22compute_pool_buffer_2dINS_5arrayI8ap_fixedILi16ELi6EL9ap_q_mode5EL9ap_174   |  16|   0|   16|          0|
    |p_ZZN4nnet22compute_pool_buffer_2dINS_5arrayI8ap_fixedILi16ELi6EL9ap_q_mode5EL9ap_22    |  16|   0|   16|          0|
    |p_ZZN4nnet22compute_pool_buffer_2dINS_5arrayI8ap_fixedILi16ELi6EL9ap_q_mode5EL9ap_23    |  16|   0|   16|          0|
    |p_ZZN4nnet22compute_pool_buffer_2dINS_5arrayI8ap_fixedILi16ELi6EL9ap_q_mode5EL9ap_24    |  16|   0|   16|          0|
    |p_ZZN4nnet22compute_pool_buffer_2dINS_5arrayI8ap_fixedILi16ELi6EL9ap_q_mode5EL9ap_25    |  16|   0|   16|          0|
    |p_ZZN4nnet22compute_pool_buffer_2dINS_5arrayI8ap_fixedILi16ELi6EL9ap_q_mode5EL9ap_26    |  16|   0|   16|          0|
    |p_ZZN4nnet22compute_pool_buffer_2dINS_5arrayI8ap_fixedILi16ELi6EL9ap_q_mode5EL9ap_27    |  16|   0|   16|          0|
    |p_ZZN4nnet22compute_pool_buffer_2dINS_5arrayI8ap_fixedILi16ELi6EL9ap_q_mode5EL9ap_28    |  16|   0|   16|          0|
    |p_ZZN4nnet22compute_pool_buffer_2dINS_5arrayI8ap_fixedILi16ELi6EL9ap_q_mode5EL9ap_29    |  16|   0|   16|          0|
    |p_ZZN4nnet22compute_pool_buffer_2dINS_5arrayI8ap_fixedILi16ELi6EL9ap_q_mode5EL9ap_30    |  16|   0|   16|          0|
    |p_ZZN4nnet22compute_pool_buffer_2dINS_5arrayI8ap_fixedILi16ELi6EL9ap_q_mode5EL9ap_31    |  16|   0|   16|          0|
    |p_ZZN4nnet22compute_pool_buffer_2dINS_5arrayI8ap_fixedILi16ELi6EL9ap_q_mode5EL9ap_32    |  16|   0|   16|          0|
    |p_ZZN4nnet22compute_pool_buffer_2dINS_5arrayI8ap_fixedILi16ELi6EL9ap_q_mode5EL9ap_33    |  16|   0|   16|          0|
    |p_ZZN4nnet22compute_pool_buffer_2dINS_5arrayI8ap_fixedILi16ELi6EL9ap_q_mode5EL9ap_34    |  16|   0|   16|          0|
    |p_ZZN4nnet22compute_pool_buffer_2dINS_5arrayI8ap_fixedILi16ELi6EL9ap_q_mode5EL9ap_35    |  16|   0|   16|          0|
    |p_ZZN4nnet22compute_pool_buffer_2dINS_5arrayI8ap_fixedILi16ELi6EL9ap_q_mode5EL9ap_36    |  16|   0|   16|          0|
    |p_ZZN4nnet22compute_pool_buffer_2dINS_5arrayI8ap_fixedILi16ELi6EL9ap_q_mode5EL9ap_37    |  16|   0|   16|          0|
    |p_ZZN4nnet22compute_pool_buffer_2dINS_5arrayI8ap_fixedILi16ELi6EL9ap_q_mode5EL9ap_38    |  16|   0|   16|          0|
    |p_ZZN4nnet22compute_pool_buffer_2dINS_5arrayI8ap_fixedILi16ELi6EL9ap_q_mode5EL9ap_39    |  16|   0|   16|          0|
    |p_ZZN4nnet22compute_pool_buffer_2dINS_5arrayI8ap_fixedILi16ELi6EL9ap_q_mode5EL9ap_40    |  16|   0|   16|          0|
    |p_ZZN4nnet22compute_pool_buffer_2dINS_5arrayI8ap_fixedILi16ELi6EL9ap_q_mode5EL9ap_41    |  16|   0|   16|          0|
    |p_ZZN4nnet22compute_pool_buffer_2dINS_5arrayI8ap_fixedILi16ELi6EL9ap_q_mode5EL9ap_42    |  16|   0|   16|          0|
    |p_ZZN4nnet22compute_pool_buffer_2dINS_5arrayI8ap_fixedILi16ELi6EL9ap_q_mode5EL9ap_43    |  16|   0|   16|          0|
    |p_ZZN4nnet22compute_pool_buffer_2dINS_5arrayI8ap_fixedILi16ELi6EL9ap_q_mode5EL9ap_44    |  16|   0|   16|          0|
    |p_ZZN4nnet22compute_pool_buffer_2dINS_5arrayI8ap_fixedILi16ELi6EL9ap_q_mode5EL9ap_45    |  16|   0|   16|          0|
    |p_ZZN4nnet22compute_pool_buffer_2dINS_5arrayI8ap_fixedILi16ELi6EL9ap_q_mode5EL9ap_46    |  16|   0|   16|          0|
    |p_ZZN4nnet22compute_pool_buffer_2dINS_5arrayI8ap_fixedILi16ELi6EL9ap_q_mode5EL9ap_47    |  16|   0|   16|          0|
    |p_ZZN4nnet22compute_pool_buffer_2dINS_5arrayI8ap_fixedILi16ELi6EL9ap_q_mode5EL9ap_48    |  16|   0|   16|          0|
    |p_ZZN4nnet22compute_pool_buffer_2dINS_5arrayI8ap_fixedILi16ELi6EL9ap_q_mode5EL9ap_49    |  16|   0|   16|          0|
    |p_ZZN4nnet22compute_pool_buffer_2dINS_5arrayI8ap_fixedILi16ELi6EL9ap_q_mode5EL9ap_50    |  16|   0|   16|          0|
    |p_ZZN4nnet22compute_pool_buffer_2dINS_5arrayI8ap_fixedILi16ELi6EL9ap_q_mode5EL9ap_51    |  16|   0|   16|          0|
    |p_ZZN4nnet22compute_pool_buffer_2dINS_5arrayI8ap_fixedILi16ELi6EL9ap_q_mode5EL9ap_52    |  16|   0|   16|          0|
    |p_ZZN4nnet22compute_pool_buffer_2dINS_5arrayI8ap_fixedILi16ELi6EL9ap_q_mode5EL9ap_53    |  16|   0|   16|          0|
    |p_ZZN4nnet22compute_pool_buffer_2dINS_5arrayI8ap_fixedILi16ELi6EL9ap_q_mode5EL9ap_54    |  16|   0|   16|          0|
    |p_ZZN4nnet22compute_pool_buffer_2dINS_5arrayI8ap_fixedILi16ELi6EL9ap_q_mode5EL9ap_55    |  16|   0|   16|          0|
    |p_ZZN4nnet22compute_pool_buffer_2dINS_5arrayI8ap_fixedILi16ELi6EL9ap_q_mode5EL9ap_56    |  16|   0|   16|          0|
    |p_ZZN4nnet22compute_pool_buffer_2dINS_5arrayI8ap_fixedILi16ELi6EL9ap_q_mode5EL9ap_57    |  16|   0|   16|          0|
    |p_ZZN4nnet22compute_pool_buffer_2dINS_5arrayI8ap_fixedILi16ELi6EL9ap_q_mode5EL9ap_58    |  16|   0|   16|          0|
    |p_ZZN4nnet22compute_pool_buffer_2dINS_5arrayI8ap_fixedILi16ELi6EL9ap_q_mode5EL9ap_59    |  16|   0|   16|          0|
    |p_ZZN4nnet22compute_pool_buffer_2dINS_5arrayI8ap_fixedILi16ELi6EL9ap_q_mode5EL9ap_60    |  16|   0|   16|          0|
    |p_ZZN4nnet22compute_pool_buffer_2dINS_5arrayI8ap_fixedILi16ELi6EL9ap_q_mode5EL9ap_61    |  16|   0|   16|          0|
    |p_ZZN4nnet22compute_pool_buffer_2dINS_5arrayI8ap_fixedILi16ELi6EL9ap_q_mode5EL9ap_62    |  16|   0|   16|          0|
    |p_ZZN4nnet22compute_pool_buffer_2dINS_5arrayI8ap_fixedILi16ELi6EL9ap_q_mode5EL9ap_63    |  16|   0|   16|          0|
    |p_ZZN4nnet22compute_pool_buffer_2dINS_5arrayI8ap_fixedILi16ELi6EL9ap_q_mode5EL9ap_64    |  16|   0|   16|          0|
    |p_ZZN4nnet22compute_pool_buffer_2dINS_5arrayI8ap_fixedILi16ELi6EL9ap_q_mode5EL9ap_65    |  16|   0|   16|          0|
    |p_ZZN4nnet22compute_pool_buffer_2dINS_5arrayI8ap_fixedILi16ELi6EL9ap_q_mode5EL9ap_66    |  16|   0|   16|          0|
    |p_ZZN4nnet22compute_pool_buffer_2dINS_5arrayI8ap_fixedILi16ELi6EL9ap_q_mode5EL9ap_67    |  16|   0|   16|          0|
    |p_ZZN4nnet22compute_pool_buffer_2dINS_5arrayI8ap_fixedILi16ELi6EL9ap_q_mode5EL9ap_68    |  16|   0|   16|          0|
    |p_ZZN4nnet22compute_pool_buffer_2dINS_5arrayI8ap_fixedILi16ELi6EL9ap_q_mode5EL9ap_69    |  16|   0|   16|          0|
    |p_ZZN4nnet22compute_pool_buffer_2dINS_5arrayI8ap_fixedILi16ELi6EL9ap_q_mode5EL9ap_70    |  16|   0|   16|          0|
    |p_ZZN4nnet22compute_pool_buffer_2dINS_5arrayI8ap_fixedILi16ELi6EL9ap_q_mode5EL9ap_71    |  16|   0|   16|          0|
    |p_ZZN4nnet22compute_pool_buffer_2dINS_5arrayI8ap_fixedILi16ELi6EL9ap_q_mode5EL9ap_72    |  16|   0|   16|          0|
    |p_ZZN4nnet22compute_pool_buffer_2dINS_5arrayI8ap_fixedILi16ELi6EL9ap_q_mode5EL9ap_73    |  16|   0|   16|          0|
    |p_ZZN4nnet22compute_pool_buffer_2dINS_5arrayI8ap_fixedILi16ELi6EL9ap_q_mode5EL9ap_74    |  16|   0|   16|          0|
    |p_ZZN4nnet22compute_pool_buffer_2dINS_5arrayI8ap_fixedILi16ELi6EL9ap_q_mode5EL9ap_75    |  16|   0|   16|          0|
    |p_ZZN4nnet22compute_pool_buffer_2dINS_5arrayI8ap_fixedILi16ELi6EL9ap_q_mode5EL9ap_76    |  16|   0|   16|          0|
    |p_ZZN4nnet22compute_pool_buffer_2dINS_5arrayI8ap_fixedILi16ELi6EL9ap_q_mode5EL9ap_77    |  16|   0|   16|          0|
    |p_ZZN4nnet22compute_pool_buffer_2dINS_5arrayI8ap_fixedILi16ELi6EL9ap_q_mode5EL9ap_78    |  16|   0|   16|          0|
    |p_ZZN4nnet22compute_pool_buffer_2dINS_5arrayI8ap_fixedILi16ELi6EL9ap_q_mode5EL9ap_79    |  16|   0|   16|          0|
    |p_ZZN4nnet22compute_pool_buffer_2dINS_5arrayI8ap_fixedILi16ELi6EL9ap_q_mode5EL9ap_80    |  16|   0|   16|          0|
    |p_ZZN4nnet22compute_pool_buffer_2dINS_5arrayI8ap_fixedILi16ELi6EL9ap_q_mode5EL9ap_81    |  16|   0|   16|          0|
    |p_ZZN4nnet22compute_pool_buffer_2dINS_5arrayI8ap_fixedILi16ELi6EL9ap_q_mode5EL9ap_82    |  16|   0|   16|          0|
    |p_ZZN4nnet22compute_pool_buffer_2dINS_5arrayI8ap_fixedILi16ELi6EL9ap_q_mode5EL9ap_83    |  16|   0|   16|          0|
    |p_ZZN4nnet22compute_pool_buffer_2dINS_5arrayI8ap_fixedILi16ELi6EL9ap_q_mode5EL9ap_84    |  16|   0|   16|          0|
    |p_ZZN4nnet22compute_pool_buffer_2dINS_5arrayI8ap_fixedILi16ELi6EL9ap_q_mode5EL9ap_85    |  16|   0|   16|          0|
    |p_ZZN4nnet22compute_pool_buffer_2dINS_5arrayI8ap_fixedILi16ELi6EL9ap_q_mode5EL9ap_86    |  16|   0|   16|          0|
    |p_ZZN4nnet22compute_pool_buffer_2dINS_5arrayI8ap_fixedILi16ELi6EL9ap_q_mode5EL9ap_87    |  16|   0|   16|          0|
    |p_ZZN4nnet22compute_pool_buffer_2dINS_5arrayI8ap_fixedILi16ELi6EL9ap_q_mode5EL9ap_88    |  16|   0|   16|          0|
    |p_ZZN4nnet22compute_pool_buffer_2dINS_5arrayI8ap_fixedILi16ELi6EL9ap_q_mode5EL9ap_89    |  16|   0|   16|          0|
    |p_ZZN4nnet22compute_pool_buffer_2dINS_5arrayI8ap_fixedILi16ELi6EL9ap_q_mode5EL9ap_90    |  16|   0|   16|          0|
    |p_ZZN4nnet22compute_pool_buffer_2dINS_5arrayI8ap_fixedILi16ELi6EL9ap_q_mode5EL9ap_91    |  16|   0|   16|          0|
    |p_ZZN4nnet22compute_pool_buffer_2dINS_5arrayI8ap_fixedILi16ELi6EL9ap_q_mode5EL9ap_92    |  16|   0|   16|          0|
    |p_ZZN4nnet22compute_pool_buffer_2dINS_5arrayI8ap_fixedILi16ELi6EL9ap_q_mode5EL9ap_93    |  16|   0|   16|          0|
    |p_ZZN4nnet22compute_pool_buffer_2dINS_5arrayI8ap_fixedILi16ELi6EL9ap_q_mode5EL9ap_94    |  16|   0|   16|          0|
    |p_ZZN4nnet22compute_pool_buffer_2dINS_5arrayI8ap_fixedILi16ELi6EL9ap_q_mode5EL9ap_95    |  16|   0|   16|          0|
    |p_ZZN4nnet22compute_pool_buffer_2dINS_5arrayI8ap_fixedILi16ELi6EL9ap_q_mode5EL9ap_96    |  16|   0|   16|          0|
    |p_ZZN4nnet22compute_pool_buffer_2dINS_5arrayI8ap_fixedILi16ELi6EL9ap_q_mode5EL9ap_97    |  16|   0|   16|          0|
    |p_ZZN4nnet22compute_pool_buffer_2dINS_5arrayI8ap_fixedILi16ELi6EL9ap_q_mode5EL9ap_98    |  16|   0|   16|          0|
    |p_ZZN4nnet22compute_pool_buffer_2dINS_5arrayI8ap_fixedILi16ELi6EL9ap_q_mode5EL9ap_99    |  16|   0|   16|          0|
    |res_pack_10_reg_3397                                                                    |  16|   0|   16|          0|
    |res_pack_11_reg_3402                                                                    |  16|   0|   16|          0|
    |res_pack_12_reg_3407                                                                    |  16|   0|   16|          0|
    |res_pack_8_reg_3387                                                                     |  16|   0|   16|          0|
    |res_pack_9_reg_3392                                                                     |  16|   0|   16|          0|
    |res_pack_reg_3382                                                                       |  16|   0|   16|          0|
    |sX_1                                                                                    |  32|   0|   32|          0|
    |sY_1                                                                                    |  32|   0|   32|          0|
    |select_ln0_16_reg_2955                                                                  |  16|   0|   16|          0|
    |select_ln0_18_reg_2965                                                                  |  16|   0|   16|          0|
    |select_ln0_19_reg_2970                                                                  |  16|   0|   16|          0|
    |select_ln0_21_reg_3310                                                                  |  16|   0|   16|          0|
    |select_ln0_22_reg_2980                                                                  |  16|   0|   16|          0|
    |select_ln0_23_reg_2985                                                                  |  16|   0|   16|          0|
    |select_ln0_25_reg_2995                                                                  |  16|   0|   16|          0|
    |select_ln0_26_reg_3000                                                                  |  16|   0|   16|          0|
    |select_ln0_28_reg_3316                                                                  |  16|   0|   16|          0|
    |select_ln0_29_reg_3010                                                                  |  16|   0|   16|          0|
    |select_ln0_30_reg_3015                                                                  |  16|   0|   16|          0|
    |select_ln0_32_reg_3025                                                                  |  16|   0|   16|          0|
    |select_ln0_33_reg_3030                                                                  |  16|   0|   16|          0|
    |select_ln0_35_reg_3322                                                                  |  16|   0|   16|          0|
    |select_ln0_36_reg_3040                                                                  |  16|   0|   16|          0|
    |select_ln0_37_reg_3045                                                                  |  16|   0|   16|          0|
    |select_ln0_39_reg_3055                                                                  |  16|   0|   16|          0|
    |select_ln0_40_reg_3060                                                                  |  16|   0|   16|          0|
    |select_ln0_42_reg_3328                                                                  |  16|   0|   16|          0|
    |select_ln0_43_reg_3070                                                                  |  16|   0|   16|          0|
    |select_ln0_44_reg_3075                                                                  |  16|   0|   16|          0|
    |select_ln0_46_reg_3085                                                                  |  16|   0|   16|          0|
    |select_ln0_47_reg_3090                                                                  |  16|   0|   16|          0|
    |select_ln0_49_reg_3334                                                                  |  16|   0|   16|          0|
    |select_ln0_50_reg_3100                                                                  |  16|   0|   16|          0|
    |select_ln0_51_reg_3105                                                                  |  16|   0|   16|          0|
    |select_ln0_53_reg_3115                                                                  |  16|   0|   16|          0|
    |select_ln0_54_reg_3120                                                                  |  16|   0|   16|          0|
    |select_ln0_56_reg_3340                                                                  |  16|   0|   16|          0|
    |select_ln0_57_reg_3130                                                                  |  16|   0|   16|          0|
    |select_ln0_58_reg_3135                                                                  |  16|   0|   16|          0|
    |select_ln0_60_reg_3145                                                                  |  16|   0|   16|          0|
    |select_ln0_61_reg_3150                                                                  |  16|   0|   16|          0|
    |select_ln0_63_reg_3346                                                                  |  16|   0|   16|          0|
    |select_ln0_64_reg_3160                                                                  |  16|   0|   16|          0|
    |select_ln0_65_reg_3165                                                                  |  16|   0|   16|          0|
    |select_ln0_67_reg_3175                                                                  |  16|   0|   16|          0|
    |select_ln0_68_reg_3180                                                                  |  16|   0|   16|          0|
    |select_ln0_70_reg_3352                                                                  |  16|   0|   16|          0|
    |select_ln0_71_reg_3190                                                                  |  16|   0|   16|          0|
    |select_ln0_72_reg_3195                                                                  |  16|   0|   16|          0|
    |select_ln0_74_reg_3205                                                                  |  16|   0|   16|          0|
    |select_ln0_75_reg_3210                                                                  |  16|   0|   16|          0|
    |select_ln0_77_reg_3358                                                                  |  16|   0|   16|          0|
    |select_ln0_78_reg_3220                                                                  |  16|   0|   16|          0|
    |select_ln0_79_reg_3225                                                                  |  16|   0|   16|          0|
    |select_ln0_81_reg_3235                                                                  |  16|   0|   16|          0|
    |select_ln0_82_reg_3240                                                                  |  16|   0|   16|          0|
    |select_ln0_84_reg_3364                                                                  |  16|   0|   16|          0|
    |select_ln0_85_reg_3250                                                                  |  16|   0|   16|          0|
    |select_ln0_86_reg_3255                                                                  |  16|   0|   16|          0|
    |select_ln0_88_reg_3265                                                                  |  16|   0|   16|          0|
    |select_ln0_89_reg_3270                                                                  |  16|   0|   16|          0|
    |select_ln0_91_reg_3370                                                                  |  16|   0|   16|          0|
    |select_ln0_92_reg_3280                                                                  |  16|   0|   16|          0|
    |select_ln0_93_reg_3285                                                                  |  16|   0|   16|          0|
    |select_ln0_95_reg_3295                                                                  |  16|   0|   16|          0|
    |select_ln0_96_reg_3300                                                                  |  16|   0|   16|          0|
    |select_ln0_98_reg_3376                                                                  |  16|   0|   16|          0|
    |select_ln0_reg_2950                                                                     |  16|   0|   16|          0|
    |start_once_reg                                                                          |   1|   0|    1|          0|
    |void_compute_pool_buffer_2d_array_const_ap_shift_reg_n_filt_stream_kernel_10            |  16|   0|   16|          0|
    |void_compute_pool_buffer_2d_array_const_ap_shift_reg_n_filt_stream_kernel_11            |  16|   0|   16|          0|
    |void_compute_pool_buffer_2d_array_const_ap_shift_reg_n_filt_stream_kernel_12            |  16|   0|   16|          0|
    |void_compute_pool_buffer_2d_array_const_ap_shift_reg_n_filt_stream_kernel_13            |  16|   0|   16|          0|
    |void_compute_pool_buffer_2d_array_const_ap_shift_reg_n_filt_stream_kernel_14            |  16|   0|   16|          0|
    |void_compute_pool_buffer_2d_array_const_ap_shift_reg_n_filt_stream_kernel_15            |  16|   0|   16|          0|
    |void_compute_pool_buffer_2d_array_const_ap_shift_reg_n_filt_stream_kernel_16            |  16|   0|   16|          0|
    |void_compute_pool_buffer_2d_array_const_ap_shift_reg_n_filt_stream_kernel_17            |  16|   0|   16|          0|
    |void_compute_pool_buffer_2d_array_const_ap_shift_reg_n_filt_stream_kernel_18            |  16|   0|   16|          0|
    |void_compute_pool_buffer_2d_array_const_ap_shift_reg_n_filt_stream_kernel_19            |  16|   0|   16|          0|
    |and_ln55_2_reg_2933                                                                     |   0|   1|    1|          0|
    |icmp_ln55_reg_2929                                                                      |   0|   1|    1|          0|
    +----------------------------------------------------------------------------------------+----+----+-----+-----------+
    |Total                                                                                   |2801|   2| 2803|          0|
    +----------------------------------------------------------------------------------------+----+----+-----+-----------+



================================================================
== Interface
================================================================
* Summary: 
+---------------------------+-----+-----+------------+-------------------------------------------------------------------------+--------------+
|         RTL Ports         | Dir | Bits|  Protocol  |                              Source Object                              |    C Type    |
+---------------------------+-----+-----+------------+-------------------------------------------------------------------------+--------------+
|ap_clk                     |   in|    1|  ap_ctrl_hs|  pooling2d_cl<array<ap_fixed,6u>,array<ap_fixed<16,6,5,3,0>,6u>,config5>|  return value|
|ap_rst                     |   in|    1|  ap_ctrl_hs|  pooling2d_cl<array<ap_fixed,6u>,array<ap_fixed<16,6,5,3,0>,6u>,config5>|  return value|
|ap_start                   |   in|    1|  ap_ctrl_hs|  pooling2d_cl<array<ap_fixed,6u>,array<ap_fixed<16,6,5,3,0>,6u>,config5>|  return value|
|start_full_n               |   in|    1|  ap_ctrl_hs|  pooling2d_cl<array<ap_fixed,6u>,array<ap_fixed<16,6,5,3,0>,6u>,config5>|  return value|
|ap_done                    |  out|    1|  ap_ctrl_hs|  pooling2d_cl<array<ap_fixed,6u>,array<ap_fixed<16,6,5,3,0>,6u>,config5>|  return value|
|ap_continue                |   in|    1|  ap_ctrl_hs|  pooling2d_cl<array<ap_fixed,6u>,array<ap_fixed<16,6,5,3,0>,6u>,config5>|  return value|
|ap_idle                    |  out|    1|  ap_ctrl_hs|  pooling2d_cl<array<ap_fixed,6u>,array<ap_fixed<16,6,5,3,0>,6u>,config5>|  return value|
|ap_ready                   |  out|    1|  ap_ctrl_hs|  pooling2d_cl<array<ap_fixed,6u>,array<ap_fixed<16,6,5,3,0>,6u>,config5>|  return value|
|start_out                  |  out|    1|  ap_ctrl_hs|  pooling2d_cl<array<ap_fixed,6u>,array<ap_fixed<16,6,5,3,0>,6u>,config5>|  return value|
|start_write                |  out|    1|  ap_ctrl_hs|  pooling2d_cl<array<ap_fixed,6u>,array<ap_fixed<16,6,5,3,0>,6u>,config5>|  return value|
|layer4_out_dout            |   in|   96|     ap_fifo|                                                               layer4_out|       pointer|
|layer4_out_num_data_valid  |   in|   13|     ap_fifo|                                                               layer4_out|       pointer|
|layer4_out_fifo_cap        |   in|   13|     ap_fifo|                                                               layer4_out|       pointer|
|layer4_out_empty_n         |   in|    1|     ap_fifo|                                                               layer4_out|       pointer|
|layer4_out_read            |  out|    1|     ap_fifo|                                                               layer4_out|       pointer|
|layer5_out_din             |  out|   96|     ap_fifo|                                                               layer5_out|       pointer|
|layer5_out_num_data_valid  |   in|    8|     ap_fifo|                                                               layer5_out|       pointer|
|layer5_out_fifo_cap        |   in|    8|     ap_fifo|                                                               layer5_out|       pointer|
|layer5_out_full_n          |   in|    1|     ap_fifo|                                                               layer5_out|       pointer|
|layer5_out_write           |  out|    1|     ap_fifo|                                                               layer5_out|       pointer|
+---------------------------+-----+-----+------------+-------------------------------------------------------------------------+--------------+

