

================================================================
== Vitis HLS Report for 'relu_array_ap_fixed_10u_array_ap_fixed_16_6_5_3_0_10u_relu_config18_s'
================================================================
* Date:           Sun Apr  5 17:32:31 2026

* Version:        2023.2 (Build 4023990 on Oct 11 2023)
* Project:        gaussian_prj
* Solution:       solution1 (Vivado IP Flow Target)
* Product family: kintexu
* Target device:  xcku035-fbva676-2-e


================================================================
== Performance Estimates
================================================================
+ Timing: 
    * Summary: 
    +--------+---------+----------+------------+
    |  Clock |  Target | Estimated| Uncertainty|
    +--------+---------+----------+------------+
    |ap_clk  |  5.00 ns|  3.359 ns|     1.35 ns|
    +--------+---------+----------+------------+

+ Latency: 
    * Summary: 
    +---------+---------+----------+----------+-----+-----+---------+
    |  Latency (cycles) |  Latency (absolute) |  Interval | Pipeline|
    |   min   |   max   |    min   |    max   | min | max |   Type  |
    +---------+---------+----------+----------+-----+-----+---------+
    |        1|        1|  5.000 ns|  5.000 ns|    1|    1|       no|
    +---------+---------+----------+----------+-----+-----+---------+

    + Detail: 
        * Instance: 
        N/A

        * Loop: 
        N/A



================================================================
== Utilization Estimates
================================================================
* Summary: 
+-----------------+---------+------+--------+--------+-----+
|       Name      | BRAM_18K|  DSP |   FF   |   LUT  | URAM|
+-----------------+---------+------+--------+--------+-----+
|DSP              |        -|     -|       -|       -|    -|
|Expression       |        -|     -|       0|     602|    -|
|FIFO             |        -|     -|       -|       -|    -|
|Instance         |        -|     -|       -|       -|    -|
|Memory           |        -|     -|       -|       -|    -|
|Multiplexer      |        -|     -|       -|      50|    -|
|Register         |        -|     -|     174|       -|    -|
+-----------------+---------+------+--------+--------+-----+
|Total            |        0|     0|     174|     652|    0|
+-----------------+---------+------+--------+--------+-----+
|Available        |     1080|  1700|  406256|  203128|    0|
+-----------------+---------+------+--------+--------+-----+
|Utilization (%)  |        0|     0|      ~0|      ~0|    0|
+-----------------+---------+------+--------+--------+-----+

+ Detail: 
    * Instance: 
    N/A

    * DSP: 
    N/A

    * Memory: 
    N/A

    * FIFO: 
    N/A

    * Expression: 
    +--------------------------+----------+----+---+----+------------+------------+
    |       Variable Name      | Operation| DSP| FF| LUT| Bitwidth P0| Bitwidth P1|
    +--------------------------+----------+----+---+----+------------+------------+
    |icmp_ln51_15_fu_227_p2    |      icmp|   0|  0|  44|          37|           1|
    |icmp_ln51_16_fu_243_p2    |      icmp|   0|  0|  44|          37|           1|
    |icmp_ln51_17_fu_259_p2    |      icmp|   0|  0|  44|          37|           1|
    |icmp_ln51_18_fu_275_p2    |      icmp|   0|  0|  44|          37|           1|
    |icmp_ln51_19_fu_291_p2    |      icmp|   0|  0|  44|          37|           1|
    |icmp_ln51_20_fu_307_p2    |      icmp|   0|  0|  44|          37|           1|
    |icmp_ln51_21_fu_323_p2    |      icmp|   0|  0|  44|          37|           1|
    |icmp_ln51_22_fu_339_p2    |      icmp|   0|  0|  44|          37|           1|
    |icmp_ln51_23_fu_355_p2    |      icmp|   0|  0|  44|          37|           1|
    |icmp_ln51_fu_211_p2       |      icmp|   0|  0|  44|          37|           1|
    |ap_block_state1           |        or|   0|  0|   2|           1|           1|
    |select_ln51_15_fu_377_p3  |    select|   0|  0|  16|           1|          16|
    |select_ln51_16_fu_383_p3  |    select|   0|  0|  16|           1|          16|
    |select_ln51_17_fu_389_p3  |    select|   0|  0|  16|           1|          16|
    |select_ln51_18_fu_395_p3  |    select|   0|  0|  16|           1|          16|
    |select_ln51_19_fu_401_p3  |    select|   0|  0|  16|           1|          16|
    |select_ln51_20_fu_407_p3  |    select|   0|  0|  16|           1|          16|
    |select_ln51_21_fu_413_p3  |    select|   0|  0|  16|           1|          16|
    |select_ln51_22_fu_419_p3  |    select|   0|  0|  16|           1|          16|
    |select_ln51_23_fu_425_p3  |    select|   0|  0|  16|           1|          16|
    |select_ln51_fu_371_p3     |    select|   0|  0|  16|           1|          16|
    +--------------------------+----------+----+---+----+------------+------------+
    |Total                     |          |   0|  0| 602|         381|         171|
    +--------------------------+----------+----+---+----+------------+------------+

    * Multiplexer: 
    +-------------------+----+-----------+-----+-----------+
    |        Name       | LUT| Input Size| Bits| Total Bits|
    +-------------------+----+-----------+-----+-----------+
    |ap_NS_fsm          |  14|          3|    1|          3|
    |ap_done            |   9|          2|    1|          2|
    |layer17_out_blk_n  |   9|          2|    1|          2|
    |layer18_out_blk_n  |   9|          2|    1|          2|
    |real_start         |   9|          2|    1|          2|
    +-------------------+----+-----------+-----+-----------+
    |Total              |  50|         11|    5|         11|
    +-------------------+----+-----------+-----+-----------+

    * Register: 
    +----------------------+----+----+-----+-----------+
    |         Name         | FF | LUT| Bits| Const Bits|
    +----------------------+----+----+-----+-----------+
    |ap_CS_fsm             |   2|   0|    2|          0|
    |ap_done_reg           |   1|   0|    1|          0|
    |icmp_ln51_15_reg_466  |   1|   0|    1|          0|
    |icmp_ln51_16_reg_476  |   1|   0|    1|          0|
    |icmp_ln51_17_reg_486  |   1|   0|    1|          0|
    |icmp_ln51_18_reg_496  |   1|   0|    1|          0|
    |icmp_ln51_19_reg_506  |   1|   0|    1|          0|
    |icmp_ln51_20_reg_516  |   1|   0|    1|          0|
    |icmp_ln51_21_reg_526  |   1|   0|    1|          0|
    |icmp_ln51_22_reg_536  |   1|   0|    1|          0|
    |icmp_ln51_23_reg_546  |   1|   0|    1|          0|
    |icmp_ln51_reg_456     |   1|   0|    1|          0|
    |out_data_22_reg_471   |  16|   0|   16|          0|
    |out_data_23_reg_481   |  16|   0|   16|          0|
    |out_data_24_reg_491   |  16|   0|   16|          0|
    |out_data_reg_461      |  16|   0|   16|          0|
    |start_once_reg        |   1|   0|    1|          0|
    |trunc_ln4_reg_501     |  16|   0|   16|          0|
    |trunc_ln52_1_reg_521  |  16|   0|   16|          0|
    |trunc_ln52_2_reg_531  |  16|   0|   16|          0|
    |trunc_ln52_3_reg_541  |  16|   0|   16|          0|
    |trunc_ln52_4_reg_551  |  16|   0|   16|          0|
    |trunc_ln52_s_reg_511  |  16|   0|   16|          0|
    +----------------------+----+----+-----+-----------+
    |Total                 | 174|   0|  174|          0|
    +----------------------+----+----+-----+-----------+



================================================================
== Interface
================================================================
* Summary: 
+----------------------------+-----+-----+------------+-------------------------------------------------------------------------+--------------+
|          RTL Ports         | Dir | Bits|  Protocol  |                              Source Object                              |    C Type    |
+----------------------------+-----+-----+------------+-------------------------------------------------------------------------+--------------+
|ap_clk                      |   in|    1|  ap_ctrl_hs|  relu<array<ap_fixed,10u>,array<ap_fixed<16,6,5,3,0>,10u>,relu_config18>|  return value|
|ap_rst                      |   in|    1|  ap_ctrl_hs|  relu<array<ap_fixed,10u>,array<ap_fixed<16,6,5,3,0>,10u>,relu_config18>|  return value|
|ap_start                    |   in|    1|  ap_ctrl_hs|  relu<array<ap_fixed,10u>,array<ap_fixed<16,6,5,3,0>,10u>,relu_config18>|  return value|
|start_full_n                |   in|    1|  ap_ctrl_hs|  relu<array<ap_fixed,10u>,array<ap_fixed<16,6,5,3,0>,10u>,relu_config18>|  return value|
|ap_done                     |  out|    1|  ap_ctrl_hs|  relu<array<ap_fixed,10u>,array<ap_fixed<16,6,5,3,0>,10u>,relu_config18>|  return value|
|ap_continue                 |   in|    1|  ap_ctrl_hs|  relu<array<ap_fixed,10u>,array<ap_fixed<16,6,5,3,0>,10u>,relu_config18>|  return value|
|ap_idle                     |  out|    1|  ap_ctrl_hs|  relu<array<ap_fixed,10u>,array<ap_fixed<16,6,5,3,0>,10u>,relu_config18>|  return value|
|ap_ready                    |  out|    1|  ap_ctrl_hs|  relu<array<ap_fixed,10u>,array<ap_fixed<16,6,5,3,0>,10u>,relu_config18>|  return value|
|start_out                   |  out|    1|  ap_ctrl_hs|  relu<array<ap_fixed,10u>,array<ap_fixed<16,6,5,3,0>,10u>,relu_config18>|  return value|
|start_write                 |  out|    1|  ap_ctrl_hs|  relu<array<ap_fixed,10u>,array<ap_fixed<16,6,5,3,0>,10u>,relu_config18>|  return value|
|layer17_out_dout            |   in|  370|     ap_fifo|                                                              layer17_out|       pointer|
|layer17_out_num_data_valid  |   in|    2|     ap_fifo|                                                              layer17_out|       pointer|
|layer17_out_fifo_cap        |   in|    2|     ap_fifo|                                                              layer17_out|       pointer|
|layer17_out_empty_n         |   in|    1|     ap_fifo|                                                              layer17_out|       pointer|
|layer17_out_read            |  out|    1|     ap_fifo|                                                              layer17_out|       pointer|
|layer18_out_din             |  out|  160|     ap_fifo|                                                              layer18_out|       pointer|
|layer18_out_num_data_valid  |   in|    2|     ap_fifo|                                                              layer18_out|       pointer|
|layer18_out_fifo_cap        |   in|    2|     ap_fifo|                                                              layer18_out|       pointer|
|layer18_out_full_n          |   in|    1|     ap_fifo|                                                              layer18_out|       pointer|
|layer18_out_write           |  out|    1|     ap_fifo|                                                              layer18_out|       pointer|
+----------------------------+-----+-----+------------+-------------------------------------------------------------------------+--------------+

