

================================================================
== Vitis HLS Report for 'relu_array_ap_fixed_15u_array_ap_fixed_16_6_5_3_0_15u_relu_config16_s'
================================================================
* Date:           Sun Apr  5 17:32:30 2026

* Version:        2023.2 (Build 4023990 on Oct 11 2023)
* Project:        gaussian_prj
* Solution:       solution1 (Vivado IP Flow Target)
* Product family: kintexu
* Target device:  xcku035-fbva676-2-e


================================================================
== Performance Estimates
================================================================
+ Timing: 
    * Summary: 
    +--------+---------+----------+------------+
    |  Clock |  Target | Estimated| Uncertainty|
    +--------+---------+----------+------------+
    |ap_clk  |  5.00 ns|  3.359 ns|     1.35 ns|
    +--------+---------+----------+------------+

+ Latency: 
    * Summary: 
    +---------+---------+----------+----------+-----+-----+---------+
    |  Latency (cycles) |  Latency (absolute) |  Interval | Pipeline|
    |   min   |   max   |    min   |    max   | min | max |   Type  |
    +---------+---------+----------+----------+-----+-----+---------+
    |        1|        1|  5.000 ns|  5.000 ns|    1|    1|       no|
    +---------+---------+----------+----------+-----+-----+---------+

    + Detail: 
        * Instance: 
        N/A

        * Loop: 
        N/A



================================================================
== Utilization Estimates
================================================================
* Summary: 
+-----------------+---------+------+--------+--------+-----+
|       Name      | BRAM_18K|  DSP |   FF   |   LUT  | URAM|
+-----------------+---------+------+--------+--------+-----+
|DSP              |        -|     -|       -|       -|    -|
|Expression       |        -|     -|       0|     902|    -|
|FIFO             |        -|     -|       -|       -|    -|
|Instance         |        -|     -|       -|       -|    -|
|Memory           |        -|     -|       -|       -|    -|
|Multiplexer      |        -|     -|       -|      50|    -|
|Register         |        -|     -|     259|       -|    -|
+-----------------+---------+------+--------+--------+-----+
|Total            |        0|     0|     259|     952|    0|
+-----------------+---------+------+--------+--------+-----+
|Available        |     1080|  1700|  406256|  203128|    0|
+-----------------+---------+------+--------+--------+-----+
|Utilization (%)  |        0|     0|      ~0|      ~0|    0|
+-----------------+---------+------+--------+--------+-----+

+ Detail: 
    * Instance: 
    N/A

    * DSP: 
    N/A

    * Memory: 
    N/A

    * FIFO: 
    N/A

    * Expression: 
    +--------------------------+----------+----+---+----+------------+------------+
    |       Variable Name      | Operation| DSP| FF| LUT| Bitwidth P0| Bitwidth P1|
    +--------------------------+----------+----+---+----+------------+------------+
    |icmp_ln51_10_fu_461_p2    |      icmp|   0|  0|  44|          37|           1|
    |icmp_ln51_11_fu_477_p2    |      icmp|   0|  0|  44|          37|           1|
    |icmp_ln51_12_fu_493_p2    |      icmp|   0|  0|  44|          37|           1|
    |icmp_ln51_13_fu_509_p2    |      icmp|   0|  0|  44|          37|           1|
    |icmp_ln51_14_fu_525_p2    |      icmp|   0|  0|  44|          37|           1|
    |icmp_ln51_1_fu_317_p2     |      icmp|   0|  0|  44|          37|           1|
    |icmp_ln51_2_fu_333_p2     |      icmp|   0|  0|  44|          37|           1|
    |icmp_ln51_3_fu_349_p2     |      icmp|   0|  0|  44|          37|           1|
    |icmp_ln51_4_fu_365_p2     |      icmp|   0|  0|  44|          37|           1|
    |icmp_ln51_5_fu_381_p2     |      icmp|   0|  0|  44|          37|           1|
    |icmp_ln51_6_fu_397_p2     |      icmp|   0|  0|  44|          37|           1|
    |icmp_ln51_7_fu_413_p2     |      icmp|   0|  0|  44|          37|           1|
    |icmp_ln51_8_fu_429_p2     |      icmp|   0|  0|  44|          37|           1|
    |icmp_ln51_9_fu_445_p2     |      icmp|   0|  0|  44|          37|           1|
    |icmp_ln51_fu_301_p2       |      icmp|   0|  0|  44|          37|           1|
    |ap_block_state1           |        or|   0|  0|   2|           1|           1|
    |select_ln51_10_fu_601_p3  |    select|   0|  0|  16|           1|          16|
    |select_ln51_11_fu_607_p3  |    select|   0|  0|  16|           1|          16|
    |select_ln51_12_fu_613_p3  |    select|   0|  0|  16|           1|          16|
    |select_ln51_13_fu_619_p3  |    select|   0|  0|  16|           1|          16|
    |select_ln51_14_fu_625_p3  |    select|   0|  0|  16|           1|          16|
    |select_ln51_1_fu_547_p3   |    select|   0|  0|  16|           1|          16|
    |select_ln51_2_fu_553_p3   |    select|   0|  0|  16|           1|          16|
    |select_ln51_3_fu_559_p3   |    select|   0|  0|  16|           1|          16|
    |select_ln51_4_fu_565_p3   |    select|   0|  0|  16|           1|          16|
    |select_ln51_5_fu_571_p3   |    select|   0|  0|  16|           1|          16|
    |select_ln51_6_fu_577_p3   |    select|   0|  0|  16|           1|          16|
    |select_ln51_7_fu_583_p3   |    select|   0|  0|  16|           1|          16|
    |select_ln51_8_fu_589_p3   |    select|   0|  0|  16|           1|          16|
    |select_ln51_9_fu_595_p3   |    select|   0|  0|  16|           1|          16|
    |select_ln51_fu_541_p3     |    select|   0|  0|  16|           1|          16|
    +--------------------------+----------+----+---+----+------------+------------+
    |Total                     |          |   0|  0| 902|         571|         256|
    +--------------------------+----------+----+---+----+------------+------------+

    * Multiplexer: 
    +-------------------+----+-----------+-----+-----------+
    |        Name       | LUT| Input Size| Bits| Total Bits|
    +-------------------+----+-----------+-----+-----------+
    |ap_NS_fsm          |  14|          3|    1|          3|
    |ap_done            |   9|          2|    1|          2|
    |layer15_out_blk_n  |   9|          2|    1|          2|
    |layer16_out_blk_n  |   9|          2|    1|          2|
    |real_start         |   9|          2|    1|          2|
    +-------------------+----+-----------+-----+-----------+
    |Total              |  50|         11|    5|         11|
    +-------------------+----+-----------+-----+-----------+

    * Register: 
    +----------------------+----+----+-----+-----------+
    |         Name         | FF | LUT| Bits| Const Bits|
    +----------------------+----+----+-----+-----------+
    |ap_CS_fsm             |   2|   0|    2|          0|
    |ap_done_reg           |   1|   0|    1|          0|
    |icmp_ln51_10_reg_766  |   1|   0|    1|          0|
    |icmp_ln51_11_reg_776  |   1|   0|    1|          0|
    |icmp_ln51_12_reg_786  |   1|   0|    1|          0|
    |icmp_ln51_13_reg_796  |   1|   0|    1|          0|
    |icmp_ln51_14_reg_806  |   1|   0|    1|          0|
    |icmp_ln51_1_reg_676   |   1|   0|    1|          0|
    |icmp_ln51_2_reg_686   |   1|   0|    1|          0|
    |icmp_ln51_3_reg_696   |   1|   0|    1|          0|
    |icmp_ln51_4_reg_706   |   1|   0|    1|          0|
    |icmp_ln51_5_reg_716   |   1|   0|    1|          0|
    |icmp_ln51_6_reg_726   |   1|   0|    1|          0|
    |icmp_ln51_7_reg_736   |   1|   0|    1|          0|
    |icmp_ln51_8_reg_746   |   1|   0|    1|          0|
    |icmp_ln51_9_reg_756   |   1|   0|    1|          0|
    |icmp_ln51_reg_666     |   1|   0|    1|          0|
    |out_data_19_reg_681   |  16|   0|   16|          0|
    |out_data_20_reg_691   |  16|   0|   16|          0|
    |out_data_21_reg_701   |  16|   0|   16|          0|
    |out_data_reg_671      |  16|   0|   16|          0|
    |start_once_reg        |   1|   0|    1|          0|
    |trunc_ln3_reg_711     |  16|   0|   16|          0|
    |trunc_ln52_1_reg_721  |  16|   0|   16|          0|
    |trunc_ln52_2_reg_731  |  16|   0|   16|          0|
    |trunc_ln52_3_reg_741  |  16|   0|   16|          0|
    |trunc_ln52_4_reg_751  |  16|   0|   16|          0|
    |trunc_ln52_5_reg_761  |  16|   0|   16|          0|
    |trunc_ln52_6_reg_771  |  16|   0|   16|          0|
    |trunc_ln52_7_reg_781  |  16|   0|   16|          0|
    |trunc_ln52_8_reg_791  |  16|   0|   16|          0|
    |trunc_ln52_9_reg_801  |  16|   0|   16|          0|
    |trunc_ln52_s_reg_811  |  16|   0|   16|          0|
    +----------------------+----+----+-----+-----------+
    |Total                 | 259|   0|  259|          0|
    +----------------------+----+----+-----+-----------+



================================================================
== Interface
================================================================
* Summary: 
+----------------------------+-----+-----+------------+-------------------------------------------------------------------------+--------------+
|          RTL Ports         | Dir | Bits|  Protocol  |                              Source Object                              |    C Type    |
+----------------------------+-----+-----+------------+-------------------------------------------------------------------------+--------------+
|ap_clk                      |   in|    1|  ap_ctrl_hs|  relu<array<ap_fixed,15u>,array<ap_fixed<16,6,5,3,0>,15u>,relu_config16>|  return value|
|ap_rst                      |   in|    1|  ap_ctrl_hs|  relu<array<ap_fixed,15u>,array<ap_fixed<16,6,5,3,0>,15u>,relu_config16>|  return value|
|ap_start                    |   in|    1|  ap_ctrl_hs|  relu<array<ap_fixed,15u>,array<ap_fixed<16,6,5,3,0>,15u>,relu_config16>|  return value|
|start_full_n                |   in|    1|  ap_ctrl_hs|  relu<array<ap_fixed,15u>,array<ap_fixed<16,6,5,3,0>,15u>,relu_config16>|  return value|
|ap_done                     |  out|    1|  ap_ctrl_hs|  relu<array<ap_fixed,15u>,array<ap_fixed<16,6,5,3,0>,15u>,relu_config16>|  return value|
|ap_continue                 |   in|    1|  ap_ctrl_hs|  relu<array<ap_fixed,15u>,array<ap_fixed<16,6,5,3,0>,15u>,relu_config16>|  return value|
|ap_idle                     |  out|    1|  ap_ctrl_hs|  relu<array<ap_fixed,15u>,array<ap_fixed<16,6,5,3,0>,15u>,relu_config16>|  return value|
|ap_ready                    |  out|    1|  ap_ctrl_hs|  relu<array<ap_fixed,15u>,array<ap_fixed<16,6,5,3,0>,15u>,relu_config16>|  return value|
|start_out                   |  out|    1|  ap_ctrl_hs|  relu<array<ap_fixed,15u>,array<ap_fixed<16,6,5,3,0>,15u>,relu_config16>|  return value|
|start_write                 |  out|    1|  ap_ctrl_hs|  relu<array<ap_fixed,15u>,array<ap_fixed<16,6,5,3,0>,15u>,relu_config16>|  return value|
|layer15_out_dout            |   in|  555|     ap_fifo|                                                              layer15_out|       pointer|
|layer15_out_num_data_valid  |   in|    2|     ap_fifo|                                                              layer15_out|       pointer|
|layer15_out_fifo_cap        |   in|    2|     ap_fifo|                                                              layer15_out|       pointer|
|layer15_out_empty_n         |   in|    1|     ap_fifo|                                                              layer15_out|       pointer|
|layer15_out_read            |  out|    1|     ap_fifo|                                                              layer15_out|       pointer|
|layer16_out_din             |  out|  240|     ap_fifo|                                                              layer16_out|       pointer|
|layer16_out_num_data_valid  |   in|    2|     ap_fifo|                                                              layer16_out|       pointer|
|layer16_out_fifo_cap        |   in|    2|     ap_fifo|                                                              layer16_out|       pointer|
|layer16_out_full_n          |   in|    1|     ap_fifo|                                                              layer16_out|       pointer|
|layer16_out_write           |  out|    1|     ap_fifo|                                                              layer16_out|       pointer|
+----------------------------+-----+-----+------------+-------------------------------------------------------------------------+--------------+

