

================================================================
== Vitis HLS Report for 'thresholded_relu_array_ap_fixed_array_ap_fixed_8u_thresholdedrelu_config8_s'
================================================================
* Date:           Sun Apr  5 17:32:26 2026

* Version:        2023.2 (Build 4023990 on Oct 11 2023)
* Project:        gaussian_prj
* Solution:       solution1 (Vivado IP Flow Target)
* Product family: kintexu
* Target device:  xcku035-fbva676-2-e


================================================================
== Performance Estimates
================================================================
+ Timing: 
    * Summary: 
    +--------+---------+----------+------------+
    |  Clock |  Target | Estimated| Uncertainty|
    +--------+---------+----------+------------+
    |ap_clk  |  5.00 ns|  3.378 ns|     1.35 ns|
    +--------+---------+----------+------------+

+ Latency: 
    * Summary: 
    +---------+---------+----------+----------+-----+-----+---------+
    |  Latency (cycles) |  Latency (absolute) |  Interval | Pipeline|
    |   min   |   max   |    min   |    max   | min | max |   Type  |
    +---------+---------+----------+----------+-----+-----+---------+
    |       84|       84|  0.420 us|  0.420 us|   84|   84|       no|
    +---------+---------+----------+----------+-----+-----+---------+

    + Detail: 
        * Instance: 
        N/A

        * Loop: 
        +--------------------------+---------+---------+----------+-----------+-----------+------+----------+
        |                          |  Latency (cycles) | Iteration|  Initiation Interval  | Trip |          |
        |         Loop Name        |   min   |   max   |  Latency |  achieved |   target  | Count| Pipelined|
        +--------------------------+---------+---------+----------+-----------+-----------+------+----------+
        |- ThresholdedReLUActLoop  |       82|       82|         3|          1|          1|    81|       yes|
        +--------------------------+---------+---------+----------+-----------+-----------+------+----------+



================================================================
== Utilization Estimates
================================================================
* Summary: 
+-----------------+---------+------+--------+--------+-----+
|       Name      | BRAM_18K|  DSP |   FF   |   LUT  | URAM|
+-----------------+---------+------+--------+--------+-----+
|DSP              |        -|     -|       -|       -|    -|
|Expression       |        -|     -|       0|     530|    -|
|FIFO             |        -|     -|       -|       -|    -|
|Instance         |        -|     -|       -|       -|    -|
|Memory           |        -|     -|       -|       -|    -|
|Multiplexer      |        -|     -|       -|      63|    -|
|Register         |        -|     -|     149|       -|    -|
+-----------------+---------+------+--------+--------+-----+
|Total            |        0|     0|     149|     593|    0|
+-----------------+---------+------+--------+--------+-----+
|Available        |     1080|  1700|  406256|  203128|    0|
+-----------------+---------+------+--------+--------+-----+
|Utilization (%)  |        0|     0|      ~0|      ~0|    0|
+-----------------+---------+------+--------+--------+-----+

+ Detail: 
    * Instance: 
    N/A

    * DSP: 
    N/A

    * Memory: 
    N/A

    * FIFO: 
    N/A

    * Expression: 
    +---------------------------+----------+----+---+----+------------+------------+
    |       Variable Name       | Operation| DSP| FF| LUT| Bitwidth P0| Bitwidth P1|
    +---------------------------+----------+----+---+----+------------+------------+
    |i_2_fu_137_p2              |         +|   0|  0|  14|           7|           1|
    |ap_condition_145           |       and|   0|  0|   2|           1|           1|
    |icmp_ln528_fu_131_p2       |      icmp|   0|  0|  14|           7|           7|
    |icmp_ln538_1_fu_238_p2     |      icmp|   0|  0|  46|          39|           1|
    |icmp_ln538_2_fu_254_p2     |      icmp|   0|  0|  46|          39|           1|
    |icmp_ln538_3_fu_270_p2     |      icmp|   0|  0|  46|          39|           1|
    |icmp_ln538_4_fu_286_p2     |      icmp|   0|  0|  46|          39|           1|
    |icmp_ln538_5_fu_302_p2     |      icmp|   0|  0|  46|          39|           1|
    |icmp_ln538_6_fu_318_p2     |      icmp|   0|  0|  46|          39|           1|
    |icmp_ln538_7_fu_334_p2     |      icmp|   0|  0|  46|          39|           1|
    |icmp_ln538_fu_222_p2       |      icmp|   0|  0|  46|          39|           1|
    |ap_block_pp0_stage0_01001  |        or|   0|  0|   2|           1|           1|
    |out_data_1_fu_350_p3       |    select|   0|  0|  16|           1|          16|
    |out_data_3_fu_356_p3       |    select|   0|  0|  16|           1|          16|
    |out_data_5_fu_362_p3       |    select|   0|  0|  16|           1|          16|
    |out_data_7_fu_368_p3       |    select|   0|  0|  16|           1|          16|
    |select_ln538_5_fu_380_p3   |    select|   0|  0|  16|           1|          16|
    |select_ln538_6_fu_386_p3   |    select|   0|  0|  16|           1|          16|
    |select_ln538_7_fu_392_p3   |    select|   0|  0|  16|           1|          16|
    |select_ln538_fu_374_p3     |    select|   0|  0|  16|           1|          16|
    |ap_enable_pp0              |       xor|   0|  0|   2|           1|           2|
    +---------------------------+----------+----+---+----+------------+------------+
    |Total                      |          |   0|  0| 530|         337|         148|
    +---------------------------+----------+----+---+----+------------+------------+

    * Multiplexer: 
    +-------------------------+----+-----------+-----+-----------+
    |           Name          | LUT| Input Size| Bits| Total Bits|
    +-------------------------+----+-----------+-----+-----------+
    |ap_done_int              |   9|          2|    1|          2|
    |ap_enable_reg_pp0_iter1  |   9|          2|    1|          2|
    |ap_sig_allocacmp_i_1     |   9|          2|    7|         14|
    |i_fu_106                 |   9|          2|    7|         14|
    |layer6_out_blk_n         |   9|          2|    1|          2|
    |layer8_out_blk_n         |   9|          2|    1|          2|
    |real_start               |   9|          2|    1|          2|
    +-------------------------+----+-----------+-----+-----------+
    |Total                    |  63|         14|   19|         38|
    +-------------------------+----+-----------+-----+-----------+

    * Register: 
    +----------------------------------+----+----+-----+-----------+
    |               Name               | FF | LUT| Bits| Const Bits|
    +----------------------------------+----+----+-----+-----------+
    |ap_CS_fsm                         |   1|   0|    1|          0|
    |ap_done_reg                       |   1|   0|    1|          0|
    |ap_enable_reg_pp0_iter1           |   1|   0|    1|          0|
    |ap_enable_reg_pp0_iter2           |   1|   0|    1|          0|
    |ap_loop_exit_ready_pp0_iter1_reg  |   1|   0|    1|          0|
    |i_fu_106                          |   7|   0|    7|          0|
    |icmp_ln538_1_reg_440              |   1|   0|    1|          0|
    |icmp_ln538_2_reg_450              |   1|   0|    1|          0|
    |icmp_ln538_3_reg_460              |   1|   0|    1|          0|
    |icmp_ln538_4_reg_470              |   1|   0|    1|          0|
    |icmp_ln538_5_reg_480              |   1|   0|    1|          0|
    |icmp_ln538_6_reg_490              |   1|   0|    1|          0|
    |icmp_ln538_7_reg_500              |   1|   0|    1|          0|
    |icmp_ln538_reg_430                |   1|   0|    1|          0|
    |out_data_2_reg_445                |  16|   0|   16|          0|
    |out_data_4_reg_455                |  16|   0|   16|          0|
    |out_data_6_reg_465                |  16|   0|   16|          0|
    |out_data_reg_435                  |  16|   0|   16|          0|
    |start_once_reg                    |   1|   0|    1|          0|
    |trunc_ln1_reg_475                 |  16|   0|   16|          0|
    |trunc_ln539_6_reg_485             |  16|   0|   16|          0|
    |trunc_ln539_7_reg_495             |  16|   0|   16|          0|
    |trunc_ln539_8_reg_505             |  16|   0|   16|          0|
    +----------------------------------+----+----+-----+-----------+
    |Total                             | 149|   0|  149|          0|
    +----------------------------------+----+----+-----+-----------+



================================================================
== Interface
================================================================
* Summary: 
+---------------------------+-----+-----+------------+-----------------------------------------------------------------------------+--------------+
|         RTL Ports         | Dir | Bits|  Protocol  |                                Source Object                                |    C Type    |
+---------------------------+-----+-----+------------+-----------------------------------------------------------------------------+--------------+
|ap_clk                     |   in|    1|  ap_ctrl_hs|  thresholded_relu<array,ap_fixed,array<ap_fixed,8u>,thresholdedrelu_config8>|  return value|
|ap_rst                     |   in|    1|  ap_ctrl_hs|  thresholded_relu<array,ap_fixed,array<ap_fixed,8u>,thresholdedrelu_config8>|  return value|
|ap_start                   |   in|    1|  ap_ctrl_hs|  thresholded_relu<array,ap_fixed,array<ap_fixed,8u>,thresholdedrelu_config8>|  return value|
|start_full_n               |   in|    1|  ap_ctrl_hs|  thresholded_relu<array,ap_fixed,array<ap_fixed,8u>,thresholdedrelu_config8>|  return value|
|ap_done                    |  out|    1|  ap_ctrl_hs|  thresholded_relu<array,ap_fixed,array<ap_fixed,8u>,thresholdedrelu_config8>|  return value|
|ap_continue                |   in|    1|  ap_ctrl_hs|  thresholded_relu<array,ap_fixed,array<ap_fixed,8u>,thresholdedrelu_config8>|  return value|
|ap_idle                    |  out|    1|  ap_ctrl_hs|  thresholded_relu<array,ap_fixed,array<ap_fixed,8u>,thresholdedrelu_config8>|  return value|
|ap_ready                   |  out|    1|  ap_ctrl_hs|  thresholded_relu<array,ap_fixed,array<ap_fixed,8u>,thresholdedrelu_config8>|  return value|
|start_out                  |  out|    1|  ap_ctrl_hs|  thresholded_relu<array,ap_fixed,array<ap_fixed,8u>,thresholdedrelu_config8>|  return value|
|start_write                |  out|    1|  ap_ctrl_hs|  thresholded_relu<array,ap_fixed,array<ap_fixed,8u>,thresholdedrelu_config8>|  return value|
|layer6_out_dout            |   in|  312|     ap_fifo|                                                                   layer6_out|       pointer|
|layer6_out_num_data_valid  |   in|    8|     ap_fifo|                                                                   layer6_out|       pointer|
|layer6_out_fifo_cap        |   in|    8|     ap_fifo|                                                                   layer6_out|       pointer|
|layer6_out_empty_n         |   in|    1|     ap_fifo|                                                                   layer6_out|       pointer|
|layer6_out_read            |  out|    1|     ap_fifo|                                                                   layer6_out|       pointer|
|layer8_out_din             |  out|  128|     ap_fifo|                                                                   layer8_out|       pointer|
|layer8_out_num_data_valid  |   in|    8|     ap_fifo|                                                                   layer8_out|       pointer|
|layer8_out_fifo_cap        |   in|    8|     ap_fifo|                                                                   layer8_out|       pointer|
|layer8_out_full_n          |   in|    1|     ap_fifo|                                                                   layer8_out|       pointer|
|layer8_out_write           |  out|    1|     ap_fifo|                                                                   layer8_out|       pointer|
+---------------------------+-----+-----+------------+-----------------------------------------------------------------------------+--------------+

