

================================================================
== Vitis HLS Report for 'thresholded_relu_array_ap_fixed_array_ap_fixed_6u_thresholdedrelu_config4_s'
================================================================
* Date:           Sun Apr  5 17:32:23 2026

* Version:        2023.2 (Build 4023990 on Oct 11 2023)
* Project:        gaussian_prj
* Solution:       solution1 (Vivado IP Flow Target)
* Product family: kintexu
* Target device:  xcku035-fbva676-2-e


================================================================
== Performance Estimates
================================================================
+ Timing: 
    * Summary: 
    +--------+---------+----------+------------+
    |  Clock |  Target | Estimated| Uncertainty|
    +--------+---------+----------+------------+
    |ap_clk  |  5.00 ns|  3.359 ns|     1.35 ns|
    +--------+---------+----------+------------+

+ Latency: 
    * Summary: 
    +---------+---------+-----------+-----------+------+------+---------+
    |  Latency (cycles) |   Latency (absolute)  |   Interval  | Pipeline|
    |   min   |   max   |    min    |    max    |  min |  max |   Type  |
    +---------+---------+-----------+-----------+------+------+---------+
    |     2119|     2119|  10.595 us|  10.595 us|  2119|  2119|       no|
    +---------+---------+-----------+-----------+------+------+---------+

    + Detail: 
        * Instance: 
        N/A

        * Loop: 
        +--------------------------+---------+---------+----------+-----------+-----------+------+----------+
        |                          |  Latency (cycles) | Iteration|  Initiation Interval  | Trip |          |
        |         Loop Name        |   min   |   max   |  Latency |  achieved |   target  | Count| Pipelined|
        +--------------------------+---------+---------+----------+-----------+-----------+------+----------+
        |- ThresholdedReLUActLoop  |     2117|     2117|         3|          1|          1|  2116|       yes|
        +--------------------------+---------+---------+----------+-----------+-----------+------+----------+



================================================================
== Utilization Estimates
================================================================
* Summary: 
+-----------------+---------+------+--------+--------+-----+
|       Name      | BRAM_18K|  DSP |   FF   |   LUT  | URAM|
+-----------------+---------+------+--------+--------+-----+
|DSP              |        -|     -|       -|       -|    -|
|Expression       |        -|     -|       0|     404|    -|
|FIFO             |        -|     -|       -|       -|    -|
|Instance         |        -|     -|       -|       -|    -|
|Memory           |        -|     -|       -|       -|    -|
|Multiplexer      |        -|     -|       -|      63|    -|
|Register         |        -|     -|     120|       -|    -|
+-----------------+---------+------+--------+--------+-----+
|Total            |        0|     0|     120|     467|    0|
+-----------------+---------+------+--------+--------+-----+
|Available        |     1080|  1700|  406256|  203128|    0|
+-----------------+---------+------+--------+--------+-----+
|Utilization (%)  |        0|     0|      ~0|      ~0|    0|
+-----------------+---------+------+--------+--------+-----+

+ Detail: 
    * Instance: 
    N/A

    * DSP: 
    N/A

    * Memory: 
    N/A

    * FIFO: 
    N/A

    * Expression: 
    +---------------------------+----------+----+---+----+------------+------------+
    |       Variable Name       | Operation| DSP| FF| LUT| Bitwidth P0| Bitwidth P1|
    +---------------------------+----------+----+---+----+------------+------------+
    |i_4_fu_121_p2              |         +|   0|  0|  19|          12|           1|
    |ap_condition_137           |       and|   0|  0|   2|           1|           1|
    |icmp_ln528_fu_115_p2       |      icmp|   0|  0|  19|          12|          12|
    |icmp_ln538_10_fu_234_p2    |      icmp|   0|  0|  44|          37|           1|
    |icmp_ln538_11_fu_250_p2    |      icmp|   0|  0|  44|          37|           1|
    |icmp_ln538_12_fu_266_p2    |      icmp|   0|  0|  44|          37|           1|
    |icmp_ln538_8_fu_202_p2     |      icmp|   0|  0|  44|          37|           1|
    |icmp_ln538_9_fu_218_p2     |      icmp|   0|  0|  44|          37|           1|
    |icmp_ln538_fu_186_p2       |      icmp|   0|  0|  44|          37|           1|
    |ap_block_pp0_stage0_01001  |        or|   0|  0|   2|           1|           1|
    |out_data_10_fu_288_p3      |    select|   0|  0|  16|           1|          16|
    |out_data_12_fu_294_p3      |    select|   0|  0|  16|           1|          16|
    |out_data_14_fu_300_p3      |    select|   0|  0|  16|           1|          16|
    |out_data_8_fu_282_p3       |    select|   0|  0|  16|           1|          16|
    |select_ln538_9_fu_312_p3   |    select|   0|  0|  16|           1|          16|
    |select_ln538_fu_306_p3     |    select|   0|  0|  16|           1|          16|
    |ap_enable_pp0              |       xor|   0|  0|   2|           1|           2|
    +---------------------------+----------+----+---+----+------------+------------+
    |Total                      |          |   0|  0| 404|         255|         119|
    +---------------------------+----------+----+---+----+------------+------------+

    * Multiplexer: 
    +-------------------------+----+-----------+-----+-----------+
    |           Name          | LUT| Input Size| Bits| Total Bits|
    +-------------------------+----+-----------+-----+-----------+
    |ap_done_int              |   9|          2|    1|          2|
    |ap_enable_reg_pp0_iter1  |   9|          2|    1|          2|
    |ap_sig_allocacmp_i_3     |   9|          2|   12|         24|
    |i_fu_90                  |   9|          2|   12|         24|
    |layer2_out_blk_n         |   9|          2|    1|          2|
    |layer4_out_blk_n         |   9|          2|    1|          2|
    |real_start               |   9|          2|    1|          2|
    +-------------------------+----+-----------+-----+-----------+
    |Total                    |  63|         14|   29|         58|
    +-------------------------+----+-----------+-----+-----------+

    * Register: 
    +----------------------------------+----+----+-----+-----------+
    |               Name               | FF | LUT| Bits| Const Bits|
    +----------------------------------+----+----+-----+-----------+
    |ap_CS_fsm                         |   1|   0|    1|          0|
    |ap_done_reg                       |   1|   0|    1|          0|
    |ap_enable_reg_pp0_iter1           |   1|   0|    1|          0|
    |ap_enable_reg_pp0_iter2           |   1|   0|    1|          0|
    |ap_loop_exit_ready_pp0_iter1_reg  |   1|   0|    1|          0|
    |i_fu_90                           |  12|   0|   12|          0|
    |icmp_ln538_10_reg_376             |   1|   0|    1|          0|
    |icmp_ln538_11_reg_386             |   1|   0|    1|          0|
    |icmp_ln538_12_reg_396             |   1|   0|    1|          0|
    |icmp_ln538_8_reg_356              |   1|   0|    1|          0|
    |icmp_ln538_9_reg_366              |   1|   0|    1|          0|
    |icmp_ln538_reg_346                |   1|   0|    1|          0|
    |out_data_11_reg_371               |  16|   0|   16|          0|
    |out_data_13_reg_381               |  16|   0|   16|          0|
    |out_data_9_reg_361                |  16|   0|   16|          0|
    |out_data_reg_351                  |  16|   0|   16|          0|
    |start_once_reg                    |   1|   0|    1|          0|
    |trunc_ln2_reg_391                 |  16|   0|   16|          0|
    |trunc_ln539_9_reg_401             |  16|   0|   16|          0|
    +----------------------------------+----+----+-----+-----------+
    |Total                             | 120|   0|  120|          0|
    +----------------------------------+----+----+-----+-----------+



================================================================
== Interface
================================================================
* Summary: 
+---------------------------+-----+-----+------------+-----------------------------------------------------------------------------+--------------+
|         RTL Ports         | Dir | Bits|  Protocol  |                                Source Object                                |    C Type    |
+---------------------------+-----+-----+------------+-----------------------------------------------------------------------------+--------------+
|ap_clk                     |   in|    1|  ap_ctrl_hs|  thresholded_relu<array,ap_fixed,array<ap_fixed,6u>,thresholdedrelu_config4>|  return value|
|ap_rst                     |   in|    1|  ap_ctrl_hs|  thresholded_relu<array,ap_fixed,array<ap_fixed,6u>,thresholdedrelu_config4>|  return value|
|ap_start                   |   in|    1|  ap_ctrl_hs|  thresholded_relu<array,ap_fixed,array<ap_fixed,6u>,thresholdedrelu_config4>|  return value|
|start_full_n               |   in|    1|  ap_ctrl_hs|  thresholded_relu<array,ap_fixed,array<ap_fixed,6u>,thresholdedrelu_config4>|  return value|
|ap_done                    |  out|    1|  ap_ctrl_hs|  thresholded_relu<array,ap_fixed,array<ap_fixed,6u>,thresholdedrelu_config4>|  return value|
|ap_continue                |   in|    1|  ap_ctrl_hs|  thresholded_relu<array,ap_fixed,array<ap_fixed,6u>,thresholdedrelu_config4>|  return value|
|ap_idle                    |  out|    1|  ap_ctrl_hs|  thresholded_relu<array,ap_fixed,array<ap_fixed,6u>,thresholdedrelu_config4>|  return value|
|ap_ready                   |  out|    1|  ap_ctrl_hs|  thresholded_relu<array,ap_fixed,array<ap_fixed,6u>,thresholdedrelu_config4>|  return value|
|start_out                  |  out|    1|  ap_ctrl_hs|  thresholded_relu<array,ap_fixed,array<ap_fixed,6u>,thresholdedrelu_config4>|  return value|
|start_write                |  out|    1|  ap_ctrl_hs|  thresholded_relu<array,ap_fixed,array<ap_fixed,6u>,thresholdedrelu_config4>|  return value|
|layer2_out_dout            |   in|  222|     ap_fifo|                                                                   layer2_out|       pointer|
|layer2_out_num_data_valid  |   in|   13|     ap_fifo|                                                                   layer2_out|       pointer|
|layer2_out_fifo_cap        |   in|   13|     ap_fifo|                                                                   layer2_out|       pointer|
|layer2_out_empty_n         |   in|    1|     ap_fifo|                                                                   layer2_out|       pointer|
|layer2_out_read            |  out|    1|     ap_fifo|                                                                   layer2_out|       pointer|
|layer4_out_din             |  out|   96|     ap_fifo|                                                                   layer4_out|       pointer|
|layer4_out_num_data_valid  |   in|   13|     ap_fifo|                                                                   layer4_out|       pointer|
|layer4_out_fifo_cap        |   in|   13|     ap_fifo|                                                                   layer4_out|       pointer|
|layer4_out_full_n          |   in|    1|     ap_fifo|                                                                   layer4_out|       pointer|
|layer4_out_write           |  out|    1|     ap_fifo|                                                                   layer4_out|       pointer|
+---------------------------+-----+-----+------------+-----------------------------------------------------------------------------+--------------+

