

================================================================
== Vitis HLS Report for 'compute_output_buffer_2d_array_array_ap_fixed_37_17_5_3_0_6u_config2_s'
================================================================
* Date:           Sun Apr  5 17:32:11 2026

* Version:        2023.2 (Build 4023990 on Oct 11 2023)
* Project:        gaussian_prj
* Solution:       solution1 (Vivado IP Flow Target)
* Product family: kintexu
* Target device:  xcku035-fbva676-2-e


================================================================
== Performance Estimates
================================================================
+ Timing: 
    * Summary: 
    +--------+---------+----------+------------+
    |  Clock |  Target | Estimated| Uncertainty|
    +--------+---------+----------+------------+
    |ap_clk  |  5.00 ns|  3.847 ns|     1.35 ns|
    +--------+---------+----------+------------+

+ Latency: 
    * Summary: 
    +---------+---------+-----------+-----------+-----+-----+---------+
    |  Latency (cycles) |   Latency (absolute)  |  Interval | Pipeline|
    |   min   |   max   |    min    |    max    | min | max |   Type  |
    +---------+---------+-----------+-----------+-----+-----+---------+
    |        6|        6|  30.000 ns|  30.000 ns|    6|    6|      yes|
    +---------+---------+-----------+-----------+-----+-----+---------+

    + Detail: 
        * Instance: 
        +----------------------------------------------------------------------------------+-----------------------------------------------------------------------+---------+---------+-----------+-----------+-----+-----+---------+
        |                                                                                  |                                                                       |  Latency (cycles) |   Latency (absolute)  |  Interval | Pipeline|
        |                                     Instance                                     |                                 Module                                |   min   |   max   |    min    |    max    | min | max |   Type  |
        +----------------------------------------------------------------------------------+-----------------------------------------------------------------------+---------+---------+-----------+-----------+-----+-----+---------+
        |call_ln281_shift_line_buffer_array_ap_fixed_16_6_5_3_0_1u_config2_s_fu_90         |shift_line_buffer_array_ap_fixed_16_6_5_3_0_1u_config2_s               |        0|        0|       0 ns|       0 ns|    1|    1|      yes|
        |grp_dense_latency_ap_fixed_16_6_5_3_0_ap_fixed_37_17_5_3_0_config2_mult_s_fu_118  |dense_latency_ap_fixed_16_6_5_3_0_ap_fixed_37_17_5_3_0_config2_mult_s  |        3|        3|  15.000 ns|  15.000 ns|    1|    1|      yes|
        +----------------------------------------------------------------------------------+-----------------------------------------------------------------------+---------+---------+-----------+-----------+-----+-----+---------+

        * Loop: 
        N/A

============================================================
+ Verbose Summary: Synthesis Manager
============================================================
InlineROM: 1
ExposeGlobal: 0
============================================================
+ Verbose Summary: CDFG Model
============================================================
IsTopModel: 0
ResetActiveHigh: 1
IsCombinational: 0
IsDatapathOnly: 0
HasWiredReturn: 1
HasMFsm: 2
HasVarLatency: 0
IsPipeline: 1
IsRtlPipelined: 1
IsInstanceOverlapped: 0
IsDontTouch: 0
HasImplIP: 0
IsGatedGlobalClock: 0

+ Individual pipeline summary: 
  * Pipeline-0: initiation interval (II) = 6, depth = 7


============================================================
+ Verbose Summary: Schedule
============================================================
* Number of FSM states : 7
* Pipeline : 1
  Pipeline-0 : II = 6, D = 7, States = { 1 2 3 4 5 6 7 }
* Dataflow Pipeline: 0

* FSM state transitions: 
1 --> 2 
2 --> 3 
3 --> 4 
4 --> 5 
5 --> 6 
6 --> 7 
7 --> 

* FSM state operations: 

State 1 <SV = 0> <Delay = 1.15>
ST_1 : Operation 8 [1/1] (0.00ns)   --->   "%in_elem_0_0_0_0_0_val_read = read i16 @_ssdm_op_Read.ap_auto.i16, i16 %in_elem_0_0_0_0_0_val"   --->   Operation 8 'read' 'in_elem_0_0_0_0_0_val_read' <Predicate = true> <Delay = 0.00>
ST_1 : Operation 9 [1/1] (1.15ns)   --->   "%call_ln281 = call void @shift_line_buffer<array<ap_fixed<16, 6, 5, 3, 0>, 1u>, config2>, i16 %in_elem_0_0_0_0_0_val_read, i16 %void_compute_output_buffer_2d_array_const_ap_shift_reg_n_chan_stream_weig_27, i16 %void_compute_output_buffer_2d_array_const_ap_shift_reg_n_chan_stream_weig_28, i16 %void_compute_output_buffer_2d_array_const_ap_shift_reg_n_chan_stream_weig_24, i16 %void_compute_output_buffer_2d_array_const_ap_shift_reg_n_chan_stream_weig_25, i16 %void_compute_output_buffer_2d_array_const_ap_shift_reg_n_chan_stream_weig_21, i16 %void_compute_output_buffer_2d_array_const_ap_shift_reg_n_chan_stream_weig_22, i16 %void_compute_output_buffer_2d_array_const_ap_shift_reg_n_chan_stream_weig_26, i16 %void_compute_output_buffer_2d_array_const_ap_shift_reg_n_chan_stream_weig_23, i16 %void_compute_output_buffer_2d_array_const_ap_shift_reg_n_chan_stream_weig_20, i16 %void_conv_2d_buffer_latency_cl_stream_stream_weight_t_bias_t_line_buffer_1, i16 %void_conv_2d_buffer_latency_cl_stream_stream_weight_t_bias_t_line_buffer" [firmware/nnet_utils/nnet_conv_stream.h:281]   --->   Operation 9 'call' 'call_ln281' <Predicate = true> <Delay = 1.15> <CoreType = "Generic">   --->   Core 0 '' <Latency = 0> <II = 1> <Delay = 1.00> <Generic> <Opcode : >

State 2 <SV = 1> <Delay = 3.84>
ST_2 : Operation 10 [1/1] (0.00ns)   --->   "%specinterface_ln0 = specinterface void @_ssdm_op_SpecInterface, i222 %layer2_out, void @empty_2, i32 0, i32 0, void @empty_1, i32 0, i32 0, void @empty_1, void @empty_1, void @empty_1, i32 0, i32 0, i32 0, i32 0, void @empty_1, void @empty_1, i32 4294967295, i32 0"   --->   Operation 10 'specinterface' 'specinterface_ln0' <Predicate = true> <Delay = 0.00>
ST_2 : Operation 11 [1/1] (0.00ns)   --->   "%sX_5_load = load i32 %sX_5" [firmware/nnet_utils/nnet_conv_stream.h:284]   --->   Operation 11 'load' 'sX_5_load' <Predicate = true> <Delay = 0.00>
ST_2 : Operation 12 [1/1] (1.48ns)   --->   "%icmp_ln284 = icmp_eq  i32 %sX_5_load, i32 2" [firmware/nnet_utils/nnet_conv_stream.h:284]   --->   Operation 12 'icmp' 'icmp_ln284' <Predicate = true> <Delay = 1.48> <CoreInst = "Cmp">   --->   Core 9 'Cmp' <Latency = 0> <II = 1> <Delay = 1.48> <FuncUnit> <Opcode : 'icmp'> <InPorts = 2> <OutPorts = 1>
ST_2 : Operation 13 [1/1] (0.00ns)   --->   "%sY_5_load = load i32 %sY_5" [firmware/nnet_utils/nnet_conv_stream.h:284]   --->   Operation 13 'load' 'sY_5_load' <Predicate = true> <Delay = 0.00>
ST_2 : Operation 14 [1/1] (0.00ns)   --->   "%pY_5_load = load i32 %pY_5" [firmware/nnet_utils/nnet_conv_stream.h:284]   --->   Operation 14 'load' 'pY_5_load' <Predicate = true> <Delay = 0.00>
ST_2 : Operation 15 [1/1] (0.00ns)   --->   "%pX_5_load = load i32 %pX_5" [firmware/nnet_utils/nnet_conv_stream.h:284]   --->   Operation 15 'load' 'pX_5_load' <Predicate = true> <Delay = 0.00>
ST_2 : Operation 16 [1/1] (0.00ns)   --->   "%br_ln284 = br i1 %icmp_ln284, void %if.end, void %land.lhs.true" [firmware/nnet_utils/nnet_conv_stream.h:284]   --->   Operation 16 'br' 'br_ln284' <Predicate = true> <Delay = 0.00>
ST_2 : Operation 17 [1/1] (1.48ns)   --->   "%icmp_ln284_7 = icmp_eq  i32 %sY_5_load, i32 2" [firmware/nnet_utils/nnet_conv_stream.h:284]   --->   Operation 17 'icmp' 'icmp_ln284_7' <Predicate = (icmp_ln284)> <Delay = 1.48> <CoreInst = "Cmp">   --->   Core 9 'Cmp' <Latency = 0> <II = 1> <Delay = 1.48> <FuncUnit> <Opcode : 'icmp'> <InPorts = 2> <OutPorts = 1>
ST_2 : Operation 18 [1/1] (0.00ns)   --->   "%tmp_5 = partselect i31 @_ssdm_op_PartSelect.i31.i32.i32.i32, i32 %pY_5_load, i32 1, i32 31" [firmware/nnet_utils/nnet_conv_stream.h:284]   --->   Operation 18 'partselect' 'tmp_5' <Predicate = (icmp_ln284)> <Delay = 0.00>
ST_2 : Operation 19 [1/1] (1.48ns)   --->   "%icmp_ln284_8 = icmp_sgt  i31 %tmp_5, i31 0" [firmware/nnet_utils/nnet_conv_stream.h:284]   --->   Operation 19 'icmp' 'icmp_ln284_8' <Predicate = (icmp_ln284)> <Delay = 1.48> <CoreInst = "Cmp">   --->   Core 9 'Cmp' <Latency = 0> <II = 1> <Delay = 1.48> <FuncUnit> <Opcode : 'icmp'> <InPorts = 2> <OutPorts = 1>
ST_2 : Operation 20 [1/1] (0.00ns)   --->   "%tmp_6 = partselect i31 @_ssdm_op_PartSelect.i31.i32.i32.i32, i32 %pX_5_load, i32 1, i32 31" [firmware/nnet_utils/nnet_conv_stream.h:284]   --->   Operation 20 'partselect' 'tmp_6' <Predicate = (icmp_ln284)> <Delay = 0.00>
ST_2 : Operation 21 [1/1] (1.48ns)   --->   "%icmp_ln284_9 = icmp_sgt  i31 %tmp_6, i31 0" [firmware/nnet_utils/nnet_conv_stream.h:284]   --->   Operation 21 'icmp' 'icmp_ln284_9' <Predicate = (icmp_ln284)> <Delay = 1.48> <CoreInst = "Cmp">   --->   Core 9 'Cmp' <Latency = 0> <II = 1> <Delay = 1.48> <FuncUnit> <Opcode : 'icmp'> <InPorts = 2> <OutPorts = 1>
ST_2 : Operation 22 [1/1] (0.00ns) (grouped into LUT with out node and_ln284_3)   --->   "%and_ln284 = and i1 %icmp_ln284_8, i1 %icmp_ln284_9" [firmware/nnet_utils/nnet_conv_stream.h:284]   --->   Operation 22 'and' 'and_ln284' <Predicate = (icmp_ln284)> <Delay = 0.00> <CoreInst = "LogicGate">   --->   Core 74 'LogicGate' <Latency = 0> <II = 1> <Delay = 0.33> <FuncUnit> <Opcode : 'and' 'or' 'xor'> <InPorts = 2> <OutPorts = 1>
ST_2 : Operation 23 [1/1] (0.33ns) (out node of the LUT)   --->   "%and_ln284_3 = and i1 %and_ln284, i1 %icmp_ln284_7" [firmware/nnet_utils/nnet_conv_stream.h:284]   --->   Operation 23 'and' 'and_ln284_3' <Predicate = (icmp_ln284)> <Delay = 0.33> <CoreInst = "LogicGate">   --->   Core 74 'LogicGate' <Latency = 0> <II = 1> <Delay = 0.33> <FuncUnit> <Opcode : 'and' 'or' 'xor'> <InPorts = 2> <OutPorts = 1>
ST_2 : Operation 24 [1/1] (0.00ns)   --->   "%br_ln284 = br i1 %and_ln284_3, void %if.end, void %if.then" [firmware/nnet_utils/nnet_conv_stream.h:284]   --->   Operation 24 'br' 'br_ln284' <Predicate = (icmp_ln284)> <Delay = 0.00>
ST_2 : Operation 25 [5/5] (0.00ns)   --->   "%tmp = call i222 @dense_latency<ap_fixed<16, 6, 5, 3, 0>, ap_fixed<37, 17, 5, 3, 0>, config2_mult>, i16 %void_compute_output_buffer_2d_array_const_ap_shift_reg_n_chan_stream_weig_28, i16 %void_compute_output_buffer_2d_array_const_ap_shift_reg_n_chan_stream_weig_27, i16 %void_compute_output_buffer_2d_array_const_ap_shift_reg_n_chan_stream_weig_26, i16 %void_compute_output_buffer_2d_array_const_ap_shift_reg_n_chan_stream_weig_25, i16 %void_compute_output_buffer_2d_array_const_ap_shift_reg_n_chan_stream_weig_24, i16 %void_compute_output_buffer_2d_array_const_ap_shift_reg_n_chan_stream_weig_23, i16 %void_compute_output_buffer_2d_array_const_ap_shift_reg_n_chan_stream_weig_22, i16 %void_compute_output_buffer_2d_array_const_ap_shift_reg_n_chan_stream_weig_21, i16 %void_compute_output_buffer_2d_array_const_ap_shift_reg_n_chan_stream_weig_20" [firmware/nnet_utils/nnet_dense.h:54->firmware/nnet_utils/nnet_conv_stream.h:288]   --->   Operation 25 'call' 'tmp' <Predicate = (icmp_ln284 & and_ln284_3)> <Delay = 0.00> <CoreType = "Generic">   --->   Core 0 '' <Latency = 0> <II = 1> <Delay = 1.00> <Generic> <Opcode : >
ST_2 : Operation 26 [1/1] (1.48ns)   --->   "%add_ln303 = add i32 %pX_5_load, i32 1" [firmware/nnet_utils/nnet_conv_stream.h:303]   --->   Operation 26 'add' 'add_ln303' <Predicate = true> <Delay = 1.48> <CoreInst = "Adder">   --->   Core 1 'Adder' <Latency = 0> <II = 1> <Delay = 1.48> <FuncUnit> <Opcode : 'add' 'sub'> <InPorts = 2> <OutPorts = 1>
ST_2 : Operation 27 [1/1] (1.48ns)   --->   "%icmp_ln303 = icmp_eq  i32 %add_ln303, i32 48" [firmware/nnet_utils/nnet_conv_stream.h:303]   --->   Operation 27 'icmp' 'icmp_ln303' <Predicate = true> <Delay = 1.48> <CoreInst = "Cmp">   --->   Core 9 'Cmp' <Latency = 0> <II = 1> <Delay = 1.48> <FuncUnit> <Opcode : 'icmp'> <InPorts = 2> <OutPorts = 1>
ST_2 : Operation 28 [1/1] (0.00ns)   --->   "%br_ln303 = br i1 %icmp_ln303, void %if.else20, void %if.then9" [firmware/nnet_utils/nnet_conv_stream.h:303]   --->   Operation 28 'br' 'br_ln303' <Predicate = true> <Delay = 0.00>
ST_2 : Operation 29 [1/1] (0.53ns)   --->   "%store_ln316 = store i32 %add_ln303, i32 %pX_5" [firmware/nnet_utils/nnet_conv_stream.h:316]   --->   Operation 29 'store' 'store_ln316' <Predicate = (!icmp_ln303)> <Delay = 0.53>
ST_2 : Operation 30 [1/1] (1.48ns)   --->   "%add_ln318 = add i32 %sX_5_load, i32 1" [firmware/nnet_utils/nnet_conv_stream.h:318]   --->   Operation 30 'add' 'add_ln318' <Predicate = (!icmp_ln303)> <Delay = 1.48> <CoreInst = "Adder">   --->   Core 1 'Adder' <Latency = 0> <II = 1> <Delay = 1.48> <FuncUnit> <Opcode : 'add' 'sub'> <InPorts = 2> <OutPorts = 1>
ST_2 : Operation 31 [1/1] (0.44ns)   --->   "%select_ln318 = select i1 %icmp_ln284, i32 2, i32 %add_ln318" [firmware/nnet_utils/nnet_conv_stream.h:318]   --->   Operation 31 'select' 'select_ln318' <Predicate = (!icmp_ln303)> <Delay = 0.44> <CoreInst = "Sel">   --->   Core 73 'Sel' <Latency = 0> <II = 1> <Delay = 0.44> <FuncUnit> <Opcode : 'select'> <InPorts = 3> <OutPorts = 1>
ST_2 : Operation 32 [1/1] (0.53ns)   --->   "%store_ln318 = store i32 %select_ln318, i32 %sX_5" [firmware/nnet_utils/nnet_conv_stream.h:318]   --->   Operation 32 'store' 'store_ln318' <Predicate = (!icmp_ln303)> <Delay = 0.53>
ST_2 : Operation 33 [1/1] (0.00ns)   --->   "%br_ln0 = br void %if.end31"   --->   Operation 33 'br' 'br_ln0' <Predicate = (!icmp_ln303)> <Delay = 0.00>
ST_2 : Operation 34 [1/1] (0.53ns)   --->   "%store_ln305 = store i32 0, i32 %pX_5" [firmware/nnet_utils/nnet_conv_stream.h:305]   --->   Operation 34 'store' 'store_ln305' <Predicate = (icmp_ln303)> <Delay = 0.53>
ST_2 : Operation 35 [1/1] (0.53ns)   --->   "%store_ln306 = store i32 0, i32 %sX_5" [firmware/nnet_utils/nnet_conv_stream.h:306]   --->   Operation 35 'store' 'store_ln306' <Predicate = (icmp_ln303)> <Delay = 0.53>
ST_2 : Operation 36 [1/1] (1.48ns)   --->   "%add_ln307 = add i32 %pY_5_load, i32 1" [firmware/nnet_utils/nnet_conv_stream.h:307]   --->   Operation 36 'add' 'add_ln307' <Predicate = (icmp_ln303)> <Delay = 1.48> <CoreInst = "Adder">   --->   Core 1 'Adder' <Latency = 0> <II = 1> <Delay = 1.48> <FuncUnit> <Opcode : 'add' 'sub'> <InPorts = 2> <OutPorts = 1>
ST_2 : Operation 37 [1/1] (1.48ns)   --->   "%icmp_ln307 = icmp_eq  i32 %add_ln307, i32 48" [firmware/nnet_utils/nnet_conv_stream.h:307]   --->   Operation 37 'icmp' 'icmp_ln307' <Predicate = (icmp_ln303)> <Delay = 1.48> <CoreInst = "Cmp">   --->   Core 9 'Cmp' <Latency = 0> <II = 1> <Delay = 1.48> <FuncUnit> <Opcode : 'icmp'> <InPorts = 2> <OutPorts = 1>
ST_2 : Operation 38 [1/1] (0.00ns)   --->   "%br_ln307 = br i1 %icmp_ln307, void %if.else, void %if.then12" [firmware/nnet_utils/nnet_conv_stream.h:307]   --->   Operation 38 'br' 'br_ln307' <Predicate = (icmp_ln303)> <Delay = 0.00>
ST_2 : Operation 39 [1/1] (0.53ns)   --->   "%store_ln311 = store i32 %add_ln307, i32 %pY_5" [firmware/nnet_utils/nnet_conv_stream.h:311]   --->   Operation 39 'store' 'store_ln311' <Predicate = (icmp_ln303 & !icmp_ln307)> <Delay = 0.53>
ST_2 : Operation 40 [1/1] (1.48ns)   --->   "%icmp_ln313 = icmp_eq  i32 %sY_5_load, i32 2" [firmware/nnet_utils/nnet_conv_stream.h:313]   --->   Operation 40 'icmp' 'icmp_ln313' <Predicate = (icmp_ln303 & !icmp_ln307)> <Delay = 1.48> <CoreInst = "Cmp">   --->   Core 9 'Cmp' <Latency = 0> <II = 1> <Delay = 1.48> <FuncUnit> <Opcode : 'icmp'> <InPorts = 2> <OutPorts = 1>
ST_2 : Operation 41 [1/1] (1.48ns)   --->   "%add_ln313 = add i32 %sY_5_load, i32 1" [firmware/nnet_utils/nnet_conv_stream.h:313]   --->   Operation 41 'add' 'add_ln313' <Predicate = (icmp_ln303 & !icmp_ln307)> <Delay = 1.48> <CoreInst = "Adder">   --->   Core 1 'Adder' <Latency = 0> <II = 1> <Delay = 1.48> <FuncUnit> <Opcode : 'add' 'sub'> <InPorts = 2> <OutPorts = 1>
ST_2 : Operation 42 [1/1] (0.44ns)   --->   "%select_ln313 = select i1 %icmp_ln313, i32 2, i32 %add_ln313" [firmware/nnet_utils/nnet_conv_stream.h:313]   --->   Operation 42 'select' 'select_ln313' <Predicate = (icmp_ln303 & !icmp_ln307)> <Delay = 0.44> <CoreInst = "Sel">   --->   Core 73 'Sel' <Latency = 0> <II = 1> <Delay = 0.44> <FuncUnit> <Opcode : 'select'> <InPorts = 3> <OutPorts = 1>
ST_2 : Operation 43 [1/1] (0.53ns)   --->   "%br_ln0 = br void %if.end19"   --->   Operation 43 'br' 'br_ln0' <Predicate = (icmp_ln303 & !icmp_ln307)> <Delay = 0.53>
ST_2 : Operation 44 [1/1] (0.53ns)   --->   "%store_ln308 = store i32 0, i32 %pY_5" [firmware/nnet_utils/nnet_conv_stream.h:308]   --->   Operation 44 'store' 'store_ln308' <Predicate = (icmp_ln303 & icmp_ln307)> <Delay = 0.53>
ST_2 : Operation 45 [1/1] (0.53ns)   --->   "%br_ln310 = br void %if.end19" [firmware/nnet_utils/nnet_conv_stream.h:310]   --->   Operation 45 'br' 'br_ln310' <Predicate = (icmp_ln303 & icmp_ln307)> <Delay = 0.53>

State 3 <SV = 2> <Delay = 3.57>
ST_3 : Operation 46 [4/5] (3.57ns)   --->   "%tmp = call i222 @dense_latency<ap_fixed<16, 6, 5, 3, 0>, ap_fixed<37, 17, 5, 3, 0>, config2_mult>, i16 %void_compute_output_buffer_2d_array_const_ap_shift_reg_n_chan_stream_weig_28, i16 %void_compute_output_buffer_2d_array_const_ap_shift_reg_n_chan_stream_weig_27, i16 %void_compute_output_buffer_2d_array_const_ap_shift_reg_n_chan_stream_weig_26, i16 %void_compute_output_buffer_2d_array_const_ap_shift_reg_n_chan_stream_weig_25, i16 %void_compute_output_buffer_2d_array_const_ap_shift_reg_n_chan_stream_weig_24, i16 %void_compute_output_buffer_2d_array_const_ap_shift_reg_n_chan_stream_weig_23, i16 %void_compute_output_buffer_2d_array_const_ap_shift_reg_n_chan_stream_weig_22, i16 %void_compute_output_buffer_2d_array_const_ap_shift_reg_n_chan_stream_weig_21, i16 %void_compute_output_buffer_2d_array_const_ap_shift_reg_n_chan_stream_weig_20" [firmware/nnet_utils/nnet_dense.h:54->firmware/nnet_utils/nnet_conv_stream.h:288]   --->   Operation 46 'call' 'tmp' <Predicate = (icmp_ln284 & and_ln284_3)> <Delay = 3.57> <CoreType = "Generic">   --->   Core 0 '' <Latency = 0> <II = 1> <Delay = 1.00> <Generic> <Opcode : >
ST_3 : Operation 47 [1/1] (0.00ns)   --->   "%storemerge = phi i32 %select_ln313, void %if.else, i32 0, void %if.then12" [firmware/nnet_utils/nnet_conv_stream.h:313]   --->   Operation 47 'phi' 'storemerge' <Predicate = (icmp_ln303)> <Delay = 0.00>
ST_3 : Operation 48 [1/1] (0.00ns)   --->   "%store_ln309 = store i32 %storemerge, i32 %sY_5" [firmware/nnet_utils/nnet_conv_stream.h:309]   --->   Operation 48 'store' 'store_ln309' <Predicate = (icmp_ln303)> <Delay = 0.00>
ST_3 : Operation 49 [1/1] (0.00ns)   --->   "%br_ln315 = br void %if.end31" [firmware/nnet_utils/nnet_conv_stream.h:315]   --->   Operation 49 'br' 'br_ln315' <Predicate = (icmp_ln303)> <Delay = 0.00>

State 4 <SV = 3> <Delay = 3.57>
ST_4 : Operation 50 [3/5] (3.57ns)   --->   "%tmp = call i222 @dense_latency<ap_fixed<16, 6, 5, 3, 0>, ap_fixed<37, 17, 5, 3, 0>, config2_mult>, i16 %void_compute_output_buffer_2d_array_const_ap_shift_reg_n_chan_stream_weig_28, i16 %void_compute_output_buffer_2d_array_const_ap_shift_reg_n_chan_stream_weig_27, i16 %void_compute_output_buffer_2d_array_const_ap_shift_reg_n_chan_stream_weig_26, i16 %void_compute_output_buffer_2d_array_const_ap_shift_reg_n_chan_stream_weig_25, i16 %void_compute_output_buffer_2d_array_const_ap_shift_reg_n_chan_stream_weig_24, i16 %void_compute_output_buffer_2d_array_const_ap_shift_reg_n_chan_stream_weig_23, i16 %void_compute_output_buffer_2d_array_const_ap_shift_reg_n_chan_stream_weig_22, i16 %void_compute_output_buffer_2d_array_const_ap_shift_reg_n_chan_stream_weig_21, i16 %void_compute_output_buffer_2d_array_const_ap_shift_reg_n_chan_stream_weig_20" [firmware/nnet_utils/nnet_dense.h:54->firmware/nnet_utils/nnet_conv_stream.h:288]   --->   Operation 50 'call' 'tmp' <Predicate = (icmp_ln284 & and_ln284_3)> <Delay = 3.57> <CoreType = "Generic">   --->   Core 0 '' <Latency = 0> <II = 1> <Delay = 1.00> <Generic> <Opcode : >

State 5 <SV = 4> <Delay = 3.57>
ST_5 : Operation 51 [2/5] (3.57ns)   --->   "%tmp = call i222 @dense_latency<ap_fixed<16, 6, 5, 3, 0>, ap_fixed<37, 17, 5, 3, 0>, config2_mult>, i16 %void_compute_output_buffer_2d_array_const_ap_shift_reg_n_chan_stream_weig_28, i16 %void_compute_output_buffer_2d_array_const_ap_shift_reg_n_chan_stream_weig_27, i16 %void_compute_output_buffer_2d_array_const_ap_shift_reg_n_chan_stream_weig_26, i16 %void_compute_output_buffer_2d_array_const_ap_shift_reg_n_chan_stream_weig_25, i16 %void_compute_output_buffer_2d_array_const_ap_shift_reg_n_chan_stream_weig_24, i16 %void_compute_output_buffer_2d_array_const_ap_shift_reg_n_chan_stream_weig_23, i16 %void_compute_output_buffer_2d_array_const_ap_shift_reg_n_chan_stream_weig_22, i16 %void_compute_output_buffer_2d_array_const_ap_shift_reg_n_chan_stream_weig_21, i16 %void_compute_output_buffer_2d_array_const_ap_shift_reg_n_chan_stream_weig_20" [firmware/nnet_utils/nnet_dense.h:54->firmware/nnet_utils/nnet_conv_stream.h:288]   --->   Operation 51 'call' 'tmp' <Predicate = (icmp_ln284 & and_ln284_3)> <Delay = 3.57> <CoreType = "Generic">   --->   Core 0 '' <Latency = 0> <II = 1> <Delay = 1.00> <Generic> <Opcode : >

State 6 <SV = 5> <Delay = 2.92>
ST_6 : Operation 52 [1/5] (2.92ns)   --->   "%tmp = call i222 @dense_latency<ap_fixed<16, 6, 5, 3, 0>, ap_fixed<37, 17, 5, 3, 0>, config2_mult>, i16 %void_compute_output_buffer_2d_array_const_ap_shift_reg_n_chan_stream_weig_28, i16 %void_compute_output_buffer_2d_array_const_ap_shift_reg_n_chan_stream_weig_27, i16 %void_compute_output_buffer_2d_array_const_ap_shift_reg_n_chan_stream_weig_26, i16 %void_compute_output_buffer_2d_array_const_ap_shift_reg_n_chan_stream_weig_25, i16 %void_compute_output_buffer_2d_array_const_ap_shift_reg_n_chan_stream_weig_24, i16 %void_compute_output_buffer_2d_array_const_ap_shift_reg_n_chan_stream_weig_23, i16 %void_compute_output_buffer_2d_array_const_ap_shift_reg_n_chan_stream_weig_22, i16 %void_compute_output_buffer_2d_array_const_ap_shift_reg_n_chan_stream_weig_21, i16 %void_compute_output_buffer_2d_array_const_ap_shift_reg_n_chan_stream_weig_20" [firmware/nnet_utils/nnet_dense.h:54->firmware/nnet_utils/nnet_conv_stream.h:288]   --->   Operation 52 'call' 'tmp' <Predicate = (icmp_ln284 & and_ln284_3)> <Delay = 2.92> <CoreType = "Generic">   --->   Core 0 '' <Latency = 0> <II = 1> <Delay = 1.00> <Generic> <Opcode : >
ST_6 : Operation 53 [1/1] (0.00ns)   --->   "%res_out = extractvalue i222 %tmp" [firmware/nnet_utils/nnet_dense.h:54->firmware/nnet_utils/nnet_conv_stream.h:288]   --->   Operation 53 'extractvalue' 'res_out' <Predicate = (icmp_ln284 & and_ln284_3)> <Delay = 0.00>
ST_6 : Operation 54 [1/1] (0.00ns)   --->   "%res_out_1 = extractvalue i222 %tmp" [firmware/nnet_utils/nnet_dense.h:54->firmware/nnet_utils/nnet_conv_stream.h:288]   --->   Operation 54 'extractvalue' 'res_out_1' <Predicate = (icmp_ln284 & and_ln284_3)> <Delay = 0.00>
ST_6 : Operation 55 [1/1] (0.00ns)   --->   "%res_out_2 = extractvalue i222 %tmp" [firmware/nnet_utils/nnet_dense.h:54->firmware/nnet_utils/nnet_conv_stream.h:288]   --->   Operation 55 'extractvalue' 'res_out_2' <Predicate = (icmp_ln284 & and_ln284_3)> <Delay = 0.00>
ST_6 : Operation 56 [1/1] (0.00ns)   --->   "%res_out_3 = extractvalue i222 %tmp" [firmware/nnet_utils/nnet_dense.h:54->firmware/nnet_utils/nnet_conv_stream.h:288]   --->   Operation 56 'extractvalue' 'res_out_3' <Predicate = (icmp_ln284 & and_ln284_3)> <Delay = 0.00>
ST_6 : Operation 57 [1/1] (0.00ns)   --->   "%res_out_4 = extractvalue i222 %tmp" [firmware/nnet_utils/nnet_dense.h:54->firmware/nnet_utils/nnet_conv_stream.h:288]   --->   Operation 57 'extractvalue' 'res_out_4' <Predicate = (icmp_ln284 & and_ln284_3)> <Delay = 0.00>
ST_6 : Operation 58 [1/1] (0.00ns)   --->   "%res_out_5 = extractvalue i222 %tmp" [firmware/nnet_utils/nnet_dense.h:54->firmware/nnet_utils/nnet_conv_stream.h:288]   --->   Operation 58 'extractvalue' 'res_out_5' <Predicate = (icmp_ln284 & and_ln284_3)> <Delay = 0.00>

State 7 <SV = 6> <Delay = 1.82>
ST_7 : Operation 59 [1/1] (0.00ns)   --->   "%p_0 = bitconcatenate i222 @_ssdm_op_BitConcatenate.i222.i37.i37.i37.i37.i37.i37, i37 %res_out_5, i37 %res_out_4, i37 %res_out_3, i37 %res_out_2, i37 %res_out_1, i37 %res_out" [firmware/nnet_utils/nnet_conv_stream.h:299]   --->   Operation 59 'bitconcatenate' 'p_0' <Predicate = (icmp_ln284 & and_ln284_3)> <Delay = 0.00>
ST_7 : Operation 60 [1/1] (1.82ns)   --->   "%write_ln299 = write void @_ssdm_op_Write.ap_fifo.volatile.i222P0A, i222 %layer2_out, i222 %p_0" [firmware/nnet_utils/nnet_conv_stream.h:299]   --->   Operation 60 'write' 'write_ln299' <Predicate = (icmp_ln284 & and_ln284_3)> <Delay = 1.82> <CoreInst = "FIFO">   --->   Core 78 'FIFO' <Latency = 0> <II = 1> <Delay = 2.16> <Storage> <Opcode : 'read' 'write' 'nbread' 'nbwrite'> <Ports = 0> <Width = 222> <Depth = 2116> <FIFO>
ST_7 : Operation 61 [1/1] (0.00ns)   --->   "%br_ln300 = br void %if.end" [firmware/nnet_utils/nnet_conv_stream.h:300]   --->   Operation 61 'br' 'br_ln300' <Predicate = (icmp_ln284 & and_ln284_3)> <Delay = 0.00>
ST_7 : Operation 62 [1/1] (0.00ns)   --->   "%ret_ln320 = ret" [firmware/nnet_utils/nnet_conv_stream.h:320]   --->   Operation 62 'ret' 'ret_ln320' <Predicate = true> <Delay = 0.00>


============================================================
+ Verbose Summary: Binding
============================================================
STG Binding: 
---------------- STG Properties BEGIN ----------------
- Is combinational: 0
- Is one-state seq: 0
- Is datapath-only: 0
- Is pipelined: 1
- Is top level: 0
Port [ Return ] is wired: 1; IO mode=ap_ctrl_hs:ce=0
Port [ in_elem_0_0_0_0_0_val]:  wired=1; compound=0; hidden=0; nouse=0; global=0; static=0; extern=0; dir=0; type=0; pingpong=0; private_global=0; IO mode=ap_none:ce=0
Port [ layer2_out]:  wired=1; compound=1; hidden=0; nouse=0; global=0; static=0; extern=0; dir=1; type=3; pingpong=0; private_global=0; IO mode=ap_fifo:ce=0
Port [ void_compute_output_buffer_2d_array_const_ap_shift_reg_n_chan_stream_weig_27]:  wired=0; compound=0; hidden=1; nouse=0; global=1; static=1; extern=0; dir=2; type=0; pingpong=0; private_global=1; IO mode=ap_ovld:ce=0
Port [ void_compute_output_buffer_2d_array_const_ap_shift_reg_n_chan_stream_weig_28]:  wired=0; compound=0; hidden=1; nouse=0; global=1; static=1; extern=0; dir=2; type=0; pingpong=0; private_global=1; IO mode=ap_ovld:ce=0
Port [ void_compute_output_buffer_2d_array_const_ap_shift_reg_n_chan_stream_weig_24]:  wired=0; compound=0; hidden=1; nouse=0; global=1; static=1; extern=0; dir=2; type=0; pingpong=0; private_global=1; IO mode=ap_ovld:ce=0
Port [ void_compute_output_buffer_2d_array_const_ap_shift_reg_n_chan_stream_weig_25]:  wired=0; compound=0; hidden=1; nouse=0; global=1; static=1; extern=0; dir=2; type=0; pingpong=0; private_global=1; IO mode=ap_ovld:ce=0
Port [ void_compute_output_buffer_2d_array_const_ap_shift_reg_n_chan_stream_weig_21]:  wired=0; compound=0; hidden=1; nouse=0; global=1; static=1; extern=0; dir=2; type=0; pingpong=0; private_global=1; IO mode=ap_ovld:ce=0
Port [ void_compute_output_buffer_2d_array_const_ap_shift_reg_n_chan_stream_weig_22]:  wired=0; compound=0; hidden=1; nouse=0; global=1; static=1; extern=0; dir=2; type=0; pingpong=0; private_global=1; IO mode=ap_ovld:ce=0
Port [ void_compute_output_buffer_2d_array_const_ap_shift_reg_n_chan_stream_weig_26]:  wired=0; compound=0; hidden=1; nouse=0; global=1; static=1; extern=0; dir=2; type=0; pingpong=0; private_global=1; IO mode=ap_ovld:ce=0
Port [ void_compute_output_buffer_2d_array_const_ap_shift_reg_n_chan_stream_weig_23]:  wired=0; compound=0; hidden=1; nouse=0; global=1; static=1; extern=0; dir=2; type=0; pingpong=0; private_global=1; IO mode=ap_ovld:ce=0
Port [ void_compute_output_buffer_2d_array_const_ap_shift_reg_n_chan_stream_weig_20]:  wired=0; compound=0; hidden=1; nouse=0; global=1; static=1; extern=0; dir=2; type=0; pingpong=0; private_global=1; IO mode=ap_ovld:ce=0
Port [ void_conv_2d_buffer_latency_cl_stream_stream_weight_t_bias_t_line_buffer_1]:  wired=0; compound=1; hidden=1; nouse=1; global=1; static=1; extern=0; dir=3; type=1; pingpong=0; private_global=0; MemPort=[2]; IO mode=ap_memory:ce=0
Port [ void_conv_2d_buffer_latency_cl_stream_stream_weight_t_bias_t_line_buffer]:  wired=0; compound=1; hidden=1; nouse=1; global=1; static=1; extern=0; dir=3; type=1; pingpong=0; private_global=0; MemPort=[2]; IO mode=ap_memory:ce=0
Port [ sX_5]:  wired=0; compound=0; hidden=1; nouse=0; global=1; static=1; extern=0; dir=2; type=0; pingpong=0; private_global=1; IO mode=ap_ovld:ce=0
Port [ sY_5]:  wired=0; compound=0; hidden=1; nouse=0; global=1; static=1; extern=0; dir=2; type=0; pingpong=0; private_global=1; IO mode=ap_ovld:ce=0
Port [ pY_5]:  wired=0; compound=0; hidden=1; nouse=0; global=1; static=1; extern=0; dir=2; type=0; pingpong=0; private_global=1; IO mode=ap_ovld:ce=0
Port [ pX_5]:  wired=0; compound=0; hidden=1; nouse=0; global=1; static=1; extern=0; dir=2; type=0; pingpong=0; private_global=1; IO mode=ap_ovld:ce=0
---------------- STG Properties END ------------------

---------------- Datapath Model BEGIN ----------------

<LifeTime>
<method=bitvector/>
in_elem_0_0_0_0_0_val_read (read          ) [ 00000000]
call_ln281                 (call          ) [ 00000000]
specinterface_ln0          (specinterface ) [ 00000000]
sX_5_load                  (load          ) [ 00000000]
icmp_ln284                 (icmp          ) [ 01111111]
sY_5_load                  (load          ) [ 00000000]
pY_5_load                  (load          ) [ 00000000]
pX_5_load                  (load          ) [ 00000000]
br_ln284                   (br            ) [ 00000000]
icmp_ln284_7               (icmp          ) [ 00000000]
tmp_5                      (partselect    ) [ 00000000]
icmp_ln284_8               (icmp          ) [ 00000000]
tmp_6                      (partselect    ) [ 00000000]
icmp_ln284_9               (icmp          ) [ 00000000]
and_ln284                  (and           ) [ 00000000]
and_ln284_3                (and           ) [ 01111111]
br_ln284                   (br            ) [ 00000000]
add_ln303                  (add           ) [ 00000000]
icmp_ln303                 (icmp          ) [ 00110000]
br_ln303                   (br            ) [ 00000000]
store_ln316                (store         ) [ 00000000]
add_ln318                  (add           ) [ 00000000]
select_ln318               (select        ) [ 00000000]
store_ln318                (store         ) [ 00000000]
br_ln0                     (br            ) [ 00000000]
store_ln305                (store         ) [ 00000000]
store_ln306                (store         ) [ 00000000]
add_ln307                  (add           ) [ 00000000]
icmp_ln307                 (icmp          ) [ 00100000]
br_ln307                   (br            ) [ 00000000]
store_ln311                (store         ) [ 00000000]
icmp_ln313                 (icmp          ) [ 00000000]
add_ln313                  (add           ) [ 00000000]
select_ln313               (select        ) [ 00110000]
br_ln0                     (br            ) [ 00110000]
store_ln308                (store         ) [ 00000000]
br_ln310                   (br            ) [ 00110000]
storemerge                 (phi           ) [ 00010000]
store_ln309                (store         ) [ 00000000]
br_ln315                   (br            ) [ 00000000]
tmp                        (call          ) [ 00000000]
res_out                    (extractvalue  ) [ 01000001]
res_out_1                  (extractvalue  ) [ 01000001]
res_out_2                  (extractvalue  ) [ 01000001]
res_out_3                  (extractvalue  ) [ 01000001]
res_out_4                  (extractvalue  ) [ 01000001]
res_out_5                  (extractvalue  ) [ 01000001]
p_0                        (bitconcatenate) [ 00000000]
write_ln299                (write         ) [ 00000000]
br_ln300                   (br            ) [ 00000000]
ret_ln320                  (ret           ) [ 00000000]
</LifeTime>

<model>

<comp_list>
<comp id="0" class="1000" name="in_elem_0_0_0_0_0_val">
<pin_list>
<pin id="1" dir="1" index="0" bw="1" slack="0"/>
</pin_list>
<bind>
<StgValue><ssdm name="in_elem_0_0_0_0_0_val"/></StgValue>
</bind>
</comp>

<comp id="2" class="1000" name="layer2_out">
<pin_list>
<pin id="3" dir="1" index="0" bw="1" slack="0"/>
</pin_list>
<bind>
<StgValue><ssdm name="layer2_out"/></StgValue>
</bind>
</comp>

<comp id="4" class="1000" name="void_compute_output_buffer_2d_array_const_ap_shift_reg_n_chan_stream_weig_27">
<pin_list>
<pin id="5" dir="1" index="0" bw="1" slack="0"/>
</pin_list>
<bind>
<StgValue><ssdm name="void_compute_output_buffer_2d_array_const_ap_shift_reg_n_chan_stream_weig_27"/></StgValue>
</bind>
</comp>

<comp id="6" class="1000" name="void_compute_output_buffer_2d_array_const_ap_shift_reg_n_chan_stream_weig_28">
<pin_list>
<pin id="7" dir="1" index="0" bw="1" slack="0"/>
</pin_list>
<bind>
<StgValue><ssdm name="void_compute_output_buffer_2d_array_const_ap_shift_reg_n_chan_stream_weig_28"/></StgValue>
</bind>
</comp>

<comp id="8" class="1000" name="void_compute_output_buffer_2d_array_const_ap_shift_reg_n_chan_stream_weig_24">
<pin_list>
<pin id="9" dir="1" index="0" bw="1" slack="0"/>
</pin_list>
<bind>
<StgValue><ssdm name="void_compute_output_buffer_2d_array_const_ap_shift_reg_n_chan_stream_weig_24"/></StgValue>
</bind>
</comp>

<comp id="10" class="1000" name="void_compute_output_buffer_2d_array_const_ap_shift_reg_n_chan_stream_weig_25">
<pin_list>
<pin id="11" dir="1" index="0" bw="1" slack="0"/>
</pin_list>
<bind>
<StgValue><ssdm name="void_compute_output_buffer_2d_array_const_ap_shift_reg_n_chan_stream_weig_25"/></StgValue>
</bind>
</comp>

<comp id="12" class="1000" name="void_compute_output_buffer_2d_array_const_ap_shift_reg_n_chan_stream_weig_21">
<pin_list>
<pin id="13" dir="1" index="0" bw="1" slack="0"/>
</pin_list>
<bind>
<StgValue><ssdm name="void_compute_output_buffer_2d_array_const_ap_shift_reg_n_chan_stream_weig_21"/></StgValue>
</bind>
</comp>

<comp id="14" class="1000" name="void_compute_output_buffer_2d_array_const_ap_shift_reg_n_chan_stream_weig_22">
<pin_list>
<pin id="15" dir="1" index="0" bw="1" slack="0"/>
</pin_list>
<bind>
<StgValue><ssdm name="void_compute_output_buffer_2d_array_const_ap_shift_reg_n_chan_stream_weig_22"/></StgValue>
</bind>
</comp>

<comp id="16" class="1000" name="void_compute_output_buffer_2d_array_const_ap_shift_reg_n_chan_stream_weig_26">
<pin_list>
<pin id="17" dir="1" index="0" bw="1" slack="0"/>
</pin_list>
<bind>
<StgValue><ssdm name="void_compute_output_buffer_2d_array_const_ap_shift_reg_n_chan_stream_weig_26"/></StgValue>
</bind>
</comp>

<comp id="18" class="1000" name="void_compute_output_buffer_2d_array_const_ap_shift_reg_n_chan_stream_weig_23">
<pin_list>
<pin id="19" dir="1" index="0" bw="1" slack="0"/>
</pin_list>
<bind>
<StgValue><ssdm name="void_compute_output_buffer_2d_array_const_ap_shift_reg_n_chan_stream_weig_23"/></StgValue>
</bind>
</comp>

<comp id="20" class="1000" name="void_compute_output_buffer_2d_array_const_ap_shift_reg_n_chan_stream_weig_20">
<pin_list>
<pin id="21" dir="1" index="0" bw="1" slack="0"/>
</pin_list>
<bind>
<StgValue><ssdm name="void_compute_output_buffer_2d_array_const_ap_shift_reg_n_chan_stream_weig_20"/></StgValue>
</bind>
</comp>

<comp id="22" class="1000" name="void_conv_2d_buffer_latency_cl_stream_stream_weight_t_bias_t_line_buffer_1">
<pin_list>
<pin id="23" dir="1" index="0" bw="1" slack="0"/>
</pin_list>
<bind>
<StgValue><ssdm name="void_conv_2d_buffer_latency_cl_stream_stream_weight_t_bias_t_line_buffer_1"/><MemPortTyVec>2 </MemPortTyVec>
</StgValue>
</bind>
</comp>

<comp id="24" class="1000" name="void_conv_2d_buffer_latency_cl_stream_stream_weight_t_bias_t_line_buffer">
<pin_list>
<pin id="25" dir="1" index="0" bw="1" slack="0"/>
</pin_list>
<bind>
<StgValue><ssdm name="void_conv_2d_buffer_latency_cl_stream_stream_weight_t_bias_t_line_buffer"/><MemPortTyVec>2 </MemPortTyVec>
</StgValue>
</bind>
</comp>

<comp id="26" class="1000" name="sX_5">
<pin_list>
<pin id="27" dir="1" index="0" bw="1" slack="0"/>
</pin_list>
<bind>
<StgValue><ssdm name="sX_5"/></StgValue>
</bind>
</comp>

<comp id="28" class="1000" name="sY_5">
<pin_list>
<pin id="29" dir="1" index="0" bw="1" slack="0"/>
</pin_list>
<bind>
<StgValue><ssdm name="sY_5"/></StgValue>
</bind>
</comp>

<comp id="30" class="1000" name="pY_5">
<pin_list>
<pin id="31" dir="1" index="0" bw="1" slack="0"/>
</pin_list>
<bind>
<StgValue><ssdm name="pY_5"/></StgValue>
</bind>
</comp>

<comp id="32" class="1000" name="pX_5">
<pin_list>
<pin id="33" dir="1" index="0" bw="1" slack="0"/>
</pin_list>
<bind>
<StgValue><ssdm name="pX_5"/></StgValue>
</bind>
</comp>

<comp id="34" class="1001" name="const_34">
<pin_list>
<pin id="35" dir="1" index="0" bw="1" slack="0"/>
</pin_list>
<bind>
<StgValue><ssdm name="_ssdm_op_Read.ap_auto.i16"/></StgValue>
</bind>
</comp>

<comp id="36" class="1001" name="const_36">
<pin_list>
<pin id="37" dir="1" index="0" bw="1" slack="0"/>
</pin_list>
<bind>
<StgValue><ssdm name="shift_line_buffer<array<ap_fixed<16, 6, 5, 3, 0>, 1u>, config2>"/></StgValue>
</bind>
</comp>

<comp id="38" class="1001" name="const_38">
<pin_list>
<pin id="39" dir="1" index="0" bw="1" slack="2147483647"/>
</pin_list>
<bind>
<StgValue><ssdm name="_ssdm_op_SpecInterface"/></StgValue>
</bind>
</comp>

<comp id="40" class="1001" name="const_40">
<pin_list>
<pin id="41" dir="1" index="0" bw="1" slack="2147483647"/>
</pin_list>
<bind>
<StgValue><ssdm name="empty_2"/></StgValue>
</bind>
</comp>

<comp id="42" class="1001" name="const_42">
<pin_list>
<pin id="43" dir="1" index="0" bw="1" slack="0"/>
</pin_list>
<bind>
<StgValue><ssdm name=""/></StgValue>
</bind>
</comp>

<comp id="44" class="1001" name="const_44">
<pin_list>
<pin id="45" dir="1" index="0" bw="1" slack="2147483647"/>
</pin_list>
<bind>
<StgValue><ssdm name="empty_1"/></StgValue>
</bind>
</comp>

<comp id="46" class="1001" name="const_46">
<pin_list>
<pin id="47" dir="1" index="0" bw="1" slack="2147483647"/>
</pin_list>
<bind>
<StgValue><ssdm name=""/></StgValue>
</bind>
</comp>

<comp id="48" class="1001" name="const_48">
<pin_list>
<pin id="49" dir="1" index="0" bw="1" slack="0"/>
</pin_list>
<bind>
<StgValue><ssdm name=""/></StgValue>
</bind>
</comp>

<comp id="50" class="1001" name="const_50">
<pin_list>
<pin id="51" dir="1" index="0" bw="1" slack="0"/>
</pin_list>
<bind>
<StgValue><ssdm name="_ssdm_op_PartSelect.i31.i32.i32.i32"/></StgValue>
</bind>
</comp>

<comp id="52" class="1001" name="const_52">
<pin_list>
<pin id="53" dir="1" index="0" bw="1" slack="0"/>
</pin_list>
<bind>
<StgValue><ssdm name=""/></StgValue>
</bind>
</comp>

<comp id="54" class="1001" name="const_54">
<pin_list>
<pin id="55" dir="1" index="0" bw="1" slack="0"/>
</pin_list>
<bind>
<StgValue><ssdm name=""/></StgValue>
</bind>
</comp>

<comp id="56" class="1001" name="const_56">
<pin_list>
<pin id="57" dir="1" index="0" bw="1" slack="0"/>
</pin_list>
<bind>
<StgValue><ssdm name=""/></StgValue>
</bind>
</comp>

<comp id="58" class="1001" name="const_58">
<pin_list>
<pin id="59" dir="1" index="0" bw="1" slack="0"/>
</pin_list>
<bind>
<StgValue><ssdm name="dense_latency<ap_fixed<16, 6, 5, 3, 0>, ap_fixed<37, 17, 5, 3, 0>, config2_mult>"/></StgValue>
</bind>
</comp>

<comp id="60" class="1001" name="const_60">
<pin_list>
<pin id="61" dir="1" index="0" bw="1" slack="0"/>
</pin_list>
<bind>
<StgValue><ssdm name=""/></StgValue>
</bind>
</comp>

<comp id="62" class="1001" name="const_62">
<pin_list>
<pin id="63" dir="1" index="0" bw="1" slack="0"/>
</pin_list>
<bind>
<StgValue><ssdm name="_ssdm_op_BitConcatenate.i222.i37.i37.i37.i37.i37.i37"/></StgValue>
</bind>
</comp>

<comp id="64" class="1001" name="const_64">
<pin_list>
<pin id="65" dir="1" index="0" bw="1" slack="0"/>
</pin_list>
<bind>
<StgValue><ssdm name="_ssdm_op_Write.ap_fifo.volatile.i222P0A"/></StgValue>
</bind>
</comp>

<comp id="66" class="1004" name="in_elem_0_0_0_0_0_val_read_read_fu_66">
<pin_list>
<pin id="67" dir="0" index="0" bw="16" slack="0"/>
<pin id="68" dir="0" index="1" bw="16" slack="0"/>
<pin id="69" dir="1" index="2" bw="16" slack="0"/>
</pin_list>
<bind>
<opcode="read(1150) " fcode="read"/>
<opset="in_elem_0_0_0_0_0_val_read/1 "/>
</bind>
</comp>

<comp id="72" class="1004" name="write_ln299_write_fu_72">
<pin_list>
<pin id="73" dir="0" index="0" bw="0" slack="0"/>
<pin id="74" dir="0" index="1" bw="222" slack="0"/>
<pin id="75" dir="0" index="2" bw="222" slack="0"/>
<pin id="76" dir="1" index="3" bw="0" slack="2147483647"/>
</pin_list>
<bind>
<opcode="write(1151) " fcode="write"/>
<opset="write_ln299/7 "/>
</bind>
</comp>

<comp id="79" class="1005" name="storemerge_reg_79">
<pin_list>
<pin id="80" dir="0" index="0" bw="32" slack="1"/>
<pin id="81" dir="1" index="1" bw="32" slack="1"/>
</pin_list>
<bind>
<opset="storemerge (phireg) "/>
</bind>
</comp>

<comp id="83" class="1004" name="storemerge_phi_fu_83">
<pin_list>
<pin id="84" dir="0" index="0" bw="32" slack="1"/>
<pin id="85" dir="0" index="1" bw="0" slack="2147483647"/>
<pin id="86" dir="0" index="2" bw="1" slack="1"/>
<pin id="87" dir="0" index="3" bw="0" slack="2147483647"/>
<pin id="88" dir="1" index="4" bw="32" slack="0"/>
</pin_list>
<bind>
<opcode="phi(47) " fcode="phi"/>
<opset="storemerge/3 "/>
</bind>
</comp>

<comp id="90" class="1004" name="call_ln281_shift_line_buffer_array_ap_fixed_16_6_5_3_0_1u_config2_s_fu_90">
<pin_list>
<pin id="91" dir="0" index="0" bw="0" slack="0"/>
<pin id="92" dir="0" index="1" bw="16" slack="0"/>
<pin id="93" dir="0" index="2" bw="16" slack="0"/>
<pin id="94" dir="0" index="3" bw="16" slack="0"/>
<pin id="95" dir="0" index="4" bw="16" slack="0"/>
<pin id="96" dir="0" index="5" bw="16" slack="0"/>
<pin id="97" dir="0" index="6" bw="16" slack="0"/>
<pin id="98" dir="0" index="7" bw="16" slack="0"/>
<pin id="99" dir="0" index="8" bw="16" slack="0"/>
<pin id="100" dir="0" index="9" bw="16" slack="0"/>
<pin id="101" dir="0" index="10" bw="16" slack="0"/>
<pin id="102" dir="0" index="11" bw="16" slack="0"/>
<pin id="103" dir="0" index="12" bw="16" slack="0"/>
<pin id="104" dir="1" index="13" bw="0" slack="2147483647"/>
</pin_list>
<bind>
<opcode="call(48) " fcode="call"/>
<opset="call_ln281/1 "/>
</bind>
</comp>

<comp id="118" class="1004" name="grp_dense_latency_ap_fixed_16_6_5_3_0_ap_fixed_37_17_5_3_0_config2_mult_s_fu_118">
<pin_list>
<pin id="119" dir="0" index="0" bw="222" slack="0"/>
<pin id="120" dir="0" index="1" bw="16" slack="0"/>
<pin id="121" dir="0" index="2" bw="16" slack="0"/>
<pin id="122" dir="0" index="3" bw="16" slack="0"/>
<pin id="123" dir="0" index="4" bw="16" slack="0"/>
<pin id="124" dir="0" index="5" bw="16" slack="0"/>
<pin id="125" dir="0" index="6" bw="16" slack="0"/>
<pin id="126" dir="0" index="7" bw="16" slack="0"/>
<pin id="127" dir="0" index="8" bw="16" slack="0"/>
<pin id="128" dir="0" index="9" bw="16" slack="0"/>
<pin id="129" dir="1" index="10" bw="222" slack="0"/>
</pin_list>
<bind>
<opcode="call(48) " fcode="call"/>
<opset="tmp/2 "/>
</bind>
</comp>

<comp id="140" class="1004" name="sX_5_load_load_fu_140">
<pin_list>
<pin id="141" dir="0" index="0" bw="32" slack="0"/>
<pin id="142" dir="1" index="1" bw="32" slack="0"/>
</pin_list>
<bind>
<opcode="load(27) " fcode="load"/>
<opset="sX_5_load/2 "/>
</bind>
</comp>

<comp id="144" class="1004" name="icmp_ln284_fu_144">
<pin_list>
<pin id="145" dir="0" index="0" bw="32" slack="0"/>
<pin id="146" dir="0" index="1" bw="3" slack="0"/>
<pin id="147" dir="1" index="2" bw="1" slack="0"/>
</pin_list>
<bind>
<opcode="icmp(45) " fcode="icmp"/>
<opset="icmp_ln284/2 "/>
</bind>
</comp>

<comp id="150" class="1004" name="sY_5_load_load_fu_150">
<pin_list>
<pin id="151" dir="0" index="0" bw="32" slack="0"/>
<pin id="152" dir="1" index="1" bw="32" slack="0"/>
</pin_list>
<bind>
<opcode="load(27) " fcode="load"/>
<opset="sY_5_load/2 "/>
</bind>
</comp>

<comp id="154" class="1004" name="pY_5_load_load_fu_154">
<pin_list>
<pin id="155" dir="0" index="0" bw="32" slack="0"/>
<pin id="156" dir="1" index="1" bw="32" slack="0"/>
</pin_list>
<bind>
<opcode="load(27) " fcode="load"/>
<opset="pY_5_load/2 "/>
</bind>
</comp>

<comp id="158" class="1004" name="pX_5_load_load_fu_158">
<pin_list>
<pin id="159" dir="0" index="0" bw="32" slack="0"/>
<pin id="160" dir="1" index="1" bw="32" slack="0"/>
</pin_list>
<bind>
<opcode="load(27) " fcode="load"/>
<opset="pX_5_load/2 "/>
</bind>
</comp>

<comp id="162" class="1004" name="icmp_ln284_7_fu_162">
<pin_list>
<pin id="163" dir="0" index="0" bw="32" slack="0"/>
<pin id="164" dir="0" index="1" bw="3" slack="0"/>
<pin id="165" dir="1" index="2" bw="1" slack="0"/>
</pin_list>
<bind>
<opcode="icmp(45) " fcode="icmp"/>
<opset="icmp_ln284_7/2 "/>
</bind>
</comp>

<comp id="168" class="1004" name="tmp_5_fu_168">
<pin_list>
<pin id="169" dir="0" index="0" bw="31" slack="0"/>
<pin id="170" dir="0" index="1" bw="32" slack="0"/>
<pin id="171" dir="0" index="2" bw="1" slack="0"/>
<pin id="172" dir="0" index="3" bw="6" slack="0"/>
<pin id="173" dir="1" index="4" bw="31" slack="0"/>
</pin_list>
<bind>
<opcode="partselect(1002) " fcode="partselect"/>
<opset="tmp_5/2 "/>
</bind>
</comp>

<comp id="178" class="1004" name="icmp_ln284_8_fu_178">
<pin_list>
<pin id="179" dir="0" index="0" bw="31" slack="0"/>
<pin id="180" dir="0" index="1" bw="1" slack="0"/>
<pin id="181" dir="1" index="2" bw="1" slack="0"/>
</pin_list>
<bind>
<opcode="icmp(45) " fcode="icmp"/>
<opset="icmp_ln284_8/2 "/>
</bind>
</comp>

<comp id="184" class="1004" name="tmp_6_fu_184">
<pin_list>
<pin id="185" dir="0" index="0" bw="31" slack="0"/>
<pin id="186" dir="0" index="1" bw="32" slack="0"/>
<pin id="187" dir="0" index="2" bw="1" slack="0"/>
<pin id="188" dir="0" index="3" bw="6" slack="0"/>
<pin id="189" dir="1" index="4" bw="31" slack="0"/>
</pin_list>
<bind>
<opcode="partselect(1002) " fcode="partselect"/>
<opset="tmp_6/2 "/>
</bind>
</comp>

<comp id="194" class="1004" name="icmp_ln284_9_fu_194">
<pin_list>
<pin id="195" dir="0" index="0" bw="31" slack="0"/>
<pin id="196" dir="0" index="1" bw="1" slack="0"/>
<pin id="197" dir="1" index="2" bw="1" slack="0"/>
</pin_list>
<bind>
<opcode="icmp(45) " fcode="icmp"/>
<opset="icmp_ln284_9/2 "/>
</bind>
</comp>

<comp id="200" class="1004" name="and_ln284_fu_200">
<pin_list>
<pin id="201" dir="0" index="0" bw="1" slack="0"/>
<pin id="202" dir="0" index="1" bw="1" slack="0"/>
<pin id="203" dir="1" index="2" bw="1" slack="0"/>
</pin_list>
<bind>
<opcode="and(23) " fcode="and"/>
<opset="and_ln284/2 "/>
</bind>
</comp>

<comp id="206" class="1004" name="and_ln284_3_fu_206">
<pin_list>
<pin id="207" dir="0" index="0" bw="1" slack="0"/>
<pin id="208" dir="0" index="1" bw="1" slack="0"/>
<pin id="209" dir="1" index="2" bw="1" slack="1"/>
</pin_list>
<bind>
<opcode="and(23) " fcode="and"/>
<opset="and_ln284_3/2 "/>
</bind>
</comp>

<comp id="212" class="1004" name="add_ln303_fu_212">
<pin_list>
<pin id="213" dir="0" index="0" bw="32" slack="0"/>
<pin id="214" dir="0" index="1" bw="1" slack="0"/>
<pin id="215" dir="1" index="2" bw="32" slack="0"/>
</pin_list>
<bind>
<opcode="add(8) " fcode="add"/>
<opset="add_ln303/2 "/>
</bind>
</comp>

<comp id="218" class="1004" name="icmp_ln303_fu_218">
<pin_list>
<pin id="219" dir="0" index="0" bw="32" slack="0"/>
<pin id="220" dir="0" index="1" bw="7" slack="0"/>
<pin id="221" dir="1" index="2" bw="1" slack="1"/>
</pin_list>
<bind>
<opcode="icmp(45) " fcode="icmp"/>
<opset="icmp_ln303/2 "/>
</bind>
</comp>

<comp id="224" class="1004" name="store_ln316_store_fu_224">
<pin_list>
<pin id="225" dir="0" index="0" bw="32" slack="0"/>
<pin id="226" dir="0" index="1" bw="32" slack="0"/>
<pin id="227" dir="1" index="2" bw="0" slack="2147483647"/>
</pin_list>
<bind>
<opcode="store(28) " fcode="store"/>
<opset="store_ln316/2 "/>
</bind>
</comp>

<comp id="230" class="1004" name="add_ln318_fu_230">
<pin_list>
<pin id="231" dir="0" index="0" bw="32" slack="0"/>
<pin id="232" dir="0" index="1" bw="1" slack="0"/>
<pin id="233" dir="1" index="2" bw="32" slack="0"/>
</pin_list>
<bind>
<opcode="add(8) " fcode="add"/>
<opset="add_ln318/2 "/>
</bind>
</comp>

<comp id="236" class="1004" name="select_ln318_fu_236">
<pin_list>
<pin id="237" dir="0" index="0" bw="1" slack="0"/>
<pin id="238" dir="0" index="1" bw="3" slack="0"/>
<pin id="239" dir="0" index="2" bw="32" slack="0"/>
<pin id="240" dir="1" index="3" bw="32" slack="0"/>
</pin_list>
<bind>
<opcode="select(49) " fcode="select"/>
<opset="select_ln318/2 "/>
</bind>
</comp>

<comp id="244" class="1004" name="store_ln318_store_fu_244">
<pin_list>
<pin id="245" dir="0" index="0" bw="32" slack="0"/>
<pin id="246" dir="0" index="1" bw="32" slack="0"/>
<pin id="247" dir="1" index="2" bw="0" slack="2147483647"/>
</pin_list>
<bind>
<opcode="store(28) " fcode="store"/>
<opset="store_ln318/2 "/>
</bind>
</comp>

<comp id="250" class="1004" name="store_ln305_store_fu_250">
<pin_list>
<pin id="251" dir="0" index="0" bw="1" slack="0"/>
<pin id="252" dir="0" index="1" bw="32" slack="0"/>
<pin id="253" dir="1" index="2" bw="0" slack="2147483647"/>
</pin_list>
<bind>
<opcode="store(28) " fcode="store"/>
<opset="store_ln305/2 "/>
</bind>
</comp>

<comp id="256" class="1004" name="store_ln306_store_fu_256">
<pin_list>
<pin id="257" dir="0" index="0" bw="1" slack="0"/>
<pin id="258" dir="0" index="1" bw="32" slack="0"/>
<pin id="259" dir="1" index="2" bw="0" slack="2147483647"/>
</pin_list>
<bind>
<opcode="store(28) " fcode="store"/>
<opset="store_ln306/2 "/>
</bind>
</comp>

<comp id="262" class="1004" name="add_ln307_fu_262">
<pin_list>
<pin id="263" dir="0" index="0" bw="32" slack="0"/>
<pin id="264" dir="0" index="1" bw="1" slack="0"/>
<pin id="265" dir="1" index="2" bw="32" slack="0"/>
</pin_list>
<bind>
<opcode="add(8) " fcode="add"/>
<opset="add_ln307/2 "/>
</bind>
</comp>

<comp id="268" class="1004" name="icmp_ln307_fu_268">
<pin_list>
<pin id="269" dir="0" index="0" bw="32" slack="0"/>
<pin id="270" dir="0" index="1" bw="7" slack="0"/>
<pin id="271" dir="1" index="2" bw="1" slack="2147483647"/>
</pin_list>
<bind>
<opcode="icmp(45) " fcode="icmp"/>
<opset="icmp_ln307/2 "/>
</bind>
</comp>

<comp id="274" class="1004" name="store_ln311_store_fu_274">
<pin_list>
<pin id="275" dir="0" index="0" bw="32" slack="0"/>
<pin id="276" dir="0" index="1" bw="32" slack="0"/>
<pin id="277" dir="1" index="2" bw="0" slack="2147483647"/>
</pin_list>
<bind>
<opcode="store(28) " fcode="store"/>
<opset="store_ln311/2 "/>
</bind>
</comp>

<comp id="280" class="1004" name="icmp_ln313_fu_280">
<pin_list>
<pin id="281" dir="0" index="0" bw="32" slack="0"/>
<pin id="282" dir="0" index="1" bw="3" slack="0"/>
<pin id="283" dir="1" index="2" bw="1" slack="0"/>
</pin_list>
<bind>
<opcode="icmp(45) " fcode="icmp"/>
<opset="icmp_ln313/2 "/>
</bind>
</comp>

<comp id="286" class="1004" name="add_ln313_fu_286">
<pin_list>
<pin id="287" dir="0" index="0" bw="32" slack="0"/>
<pin id="288" dir="0" index="1" bw="1" slack="0"/>
<pin id="289" dir="1" index="2" bw="32" slack="0"/>
</pin_list>
<bind>
<opcode="add(8) " fcode="add"/>
<opset="add_ln313/2 "/>
</bind>
</comp>

<comp id="292" class="1004" name="select_ln313_fu_292">
<pin_list>
<pin id="293" dir="0" index="0" bw="1" slack="0"/>
<pin id="294" dir="0" index="1" bw="3" slack="0"/>
<pin id="295" dir="0" index="2" bw="32" slack="0"/>
<pin id="296" dir="1" index="3" bw="32" slack="1"/>
</pin_list>
<bind>
<opcode="select(49) " fcode="select"/>
<opset="select_ln313/2 "/>
</bind>
</comp>

<comp id="300" class="1004" name="store_ln308_store_fu_300">
<pin_list>
<pin id="301" dir="0" index="0" bw="1" slack="0"/>
<pin id="302" dir="0" index="1" bw="32" slack="0"/>
<pin id="303" dir="1" index="2" bw="0" slack="2147483647"/>
</pin_list>
<bind>
<opcode="store(28) " fcode="store"/>
<opset="store_ln308/2 "/>
</bind>
</comp>

<comp id="306" class="1004" name="store_ln309_store_fu_306">
<pin_list>
<pin id="307" dir="0" index="0" bw="32" slack="0"/>
<pin id="308" dir="0" index="1" bw="32" slack="0"/>
<pin id="309" dir="1" index="2" bw="0" slack="2147483647"/>
</pin_list>
<bind>
<opcode="store(28) " fcode="store"/>
<opset="store_ln309/3 "/>
</bind>
</comp>

<comp id="312" class="1004" name="res_out_fu_312">
<pin_list>
<pin id="313" dir="0" index="0" bw="222" slack="0"/>
<pin id="314" dir="1" index="1" bw="37" slack="1"/>
</pin_list>
<bind>
<opcode="extractvalue(56) " fcode="extractvalue"/>
<opset="res_out/6 "/>
</bind>
</comp>

<comp id="316" class="1004" name="res_out_1_fu_316">
<pin_list>
<pin id="317" dir="0" index="0" bw="222" slack="0"/>
<pin id="318" dir="1" index="1" bw="37" slack="1"/>
</pin_list>
<bind>
<opcode="extractvalue(56) " fcode="extractvalue"/>
<opset="res_out_1/6 "/>
</bind>
</comp>

<comp id="320" class="1004" name="res_out_2_fu_320">
<pin_list>
<pin id="321" dir="0" index="0" bw="222" slack="0"/>
<pin id="322" dir="1" index="1" bw="37" slack="1"/>
</pin_list>
<bind>
<opcode="extractvalue(56) " fcode="extractvalue"/>
<opset="res_out_2/6 "/>
</bind>
</comp>

<comp id="324" class="1004" name="res_out_3_fu_324">
<pin_list>
<pin id="325" dir="0" index="0" bw="222" slack="0"/>
<pin id="326" dir="1" index="1" bw="37" slack="1"/>
</pin_list>
<bind>
<opcode="extractvalue(56) " fcode="extractvalue"/>
<opset="res_out_3/6 "/>
</bind>
</comp>

<comp id="328" class="1004" name="res_out_4_fu_328">
<pin_list>
<pin id="329" dir="0" index="0" bw="222" slack="0"/>
<pin id="330" dir="1" index="1" bw="37" slack="1"/>
</pin_list>
<bind>
<opcode="extractvalue(56) " fcode="extractvalue"/>
<opset="res_out_4/6 "/>
</bind>
</comp>

<comp id="332" class="1004" name="res_out_5_fu_332">
<pin_list>
<pin id="333" dir="0" index="0" bw="222" slack="0"/>
<pin id="334" dir="1" index="1" bw="37" slack="1"/>
</pin_list>
<bind>
<opcode="extractvalue(56) " fcode="extractvalue"/>
<opset="res_out_5/6 "/>
</bind>
</comp>

<comp id="336" class="1004" name="p_0_fu_336">
<pin_list>
<pin id="337" dir="0" index="0" bw="222" slack="0"/>
<pin id="338" dir="0" index="1" bw="37" slack="1"/>
<pin id="339" dir="0" index="2" bw="37" slack="1"/>
<pin id="340" dir="0" index="3" bw="37" slack="1"/>
<pin id="341" dir="0" index="4" bw="37" slack="1"/>
<pin id="342" dir="0" index="5" bw="37" slack="1"/>
<pin id="343" dir="0" index="6" bw="37" slack="1"/>
<pin id="344" dir="1" index="7" bw="222" slack="0"/>
</pin_list>
<bind>
<opcode="bitconcatenate(1004) " fcode="bitconcatenate"/>
<opset="p_0/7 "/>
</bind>
</comp>

<comp id="347" class="1005" name="icmp_ln284_reg_347">
<pin_list>
<pin id="348" dir="0" index="0" bw="1" slack="1"/>
<pin id="349" dir="1" index="1" bw="1" slack="2147483647"/>
</pin_list>
<bind>
<opset="icmp_ln284 "/>
</bind>
</comp>

<comp id="351" class="1005" name="and_ln284_3_reg_351">
<pin_list>
<pin id="352" dir="0" index="0" bw="1" slack="1"/>
<pin id="353" dir="1" index="1" bw="1" slack="2147483647"/>
</pin_list>
<bind>
<opset="and_ln284_3 "/>
</bind>
</comp>

<comp id="355" class="1005" name="icmp_ln303_reg_355">
<pin_list>
<pin id="356" dir="0" index="0" bw="1" slack="1"/>
<pin id="357" dir="1" index="1" bw="1" slack="2147483647"/>
</pin_list>
<bind>
<opset="icmp_ln303 "/>
</bind>
</comp>

<comp id="362" class="1005" name="select_ln313_reg_362">
<pin_list>
<pin id="363" dir="0" index="0" bw="32" slack="1"/>
<pin id="364" dir="1" index="1" bw="32" slack="1"/>
</pin_list>
<bind>
<opset="select_ln313 "/>
</bind>
</comp>

<comp id="367" class="1005" name="res_out_reg_367">
<pin_list>
<pin id="368" dir="0" index="0" bw="37" slack="1"/>
<pin id="369" dir="1" index="1" bw="37" slack="1"/>
</pin_list>
<bind>
<opset="res_out "/>
</bind>
</comp>

<comp id="372" class="1005" name="res_out_1_reg_372">
<pin_list>
<pin id="373" dir="0" index="0" bw="37" slack="1"/>
<pin id="374" dir="1" index="1" bw="37" slack="1"/>
</pin_list>
<bind>
<opset="res_out_1 "/>
</bind>
</comp>

<comp id="377" class="1005" name="res_out_2_reg_377">
<pin_list>
<pin id="378" dir="0" index="0" bw="37" slack="1"/>
<pin id="379" dir="1" index="1" bw="37" slack="1"/>
</pin_list>
<bind>
<opset="res_out_2 "/>
</bind>
</comp>

<comp id="382" class="1005" name="res_out_3_reg_382">
<pin_list>
<pin id="383" dir="0" index="0" bw="37" slack="1"/>
<pin id="384" dir="1" index="1" bw="37" slack="1"/>
</pin_list>
<bind>
<opset="res_out_3 "/>
</bind>
</comp>

<comp id="387" class="1005" name="res_out_4_reg_387">
<pin_list>
<pin id="388" dir="0" index="0" bw="37" slack="1"/>
<pin id="389" dir="1" index="1" bw="37" slack="1"/>
</pin_list>
<bind>
<opset="res_out_4 "/>
</bind>
</comp>

<comp id="392" class="1005" name="res_out_5_reg_392">
<pin_list>
<pin id="393" dir="0" index="0" bw="37" slack="1"/>
<pin id="394" dir="1" index="1" bw="37" slack="1"/>
</pin_list>
<bind>
<opset="res_out_5 "/>
</bind>
</comp>

</comp_list>

<net_list>
<net id="70"><net_src comp="34" pin="0"/><net_sink comp="66" pin=0"/></net>

<net id="71"><net_src comp="0" pin="0"/><net_sink comp="66" pin=1"/></net>

<net id="77"><net_src comp="64" pin="0"/><net_sink comp="72" pin=0"/></net>

<net id="78"><net_src comp="2" pin="0"/><net_sink comp="72" pin=1"/></net>

<net id="82"><net_src comp="42" pin="0"/><net_sink comp="79" pin=0"/></net>

<net id="89"><net_src comp="79" pin="1"/><net_sink comp="83" pin=2"/></net>

<net id="105"><net_src comp="36" pin="0"/><net_sink comp="90" pin=0"/></net>

<net id="106"><net_src comp="66" pin="2"/><net_sink comp="90" pin=1"/></net>

<net id="107"><net_src comp="4" pin="0"/><net_sink comp="90" pin=2"/></net>

<net id="108"><net_src comp="6" pin="0"/><net_sink comp="90" pin=3"/></net>

<net id="109"><net_src comp="8" pin="0"/><net_sink comp="90" pin=4"/></net>

<net id="110"><net_src comp="10" pin="0"/><net_sink comp="90" pin=5"/></net>

<net id="111"><net_src comp="12" pin="0"/><net_sink comp="90" pin=6"/></net>

<net id="112"><net_src comp="14" pin="0"/><net_sink comp="90" pin=7"/></net>

<net id="113"><net_src comp="16" pin="0"/><net_sink comp="90" pin=8"/></net>

<net id="114"><net_src comp="18" pin="0"/><net_sink comp="90" pin=9"/></net>

<net id="115"><net_src comp="20" pin="0"/><net_sink comp="90" pin=10"/></net>

<net id="116"><net_src comp="22" pin="0"/><net_sink comp="90" pin=11"/></net>

<net id="117"><net_src comp="24" pin="0"/><net_sink comp="90" pin=12"/></net>

<net id="130"><net_src comp="58" pin="0"/><net_sink comp="118" pin=0"/></net>

<net id="131"><net_src comp="6" pin="0"/><net_sink comp="118" pin=1"/></net>

<net id="132"><net_src comp="4" pin="0"/><net_sink comp="118" pin=2"/></net>

<net id="133"><net_src comp="16" pin="0"/><net_sink comp="118" pin=3"/></net>

<net id="134"><net_src comp="10" pin="0"/><net_sink comp="118" pin=4"/></net>

<net id="135"><net_src comp="8" pin="0"/><net_sink comp="118" pin=5"/></net>

<net id="136"><net_src comp="18" pin="0"/><net_sink comp="118" pin=6"/></net>

<net id="137"><net_src comp="14" pin="0"/><net_sink comp="118" pin=7"/></net>

<net id="138"><net_src comp="12" pin="0"/><net_sink comp="118" pin=8"/></net>

<net id="139"><net_src comp="20" pin="0"/><net_sink comp="118" pin=9"/></net>

<net id="143"><net_src comp="26" pin="0"/><net_sink comp="140" pin=0"/></net>

<net id="148"><net_src comp="140" pin="1"/><net_sink comp="144" pin=0"/></net>

<net id="149"><net_src comp="48" pin="0"/><net_sink comp="144" pin=1"/></net>

<net id="153"><net_src comp="28" pin="0"/><net_sink comp="150" pin=0"/></net>

<net id="157"><net_src comp="30" pin="0"/><net_sink comp="154" pin=0"/></net>

<net id="161"><net_src comp="32" pin="0"/><net_sink comp="158" pin=0"/></net>

<net id="166"><net_src comp="150" pin="1"/><net_sink comp="162" pin=0"/></net>

<net id="167"><net_src comp="48" pin="0"/><net_sink comp="162" pin=1"/></net>

<net id="174"><net_src comp="50" pin="0"/><net_sink comp="168" pin=0"/></net>

<net id="175"><net_src comp="154" pin="1"/><net_sink comp="168" pin=1"/></net>

<net id="176"><net_src comp="52" pin="0"/><net_sink comp="168" pin=2"/></net>

<net id="177"><net_src comp="54" pin="0"/><net_sink comp="168" pin=3"/></net>

<net id="182"><net_src comp="168" pin="4"/><net_sink comp="178" pin=0"/></net>

<net id="183"><net_src comp="56" pin="0"/><net_sink comp="178" pin=1"/></net>

<net id="190"><net_src comp="50" pin="0"/><net_sink comp="184" pin=0"/></net>

<net id="191"><net_src comp="158" pin="1"/><net_sink comp="184" pin=1"/></net>

<net id="192"><net_src comp="52" pin="0"/><net_sink comp="184" pin=2"/></net>

<net id="193"><net_src comp="54" pin="0"/><net_sink comp="184" pin=3"/></net>

<net id="198"><net_src comp="184" pin="4"/><net_sink comp="194" pin=0"/></net>

<net id="199"><net_src comp="56" pin="0"/><net_sink comp="194" pin=1"/></net>

<net id="204"><net_src comp="178" pin="2"/><net_sink comp="200" pin=0"/></net>

<net id="205"><net_src comp="194" pin="2"/><net_sink comp="200" pin=1"/></net>

<net id="210"><net_src comp="200" pin="2"/><net_sink comp="206" pin=0"/></net>

<net id="211"><net_src comp="162" pin="2"/><net_sink comp="206" pin=1"/></net>

<net id="216"><net_src comp="158" pin="1"/><net_sink comp="212" pin=0"/></net>

<net id="217"><net_src comp="52" pin="0"/><net_sink comp="212" pin=1"/></net>

<net id="222"><net_src comp="212" pin="2"/><net_sink comp="218" pin=0"/></net>

<net id="223"><net_src comp="60" pin="0"/><net_sink comp="218" pin=1"/></net>

<net id="228"><net_src comp="212" pin="2"/><net_sink comp="224" pin=0"/></net>

<net id="229"><net_src comp="32" pin="0"/><net_sink comp="224" pin=1"/></net>

<net id="234"><net_src comp="140" pin="1"/><net_sink comp="230" pin=0"/></net>

<net id="235"><net_src comp="52" pin="0"/><net_sink comp="230" pin=1"/></net>

<net id="241"><net_src comp="144" pin="2"/><net_sink comp="236" pin=0"/></net>

<net id="242"><net_src comp="48" pin="0"/><net_sink comp="236" pin=1"/></net>

<net id="243"><net_src comp="230" pin="2"/><net_sink comp="236" pin=2"/></net>

<net id="248"><net_src comp="236" pin="3"/><net_sink comp="244" pin=0"/></net>

<net id="249"><net_src comp="26" pin="0"/><net_sink comp="244" pin=1"/></net>

<net id="254"><net_src comp="42" pin="0"/><net_sink comp="250" pin=0"/></net>

<net id="255"><net_src comp="32" pin="0"/><net_sink comp="250" pin=1"/></net>

<net id="260"><net_src comp="42" pin="0"/><net_sink comp="256" pin=0"/></net>

<net id="261"><net_src comp="26" pin="0"/><net_sink comp="256" pin=1"/></net>

<net id="266"><net_src comp="154" pin="1"/><net_sink comp="262" pin=0"/></net>

<net id="267"><net_src comp="52" pin="0"/><net_sink comp="262" pin=1"/></net>

<net id="272"><net_src comp="262" pin="2"/><net_sink comp="268" pin=0"/></net>

<net id="273"><net_src comp="60" pin="0"/><net_sink comp="268" pin=1"/></net>

<net id="278"><net_src comp="262" pin="2"/><net_sink comp="274" pin=0"/></net>

<net id="279"><net_src comp="30" pin="0"/><net_sink comp="274" pin=1"/></net>

<net id="284"><net_src comp="150" pin="1"/><net_sink comp="280" pin=0"/></net>

<net id="285"><net_src comp="48" pin="0"/><net_sink comp="280" pin=1"/></net>

<net id="290"><net_src comp="150" pin="1"/><net_sink comp="286" pin=0"/></net>

<net id="291"><net_src comp="52" pin="0"/><net_sink comp="286" pin=1"/></net>

<net id="297"><net_src comp="280" pin="2"/><net_sink comp="292" pin=0"/></net>

<net id="298"><net_src comp="48" pin="0"/><net_sink comp="292" pin=1"/></net>

<net id="299"><net_src comp="286" pin="2"/><net_sink comp="292" pin=2"/></net>

<net id="304"><net_src comp="42" pin="0"/><net_sink comp="300" pin=0"/></net>

<net id="305"><net_src comp="30" pin="0"/><net_sink comp="300" pin=1"/></net>

<net id="310"><net_src comp="83" pin="4"/><net_sink comp="306" pin=0"/></net>

<net id="311"><net_src comp="28" pin="0"/><net_sink comp="306" pin=1"/></net>

<net id="315"><net_src comp="118" pin="10"/><net_sink comp="312" pin=0"/></net>

<net id="319"><net_src comp="118" pin="10"/><net_sink comp="316" pin=0"/></net>

<net id="323"><net_src comp="118" pin="10"/><net_sink comp="320" pin=0"/></net>

<net id="327"><net_src comp="118" pin="10"/><net_sink comp="324" pin=0"/></net>

<net id="331"><net_src comp="118" pin="10"/><net_sink comp="328" pin=0"/></net>

<net id="335"><net_src comp="118" pin="10"/><net_sink comp="332" pin=0"/></net>

<net id="345"><net_src comp="62" pin="0"/><net_sink comp="336" pin=0"/></net>

<net id="346"><net_src comp="336" pin="7"/><net_sink comp="72" pin=2"/></net>

<net id="350"><net_src comp="144" pin="2"/><net_sink comp="347" pin=0"/></net>

<net id="354"><net_src comp="206" pin="2"/><net_sink comp="351" pin=0"/></net>

<net id="358"><net_src comp="218" pin="2"/><net_sink comp="355" pin=0"/></net>

<net id="365"><net_src comp="292" pin="3"/><net_sink comp="362" pin=0"/></net>

<net id="366"><net_src comp="362" pin="1"/><net_sink comp="83" pin=0"/></net>

<net id="370"><net_src comp="312" pin="1"/><net_sink comp="367" pin=0"/></net>

<net id="371"><net_src comp="367" pin="1"/><net_sink comp="336" pin=6"/></net>

<net id="375"><net_src comp="316" pin="1"/><net_sink comp="372" pin=0"/></net>

<net id="376"><net_src comp="372" pin="1"/><net_sink comp="336" pin=5"/></net>

<net id="380"><net_src comp="320" pin="1"/><net_sink comp="377" pin=0"/></net>

<net id="381"><net_src comp="377" pin="1"/><net_sink comp="336" pin=4"/></net>

<net id="385"><net_src comp="324" pin="1"/><net_sink comp="382" pin=0"/></net>

<net id="386"><net_src comp="382" pin="1"/><net_sink comp="336" pin=3"/></net>

<net id="390"><net_src comp="328" pin="1"/><net_sink comp="387" pin=0"/></net>

<net id="391"><net_src comp="387" pin="1"/><net_sink comp="336" pin=2"/></net>

<net id="395"><net_src comp="332" pin="1"/><net_sink comp="392" pin=0"/></net>

<net id="396"><net_src comp="392" pin="1"/><net_sink comp="336" pin=1"/></net>

</net_list>

</model> 
---------------- Datapath Model END ------------------

* FSMD analyzer results:
  - Output states:
	Port: layer2_out | {7 }
	Port: void_compute_output_buffer_2d_array_const_ap_shift_reg_n_chan_stream_weig_27 | {1 }
	Port: void_compute_output_buffer_2d_array_const_ap_shift_reg_n_chan_stream_weig_28 | {1 }
	Port: void_compute_output_buffer_2d_array_const_ap_shift_reg_n_chan_stream_weig_24 | {1 }
	Port: void_compute_output_buffer_2d_array_const_ap_shift_reg_n_chan_stream_weig_25 | {1 }
	Port: void_compute_output_buffer_2d_array_const_ap_shift_reg_n_chan_stream_weig_21 | {1 }
	Port: void_compute_output_buffer_2d_array_const_ap_shift_reg_n_chan_stream_weig_22 | {1 }
	Port: void_compute_output_buffer_2d_array_const_ap_shift_reg_n_chan_stream_weig_26 | {1 }
	Port: void_compute_output_buffer_2d_array_const_ap_shift_reg_n_chan_stream_weig_23 | {1 }
	Port: void_compute_output_buffer_2d_array_const_ap_shift_reg_n_chan_stream_weig_20 | {1 }
	Port: void_conv_2d_buffer_latency_cl_stream_stream_weight_t_bias_t_line_buffer_1 | {1 }
	Port: void_conv_2d_buffer_latency_cl_stream_stream_weight_t_bias_t_line_buffer | {1 }
	Port: sX_5 | {2 }
	Port: sY_5 | {3 }
	Port: pY_5 | {2 }
	Port: pX_5 | {2 }
 - Input state : 
	Port: compute_output_buffer_2d<array,array<ap_fixed<37,17,5,3,0>,6u>,config2> : in_elem_0_0_0_0_0_val | {1 }
	Port: compute_output_buffer_2d<array,array<ap_fixed<37,17,5,3,0>,6u>,config2> : void_compute_output_buffer_2d_array_const_ap_shift_reg_n_chan_stream_weig_27 | {1 2 }
	Port: compute_output_buffer_2d<array,array<ap_fixed<37,17,5,3,0>,6u>,config2> : void_compute_output_buffer_2d_array_const_ap_shift_reg_n_chan_stream_weig_28 | {2 }
	Port: compute_output_buffer_2d<array,array<ap_fixed<37,17,5,3,0>,6u>,config2> : void_compute_output_buffer_2d_array_const_ap_shift_reg_n_chan_stream_weig_24 | {1 3 }
	Port: compute_output_buffer_2d<array,array<ap_fixed<37,17,5,3,0>,6u>,config2> : void_compute_output_buffer_2d_array_const_ap_shift_reg_n_chan_stream_weig_25 | {3 }
	Port: compute_output_buffer_2d<array,array<ap_fixed<37,17,5,3,0>,6u>,config2> : void_compute_output_buffer_2d_array_const_ap_shift_reg_n_chan_stream_weig_21 | {1 3 }
	Port: compute_output_buffer_2d<array,array<ap_fixed<37,17,5,3,0>,6u>,config2> : void_compute_output_buffer_2d_array_const_ap_shift_reg_n_chan_stream_weig_22 | {3 }
	Port: compute_output_buffer_2d<array,array<ap_fixed<37,17,5,3,0>,6u>,config2> : void_compute_output_buffer_2d_array_const_ap_shift_reg_n_chan_stream_weig_26 | {1 3 }
	Port: compute_output_buffer_2d<array,array<ap_fixed<37,17,5,3,0>,6u>,config2> : void_compute_output_buffer_2d_array_const_ap_shift_reg_n_chan_stream_weig_23 | {1 3 }
	Port: compute_output_buffer_2d<array,array<ap_fixed<37,17,5,3,0>,6u>,config2> : void_compute_output_buffer_2d_array_const_ap_shift_reg_n_chan_stream_weig_20 | {1 3 }
	Port: compute_output_buffer_2d<array,array<ap_fixed<37,17,5,3,0>,6u>,config2> : void_conv_2d_buffer_latency_cl_stream_stream_weight_t_bias_t_line_buffer_1 | {1 }
	Port: compute_output_buffer_2d<array,array<ap_fixed<37,17,5,3,0>,6u>,config2> : void_conv_2d_buffer_latency_cl_stream_stream_weight_t_bias_t_line_buffer | {1 }
	Port: compute_output_buffer_2d<array,array<ap_fixed<37,17,5,3,0>,6u>,config2> : sX_5 | {2 }
	Port: compute_output_buffer_2d<array,array<ap_fixed<37,17,5,3,0>,6u>,config2> : sY_5 | {2 }
	Port: compute_output_buffer_2d<array,array<ap_fixed<37,17,5,3,0>,6u>,config2> : pY_5 | {2 }
	Port: compute_output_buffer_2d<array,array<ap_fixed<37,17,5,3,0>,6u>,config2> : pX_5 | {2 }
  - Chain level:
	State 1
	State 2
		icmp_ln284 : 1
		br_ln284 : 2
		icmp_ln284_7 : 1
		tmp_5 : 1
		icmp_ln284_8 : 2
		tmp_6 : 1
		icmp_ln284_9 : 2
		and_ln284 : 3
		and_ln284_3 : 3
		br_ln284 : 3
		add_ln303 : 1
		icmp_ln303 : 2
		br_ln303 : 3
		store_ln316 : 2
		add_ln318 : 1
		select_ln318 : 2
		store_ln318 : 3
		add_ln307 : 1
		icmp_ln307 : 2
		br_ln307 : 3
		store_ln311 : 2
		icmp_ln313 : 1
		add_ln313 : 1
		select_ln313 : 2
	State 3
		store_ln309 : 1
	State 4
	State 5
	State 6
		res_out : 1
		res_out_1 : 1
		res_out_2 : 1
		res_out_3 : 1
		res_out_4 : 1
		res_out_5 : 1
	State 7
		write_ln299 : 1


============================================================
+ Verbose Summary: Datapath Resource usage 
============================================================

* Functional unit list:
|----------|----------------------------------------------------------------------------------|---------|---------|---------|
| Operation|                                  Functional Unit                                 |   DSP   |    FF   |   LUT   |
|----------|----------------------------------------------------------------------------------|---------|---------|---------|
|   call   |     call_ln281_shift_line_buffer_array_ap_fixed_16_6_5_3_0_1u_config2_s_fu_90    |    0    |    0    |    0    |
|          | grp_dense_latency_ap_fixed_16_6_5_3_0_ap_fixed_37_17_5_3_0_config2_mult_s_fu_118 |    47   |   1771  |   1957  |
|----------|----------------------------------------------------------------------------------|---------|---------|---------|
|          |                                 icmp_ln284_fu_144                                |    0    |    0    |    39   |
|          |                                icmp_ln284_7_fu_162                               |    0    |    0    |    39   |
|          |                                icmp_ln284_8_fu_178                               |    0    |    0    |    38   |
|   icmp   |                                icmp_ln284_9_fu_194                               |    0    |    0    |    38   |
|          |                                 icmp_ln303_fu_218                                |    0    |    0    |    39   |
|          |                                 icmp_ln307_fu_268                                |    0    |    0    |    39   |
|          |                                 icmp_ln313_fu_280                                |    0    |    0    |    39   |
|----------|----------------------------------------------------------------------------------|---------|---------|---------|
|          |                                 add_ln303_fu_212                                 |    0    |    0    |    39   |
|    add   |                                 add_ln318_fu_230                                 |    0    |    0    |    39   |
|          |                                 add_ln307_fu_262                                 |    0    |    0    |    39   |
|          |                                 add_ln313_fu_286                                 |    0    |    0    |    39   |
|----------|----------------------------------------------------------------------------------|---------|---------|---------|
|  select  |                                select_ln318_fu_236                               |    0    |    0    |    32   |
|          |                                select_ln313_fu_292                               |    0    |    0    |    32   |
|----------|----------------------------------------------------------------------------------|---------|---------|---------|
|    and   |                                 and_ln284_fu_200                                 |    0    |    0    |    2    |
|          |                                and_ln284_3_fu_206                                |    0    |    0    |    2    |
|----------|----------------------------------------------------------------------------------|---------|---------|---------|
|   read   |                       in_elem_0_0_0_0_0_val_read_read_fu_66                      |    0    |    0    |    0    |
|----------|----------------------------------------------------------------------------------|---------|---------|---------|
|   write  |                              write_ln299_write_fu_72                             |    0    |    0    |    0    |
|----------|----------------------------------------------------------------------------------|---------|---------|---------|
|partselect|                                   tmp_5_fu_168                                   |    0    |    0    |    0    |
|          |                                   tmp_6_fu_184                                   |    0    |    0    |    0    |
|----------|----------------------------------------------------------------------------------|---------|---------|---------|
|          |                                  res_out_fu_312                                  |    0    |    0    |    0    |
|          |                                 res_out_1_fu_316                                 |    0    |    0    |    0    |
|extractvalue|                                 res_out_2_fu_320                                 |    0    |    0    |    0    |
|          |                                 res_out_3_fu_324                                 |    0    |    0    |    0    |
|          |                                 res_out_4_fu_328                                 |    0    |    0    |    0    |
|          |                                 res_out_5_fu_332                                 |    0    |    0    |    0    |
|----------|----------------------------------------------------------------------------------|---------|---------|---------|
|bitconcatenate|                                    p_0_fu_336                                    |    0    |    0    |    0    |
|----------|----------------------------------------------------------------------------------|---------|---------|---------|
|   Total  |                                                                                  |    47   |   1771  |   2452  |
|----------|----------------------------------------------------------------------------------|---------|---------|---------|

Memories:
N/A

* Register list:
+--------------------+--------+
|                    |   FF   |
+--------------------+--------+
| and_ln284_3_reg_351|    1   |
| icmp_ln284_reg_347 |    1   |
| icmp_ln303_reg_355 |    1   |
|  res_out_1_reg_372 |   37   |
|  res_out_2_reg_377 |   37   |
|  res_out_3_reg_382 |   37   |
|  res_out_4_reg_387 |   37   |
|  res_out_5_reg_392 |   37   |
|   res_out_reg_367  |   37   |
|select_ln313_reg_362|   32   |
|  storemerge_reg_79 |   32   |
+--------------------+--------+
|        Total       |   289  |
+--------------------+--------+

* Multiplexer (MUX) list: 
|--------|------|------|------|--------|
|  Comp  |  Pin | Size |  BW  | S x BW |
|--------|------|------|------|--------|
|  Total |      |      |      |    0   |
|--------|------|------|------|--------|



* Summary:
+-----------+--------+--------+--------+
|           |   DSP  |   FF   |   LUT  |
+-----------+--------+--------+--------+
|  Function |   47   |  1771  |  2452  |
|   Memory  |    -   |    -   |    -   |
|Multiplexer|    -   |    -   |    -   |
|  Register |    -   |   289  |    -   |
+-----------+--------+--------+--------+
|   Total   |   47   |  2060  |  2452  |
+-----------+--------+--------+--------+
