

================================================================
== Vitis HLS Report for 'dense_array_ap_fixed_10u_array_ap_fixed_37_17_5_3_0_15u_config15_s'
================================================================
* Date:           Sun Apr  5 17:32:30 2026

* Version:        2023.2 (Build 4023990 on Oct 11 2023)
* Project:        gaussian_prj
* Solution:       solution1 (Vivado IP Flow Target)
* Product family: kintexu
* Target device:  xcku035-fbva676-2-e


================================================================
== Performance Estimates
================================================================
+ Timing: 
    * Summary: 
    +--------+---------+----------+------------+
    |  Clock |  Target | Estimated| Uncertainty|
    +--------+---------+----------+------------+
    |ap_clk  |  5.00 ns|  3.575 ns|     1.35 ns|
    +--------+---------+----------+------------+

+ Latency: 
    * Summary: 
    +---------+---------+-----------+-----------+-----+-----+---------+
    |  Latency (cycles) |   Latency (absolute)  |  Interval | Pipeline|
    |   min   |   max   |    min    |    max    | min | max |   Type  |
    +---------+---------+-----------+-----------+-----+-----+---------+
    |        6|        6|  30.000 ns|  30.000 ns|    6|    6|       no|
    +---------+---------+-----------+-----------+-----+-----+---------+

    + Detail: 
        * Instance: 
        +--------------------------------------------------------------------------+----------------------------------------------------------------+---------+---------+-----------+-----------+-----+-----+---------+
        |                                                                          |                                                                |  Latency (cycles) |   Latency (absolute)  |  Interval | Pipeline|
        |                                 Instance                                 |                             Module                             |   min   |   max   |    min    |    max    | min | max |   Type  |
        +--------------------------------------------------------------------------+----------------------------------------------------------------+---------+---------+-----------+-----------+-----+-----+---------+
        |grp_dense_latency_wrapper_ap_fixed_ap_fixed_37_17_5_3_0_config15_s_fu_73  |dense_latency_wrapper_ap_fixed_ap_fixed_37_17_5_3_0_config15_s  |        3|        3|  15.000 ns|  15.000 ns|    1|    1|      yes|
        +--------------------------------------------------------------------------+----------------------------------------------------------------+---------+---------+-----------+-----------+-----+-----+---------+

        * Loop: 
        N/A



================================================================
== Utilization Estimates
================================================================
* Summary: 
+-----------------+---------+------+--------+--------+-----+
|       Name      | BRAM_18K|  DSP |   FF   |   LUT  | URAM|
+-----------------+---------+------+--------+--------+-----+
|DSP              |        -|     -|       -|       -|    -|
|Expression       |        -|     -|       0|       2|    -|
|FIFO             |        -|     -|       -|       -|    -|
|Instance         |        -|   129|    5001|    5410|    -|
|Memory           |        -|     -|       -|       -|    -|
|Multiplexer      |        -|     -|       -|      79|    -|
|Register         |        -|     -|     724|       -|    -|
+-----------------+---------+------+--------+--------+-----+
|Total            |        0|   129|    5725|    5491|    0|
+-----------------+---------+------+--------+--------+-----+
|Available        |     1080|  1700|  406256|  203128|    0|
+-----------------+---------+------+--------+--------+-----+
|Utilization (%)  |        0|     7|       1|       2|    0|
+-----------------+---------+------+--------+--------+-----+

+ Detail: 
    * Instance: 
    +--------------------------------------------------------------------------+----------------------------------------------------------------+---------+-----+------+------+-----+
    |                                 Instance                                 |                             Module                             | BRAM_18K| DSP |  FF  |  LUT | URAM|
    +--------------------------------------------------------------------------+----------------------------------------------------------------+---------+-----+------+------+-----+
    |grp_dense_latency_wrapper_ap_fixed_ap_fixed_37_17_5_3_0_config15_s_fu_73  |dense_latency_wrapper_ap_fixed_ap_fixed_37_17_5_3_0_config15_s  |        0|  129|  5001|  5410|    0|
    +--------------------------------------------------------------------------+----------------------------------------------------------------+---------+-----+------+------+-----+
    |Total                                                                     |                                                                |        0|  129|  5001|  5410|    0|
    +--------------------------------------------------------------------------+----------------------------------------------------------------+---------+-----+------+------+-----+

    * DSP: 
    N/A

    * Memory: 
    N/A

    * FIFO: 
    N/A

    * Expression: 
    +-----------------+----------+----+---+----+------------+------------+
    |  Variable Name  | Operation| DSP| FF| LUT| Bitwidth P0| Bitwidth P1|
    +-----------------+----------+----+---+----+------------+------------+
    |ap_block_state1  |        or|   0|  0|   2|           1|           1|
    +-----------------+----------+----+---+----+------------+------------+
    |Total            |          |   0|  0|   2|           1|           1|
    +-----------------+----------+----+---+----+------------+------------+

    * Multiplexer: 
    +-------------------+----+-----------+-----+-----------+
    |        Name       | LUT| Input Size| Bits| Total Bits|
    +-------------------+----+-----------+-----+-----------+
    |ap_NS_fsm          |  43|          8|    1|          8|
    |ap_done            |   9|          2|    1|          2|
    |layer13_out_blk_n  |   9|          2|    1|          2|
    |layer15_out_blk_n  |   9|          2|    1|          2|
    |real_start         |   9|          2|    1|          2|
    +-------------------+----+-----------+-----+-----------+
    |Total              |  79|         16|    5|         16|
    +-------------------+----+-----------+-----+-----------+

    * Register: 
    +----------------------+----+----+-----+-----------+
    |         Name         | FF | LUT| Bits| Const Bits|
    +----------------------+----+----+-----+-----------+
    |ap_CS_fsm             |   7|   0|    7|          0|
    |ap_done_reg           |   1|   0|    1|          0|
    |data_pack_40_reg_266  |  16|   0|   16|          0|
    |data_pack_41_reg_271  |  16|   0|   16|          0|
    |data_pack_42_reg_276  |  16|   0|   16|          0|
    |data_pack_43_reg_281  |  16|   0|   16|          0|
    |data_pack_44_reg_286  |  16|   0|   16|          0|
    |data_pack_45_reg_291  |  16|   0|   16|          0|
    |data_pack_46_reg_296  |  16|   0|   16|          0|
    |data_pack_47_reg_301  |  16|   0|   16|          0|
    |data_pack_48_reg_306  |  16|   0|   16|          0|
    |data_pack_reg_261     |  16|   0|   16|          0|
    |res_10_reg_361        |  37|   0|   37|          0|
    |res_11_reg_366        |  37|   0|   37|          0|
    |res_12_reg_371        |  37|   0|   37|          0|
    |res_13_reg_376        |  37|   0|   37|          0|
    |res_14_reg_381        |  37|   0|   37|          0|
    |res_1_reg_316         |  37|   0|   37|          0|
    |res_2_reg_321         |  37|   0|   37|          0|
    |res_3_reg_326         |  37|   0|   37|          0|
    |res_4_reg_331         |  37|   0|   37|          0|
    |res_5_reg_336         |  37|   0|   37|          0|
    |res_6_reg_341         |  37|   0|   37|          0|
    |res_7_reg_346         |  37|   0|   37|          0|
    |res_8_reg_351         |  37|   0|   37|          0|
    |res_9_reg_356         |  37|   0|   37|          0|
    |res_reg_311           |  37|   0|   37|          0|
    |start_once_reg        |   1|   0|    1|          0|
    +----------------------+----+----+-----+-----------+
    |Total                 | 724|   0|  724|          0|
    +----------------------+----+----+-----+-----------+



================================================================
== Interface
================================================================
* Summary: 
+----------------------------+-----+-----+------------+----------------------------------------------------------------------+--------------+
|          RTL Ports         | Dir | Bits|  Protocol  |                             Source Object                            |    C Type    |
+----------------------------+-----+-----+------------+----------------------------------------------------------------------+--------------+
|ap_clk                      |   in|    1|  ap_ctrl_hs|  dense<array<ap_fixed,10u>,array<ap_fixed<37,17,5,3,0>,15u>,config15>|  return value|
|ap_rst                      |   in|    1|  ap_ctrl_hs|  dense<array<ap_fixed,10u>,array<ap_fixed<37,17,5,3,0>,15u>,config15>|  return value|
|ap_start                    |   in|    1|  ap_ctrl_hs|  dense<array<ap_fixed,10u>,array<ap_fixed<37,17,5,3,0>,15u>,config15>|  return value|
|start_full_n                |   in|    1|  ap_ctrl_hs|  dense<array<ap_fixed,10u>,array<ap_fixed<37,17,5,3,0>,15u>,config15>|  return value|
|ap_done                     |  out|    1|  ap_ctrl_hs|  dense<array<ap_fixed,10u>,array<ap_fixed<37,17,5,3,0>,15u>,config15>|  return value|
|ap_continue                 |   in|    1|  ap_ctrl_hs|  dense<array<ap_fixed,10u>,array<ap_fixed<37,17,5,3,0>,15u>,config15>|  return value|
|ap_idle                     |  out|    1|  ap_ctrl_hs|  dense<array<ap_fixed,10u>,array<ap_fixed<37,17,5,3,0>,15u>,config15>|  return value|
|ap_ready                    |  out|    1|  ap_ctrl_hs|  dense<array<ap_fixed,10u>,array<ap_fixed<37,17,5,3,0>,15u>,config15>|  return value|
|start_out                   |  out|    1|  ap_ctrl_hs|  dense<array<ap_fixed,10u>,array<ap_fixed<37,17,5,3,0>,15u>,config15>|  return value|
|start_write                 |  out|    1|  ap_ctrl_hs|  dense<array<ap_fixed,10u>,array<ap_fixed<37,17,5,3,0>,15u>,config15>|  return value|
|layer13_out_dout            |   in|  160|     ap_fifo|                                                           layer13_out|       pointer|
|layer13_out_num_data_valid  |   in|    2|     ap_fifo|                                                           layer13_out|       pointer|
|layer13_out_fifo_cap        |   in|    2|     ap_fifo|                                                           layer13_out|       pointer|
|layer13_out_empty_n         |   in|    1|     ap_fifo|                                                           layer13_out|       pointer|
|layer13_out_read            |  out|    1|     ap_fifo|                                                           layer13_out|       pointer|
|layer15_out_din             |  out|  555|     ap_fifo|                                                           layer15_out|       pointer|
|layer15_out_num_data_valid  |   in|    2|     ap_fifo|                                                           layer15_out|       pointer|
|layer15_out_fifo_cap        |   in|    2|     ap_fifo|                                                           layer15_out|       pointer|
|layer15_out_full_n          |   in|    1|     ap_fifo|                                                           layer15_out|       pointer|
|layer15_out_write           |  out|    1|     ap_fifo|                                                           layer15_out|       pointer|
+----------------------------+-----+-----+------------+----------------------------------------------------------------------+--------------+

============================================================
+ Verbose Summary: Synthesis Manager
============================================================
InlineROM: 1
ExposeGlobal: 0
============================================================
+ Verbose Summary: CDFG Model
============================================================
IsTopModel: 0
ResetActiveHigh: 1
IsCombinational: 2
IsDatapathOnly: 0
HasWiredReturn: 1
HasMFsm: 0
HasVarLatency: 1
IsPipeline: 0
IsRtlPipelined: 0
IsInstanceOverlapped: 0
IsDontTouch: 0
HasImplIP: 0
IsGatedGlobalClock: 0


============================================================
+ Verbose Summary: Schedule
============================================================
* Number of FSM states : 7
* Pipeline : 0
* Dataflow Pipeline: 0

* FSM state transitions: 
1 --> 2 
2 --> 3 
3 --> 4 
4 --> 5 
5 --> 6 
6 --> 7 
7 --> 

* FSM state operations: 

State 1 <SV = 0> <Delay = 1.82>
ST_1 : Operation 8 [1/1] (1.82ns)   --->   "%layer13_out_read = read i160 @_ssdm_op_Read.ap_fifo.volatile.i160P0A, i160 %layer13_out" [firmware/nnet_utils/nnet_dense_stream.h:43->firmware/nnet_utils/nnet_dense_stream.h:93]   --->   Operation 8 'read' 'layer13_out_read' <Predicate = true> <Delay = 1.82> <CoreInst = "FIFO_SRL">   --->   Core 81 'FIFO_SRL' <Latency = 0> <II = 1> <Delay = 2.26> <Storage> <Opcode : 'read' 'write' 'nbread' 'nbwrite'> <Ports = 0> <Width = 160> <Depth = 1> <FIFO>
ST_1 : Operation 9 [1/1] (0.00ns)   --->   "%data_pack = trunc i160 %layer13_out_read" [firmware/nnet_utils/nnet_dense_stream.h:43->firmware/nnet_utils/nnet_dense_stream.h:93]   --->   Operation 9 'trunc' 'data_pack' <Predicate = true> <Delay = 0.00>
ST_1 : Operation 10 [1/1] (0.00ns)   --->   "%data_pack_40 = partselect i16 @_ssdm_op_PartSelect.i16.i160.i32.i32, i160 %layer13_out_read, i32 16, i32 31" [firmware/nnet_utils/nnet_dense_stream.h:43->firmware/nnet_utils/nnet_dense_stream.h:93]   --->   Operation 10 'partselect' 'data_pack_40' <Predicate = true> <Delay = 0.00>
ST_1 : Operation 11 [1/1] (0.00ns)   --->   "%data_pack_41 = partselect i16 @_ssdm_op_PartSelect.i16.i160.i32.i32, i160 %layer13_out_read, i32 32, i32 47" [firmware/nnet_utils/nnet_dense_stream.h:43->firmware/nnet_utils/nnet_dense_stream.h:93]   --->   Operation 11 'partselect' 'data_pack_41' <Predicate = true> <Delay = 0.00>
ST_1 : Operation 12 [1/1] (0.00ns)   --->   "%data_pack_42 = partselect i16 @_ssdm_op_PartSelect.i16.i160.i32.i32, i160 %layer13_out_read, i32 48, i32 63" [firmware/nnet_utils/nnet_dense_stream.h:43->firmware/nnet_utils/nnet_dense_stream.h:93]   --->   Operation 12 'partselect' 'data_pack_42' <Predicate = true> <Delay = 0.00>
ST_1 : Operation 13 [1/1] (0.00ns)   --->   "%data_pack_43 = partselect i16 @_ssdm_op_PartSelect.i16.i160.i32.i32, i160 %layer13_out_read, i32 64, i32 79" [firmware/nnet_utils/nnet_dense_stream.h:43->firmware/nnet_utils/nnet_dense_stream.h:93]   --->   Operation 13 'partselect' 'data_pack_43' <Predicate = true> <Delay = 0.00>
ST_1 : Operation 14 [1/1] (0.00ns)   --->   "%data_pack_44 = partselect i16 @_ssdm_op_PartSelect.i16.i160.i32.i32, i160 %layer13_out_read, i32 80, i32 95" [firmware/nnet_utils/nnet_dense_stream.h:43->firmware/nnet_utils/nnet_dense_stream.h:93]   --->   Operation 14 'partselect' 'data_pack_44' <Predicate = true> <Delay = 0.00>
ST_1 : Operation 15 [1/1] (0.00ns)   --->   "%data_pack_45 = partselect i16 @_ssdm_op_PartSelect.i16.i160.i32.i32, i160 %layer13_out_read, i32 96, i32 111" [firmware/nnet_utils/nnet_dense_stream.h:43->firmware/nnet_utils/nnet_dense_stream.h:93]   --->   Operation 15 'partselect' 'data_pack_45' <Predicate = true> <Delay = 0.00>
ST_1 : Operation 16 [1/1] (0.00ns)   --->   "%data_pack_46 = partselect i16 @_ssdm_op_PartSelect.i16.i160.i32.i32, i160 %layer13_out_read, i32 112, i32 127" [firmware/nnet_utils/nnet_dense_stream.h:43->firmware/nnet_utils/nnet_dense_stream.h:93]   --->   Operation 16 'partselect' 'data_pack_46' <Predicate = true> <Delay = 0.00>
ST_1 : Operation 17 [1/1] (0.00ns)   --->   "%data_pack_47 = partselect i16 @_ssdm_op_PartSelect.i16.i160.i32.i32, i160 %layer13_out_read, i32 128, i32 143" [firmware/nnet_utils/nnet_dense_stream.h:43->firmware/nnet_utils/nnet_dense_stream.h:93]   --->   Operation 17 'partselect' 'data_pack_47' <Predicate = true> <Delay = 0.00>
ST_1 : Operation 18 [1/1] (0.00ns)   --->   "%data_pack_48 = partselect i16 @_ssdm_op_PartSelect.i16.i160.i32.i32, i160 %layer13_out_read, i32 144, i32 159" [firmware/nnet_utils/nnet_dense_stream.h:43->firmware/nnet_utils/nnet_dense_stream.h:93]   --->   Operation 18 'partselect' 'data_pack_48' <Predicate = true> <Delay = 0.00>

State 2 <SV = 1> <Delay = 3.57>
ST_2 : Operation 19 [5/5] (3.57ns)   --->   "%call_ret = call i555 @dense_latency_wrapper<ap_fixed,ap_fixed<37,17,5,3,0>,config15>, i16 %data_pack, i16 %data_pack_40, i16 %data_pack_41, i16 %data_pack_42, i16 %data_pack_43, i16 %data_pack_44, i16 %data_pack_45, i16 %data_pack_46, i16 %data_pack_47, i16 %data_pack_48" [firmware/nnet_utils/nnet_dense_stream.h:95]   --->   Operation 19 'call' 'call_ret' <Predicate = true> <Delay = 3.57> <CoreType = "Generic">   --->   Core 0 '' <Latency = 0> <II = 1> <Delay = 1.00> <Generic> <Opcode : >

State 3 <SV = 2> <Delay = 3.57>
ST_3 : Operation 20 [4/5] (3.57ns)   --->   "%call_ret = call i555 @dense_latency_wrapper<ap_fixed,ap_fixed<37,17,5,3,0>,config15>, i16 %data_pack, i16 %data_pack_40, i16 %data_pack_41, i16 %data_pack_42, i16 %data_pack_43, i16 %data_pack_44, i16 %data_pack_45, i16 %data_pack_46, i16 %data_pack_47, i16 %data_pack_48" [firmware/nnet_utils/nnet_dense_stream.h:95]   --->   Operation 20 'call' 'call_ret' <Predicate = true> <Delay = 3.57> <CoreType = "Generic">   --->   Core 0 '' <Latency = 0> <II = 1> <Delay = 1.00> <Generic> <Opcode : >

State 4 <SV = 3> <Delay = 3.57>
ST_4 : Operation 21 [3/5] (3.57ns)   --->   "%call_ret = call i555 @dense_latency_wrapper<ap_fixed,ap_fixed<37,17,5,3,0>,config15>, i16 %data_pack, i16 %data_pack_40, i16 %data_pack_41, i16 %data_pack_42, i16 %data_pack_43, i16 %data_pack_44, i16 %data_pack_45, i16 %data_pack_46, i16 %data_pack_47, i16 %data_pack_48" [firmware/nnet_utils/nnet_dense_stream.h:95]   --->   Operation 21 'call' 'call_ret' <Predicate = true> <Delay = 3.57> <CoreType = "Generic">   --->   Core 0 '' <Latency = 0> <II = 1> <Delay = 1.00> <Generic> <Opcode : >

State 5 <SV = 4> <Delay = 3.57>
ST_5 : Operation 22 [2/5] (3.57ns)   --->   "%call_ret = call i555 @dense_latency_wrapper<ap_fixed,ap_fixed<37,17,5,3,0>,config15>, i16 %data_pack, i16 %data_pack_40, i16 %data_pack_41, i16 %data_pack_42, i16 %data_pack_43, i16 %data_pack_44, i16 %data_pack_45, i16 %data_pack_46, i16 %data_pack_47, i16 %data_pack_48" [firmware/nnet_utils/nnet_dense_stream.h:95]   --->   Operation 22 'call' 'call_ret' <Predicate = true> <Delay = 3.57> <CoreType = "Generic">   --->   Core 0 '' <Latency = 0> <II = 1> <Delay = 1.00> <Generic> <Opcode : >

State 6 <SV = 5> <Delay = 3.57>
ST_6 : Operation 23 [1/5] (3.57ns)   --->   "%call_ret = call i555 @dense_latency_wrapper<ap_fixed,ap_fixed<37,17,5,3,0>,config15>, i16 %data_pack, i16 %data_pack_40, i16 %data_pack_41, i16 %data_pack_42, i16 %data_pack_43, i16 %data_pack_44, i16 %data_pack_45, i16 %data_pack_46, i16 %data_pack_47, i16 %data_pack_48" [firmware/nnet_utils/nnet_dense_stream.h:95]   --->   Operation 23 'call' 'call_ret' <Predicate = true> <Delay = 3.57> <CoreType = "Generic">   --->   Core 0 '' <Latency = 0> <II = 1> <Delay = 1.00> <Generic> <Opcode : >
ST_6 : Operation 24 [1/1] (0.00ns)   --->   "%res = extractvalue i555 %call_ret" [firmware/nnet_utils/nnet_dense_stream.h:95]   --->   Operation 24 'extractvalue' 'res' <Predicate = true> <Delay = 0.00>
ST_6 : Operation 25 [1/1] (0.00ns)   --->   "%res_1 = extractvalue i555 %call_ret" [firmware/nnet_utils/nnet_dense_stream.h:95]   --->   Operation 25 'extractvalue' 'res_1' <Predicate = true> <Delay = 0.00>
ST_6 : Operation 26 [1/1] (0.00ns)   --->   "%res_2 = extractvalue i555 %call_ret" [firmware/nnet_utils/nnet_dense_stream.h:95]   --->   Operation 26 'extractvalue' 'res_2' <Predicate = true> <Delay = 0.00>
ST_6 : Operation 27 [1/1] (0.00ns)   --->   "%res_3 = extractvalue i555 %call_ret" [firmware/nnet_utils/nnet_dense_stream.h:95]   --->   Operation 27 'extractvalue' 'res_3' <Predicate = true> <Delay = 0.00>
ST_6 : Operation 28 [1/1] (0.00ns)   --->   "%res_4 = extractvalue i555 %call_ret" [firmware/nnet_utils/nnet_dense_stream.h:95]   --->   Operation 28 'extractvalue' 'res_4' <Predicate = true> <Delay = 0.00>
ST_6 : Operation 29 [1/1] (0.00ns)   --->   "%res_5 = extractvalue i555 %call_ret" [firmware/nnet_utils/nnet_dense_stream.h:95]   --->   Operation 29 'extractvalue' 'res_5' <Predicate = true> <Delay = 0.00>
ST_6 : Operation 30 [1/1] (0.00ns)   --->   "%res_6 = extractvalue i555 %call_ret" [firmware/nnet_utils/nnet_dense_stream.h:95]   --->   Operation 30 'extractvalue' 'res_6' <Predicate = true> <Delay = 0.00>
ST_6 : Operation 31 [1/1] (0.00ns)   --->   "%res_7 = extractvalue i555 %call_ret" [firmware/nnet_utils/nnet_dense_stream.h:95]   --->   Operation 31 'extractvalue' 'res_7' <Predicate = true> <Delay = 0.00>
ST_6 : Operation 32 [1/1] (0.00ns)   --->   "%res_8 = extractvalue i555 %call_ret" [firmware/nnet_utils/nnet_dense_stream.h:95]   --->   Operation 32 'extractvalue' 'res_8' <Predicate = true> <Delay = 0.00>
ST_6 : Operation 33 [1/1] (0.00ns)   --->   "%res_9 = extractvalue i555 %call_ret" [firmware/nnet_utils/nnet_dense_stream.h:95]   --->   Operation 33 'extractvalue' 'res_9' <Predicate = true> <Delay = 0.00>
ST_6 : Operation 34 [1/1] (0.00ns)   --->   "%res_10 = extractvalue i555 %call_ret" [firmware/nnet_utils/nnet_dense_stream.h:95]   --->   Operation 34 'extractvalue' 'res_10' <Predicate = true> <Delay = 0.00>
ST_6 : Operation 35 [1/1] (0.00ns)   --->   "%res_11 = extractvalue i555 %call_ret" [firmware/nnet_utils/nnet_dense_stream.h:95]   --->   Operation 35 'extractvalue' 'res_11' <Predicate = true> <Delay = 0.00>
ST_6 : Operation 36 [1/1] (0.00ns)   --->   "%res_12 = extractvalue i555 %call_ret" [firmware/nnet_utils/nnet_dense_stream.h:95]   --->   Operation 36 'extractvalue' 'res_12' <Predicate = true> <Delay = 0.00>
ST_6 : Operation 37 [1/1] (0.00ns)   --->   "%res_13 = extractvalue i555 %call_ret" [firmware/nnet_utils/nnet_dense_stream.h:95]   --->   Operation 37 'extractvalue' 'res_13' <Predicate = true> <Delay = 0.00>
ST_6 : Operation 38 [1/1] (0.00ns)   --->   "%res_14 = extractvalue i555 %call_ret" [firmware/nnet_utils/nnet_dense_stream.h:95]   --->   Operation 38 'extractvalue' 'res_14' <Predicate = true> <Delay = 0.00>

State 7 <SV = 6> <Delay = 1.82>
ST_7 : Operation 39 [1/1] (0.00ns)   --->   "%specinterface_ln0 = specinterface void @_ssdm_op_SpecInterface, i555 %layer15_out, void @empty_2, i32 0, i32 0, void @empty_1, i32 0, i32 0, void @empty_1, void @empty_1, void @empty_1, i32 0, i32 0, i32 0, i32 0, void @empty_1, void @empty_1, i32 4294967295, i32 0"   --->   Operation 39 'specinterface' 'specinterface_ln0' <Predicate = true> <Delay = 0.00>
ST_7 : Operation 40 [1/1] (0.00ns)   --->   "%specinterface_ln0 = specinterface void @_ssdm_op_SpecInterface, i160 %layer13_out, void @empty_2, i32 0, i32 0, void @empty_1, i32 0, i32 0, void @empty_1, void @empty_1, void @empty_1, i32 0, i32 0, i32 0, i32 0, void @empty_1, void @empty_1, i32 4294967295, i32 0"   --->   Operation 40 'specinterface' 'specinterface_ln0' <Predicate = true> <Delay = 0.00>
ST_7 : Operation 41 [1/1] (0.00ns)   --->   "%p_0 = bitconcatenate i555 @_ssdm_op_BitConcatenate.i555.i37.i37.i37.i37.i37.i37.i37.i37.i37.i37.i37.i37.i37.i37.i37, i37 %res_14, i37 %res_13, i37 %res_12, i37 %res_11, i37 %res_10, i37 %res_9, i37 %res_8, i37 %res_7, i37 %res_6, i37 %res_5, i37 %res_4, i37 %res_3, i37 %res_2, i37 %res_1, i37 %res" [firmware/nnet_utils/nnet_dense_stream.h:77->firmware/nnet_utils/nnet_dense_stream.h:100]   --->   Operation 41 'bitconcatenate' 'p_0' <Predicate = true> <Delay = 0.00>
ST_7 : Operation 42 [1/1] (1.82ns)   --->   "%write_ln77 = write void @_ssdm_op_Write.ap_fifo.volatile.i555P0A, i555 %layer15_out, i555 %p_0" [firmware/nnet_utils/nnet_dense_stream.h:77->firmware/nnet_utils/nnet_dense_stream.h:100]   --->   Operation 42 'write' 'write_ln77' <Predicate = true> <Delay = 1.82> <CoreInst = "FIFO_SRL">   --->   Core 81 'FIFO_SRL' <Latency = 0> <II = 1> <Delay = 2.26> <Storage> <Opcode : 'read' 'write' 'nbread' 'nbwrite'> <Ports = 0> <Width = 555> <Depth = 1> <FIFO>
ST_7 : Operation 43 [1/1] (0.00ns)   --->   "%ret_ln101 = ret" [firmware/nnet_utils/nnet_dense_stream.h:101]   --->   Operation 43 'ret' 'ret_ln101' <Predicate = true> <Delay = 0.00>


============================================================
+ Verbose Summary: Binding
============================================================
STG Binding: 
---------------- STG Properties BEGIN ----------------
- Is combinational: 0
- Is one-state seq: 0
- Is datapath-only: 0
- Is pipelined: 0
- Is top level: 0
Port [ Return ] is wired: 1; IO mode=ap_ctrl_hs:ce=0
Port [ layer13_out]:  wired=1; compound=1; hidden=0; nouse=0; global=0; static=0; extern=0; dir=0; type=3; pingpong=0; private_global=0; IO mode=ap_fifo:ce=0
Port [ layer15_out]:  wired=1; compound=1; hidden=0; nouse=0; global=0; static=0; extern=0; dir=1; type=3; pingpong=0; private_global=0; IO mode=ap_fifo:ce=0
---------------- STG Properties END ------------------

---------------- Datapath Model BEGIN ----------------

<LifeTime>
<method=bitvector/>
layer13_out_read  (read          ) [ 00000000]
data_pack         (trunc         ) [ 00111110]
data_pack_40      (partselect    ) [ 00111110]
data_pack_41      (partselect    ) [ 00111110]
data_pack_42      (partselect    ) [ 00111110]
data_pack_43      (partselect    ) [ 00111110]
data_pack_44      (partselect    ) [ 00111110]
data_pack_45      (partselect    ) [ 00111110]
data_pack_46      (partselect    ) [ 00111110]
data_pack_47      (partselect    ) [ 00111110]
data_pack_48      (partselect    ) [ 00111110]
call_ret          (call          ) [ 00000000]
res               (extractvalue  ) [ 00000001]
res_1             (extractvalue  ) [ 00000001]
res_2             (extractvalue  ) [ 00000001]
res_3             (extractvalue  ) [ 00000001]
res_4             (extractvalue  ) [ 00000001]
res_5             (extractvalue  ) [ 00000001]
res_6             (extractvalue  ) [ 00000001]
res_7             (extractvalue  ) [ 00000001]
res_8             (extractvalue  ) [ 00000001]
res_9             (extractvalue  ) [ 00000001]
res_10            (extractvalue  ) [ 00000001]
res_11            (extractvalue  ) [ 00000001]
res_12            (extractvalue  ) [ 00000001]
res_13            (extractvalue  ) [ 00000001]
res_14            (extractvalue  ) [ 00000001]
specinterface_ln0 (specinterface ) [ 00000000]
specinterface_ln0 (specinterface ) [ 00000000]
p_0               (bitconcatenate) [ 00000000]
write_ln77        (write         ) [ 00000000]
ret_ln101         (ret           ) [ 00000000]
</LifeTime>

<model>

<comp_list>
<comp id="0" class="1000" name="layer13_out">
<pin_list>
<pin id="1" dir="1" index="0" bw="1" slack="0"/>
</pin_list>
<bind>
<StgValue><ssdm name="layer13_out"/></StgValue>
</bind>
</comp>

<comp id="2" class="1000" name="layer15_out">
<pin_list>
<pin id="3" dir="1" index="0" bw="1" slack="0"/>
</pin_list>
<bind>
<StgValue><ssdm name="layer15_out"/></StgValue>
</bind>
</comp>

<comp id="4" class="1001" name="const_4">
<pin_list>
<pin id="5" dir="1" index="0" bw="1" slack="0"/>
</pin_list>
<bind>
<StgValue><ssdm name="_ssdm_op_Read.ap_fifo.volatile.i160P0A"/></StgValue>
</bind>
</comp>

<comp id="6" class="1001" name="const_6">
<pin_list>
<pin id="7" dir="1" index="0" bw="1" slack="0"/>
</pin_list>
<bind>
<StgValue><ssdm name="_ssdm_op_PartSelect.i16.i160.i32.i32"/></StgValue>
</bind>
</comp>

<comp id="8" class="1001" name="const_8">
<pin_list>
<pin id="9" dir="1" index="0" bw="1" slack="0"/>
</pin_list>
<bind>
<StgValue><ssdm name=""/></StgValue>
</bind>
</comp>

<comp id="10" class="1001" name="const_10">
<pin_list>
<pin id="11" dir="1" index="0" bw="1" slack="0"/>
</pin_list>
<bind>
<StgValue><ssdm name=""/></StgValue>
</bind>
</comp>

<comp id="12" class="1001" name="const_12">
<pin_list>
<pin id="13" dir="1" index="0" bw="1" slack="0"/>
</pin_list>
<bind>
<StgValue><ssdm name=""/></StgValue>
</bind>
</comp>

<comp id="14" class="1001" name="const_14">
<pin_list>
<pin id="15" dir="1" index="0" bw="1" slack="0"/>
</pin_list>
<bind>
<StgValue><ssdm name=""/></StgValue>
</bind>
</comp>

<comp id="16" class="1001" name="const_16">
<pin_list>
<pin id="17" dir="1" index="0" bw="1" slack="0"/>
</pin_list>
<bind>
<StgValue><ssdm name=""/></StgValue>
</bind>
</comp>

<comp id="18" class="1001" name="const_18">
<pin_list>
<pin id="19" dir="1" index="0" bw="1" slack="0"/>
</pin_list>
<bind>
<StgValue><ssdm name=""/></StgValue>
</bind>
</comp>

<comp id="20" class="1001" name="const_20">
<pin_list>
<pin id="21" dir="1" index="0" bw="1" slack="0"/>
</pin_list>
<bind>
<StgValue><ssdm name=""/></StgValue>
</bind>
</comp>

<comp id="22" class="1001" name="const_22">
<pin_list>
<pin id="23" dir="1" index="0" bw="1" slack="0"/>
</pin_list>
<bind>
<StgValue><ssdm name=""/></StgValue>
</bind>
</comp>

<comp id="24" class="1001" name="const_24">
<pin_list>
<pin id="25" dir="1" index="0" bw="1" slack="0"/>
</pin_list>
<bind>
<StgValue><ssdm name=""/></StgValue>
</bind>
</comp>

<comp id="26" class="1001" name="const_26">
<pin_list>
<pin id="27" dir="1" index="0" bw="1" slack="0"/>
</pin_list>
<bind>
<StgValue><ssdm name=""/></StgValue>
</bind>
</comp>

<comp id="28" class="1001" name="const_28">
<pin_list>
<pin id="29" dir="1" index="0" bw="1" slack="0"/>
</pin_list>
<bind>
<StgValue><ssdm name=""/></StgValue>
</bind>
</comp>

<comp id="30" class="1001" name="const_30">
<pin_list>
<pin id="31" dir="1" index="0" bw="1" slack="0"/>
</pin_list>
<bind>
<StgValue><ssdm name=""/></StgValue>
</bind>
</comp>

<comp id="32" class="1001" name="const_32">
<pin_list>
<pin id="33" dir="1" index="0" bw="1" slack="0"/>
</pin_list>
<bind>
<StgValue><ssdm name=""/></StgValue>
</bind>
</comp>

<comp id="34" class="1001" name="const_34">
<pin_list>
<pin id="35" dir="1" index="0" bw="1" slack="0"/>
</pin_list>
<bind>
<StgValue><ssdm name=""/></StgValue>
</bind>
</comp>

<comp id="36" class="1001" name="const_36">
<pin_list>
<pin id="37" dir="1" index="0" bw="1" slack="0"/>
</pin_list>
<bind>
<StgValue><ssdm name=""/></StgValue>
</bind>
</comp>

<comp id="38" class="1001" name="const_38">
<pin_list>
<pin id="39" dir="1" index="0" bw="1" slack="0"/>
</pin_list>
<bind>
<StgValue><ssdm name=""/></StgValue>
</bind>
</comp>

<comp id="40" class="1001" name="const_40">
<pin_list>
<pin id="41" dir="1" index="0" bw="1" slack="0"/>
</pin_list>
<bind>
<StgValue><ssdm name=""/></StgValue>
</bind>
</comp>

<comp id="42" class="1001" name="const_42">
<pin_list>
<pin id="43" dir="1" index="0" bw="1" slack="0"/>
</pin_list>
<bind>
<StgValue><ssdm name=""/></StgValue>
</bind>
</comp>

<comp id="44" class="1001" name="const_44">
<pin_list>
<pin id="45" dir="1" index="0" bw="1" slack="0"/>
</pin_list>
<bind>
<StgValue><ssdm name="dense_latency_wrapper<ap_fixed,ap_fixed<37,17,5,3,0>,config15>"/></StgValue>
</bind>
</comp>

<comp id="46" class="1001" name="const_46">
<pin_list>
<pin id="47" dir="1" index="0" bw="1" slack="2147483647"/>
</pin_list>
<bind>
<StgValue><ssdm name="_ssdm_op_SpecInterface"/></StgValue>
</bind>
</comp>

<comp id="48" class="1001" name="const_48">
<pin_list>
<pin id="49" dir="1" index="0" bw="1" slack="2147483647"/>
</pin_list>
<bind>
<StgValue><ssdm name="empty_2"/></StgValue>
</bind>
</comp>

<comp id="50" class="1001" name="const_50">
<pin_list>
<pin id="51" dir="1" index="0" bw="1" slack="2147483647"/>
</pin_list>
<bind>
<StgValue><ssdm name=""/></StgValue>
</bind>
</comp>

<comp id="52" class="1001" name="const_52">
<pin_list>
<pin id="53" dir="1" index="0" bw="1" slack="2147483647"/>
</pin_list>
<bind>
<StgValue><ssdm name="empty_1"/></StgValue>
</bind>
</comp>

<comp id="54" class="1001" name="const_54">
<pin_list>
<pin id="55" dir="1" index="0" bw="1" slack="2147483647"/>
</pin_list>
<bind>
<StgValue><ssdm name=""/></StgValue>
</bind>
</comp>

<comp id="56" class="1001" name="const_56">
<pin_list>
<pin id="57" dir="1" index="0" bw="1" slack="0"/>
</pin_list>
<bind>
<StgValue><ssdm name="_ssdm_op_BitConcatenate.i555.i37.i37.i37.i37.i37.i37.i37.i37.i37.i37.i37.i37.i37.i37.i37"/></StgValue>
</bind>
</comp>

<comp id="58" class="1001" name="const_58">
<pin_list>
<pin id="59" dir="1" index="0" bw="1" slack="0"/>
</pin_list>
<bind>
<StgValue><ssdm name="_ssdm_op_Write.ap_fifo.volatile.i555P0A"/></StgValue>
</bind>
</comp>

<comp id="60" class="1004" name="layer13_out_read_read_fu_60">
<pin_list>
<pin id="61" dir="0" index="0" bw="160" slack="0"/>
<pin id="62" dir="0" index="1" bw="160" slack="0"/>
<pin id="63" dir="1" index="2" bw="160" slack="0"/>
</pin_list>
<bind>
<opcode="read(1150) " fcode="read"/>
<opset="layer13_out_read/1 "/>
</bind>
</comp>

<comp id="66" class="1004" name="write_ln77_write_fu_66">
<pin_list>
<pin id="67" dir="0" index="0" bw="0" slack="0"/>
<pin id="68" dir="0" index="1" bw="555" slack="0"/>
<pin id="69" dir="0" index="2" bw="555" slack="0"/>
<pin id="70" dir="1" index="3" bw="0" slack="2147483647"/>
</pin_list>
<bind>
<opcode="write(1151) " fcode="write"/>
<opset="write_ln77/7 "/>
</bind>
</comp>

<comp id="73" class="1004" name="grp_dense_latency_wrapper_ap_fixed_ap_fixed_37_17_5_3_0_config15_s_fu_73">
<pin_list>
<pin id="74" dir="0" index="0" bw="555" slack="0"/>
<pin id="75" dir="0" index="1" bw="16" slack="1"/>
<pin id="76" dir="0" index="2" bw="16" slack="1"/>
<pin id="77" dir="0" index="3" bw="16" slack="1"/>
<pin id="78" dir="0" index="4" bw="16" slack="1"/>
<pin id="79" dir="0" index="5" bw="16" slack="1"/>
<pin id="80" dir="0" index="6" bw="16" slack="1"/>
<pin id="81" dir="0" index="7" bw="16" slack="1"/>
<pin id="82" dir="0" index="8" bw="16" slack="1"/>
<pin id="83" dir="0" index="9" bw="16" slack="1"/>
<pin id="84" dir="0" index="10" bw="16" slack="1"/>
<pin id="85" dir="1" index="11" bw="555" slack="0"/>
</pin_list>
<bind>
<opcode="call(48) " fcode="call"/>
<opset="call_ret/2 "/>
</bind>
</comp>

<comp id="87" class="1004" name="data_pack_fu_87">
<pin_list>
<pin id="88" dir="0" index="0" bw="160" slack="0"/>
<pin id="89" dir="1" index="1" bw="16" slack="1"/>
</pin_list>
<bind>
<opcode="trunc(33) " fcode="trunc"/>
<opset="data_pack/1 "/>
</bind>
</comp>

<comp id="91" class="1004" name="data_pack_40_fu_91">
<pin_list>
<pin id="92" dir="0" index="0" bw="16" slack="0"/>
<pin id="93" dir="0" index="1" bw="160" slack="0"/>
<pin id="94" dir="0" index="2" bw="6" slack="0"/>
<pin id="95" dir="0" index="3" bw="6" slack="0"/>
<pin id="96" dir="1" index="4" bw="16" slack="1"/>
</pin_list>
<bind>
<opcode="partselect(1002) " fcode="partselect"/>
<opset="data_pack_40/1 "/>
</bind>
</comp>

<comp id="101" class="1004" name="data_pack_41_fu_101">
<pin_list>
<pin id="102" dir="0" index="0" bw="16" slack="0"/>
<pin id="103" dir="0" index="1" bw="160" slack="0"/>
<pin id="104" dir="0" index="2" bw="7" slack="0"/>
<pin id="105" dir="0" index="3" bw="7" slack="0"/>
<pin id="106" dir="1" index="4" bw="16" slack="1"/>
</pin_list>
<bind>
<opcode="partselect(1002) " fcode="partselect"/>
<opset="data_pack_41/1 "/>
</bind>
</comp>

<comp id="111" class="1004" name="data_pack_42_fu_111">
<pin_list>
<pin id="112" dir="0" index="0" bw="16" slack="0"/>
<pin id="113" dir="0" index="1" bw="160" slack="0"/>
<pin id="114" dir="0" index="2" bw="7" slack="0"/>
<pin id="115" dir="0" index="3" bw="7" slack="0"/>
<pin id="116" dir="1" index="4" bw="16" slack="1"/>
</pin_list>
<bind>
<opcode="partselect(1002) " fcode="partselect"/>
<opset="data_pack_42/1 "/>
</bind>
</comp>

<comp id="121" class="1004" name="data_pack_43_fu_121">
<pin_list>
<pin id="122" dir="0" index="0" bw="16" slack="0"/>
<pin id="123" dir="0" index="1" bw="160" slack="0"/>
<pin id="124" dir="0" index="2" bw="8" slack="0"/>
<pin id="125" dir="0" index="3" bw="8" slack="0"/>
<pin id="126" dir="1" index="4" bw="16" slack="1"/>
</pin_list>
<bind>
<opcode="partselect(1002) " fcode="partselect"/>
<opset="data_pack_43/1 "/>
</bind>
</comp>

<comp id="131" class="1004" name="data_pack_44_fu_131">
<pin_list>
<pin id="132" dir="0" index="0" bw="16" slack="0"/>
<pin id="133" dir="0" index="1" bw="160" slack="0"/>
<pin id="134" dir="0" index="2" bw="8" slack="0"/>
<pin id="135" dir="0" index="3" bw="8" slack="0"/>
<pin id="136" dir="1" index="4" bw="16" slack="1"/>
</pin_list>
<bind>
<opcode="partselect(1002) " fcode="partselect"/>
<opset="data_pack_44/1 "/>
</bind>
</comp>

<comp id="141" class="1004" name="data_pack_45_fu_141">
<pin_list>
<pin id="142" dir="0" index="0" bw="16" slack="0"/>
<pin id="143" dir="0" index="1" bw="160" slack="0"/>
<pin id="144" dir="0" index="2" bw="8" slack="0"/>
<pin id="145" dir="0" index="3" bw="8" slack="0"/>
<pin id="146" dir="1" index="4" bw="16" slack="1"/>
</pin_list>
<bind>
<opcode="partselect(1002) " fcode="partselect"/>
<opset="data_pack_45/1 "/>
</bind>
</comp>

<comp id="151" class="1004" name="data_pack_46_fu_151">
<pin_list>
<pin id="152" dir="0" index="0" bw="16" slack="0"/>
<pin id="153" dir="0" index="1" bw="160" slack="0"/>
<pin id="154" dir="0" index="2" bw="8" slack="0"/>
<pin id="155" dir="0" index="3" bw="8" slack="0"/>
<pin id="156" dir="1" index="4" bw="16" slack="1"/>
</pin_list>
<bind>
<opcode="partselect(1002) " fcode="partselect"/>
<opset="data_pack_46/1 "/>
</bind>
</comp>

<comp id="161" class="1004" name="data_pack_47_fu_161">
<pin_list>
<pin id="162" dir="0" index="0" bw="16" slack="0"/>
<pin id="163" dir="0" index="1" bw="160" slack="0"/>
<pin id="164" dir="0" index="2" bw="9" slack="0"/>
<pin id="165" dir="0" index="3" bw="9" slack="0"/>
<pin id="166" dir="1" index="4" bw="16" slack="1"/>
</pin_list>
<bind>
<opcode="partselect(1002) " fcode="partselect"/>
<opset="data_pack_47/1 "/>
</bind>
</comp>

<comp id="171" class="1004" name="data_pack_48_fu_171">
<pin_list>
<pin id="172" dir="0" index="0" bw="16" slack="0"/>
<pin id="173" dir="0" index="1" bw="160" slack="0"/>
<pin id="174" dir="0" index="2" bw="9" slack="0"/>
<pin id="175" dir="0" index="3" bw="9" slack="0"/>
<pin id="176" dir="1" index="4" bw="16" slack="1"/>
</pin_list>
<bind>
<opcode="partselect(1002) " fcode="partselect"/>
<opset="data_pack_48/1 "/>
</bind>
</comp>

<comp id="181" class="1004" name="res_fu_181">
<pin_list>
<pin id="182" dir="0" index="0" bw="555" slack="0"/>
<pin id="183" dir="1" index="1" bw="37" slack="1"/>
</pin_list>
<bind>
<opcode="extractvalue(56) " fcode="extractvalue"/>
<opset="res/6 "/>
</bind>
</comp>

<comp id="185" class="1004" name="res_1_fu_185">
<pin_list>
<pin id="186" dir="0" index="0" bw="555" slack="0"/>
<pin id="187" dir="1" index="1" bw="37" slack="1"/>
</pin_list>
<bind>
<opcode="extractvalue(56) " fcode="extractvalue"/>
<opset="res_1/6 "/>
</bind>
</comp>

<comp id="189" class="1004" name="res_2_fu_189">
<pin_list>
<pin id="190" dir="0" index="0" bw="555" slack="0"/>
<pin id="191" dir="1" index="1" bw="37" slack="1"/>
</pin_list>
<bind>
<opcode="extractvalue(56) " fcode="extractvalue"/>
<opset="res_2/6 "/>
</bind>
</comp>

<comp id="193" class="1004" name="res_3_fu_193">
<pin_list>
<pin id="194" dir="0" index="0" bw="555" slack="0"/>
<pin id="195" dir="1" index="1" bw="37" slack="1"/>
</pin_list>
<bind>
<opcode="extractvalue(56) " fcode="extractvalue"/>
<opset="res_3/6 "/>
</bind>
</comp>

<comp id="197" class="1004" name="res_4_fu_197">
<pin_list>
<pin id="198" dir="0" index="0" bw="555" slack="0"/>
<pin id="199" dir="1" index="1" bw="37" slack="1"/>
</pin_list>
<bind>
<opcode="extractvalue(56) " fcode="extractvalue"/>
<opset="res_4/6 "/>
</bind>
</comp>

<comp id="201" class="1004" name="res_5_fu_201">
<pin_list>
<pin id="202" dir="0" index="0" bw="555" slack="0"/>
<pin id="203" dir="1" index="1" bw="37" slack="1"/>
</pin_list>
<bind>
<opcode="extractvalue(56) " fcode="extractvalue"/>
<opset="res_5/6 "/>
</bind>
</comp>

<comp id="205" class="1004" name="res_6_fu_205">
<pin_list>
<pin id="206" dir="0" index="0" bw="555" slack="0"/>
<pin id="207" dir="1" index="1" bw="37" slack="1"/>
</pin_list>
<bind>
<opcode="extractvalue(56) " fcode="extractvalue"/>
<opset="res_6/6 "/>
</bind>
</comp>

<comp id="209" class="1004" name="res_7_fu_209">
<pin_list>
<pin id="210" dir="0" index="0" bw="555" slack="0"/>
<pin id="211" dir="1" index="1" bw="37" slack="1"/>
</pin_list>
<bind>
<opcode="extractvalue(56) " fcode="extractvalue"/>
<opset="res_7/6 "/>
</bind>
</comp>

<comp id="213" class="1004" name="res_8_fu_213">
<pin_list>
<pin id="214" dir="0" index="0" bw="555" slack="0"/>
<pin id="215" dir="1" index="1" bw="37" slack="1"/>
</pin_list>
<bind>
<opcode="extractvalue(56) " fcode="extractvalue"/>
<opset="res_8/6 "/>
</bind>
</comp>

<comp id="217" class="1004" name="res_9_fu_217">
<pin_list>
<pin id="218" dir="0" index="0" bw="555" slack="0"/>
<pin id="219" dir="1" index="1" bw="37" slack="1"/>
</pin_list>
<bind>
<opcode="extractvalue(56) " fcode="extractvalue"/>
<opset="res_9/6 "/>
</bind>
</comp>

<comp id="221" class="1004" name="res_10_fu_221">
<pin_list>
<pin id="222" dir="0" index="0" bw="555" slack="0"/>
<pin id="223" dir="1" index="1" bw="37" slack="1"/>
</pin_list>
<bind>
<opcode="extractvalue(56) " fcode="extractvalue"/>
<opset="res_10/6 "/>
</bind>
</comp>

<comp id="225" class="1004" name="res_11_fu_225">
<pin_list>
<pin id="226" dir="0" index="0" bw="555" slack="0"/>
<pin id="227" dir="1" index="1" bw="37" slack="1"/>
</pin_list>
<bind>
<opcode="extractvalue(56) " fcode="extractvalue"/>
<opset="res_11/6 "/>
</bind>
</comp>

<comp id="229" class="1004" name="res_12_fu_229">
<pin_list>
<pin id="230" dir="0" index="0" bw="555" slack="0"/>
<pin id="231" dir="1" index="1" bw="37" slack="1"/>
</pin_list>
<bind>
<opcode="extractvalue(56) " fcode="extractvalue"/>
<opset="res_12/6 "/>
</bind>
</comp>

<comp id="233" class="1004" name="res_13_fu_233">
<pin_list>
<pin id="234" dir="0" index="0" bw="555" slack="0"/>
<pin id="235" dir="1" index="1" bw="37" slack="1"/>
</pin_list>
<bind>
<opcode="extractvalue(56) " fcode="extractvalue"/>
<opset="res_13/6 "/>
</bind>
</comp>

<comp id="237" class="1004" name="res_14_fu_237">
<pin_list>
<pin id="238" dir="0" index="0" bw="555" slack="0"/>
<pin id="239" dir="1" index="1" bw="37" slack="1"/>
</pin_list>
<bind>
<opcode="extractvalue(56) " fcode="extractvalue"/>
<opset="res_14/6 "/>
</bind>
</comp>

<comp id="241" class="1004" name="p_0_fu_241">
<pin_list>
<pin id="242" dir="0" index="0" bw="555" slack="0"/>
<pin id="243" dir="0" index="1" bw="37" slack="1"/>
<pin id="244" dir="0" index="2" bw="37" slack="1"/>
<pin id="245" dir="0" index="3" bw="37" slack="1"/>
<pin id="246" dir="0" index="4" bw="37" slack="1"/>
<pin id="247" dir="0" index="5" bw="37" slack="1"/>
<pin id="248" dir="0" index="6" bw="37" slack="1"/>
<pin id="249" dir="0" index="7" bw="37" slack="1"/>
<pin id="250" dir="0" index="8" bw="37" slack="1"/>
<pin id="251" dir="0" index="9" bw="37" slack="1"/>
<pin id="252" dir="0" index="10" bw="37" slack="1"/>
<pin id="253" dir="0" index="11" bw="37" slack="1"/>
<pin id="254" dir="0" index="12" bw="37" slack="1"/>
<pin id="255" dir="0" index="13" bw="37" slack="1"/>
<pin id="256" dir="0" index="14" bw="37" slack="1"/>
<pin id="257" dir="0" index="15" bw="37" slack="1"/>
<pin id="258" dir="1" index="16" bw="555" slack="0"/>
</pin_list>
<bind>
<opcode="bitconcatenate(1004) " fcode="bitconcatenate"/>
<opset="p_0/7 "/>
</bind>
</comp>

<comp id="261" class="1005" name="data_pack_reg_261">
<pin_list>
<pin id="262" dir="0" index="0" bw="16" slack="1"/>
<pin id="263" dir="1" index="1" bw="16" slack="1"/>
</pin_list>
<bind>
<opset="data_pack "/>
</bind>
</comp>

<comp id="266" class="1005" name="data_pack_40_reg_266">
<pin_list>
<pin id="267" dir="0" index="0" bw="16" slack="1"/>
<pin id="268" dir="1" index="1" bw="16" slack="1"/>
</pin_list>
<bind>
<opset="data_pack_40 "/>
</bind>
</comp>

<comp id="271" class="1005" name="data_pack_41_reg_271">
<pin_list>
<pin id="272" dir="0" index="0" bw="16" slack="1"/>
<pin id="273" dir="1" index="1" bw="16" slack="1"/>
</pin_list>
<bind>
<opset="data_pack_41 "/>
</bind>
</comp>

<comp id="276" class="1005" name="data_pack_42_reg_276">
<pin_list>
<pin id="277" dir="0" index="0" bw="16" slack="1"/>
<pin id="278" dir="1" index="1" bw="16" slack="1"/>
</pin_list>
<bind>
<opset="data_pack_42 "/>
</bind>
</comp>

<comp id="281" class="1005" name="data_pack_43_reg_281">
<pin_list>
<pin id="282" dir="0" index="0" bw="16" slack="1"/>
<pin id="283" dir="1" index="1" bw="16" slack="1"/>
</pin_list>
<bind>
<opset="data_pack_43 "/>
</bind>
</comp>

<comp id="286" class="1005" name="data_pack_44_reg_286">
<pin_list>
<pin id="287" dir="0" index="0" bw="16" slack="1"/>
<pin id="288" dir="1" index="1" bw="16" slack="1"/>
</pin_list>
<bind>
<opset="data_pack_44 "/>
</bind>
</comp>

<comp id="291" class="1005" name="data_pack_45_reg_291">
<pin_list>
<pin id="292" dir="0" index="0" bw="16" slack="1"/>
<pin id="293" dir="1" index="1" bw="16" slack="1"/>
</pin_list>
<bind>
<opset="data_pack_45 "/>
</bind>
</comp>

<comp id="296" class="1005" name="data_pack_46_reg_296">
<pin_list>
<pin id="297" dir="0" index="0" bw="16" slack="1"/>
<pin id="298" dir="1" index="1" bw="16" slack="1"/>
</pin_list>
<bind>
<opset="data_pack_46 "/>
</bind>
</comp>

<comp id="301" class="1005" name="data_pack_47_reg_301">
<pin_list>
<pin id="302" dir="0" index="0" bw="16" slack="1"/>
<pin id="303" dir="1" index="1" bw="16" slack="1"/>
</pin_list>
<bind>
<opset="data_pack_47 "/>
</bind>
</comp>

<comp id="306" class="1005" name="data_pack_48_reg_306">
<pin_list>
<pin id="307" dir="0" index="0" bw="16" slack="1"/>
<pin id="308" dir="1" index="1" bw="16" slack="1"/>
</pin_list>
<bind>
<opset="data_pack_48 "/>
</bind>
</comp>

<comp id="311" class="1005" name="res_reg_311">
<pin_list>
<pin id="312" dir="0" index="0" bw="37" slack="1"/>
<pin id="313" dir="1" index="1" bw="37" slack="1"/>
</pin_list>
<bind>
<opset="res "/>
</bind>
</comp>

<comp id="316" class="1005" name="res_1_reg_316">
<pin_list>
<pin id="317" dir="0" index="0" bw="37" slack="1"/>
<pin id="318" dir="1" index="1" bw="37" slack="1"/>
</pin_list>
<bind>
<opset="res_1 "/>
</bind>
</comp>

<comp id="321" class="1005" name="res_2_reg_321">
<pin_list>
<pin id="322" dir="0" index="0" bw="37" slack="1"/>
<pin id="323" dir="1" index="1" bw="37" slack="1"/>
</pin_list>
<bind>
<opset="res_2 "/>
</bind>
</comp>

<comp id="326" class="1005" name="res_3_reg_326">
<pin_list>
<pin id="327" dir="0" index="0" bw="37" slack="1"/>
<pin id="328" dir="1" index="1" bw="37" slack="1"/>
</pin_list>
<bind>
<opset="res_3 "/>
</bind>
</comp>

<comp id="331" class="1005" name="res_4_reg_331">
<pin_list>
<pin id="332" dir="0" index="0" bw="37" slack="1"/>
<pin id="333" dir="1" index="1" bw="37" slack="1"/>
</pin_list>
<bind>
<opset="res_4 "/>
</bind>
</comp>

<comp id="336" class="1005" name="res_5_reg_336">
<pin_list>
<pin id="337" dir="0" index="0" bw="37" slack="1"/>
<pin id="338" dir="1" index="1" bw="37" slack="1"/>
</pin_list>
<bind>
<opset="res_5 "/>
</bind>
</comp>

<comp id="341" class="1005" name="res_6_reg_341">
<pin_list>
<pin id="342" dir="0" index="0" bw="37" slack="1"/>
<pin id="343" dir="1" index="1" bw="37" slack="1"/>
</pin_list>
<bind>
<opset="res_6 "/>
</bind>
</comp>

<comp id="346" class="1005" name="res_7_reg_346">
<pin_list>
<pin id="347" dir="0" index="0" bw="37" slack="1"/>
<pin id="348" dir="1" index="1" bw="37" slack="1"/>
</pin_list>
<bind>
<opset="res_7 "/>
</bind>
</comp>

<comp id="351" class="1005" name="res_8_reg_351">
<pin_list>
<pin id="352" dir="0" index="0" bw="37" slack="1"/>
<pin id="353" dir="1" index="1" bw="37" slack="1"/>
</pin_list>
<bind>
<opset="res_8 "/>
</bind>
</comp>

<comp id="356" class="1005" name="res_9_reg_356">
<pin_list>
<pin id="357" dir="0" index="0" bw="37" slack="1"/>
<pin id="358" dir="1" index="1" bw="37" slack="1"/>
</pin_list>
<bind>
<opset="res_9 "/>
</bind>
</comp>

<comp id="361" class="1005" name="res_10_reg_361">
<pin_list>
<pin id="362" dir="0" index="0" bw="37" slack="1"/>
<pin id="363" dir="1" index="1" bw="37" slack="1"/>
</pin_list>
<bind>
<opset="res_10 "/>
</bind>
</comp>

<comp id="366" class="1005" name="res_11_reg_366">
<pin_list>
<pin id="367" dir="0" index="0" bw="37" slack="1"/>
<pin id="368" dir="1" index="1" bw="37" slack="1"/>
</pin_list>
<bind>
<opset="res_11 "/>
</bind>
</comp>

<comp id="371" class="1005" name="res_12_reg_371">
<pin_list>
<pin id="372" dir="0" index="0" bw="37" slack="1"/>
<pin id="373" dir="1" index="1" bw="37" slack="1"/>
</pin_list>
<bind>
<opset="res_12 "/>
</bind>
</comp>

<comp id="376" class="1005" name="res_13_reg_376">
<pin_list>
<pin id="377" dir="0" index="0" bw="37" slack="1"/>
<pin id="378" dir="1" index="1" bw="37" slack="1"/>
</pin_list>
<bind>
<opset="res_13 "/>
</bind>
</comp>

<comp id="381" class="1005" name="res_14_reg_381">
<pin_list>
<pin id="382" dir="0" index="0" bw="37" slack="1"/>
<pin id="383" dir="1" index="1" bw="37" slack="1"/>
</pin_list>
<bind>
<opset="res_14 "/>
</bind>
</comp>

</comp_list>

<net_list>
<net id="64"><net_src comp="4" pin="0"/><net_sink comp="60" pin=0"/></net>

<net id="65"><net_src comp="0" pin="0"/><net_sink comp="60" pin=1"/></net>

<net id="71"><net_src comp="58" pin="0"/><net_sink comp="66" pin=0"/></net>

<net id="72"><net_src comp="2" pin="0"/><net_sink comp="66" pin=1"/></net>

<net id="86"><net_src comp="44" pin="0"/><net_sink comp="73" pin=0"/></net>

<net id="90"><net_src comp="60" pin="2"/><net_sink comp="87" pin=0"/></net>

<net id="97"><net_src comp="6" pin="0"/><net_sink comp="91" pin=0"/></net>

<net id="98"><net_src comp="60" pin="2"/><net_sink comp="91" pin=1"/></net>

<net id="99"><net_src comp="8" pin="0"/><net_sink comp="91" pin=2"/></net>

<net id="100"><net_src comp="10" pin="0"/><net_sink comp="91" pin=3"/></net>

<net id="107"><net_src comp="6" pin="0"/><net_sink comp="101" pin=0"/></net>

<net id="108"><net_src comp="60" pin="2"/><net_sink comp="101" pin=1"/></net>

<net id="109"><net_src comp="12" pin="0"/><net_sink comp="101" pin=2"/></net>

<net id="110"><net_src comp="14" pin="0"/><net_sink comp="101" pin=3"/></net>

<net id="117"><net_src comp="6" pin="0"/><net_sink comp="111" pin=0"/></net>

<net id="118"><net_src comp="60" pin="2"/><net_sink comp="111" pin=1"/></net>

<net id="119"><net_src comp="16" pin="0"/><net_sink comp="111" pin=2"/></net>

<net id="120"><net_src comp="18" pin="0"/><net_sink comp="111" pin=3"/></net>

<net id="127"><net_src comp="6" pin="0"/><net_sink comp="121" pin=0"/></net>

<net id="128"><net_src comp="60" pin="2"/><net_sink comp="121" pin=1"/></net>

<net id="129"><net_src comp="20" pin="0"/><net_sink comp="121" pin=2"/></net>

<net id="130"><net_src comp="22" pin="0"/><net_sink comp="121" pin=3"/></net>

<net id="137"><net_src comp="6" pin="0"/><net_sink comp="131" pin=0"/></net>

<net id="138"><net_src comp="60" pin="2"/><net_sink comp="131" pin=1"/></net>

<net id="139"><net_src comp="24" pin="0"/><net_sink comp="131" pin=2"/></net>

<net id="140"><net_src comp="26" pin="0"/><net_sink comp="131" pin=3"/></net>

<net id="147"><net_src comp="6" pin="0"/><net_sink comp="141" pin=0"/></net>

<net id="148"><net_src comp="60" pin="2"/><net_sink comp="141" pin=1"/></net>

<net id="149"><net_src comp="28" pin="0"/><net_sink comp="141" pin=2"/></net>

<net id="150"><net_src comp="30" pin="0"/><net_sink comp="141" pin=3"/></net>

<net id="157"><net_src comp="6" pin="0"/><net_sink comp="151" pin=0"/></net>

<net id="158"><net_src comp="60" pin="2"/><net_sink comp="151" pin=1"/></net>

<net id="159"><net_src comp="32" pin="0"/><net_sink comp="151" pin=2"/></net>

<net id="160"><net_src comp="34" pin="0"/><net_sink comp="151" pin=3"/></net>

<net id="167"><net_src comp="6" pin="0"/><net_sink comp="161" pin=0"/></net>

<net id="168"><net_src comp="60" pin="2"/><net_sink comp="161" pin=1"/></net>

<net id="169"><net_src comp="36" pin="0"/><net_sink comp="161" pin=2"/></net>

<net id="170"><net_src comp="38" pin="0"/><net_sink comp="161" pin=3"/></net>

<net id="177"><net_src comp="6" pin="0"/><net_sink comp="171" pin=0"/></net>

<net id="178"><net_src comp="60" pin="2"/><net_sink comp="171" pin=1"/></net>

<net id="179"><net_src comp="40" pin="0"/><net_sink comp="171" pin=2"/></net>

<net id="180"><net_src comp="42" pin="0"/><net_sink comp="171" pin=3"/></net>

<net id="184"><net_src comp="73" pin="11"/><net_sink comp="181" pin=0"/></net>

<net id="188"><net_src comp="73" pin="11"/><net_sink comp="185" pin=0"/></net>

<net id="192"><net_src comp="73" pin="11"/><net_sink comp="189" pin=0"/></net>

<net id="196"><net_src comp="73" pin="11"/><net_sink comp="193" pin=0"/></net>

<net id="200"><net_src comp="73" pin="11"/><net_sink comp="197" pin=0"/></net>

<net id="204"><net_src comp="73" pin="11"/><net_sink comp="201" pin=0"/></net>

<net id="208"><net_src comp="73" pin="11"/><net_sink comp="205" pin=0"/></net>

<net id="212"><net_src comp="73" pin="11"/><net_sink comp="209" pin=0"/></net>

<net id="216"><net_src comp="73" pin="11"/><net_sink comp="213" pin=0"/></net>

<net id="220"><net_src comp="73" pin="11"/><net_sink comp="217" pin=0"/></net>

<net id="224"><net_src comp="73" pin="11"/><net_sink comp="221" pin=0"/></net>

<net id="228"><net_src comp="73" pin="11"/><net_sink comp="225" pin=0"/></net>

<net id="232"><net_src comp="73" pin="11"/><net_sink comp="229" pin=0"/></net>

<net id="236"><net_src comp="73" pin="11"/><net_sink comp="233" pin=0"/></net>

<net id="240"><net_src comp="73" pin="11"/><net_sink comp="237" pin=0"/></net>

<net id="259"><net_src comp="56" pin="0"/><net_sink comp="241" pin=0"/></net>

<net id="260"><net_src comp="241" pin="16"/><net_sink comp="66" pin=2"/></net>

<net id="264"><net_src comp="87" pin="1"/><net_sink comp="261" pin=0"/></net>

<net id="265"><net_src comp="261" pin="1"/><net_sink comp="73" pin=1"/></net>

<net id="269"><net_src comp="91" pin="4"/><net_sink comp="266" pin=0"/></net>

<net id="270"><net_src comp="266" pin="1"/><net_sink comp="73" pin=2"/></net>

<net id="274"><net_src comp="101" pin="4"/><net_sink comp="271" pin=0"/></net>

<net id="275"><net_src comp="271" pin="1"/><net_sink comp="73" pin=3"/></net>

<net id="279"><net_src comp="111" pin="4"/><net_sink comp="276" pin=0"/></net>

<net id="280"><net_src comp="276" pin="1"/><net_sink comp="73" pin=4"/></net>

<net id="284"><net_src comp="121" pin="4"/><net_sink comp="281" pin=0"/></net>

<net id="285"><net_src comp="281" pin="1"/><net_sink comp="73" pin=5"/></net>

<net id="289"><net_src comp="131" pin="4"/><net_sink comp="286" pin=0"/></net>

<net id="290"><net_src comp="286" pin="1"/><net_sink comp="73" pin=6"/></net>

<net id="294"><net_src comp="141" pin="4"/><net_sink comp="291" pin=0"/></net>

<net id="295"><net_src comp="291" pin="1"/><net_sink comp="73" pin=7"/></net>

<net id="299"><net_src comp="151" pin="4"/><net_sink comp="296" pin=0"/></net>

<net id="300"><net_src comp="296" pin="1"/><net_sink comp="73" pin=8"/></net>

<net id="304"><net_src comp="161" pin="4"/><net_sink comp="301" pin=0"/></net>

<net id="305"><net_src comp="301" pin="1"/><net_sink comp="73" pin=9"/></net>

<net id="309"><net_src comp="171" pin="4"/><net_sink comp="306" pin=0"/></net>

<net id="310"><net_src comp="306" pin="1"/><net_sink comp="73" pin=10"/></net>

<net id="314"><net_src comp="181" pin="1"/><net_sink comp="311" pin=0"/></net>

<net id="315"><net_src comp="311" pin="1"/><net_sink comp="241" pin=15"/></net>

<net id="319"><net_src comp="185" pin="1"/><net_sink comp="316" pin=0"/></net>

<net id="320"><net_src comp="316" pin="1"/><net_sink comp="241" pin=14"/></net>

<net id="324"><net_src comp="189" pin="1"/><net_sink comp="321" pin=0"/></net>

<net id="325"><net_src comp="321" pin="1"/><net_sink comp="241" pin=13"/></net>

<net id="329"><net_src comp="193" pin="1"/><net_sink comp="326" pin=0"/></net>

<net id="330"><net_src comp="326" pin="1"/><net_sink comp="241" pin=12"/></net>

<net id="334"><net_src comp="197" pin="1"/><net_sink comp="331" pin=0"/></net>

<net id="335"><net_src comp="331" pin="1"/><net_sink comp="241" pin=11"/></net>

<net id="339"><net_src comp="201" pin="1"/><net_sink comp="336" pin=0"/></net>

<net id="340"><net_src comp="336" pin="1"/><net_sink comp="241" pin=10"/></net>

<net id="344"><net_src comp="205" pin="1"/><net_sink comp="341" pin=0"/></net>

<net id="345"><net_src comp="341" pin="1"/><net_sink comp="241" pin=9"/></net>

<net id="349"><net_src comp="209" pin="1"/><net_sink comp="346" pin=0"/></net>

<net id="350"><net_src comp="346" pin="1"/><net_sink comp="241" pin=8"/></net>

<net id="354"><net_src comp="213" pin="1"/><net_sink comp="351" pin=0"/></net>

<net id="355"><net_src comp="351" pin="1"/><net_sink comp="241" pin=7"/></net>

<net id="359"><net_src comp="217" pin="1"/><net_sink comp="356" pin=0"/></net>

<net id="360"><net_src comp="356" pin="1"/><net_sink comp="241" pin=6"/></net>

<net id="364"><net_src comp="221" pin="1"/><net_sink comp="361" pin=0"/></net>

<net id="365"><net_src comp="361" pin="1"/><net_sink comp="241" pin=5"/></net>

<net id="369"><net_src comp="225" pin="1"/><net_sink comp="366" pin=0"/></net>

<net id="370"><net_src comp="366" pin="1"/><net_sink comp="241" pin=4"/></net>

<net id="374"><net_src comp="229" pin="1"/><net_sink comp="371" pin=0"/></net>

<net id="375"><net_src comp="371" pin="1"/><net_sink comp="241" pin=3"/></net>

<net id="379"><net_src comp="233" pin="1"/><net_sink comp="376" pin=0"/></net>

<net id="380"><net_src comp="376" pin="1"/><net_sink comp="241" pin=2"/></net>

<net id="384"><net_src comp="237" pin="1"/><net_sink comp="381" pin=0"/></net>

<net id="385"><net_src comp="381" pin="1"/><net_sink comp="241" pin=1"/></net>

</net_list>

</model> 
---------------- Datapath Model END ------------------

* FSMD analyzer results:
  - Output states:
	Port: layer15_out | {7 }
 - Input state : 
	Port: dense<array<ap_fixed,10u>,array<ap_fixed<37,17,5,3,0>,15u>,config15> : layer13_out | {1 }
  - Chain level:
	State 1
	State 2
	State 3
	State 4
	State 5
	State 6
		res : 1
		res_1 : 1
		res_2 : 1
		res_3 : 1
		res_4 : 1
		res_5 : 1
		res_6 : 1
		res_7 : 1
		res_8 : 1
		res_9 : 1
		res_10 : 1
		res_11 : 1
		res_12 : 1
		res_13 : 1
		res_14 : 1
	State 7
		write_ln77 : 1


============================================================
+ Verbose Summary: Datapath Resource usage 
============================================================

* Functional unit list:
|----------|--------------------------------------------------------------------------|---------|---------|---------|
| Operation|                              Functional Unit                             |   DSP   |    FF   |   LUT   |
|----------|--------------------------------------------------------------------------|---------|---------|---------|
|   call   | grp_dense_latency_wrapper_ap_fixed_ap_fixed_37_17_5_3_0_config15_s_fu_73 |   129   |   4654  |   5353  |
|----------|--------------------------------------------------------------------------|---------|---------|---------|
|   read   |                        layer13_out_read_read_fu_60                       |    0    |    0    |    0    |
|----------|--------------------------------------------------------------------------|---------|---------|---------|
|   write  |                          write_ln77_write_fu_66                          |    0    |    0    |    0    |
|----------|--------------------------------------------------------------------------|---------|---------|---------|
|   trunc  |                              data_pack_fu_87                             |    0    |    0    |    0    |
|----------|--------------------------------------------------------------------------|---------|---------|---------|
|          |                            data_pack_40_fu_91                            |    0    |    0    |    0    |
|          |                            data_pack_41_fu_101                           |    0    |    0    |    0    |
|          |                            data_pack_42_fu_111                           |    0    |    0    |    0    |
|          |                            data_pack_43_fu_121                           |    0    |    0    |    0    |
|partselect|                            data_pack_44_fu_131                           |    0    |    0    |    0    |
|          |                            data_pack_45_fu_141                           |    0    |    0    |    0    |
|          |                            data_pack_46_fu_151                           |    0    |    0    |    0    |
|          |                            data_pack_47_fu_161                           |    0    |    0    |    0    |
|          |                            data_pack_48_fu_171                           |    0    |    0    |    0    |
|----------|--------------------------------------------------------------------------|---------|---------|---------|
|          |                                res_fu_181                                |    0    |    0    |    0    |
|          |                               res_1_fu_185                               |    0    |    0    |    0    |
|          |                               res_2_fu_189                               |    0    |    0    |    0    |
|          |                               res_3_fu_193                               |    0    |    0    |    0    |
|          |                               res_4_fu_197                               |    0    |    0    |    0    |
|          |                               res_5_fu_201                               |    0    |    0    |    0    |
|          |                               res_6_fu_205                               |    0    |    0    |    0    |
|extractvalue|                               res_7_fu_209                               |    0    |    0    |    0    |
|          |                               res_8_fu_213                               |    0    |    0    |    0    |
|          |                               res_9_fu_217                               |    0    |    0    |    0    |
|          |                               res_10_fu_221                              |    0    |    0    |    0    |
|          |                               res_11_fu_225                              |    0    |    0    |    0    |
|          |                               res_12_fu_229                              |    0    |    0    |    0    |
|          |                               res_13_fu_233                              |    0    |    0    |    0    |
|          |                               res_14_fu_237                              |    0    |    0    |    0    |
|----------|--------------------------------------------------------------------------|---------|---------|---------|
|bitconcatenate|                                p_0_fu_241                                |    0    |    0    |    0    |
|----------|--------------------------------------------------------------------------|---------|---------|---------|
|   Total  |                                                                          |   129   |   4654  |   5353  |
|----------|--------------------------------------------------------------------------|---------|---------|---------|

Memories:
N/A

* Register list:
+--------------------+--------+
|                    |   FF   |
+--------------------+--------+
|data_pack_40_reg_266|   16   |
|data_pack_41_reg_271|   16   |
|data_pack_42_reg_276|   16   |
|data_pack_43_reg_281|   16   |
|data_pack_44_reg_286|   16   |
|data_pack_45_reg_291|   16   |
|data_pack_46_reg_296|   16   |
|data_pack_47_reg_301|   16   |
|data_pack_48_reg_306|   16   |
|  data_pack_reg_261 |   16   |
|   res_10_reg_361   |   37   |
|   res_11_reg_366   |   37   |
|   res_12_reg_371   |   37   |
|   res_13_reg_376   |   37   |
|   res_14_reg_381   |   37   |
|    res_1_reg_316   |   37   |
|    res_2_reg_321   |   37   |
|    res_3_reg_326   |   37   |
|    res_4_reg_331   |   37   |
|    res_5_reg_336   |   37   |
|    res_6_reg_341   |   37   |
|    res_7_reg_346   |   37   |
|    res_8_reg_351   |   37   |
|    res_9_reg_356   |   37   |
|     res_reg_311    |   37   |
+--------------------+--------+
|        Total       |   715  |
+--------------------+--------+

* Multiplexer (MUX) list: 
|--------|------|------|------|--------|
|  Comp  |  Pin | Size |  BW  | S x BW |
|--------|------|------|------|--------|
|  Total |      |      |      |    0   |
|--------|------|------|------|--------|



* Summary:
+-----------+--------+--------+--------+
|           |   DSP  |   FF   |   LUT  |
+-----------+--------+--------+--------+
|  Function |   129  |  4654  |  5353  |
|   Memory  |    -   |    -   |    -   |
|Multiplexer|    -   |    -   |    -   |
|  Register |    -   |   715  |    -   |
+-----------+--------+--------+--------+
|   Total   |   129  |  5369  |  5353  |
+-----------+--------+--------+--------+
