

================================================================
== Vitis HLS Report for 'dense_array_ap_fixed_10u_array_ap_fixed_37_17_5_3_0_15u_config15_s'
================================================================
* Date:           Sun Apr  5 17:32:21 2026

* Version:        2023.2 (Build 4023990 on Oct 11 2023)
* Project:        gaussian_prj
* Solution:       solution1 (Vivado IP Flow Target)
* Product family: kintexu
* Target device:  xcku035-fbva676-2-e


================================================================
== Performance Estimates
================================================================
+ Timing: 
    * Summary: 
    +--------+---------+----------+------------+
    |  Clock |  Target | Estimated| Uncertainty|
    +--------+---------+----------+------------+
    |ap_clk  |  5.00 ns|  3.575 ns|     1.35 ns|
    +--------+---------+----------+------------+

+ Latency: 
    * Summary: 
    +---------+---------+-----------+-----------+-----+-----+---------+
    |  Latency (cycles) |   Latency (absolute)  |  Interval | Pipeline|
    |   min   |   max   |    min    |    max    | min | max |   Type  |
    +---------+---------+-----------+-----------+-----+-----+---------+
    |        6|        6|  30.000 ns|  30.000 ns|    6|    6|       no|
    +---------+---------+-----------+-----------+-----+-----+---------+

    + Detail: 
        * Instance: 
        N/A

        * Loop: 
        N/A

============================================================
+ Verbose Summary: Synthesis Manager
============================================================
InlineROM: 1
ExposeGlobal: 0
============================================================
+ Verbose Summary: CDFG Model
============================================================
IsTopModel: 0
ResetActiveHigh: 1
IsCombinational: 2
IsDatapathOnly: 0
HasWiredReturn: 1
HasMFsm: 0
HasVarLatency: 1
IsPipeline: 0
IsRtlPipelined: 0
IsInstanceOverlapped: 0
IsDontTouch: 0
HasImplIP: 0
IsGatedGlobalClock: 0


============================================================
+ Verbose Summary: Schedule
============================================================
* Number of FSM states : 7
* Pipeline : 0
* Dataflow Pipeline: 0

* FSM state transitions: 
1 --> 2 
2 --> 3 
3 --> 4 
4 --> 5 
5 --> 6 
6 --> 7 
7 --> 

* FSM state operations: 

State 1 <SV = 0> <Delay = 1.82>
ST_1 : Operation 8 [1/1] (1.82ns)   --->   "%layer13_out_read = read i160 @_ssdm_op_Read.ap_fifo.volatile.i160P0A, i160 %layer13_out" [firmware/nnet_utils/nnet_dense_stream.h:43->firmware/nnet_utils/nnet_dense_stream.h:93]   --->   Operation 8 'read' 'layer13_out_read' <Predicate = true> <Delay = 1.82> <CoreInst = "FIFO_SRL">   --->   Core 81 'FIFO_SRL' <Latency = 0> <II = 1> <Delay = 2.26> <Storage> <Opcode : 'read' 'write' 'nbread' 'nbwrite'> <Ports = 0> <Width = 160> <Depth = 1> <FIFO>
ST_1 : Operation 9 [1/1] (0.00ns)   --->   "%data_pack = trunc i160 %layer13_out_read" [firmware/nnet_utils/nnet_dense_stream.h:43->firmware/nnet_utils/nnet_dense_stream.h:93]   --->   Operation 9 'trunc' 'data_pack' <Predicate = true> <Delay = 0.00>
ST_1 : Operation 10 [1/1] (0.00ns)   --->   "%data_pack_40 = partselect i16 @_ssdm_op_PartSelect.i16.i160.i32.i32, i160 %layer13_out_read, i32 16, i32 31" [firmware/nnet_utils/nnet_dense_stream.h:43->firmware/nnet_utils/nnet_dense_stream.h:93]   --->   Operation 10 'partselect' 'data_pack_40' <Predicate = true> <Delay = 0.00>
ST_1 : Operation 11 [1/1] (0.00ns)   --->   "%data_pack_41 = partselect i16 @_ssdm_op_PartSelect.i16.i160.i32.i32, i160 %layer13_out_read, i32 32, i32 47" [firmware/nnet_utils/nnet_dense_stream.h:43->firmware/nnet_utils/nnet_dense_stream.h:93]   --->   Operation 11 'partselect' 'data_pack_41' <Predicate = true> <Delay = 0.00>
ST_1 : Operation 12 [1/1] (0.00ns)   --->   "%data_pack_42 = partselect i16 @_ssdm_op_PartSelect.i16.i160.i32.i32, i160 %layer13_out_read, i32 48, i32 63" [firmware/nnet_utils/nnet_dense_stream.h:43->firmware/nnet_utils/nnet_dense_stream.h:93]   --->   Operation 12 'partselect' 'data_pack_42' <Predicate = true> <Delay = 0.00>
ST_1 : Operation 13 [1/1] (0.00ns)   --->   "%data_pack_43 = partselect i16 @_ssdm_op_PartSelect.i16.i160.i32.i32, i160 %layer13_out_read, i32 64, i32 79" [firmware/nnet_utils/nnet_dense_stream.h:43->firmware/nnet_utils/nnet_dense_stream.h:93]   --->   Operation 13 'partselect' 'data_pack_43' <Predicate = true> <Delay = 0.00>
ST_1 : Operation 14 [1/1] (0.00ns)   --->   "%data_pack_44 = partselect i16 @_ssdm_op_PartSelect.i16.i160.i32.i32, i160 %layer13_out_read, i32 80, i32 95" [firmware/nnet_utils/nnet_dense_stream.h:43->firmware/nnet_utils/nnet_dense_stream.h:93]   --->   Operation 14 'partselect' 'data_pack_44' <Predicate = true> <Delay = 0.00>
ST_1 : Operation 15 [1/1] (0.00ns)   --->   "%data_pack_45 = partselect i16 @_ssdm_op_PartSelect.i16.i160.i32.i32, i160 %layer13_out_read, i32 96, i32 111" [firmware/nnet_utils/nnet_dense_stream.h:43->firmware/nnet_utils/nnet_dense_stream.h:93]   --->   Operation 15 'partselect' 'data_pack_45' <Predicate = true> <Delay = 0.00>
ST_1 : Operation 16 [1/1] (0.00ns)   --->   "%data_pack_46 = partselect i16 @_ssdm_op_PartSelect.i16.i160.i32.i32, i160 %layer13_out_read, i32 112, i32 127" [firmware/nnet_utils/nnet_dense_stream.h:43->firmware/nnet_utils/nnet_dense_stream.h:93]   --->   Operation 16 'partselect' 'data_pack_46' <Predicate = true> <Delay = 0.00>
ST_1 : Operation 17 [1/1] (0.00ns)   --->   "%data_pack_47 = partselect i16 @_ssdm_op_PartSelect.i16.i160.i32.i32, i160 %layer13_out_read, i32 128, i32 143" [firmware/nnet_utils/nnet_dense_stream.h:43->firmware/nnet_utils/nnet_dense_stream.h:93]   --->   Operation 17 'partselect' 'data_pack_47' <Predicate = true> <Delay = 0.00>
ST_1 : Operation 18 [1/1] (0.00ns)   --->   "%data_pack_48 = partselect i16 @_ssdm_op_PartSelect.i16.i160.i32.i32, i160 %layer13_out_read, i32 144, i32 159" [firmware/nnet_utils/nnet_dense_stream.h:43->firmware/nnet_utils/nnet_dense_stream.h:93]   --->   Operation 18 'partselect' 'data_pack_48' <Predicate = true> <Delay = 0.00>

State 2 <SV = 1> <Delay = 3.57>
ST_2 : Operation 19 [5/5] (3.57ns)   --->   "%call_ret = call i555 @dense_latency_wrapper<ap_fixed,ap_fixed<37,17,5,3,0>,config15>, i16 %data_pack, i16 %data_pack_40, i16 %data_pack_41, i16 %data_pack_42, i16 %data_pack_43, i16 %data_pack_44, i16 %data_pack_45, i16 %data_pack_46, i16 %data_pack_47, i16 %data_pack_48" [firmware/nnet_utils/nnet_dense_stream.h:95]   --->   Operation 19 'call' 'call_ret' <Predicate = true> <Delay = 3.57> <CoreType = "Generic">   --->   Core 0 '' <Latency = 0> <II = 1> <Delay = 1.00> <Generic> <Opcode : >

State 3 <SV = 2> <Delay = 3.57>
ST_3 : Operation 20 [4/5] (3.57ns)   --->   "%call_ret = call i555 @dense_latency_wrapper<ap_fixed,ap_fixed<37,17,5,3,0>,config15>, i16 %data_pack, i16 %data_pack_40, i16 %data_pack_41, i16 %data_pack_42, i16 %data_pack_43, i16 %data_pack_44, i16 %data_pack_45, i16 %data_pack_46, i16 %data_pack_47, i16 %data_pack_48" [firmware/nnet_utils/nnet_dense_stream.h:95]   --->   Operation 20 'call' 'call_ret' <Predicate = true> <Delay = 3.57> <CoreType = "Generic">   --->   Core 0 '' <Latency = 0> <II = 1> <Delay = 1.00> <Generic> <Opcode : >

State 4 <SV = 3> <Delay = 3.57>
ST_4 : Operation 21 [3/5] (3.57ns)   --->   "%call_ret = call i555 @dense_latency_wrapper<ap_fixed,ap_fixed<37,17,5,3,0>,config15>, i16 %data_pack, i16 %data_pack_40, i16 %data_pack_41, i16 %data_pack_42, i16 %data_pack_43, i16 %data_pack_44, i16 %data_pack_45, i16 %data_pack_46, i16 %data_pack_47, i16 %data_pack_48" [firmware/nnet_utils/nnet_dense_stream.h:95]   --->   Operation 21 'call' 'call_ret' <Predicate = true> <Delay = 3.57> <CoreType = "Generic">   --->   Core 0 '' <Latency = 0> <II = 1> <Delay = 1.00> <Generic> <Opcode : >

State 5 <SV = 4> <Delay = 3.57>
ST_5 : Operation 22 [2/5] (3.57ns)   --->   "%call_ret = call i555 @dense_latency_wrapper<ap_fixed,ap_fixed<37,17,5,3,0>,config15>, i16 %data_pack, i16 %data_pack_40, i16 %data_pack_41, i16 %data_pack_42, i16 %data_pack_43, i16 %data_pack_44, i16 %data_pack_45, i16 %data_pack_46, i16 %data_pack_47, i16 %data_pack_48" [firmware/nnet_utils/nnet_dense_stream.h:95]   --->   Operation 22 'call' 'call_ret' <Predicate = true> <Delay = 3.57> <CoreType = "Generic">   --->   Core 0 '' <Latency = 0> <II = 1> <Delay = 1.00> <Generic> <Opcode : >

State 6 <SV = 5> <Delay = 3.57>
ST_6 : Operation 23 [1/5] (3.57ns)   --->   "%call_ret = call i555 @dense_latency_wrapper<ap_fixed,ap_fixed<37,17,5,3,0>,config15>, i16 %data_pack, i16 %data_pack_40, i16 %data_pack_41, i16 %data_pack_42, i16 %data_pack_43, i16 %data_pack_44, i16 %data_pack_45, i16 %data_pack_46, i16 %data_pack_47, i16 %data_pack_48" [firmware/nnet_utils/nnet_dense_stream.h:95]   --->   Operation 23 'call' 'call_ret' <Predicate = true> <Delay = 3.57> <CoreType = "Generic">   --->   Core 0 '' <Latency = 0> <II = 1> <Delay = 1.00> <Generic> <Opcode : >
ST_6 : Operation 24 [1/1] (0.00ns)   --->   "%res = extractvalue i555 %call_ret" [firmware/nnet_utils/nnet_dense_stream.h:95]   --->   Operation 24 'extractvalue' 'res' <Predicate = true> <Delay = 0.00>
ST_6 : Operation 25 [1/1] (0.00ns)   --->   "%res_1 = extractvalue i555 %call_ret" [firmware/nnet_utils/nnet_dense_stream.h:95]   --->   Operation 25 'extractvalue' 'res_1' <Predicate = true> <Delay = 0.00>
ST_6 : Operation 26 [1/1] (0.00ns)   --->   "%res_2 = extractvalue i555 %call_ret" [firmware/nnet_utils/nnet_dense_stream.h:95]   --->   Operation 26 'extractvalue' 'res_2' <Predicate = true> <Delay = 0.00>
ST_6 : Operation 27 [1/1] (0.00ns)   --->   "%res_3 = extractvalue i555 %call_ret" [firmware/nnet_utils/nnet_dense_stream.h:95]   --->   Operation 27 'extractvalue' 'res_3' <Predicate = true> <Delay = 0.00>
ST_6 : Operation 28 [1/1] (0.00ns)   --->   "%res_4 = extractvalue i555 %call_ret" [firmware/nnet_utils/nnet_dense_stream.h:95]   --->   Operation 28 'extractvalue' 'res_4' <Predicate = true> <Delay = 0.00>
ST_6 : Operation 29 [1/1] (0.00ns)   --->   "%res_5 = extractvalue i555 %call_ret" [firmware/nnet_utils/nnet_dense_stream.h:95]   --->   Operation 29 'extractvalue' 'res_5' <Predicate = true> <Delay = 0.00>
ST_6 : Operation 30 [1/1] (0.00ns)   --->   "%res_6 = extractvalue i555 %call_ret" [firmware/nnet_utils/nnet_dense_stream.h:95]   --->   Operation 30 'extractvalue' 'res_6' <Predicate = true> <Delay = 0.00>
ST_6 : Operation 31 [1/1] (0.00ns)   --->   "%res_7 = extractvalue i555 %call_ret" [firmware/nnet_utils/nnet_dense_stream.h:95]   --->   Operation 31 'extractvalue' 'res_7' <Predicate = true> <Delay = 0.00>
ST_6 : Operation 32 [1/1] (0.00ns)   --->   "%res_8 = extractvalue i555 %call_ret" [firmware/nnet_utils/nnet_dense_stream.h:95]   --->   Operation 32 'extractvalue' 'res_8' <Predicate = true> <Delay = 0.00>
ST_6 : Operation 33 [1/1] (0.00ns)   --->   "%res_9 = extractvalue i555 %call_ret" [firmware/nnet_utils/nnet_dense_stream.h:95]   --->   Operation 33 'extractvalue' 'res_9' <Predicate = true> <Delay = 0.00>
ST_6 : Operation 34 [1/1] (0.00ns)   --->   "%res_10 = extractvalue i555 %call_ret" [firmware/nnet_utils/nnet_dense_stream.h:95]   --->   Operation 34 'extractvalue' 'res_10' <Predicate = true> <Delay = 0.00>
ST_6 : Operation 35 [1/1] (0.00ns)   --->   "%res_11 = extractvalue i555 %call_ret" [firmware/nnet_utils/nnet_dense_stream.h:95]   --->   Operation 35 'extractvalue' 'res_11' <Predicate = true> <Delay = 0.00>
ST_6 : Operation 36 [1/1] (0.00ns)   --->   "%res_12 = extractvalue i555 %call_ret" [firmware/nnet_utils/nnet_dense_stream.h:95]   --->   Operation 36 'extractvalue' 'res_12' <Predicate = true> <Delay = 0.00>
ST_6 : Operation 37 [1/1] (0.00ns)   --->   "%res_13 = extractvalue i555 %call_ret" [firmware/nnet_utils/nnet_dense_stream.h:95]   --->   Operation 37 'extractvalue' 'res_13' <Predicate = true> <Delay = 0.00>
ST_6 : Operation 38 [1/1] (0.00ns)   --->   "%res_14 = extractvalue i555 %call_ret" [firmware/nnet_utils/nnet_dense_stream.h:95]   --->   Operation 38 'extractvalue' 'res_14' <Predicate = true> <Delay = 0.00>

State 7 <SV = 6> <Delay = 1.82>
ST_7 : Operation 39 [1/1] (0.00ns)   --->   "%specinterface_ln0 = specinterface void @_ssdm_op_SpecInterface, i555 %layer15_out, void @empty_2, i32 0, i32 0, void @empty_1, i32 0, i32 0, void @empty_1, void @empty_1, void @empty_1, i32 0, i32 0, i32 0, i32 0, void @empty_1, void @empty_1, i32 4294967295, i32 0"   --->   Operation 39 'specinterface' 'specinterface_ln0' <Predicate = true> <Delay = 0.00>
ST_7 : Operation 40 [1/1] (0.00ns)   --->   "%specinterface_ln0 = specinterface void @_ssdm_op_SpecInterface, i160 %layer13_out, void @empty_2, i32 0, i32 0, void @empty_1, i32 0, i32 0, void @empty_1, void @empty_1, void @empty_1, i32 0, i32 0, i32 0, i32 0, void @empty_1, void @empty_1, i32 4294967295, i32 0"   --->   Operation 40 'specinterface' 'specinterface_ln0' <Predicate = true> <Delay = 0.00>
ST_7 : Operation 41 [1/1] (0.00ns)   --->   "%p_0 = bitconcatenate i555 @_ssdm_op_BitConcatenate.i555.i37.i37.i37.i37.i37.i37.i37.i37.i37.i37.i37.i37.i37.i37.i37, i37 %res_14, i37 %res_13, i37 %res_12, i37 %res_11, i37 %res_10, i37 %res_9, i37 %res_8, i37 %res_7, i37 %res_6, i37 %res_5, i37 %res_4, i37 %res_3, i37 %res_2, i37 %res_1, i37 %res" [firmware/nnet_utils/nnet_dense_stream.h:77->firmware/nnet_utils/nnet_dense_stream.h:100]   --->   Operation 41 'bitconcatenate' 'p_0' <Predicate = true> <Delay = 0.00>
ST_7 : Operation 42 [1/1] (1.82ns)   --->   "%write_ln77 = write void @_ssdm_op_Write.ap_fifo.volatile.i555P0A, i555 %layer15_out, i555 %p_0" [firmware/nnet_utils/nnet_dense_stream.h:77->firmware/nnet_utils/nnet_dense_stream.h:100]   --->   Operation 42 'write' 'write_ln77' <Predicate = true> <Delay = 1.82> <CoreInst = "FIFO_SRL">   --->   Core 81 'FIFO_SRL' <Latency = 0> <II = 1> <Delay = 2.26> <Storage> <Opcode : 'read' 'write' 'nbread' 'nbwrite'> <Ports = 0> <Width = 555> <Depth = 1> <FIFO>
ST_7 : Operation 43 [1/1] (0.00ns)   --->   "%ret_ln101 = ret" [firmware/nnet_utils/nnet_dense_stream.h:101]   --->   Operation 43 'ret' 'ret_ln101' <Predicate = true> <Delay = 0.00>


============================================================
+ Verbose Summary: Timing violations
============================================================
Target clock period: 5.000ns, clock uncertainty: 1.350ns.

 <State 1>: 1.825ns
The critical path consists of the following:
	fifo read operation ('layer13_out_read', firmware/nnet_utils/nnet_dense_stream.h:43->firmware/nnet_utils/nnet_dense_stream.h:93) on port 'layer13_out' (firmware/nnet_utils/nnet_dense_stream.h:43->firmware/nnet_utils/nnet_dense_stream.h:93) [5]  (1.825 ns)

 <State 2>: 3.570ns
The critical path consists of the following:
	'call' operation 555 bit ('call_ret', firmware/nnet_utils/nnet_dense_stream.h:95) to 'dense_latency_wrapper<ap_fixed,ap_fixed<37,17,5,3,0>,config15>' [16]  (3.570 ns)

 <State 3>: 3.575ns
The critical path consists of the following:
	'call' operation 555 bit ('call_ret', firmware/nnet_utils/nnet_dense_stream.h:95) to 'dense_latency_wrapper<ap_fixed,ap_fixed<37,17,5,3,0>,config15>' [16]  (3.575 ns)

 <State 4>: 3.575ns
The critical path consists of the following:
	'call' operation 555 bit ('call_ret', firmware/nnet_utils/nnet_dense_stream.h:95) to 'dense_latency_wrapper<ap_fixed,ap_fixed<37,17,5,3,0>,config15>' [16]  (3.575 ns)

 <State 5>: 3.575ns
The critical path consists of the following:
	'call' operation 555 bit ('call_ret', firmware/nnet_utils/nnet_dense_stream.h:95) to 'dense_latency_wrapper<ap_fixed,ap_fixed<37,17,5,3,0>,config15>' [16]  (3.575 ns)

 <State 6>: 3.575ns
The critical path consists of the following:
	'call' operation 555 bit ('call_ret', firmware/nnet_utils/nnet_dense_stream.h:95) to 'dense_latency_wrapper<ap_fixed,ap_fixed<37,17,5,3,0>,config15>' [16]  (3.575 ns)

 <State 7>: 1.825ns
The critical path consists of the following:
	fifo write operation ('write_ln77', firmware/nnet_utils/nnet_dense_stream.h:77->firmware/nnet_utils/nnet_dense_stream.h:100) on port 'layer15_out' (firmware/nnet_utils/nnet_dense_stream.h:77->firmware/nnet_utils/nnet_dense_stream.h:100) [33]  (1.825 ns)


============================================================
+ Verbose Summary: Binding
============================================================
N/A
* FSMD analyzer results:
  - Output states:
 - Input state : 
  - Chain level:
	State 1
	State 2
	State 3
	State 4
	State 5
	State 6
	State 7


============================================================
+ Verbose Summary: Datapath Resource usage 
============================================================
N/A
