

================================================================
== Vitis HLS Report for 'dense_array_ap_fixed_15u_array_ap_fixed_37_17_5_3_0_10u_config17_s'
================================================================
* Date:           Sun Apr  5 17:32:22 2026

* Version:        2023.2 (Build 4023990 on Oct 11 2023)
* Project:        gaussian_prj
* Solution:       solution1 (Vivado IP Flow Target)
* Product family: kintexu
* Target device:  xcku035-fbva676-2-e


================================================================
== Performance Estimates
================================================================
+ Timing: 
    * Summary: 
    +--------+---------+----------+------------+
    |  Clock |  Target | Estimated| Uncertainty|
    +--------+---------+----------+------------+
    |ap_clk  |  5.00 ns|  3.580 ns|     1.35 ns|
    +--------+---------+----------+------------+

+ Latency: 
    * Summary: 
    +---------+---------+-----------+-----------+-----+-----+---------+
    |  Latency (cycles) |   Latency (absolute)  |  Interval | Pipeline|
    |   min   |   max   |    min    |    max    | min | max |   Type  |
    +---------+---------+-----------+-----------+-----+-----+---------+
    |        6|        6|  30.000 ns|  30.000 ns|    6|    6|       no|
    +---------+---------+-----------+-----------+-----+-----+---------+

    + Detail: 
        * Instance: 
        N/A

        * Loop: 
        N/A

============================================================
+ Verbose Summary: Synthesis Manager
============================================================
InlineROM: 1
ExposeGlobal: 0
============================================================
+ Verbose Summary: CDFG Model
============================================================
IsTopModel: 0
ResetActiveHigh: 1
IsCombinational: 2
IsDatapathOnly: 0
HasWiredReturn: 1
HasMFsm: 0
HasVarLatency: 1
IsPipeline: 0
IsRtlPipelined: 0
IsInstanceOverlapped: 0
IsDontTouch: 0
HasImplIP: 0
IsGatedGlobalClock: 0


============================================================
+ Verbose Summary: Schedule
============================================================
* Number of FSM states : 7
* Pipeline : 0
* Dataflow Pipeline: 0

* FSM state transitions: 
1 --> 2 
2 --> 3 
3 --> 4 
4 --> 5 
5 --> 6 
6 --> 7 
7 --> 

* FSM state operations: 

State 1 <SV = 0> <Delay = 1.82>
ST_1 : Operation 8 [1/1] (1.82ns)   --->   "%layer16_out_read = read i240 @_ssdm_op_Read.ap_fifo.volatile.i240P0A, i240 %layer16_out" [firmware/nnet_utils/nnet_dense_stream.h:43->firmware/nnet_utils/nnet_dense_stream.h:93]   --->   Operation 8 'read' 'layer16_out_read' <Predicate = true> <Delay = 1.82> <CoreInst = "FIFO_SRL">   --->   Core 81 'FIFO_SRL' <Latency = 0> <II = 1> <Delay = 2.26> <Storage> <Opcode : 'read' 'write' 'nbread' 'nbwrite'> <Ports = 0> <Width = 240> <Depth = 1> <FIFO>
ST_1 : Operation 9 [1/1] (0.00ns)   --->   "%data_pack = trunc i240 %layer16_out_read" [firmware/nnet_utils/nnet_dense_stream.h:43->firmware/nnet_utils/nnet_dense_stream.h:93]   --->   Operation 9 'trunc' 'data_pack' <Predicate = true> <Delay = 0.00>
ST_1 : Operation 10 [1/1] (0.00ns)   --->   "%data_pack_15 = partselect i16 @_ssdm_op_PartSelect.i16.i240.i32.i32, i240 %layer16_out_read, i32 16, i32 31" [firmware/nnet_utils/nnet_dense_stream.h:43->firmware/nnet_utils/nnet_dense_stream.h:93]   --->   Operation 10 'partselect' 'data_pack_15' <Predicate = true> <Delay = 0.00>
ST_1 : Operation 11 [1/1] (0.00ns)   --->   "%data_pack_16 = partselect i16 @_ssdm_op_PartSelect.i16.i240.i32.i32, i240 %layer16_out_read, i32 32, i32 47" [firmware/nnet_utils/nnet_dense_stream.h:43->firmware/nnet_utils/nnet_dense_stream.h:93]   --->   Operation 11 'partselect' 'data_pack_16' <Predicate = true> <Delay = 0.00>
ST_1 : Operation 12 [1/1] (0.00ns)   --->   "%data_pack_17 = partselect i16 @_ssdm_op_PartSelect.i16.i240.i32.i32, i240 %layer16_out_read, i32 48, i32 63" [firmware/nnet_utils/nnet_dense_stream.h:43->firmware/nnet_utils/nnet_dense_stream.h:93]   --->   Operation 12 'partselect' 'data_pack_17' <Predicate = true> <Delay = 0.00>
ST_1 : Operation 13 [1/1] (0.00ns)   --->   "%data_pack_18 = partselect i16 @_ssdm_op_PartSelect.i16.i240.i32.i32, i240 %layer16_out_read, i32 64, i32 79" [firmware/nnet_utils/nnet_dense_stream.h:43->firmware/nnet_utils/nnet_dense_stream.h:93]   --->   Operation 13 'partselect' 'data_pack_18' <Predicate = true> <Delay = 0.00>
ST_1 : Operation 14 [1/1] (0.00ns)   --->   "%data_pack_19 = partselect i16 @_ssdm_op_PartSelect.i16.i240.i32.i32, i240 %layer16_out_read, i32 80, i32 95" [firmware/nnet_utils/nnet_dense_stream.h:43->firmware/nnet_utils/nnet_dense_stream.h:93]   --->   Operation 14 'partselect' 'data_pack_19' <Predicate = true> <Delay = 0.00>
ST_1 : Operation 15 [1/1] (0.00ns)   --->   "%data_pack_20 = partselect i16 @_ssdm_op_PartSelect.i16.i240.i32.i32, i240 %layer16_out_read, i32 96, i32 111" [firmware/nnet_utils/nnet_dense_stream.h:43->firmware/nnet_utils/nnet_dense_stream.h:93]   --->   Operation 15 'partselect' 'data_pack_20' <Predicate = true> <Delay = 0.00>
ST_1 : Operation 16 [1/1] (0.00ns)   --->   "%data_pack_21 = partselect i16 @_ssdm_op_PartSelect.i16.i240.i32.i32, i240 %layer16_out_read, i32 112, i32 127" [firmware/nnet_utils/nnet_dense_stream.h:43->firmware/nnet_utils/nnet_dense_stream.h:93]   --->   Operation 16 'partselect' 'data_pack_21' <Predicate = true> <Delay = 0.00>
ST_1 : Operation 17 [1/1] (0.00ns)   --->   "%data_pack_22 = partselect i16 @_ssdm_op_PartSelect.i16.i240.i32.i32, i240 %layer16_out_read, i32 128, i32 143" [firmware/nnet_utils/nnet_dense_stream.h:43->firmware/nnet_utils/nnet_dense_stream.h:93]   --->   Operation 17 'partselect' 'data_pack_22' <Predicate = true> <Delay = 0.00>
ST_1 : Operation 18 [1/1] (0.00ns)   --->   "%data_pack_23 = partselect i16 @_ssdm_op_PartSelect.i16.i240.i32.i32, i240 %layer16_out_read, i32 144, i32 159" [firmware/nnet_utils/nnet_dense_stream.h:43->firmware/nnet_utils/nnet_dense_stream.h:93]   --->   Operation 18 'partselect' 'data_pack_23' <Predicate = true> <Delay = 0.00>
ST_1 : Operation 19 [1/1] (0.00ns)   --->   "%data_pack_24 = partselect i16 @_ssdm_op_PartSelect.i16.i240.i32.i32, i240 %layer16_out_read, i32 160, i32 175" [firmware/nnet_utils/nnet_dense_stream.h:43->firmware/nnet_utils/nnet_dense_stream.h:93]   --->   Operation 19 'partselect' 'data_pack_24' <Predicate = true> <Delay = 0.00>
ST_1 : Operation 20 [1/1] (0.00ns)   --->   "%data_pack_25 = partselect i16 @_ssdm_op_PartSelect.i16.i240.i32.i32, i240 %layer16_out_read, i32 176, i32 191" [firmware/nnet_utils/nnet_dense_stream.h:43->firmware/nnet_utils/nnet_dense_stream.h:93]   --->   Operation 20 'partselect' 'data_pack_25' <Predicate = true> <Delay = 0.00>
ST_1 : Operation 21 [1/1] (0.00ns)   --->   "%data_pack_26 = partselect i16 @_ssdm_op_PartSelect.i16.i240.i32.i32, i240 %layer16_out_read, i32 192, i32 207" [firmware/nnet_utils/nnet_dense_stream.h:43->firmware/nnet_utils/nnet_dense_stream.h:93]   --->   Operation 21 'partselect' 'data_pack_26' <Predicate = true> <Delay = 0.00>
ST_1 : Operation 22 [1/1] (0.00ns)   --->   "%data_pack_27 = partselect i16 @_ssdm_op_PartSelect.i16.i240.i32.i32, i240 %layer16_out_read, i32 208, i32 223" [firmware/nnet_utils/nnet_dense_stream.h:43->firmware/nnet_utils/nnet_dense_stream.h:93]   --->   Operation 22 'partselect' 'data_pack_27' <Predicate = true> <Delay = 0.00>
ST_1 : Operation 23 [1/1] (0.00ns)   --->   "%data_pack_28 = partselect i16 @_ssdm_op_PartSelect.i16.i240.i32.i32, i240 %layer16_out_read, i32 224, i32 239" [firmware/nnet_utils/nnet_dense_stream.h:43->firmware/nnet_utils/nnet_dense_stream.h:93]   --->   Operation 23 'partselect' 'data_pack_28' <Predicate = true> <Delay = 0.00>

State 2 <SV = 1> <Delay = 3.57>
ST_2 : Operation 24 [5/5] (3.57ns)   --->   "%call_ret = call i370 @dense_latency_wrapper<ap_fixed,ap_fixed<37,17,5,3,0>,config17>, i16 %data_pack, i16 %data_pack_15, i16 %data_pack_16, i16 %data_pack_17, i16 %data_pack_18, i16 %data_pack_19, i16 %data_pack_20, i16 %data_pack_21, i16 %data_pack_22, i16 %data_pack_23, i16 %data_pack_24, i16 %data_pack_25, i16 %data_pack_26, i16 %data_pack_27, i16 %data_pack_28" [firmware/nnet_utils/nnet_dense_stream.h:95]   --->   Operation 24 'call' 'call_ret' <Predicate = true> <Delay = 3.57> <CoreType = "Generic">   --->   Core 0 '' <Latency = 0> <II = 1> <Delay = 1.00> <Generic> <Opcode : >

State 3 <SV = 2> <Delay = 3.57>
ST_3 : Operation 25 [4/5] (3.57ns)   --->   "%call_ret = call i370 @dense_latency_wrapper<ap_fixed,ap_fixed<37,17,5,3,0>,config17>, i16 %data_pack, i16 %data_pack_15, i16 %data_pack_16, i16 %data_pack_17, i16 %data_pack_18, i16 %data_pack_19, i16 %data_pack_20, i16 %data_pack_21, i16 %data_pack_22, i16 %data_pack_23, i16 %data_pack_24, i16 %data_pack_25, i16 %data_pack_26, i16 %data_pack_27, i16 %data_pack_28" [firmware/nnet_utils/nnet_dense_stream.h:95]   --->   Operation 25 'call' 'call_ret' <Predicate = true> <Delay = 3.57> <CoreType = "Generic">   --->   Core 0 '' <Latency = 0> <II = 1> <Delay = 1.00> <Generic> <Opcode : >

State 4 <SV = 3> <Delay = 3.57>
ST_4 : Operation 26 [3/5] (3.57ns)   --->   "%call_ret = call i370 @dense_latency_wrapper<ap_fixed,ap_fixed<37,17,5,3,0>,config17>, i16 %data_pack, i16 %data_pack_15, i16 %data_pack_16, i16 %data_pack_17, i16 %data_pack_18, i16 %data_pack_19, i16 %data_pack_20, i16 %data_pack_21, i16 %data_pack_22, i16 %data_pack_23, i16 %data_pack_24, i16 %data_pack_25, i16 %data_pack_26, i16 %data_pack_27, i16 %data_pack_28" [firmware/nnet_utils/nnet_dense_stream.h:95]   --->   Operation 26 'call' 'call_ret' <Predicate = true> <Delay = 3.57> <CoreType = "Generic">   --->   Core 0 '' <Latency = 0> <II = 1> <Delay = 1.00> <Generic> <Opcode : >

State 5 <SV = 4> <Delay = 3.57>
ST_5 : Operation 27 [2/5] (3.57ns)   --->   "%call_ret = call i370 @dense_latency_wrapper<ap_fixed,ap_fixed<37,17,5,3,0>,config17>, i16 %data_pack, i16 %data_pack_15, i16 %data_pack_16, i16 %data_pack_17, i16 %data_pack_18, i16 %data_pack_19, i16 %data_pack_20, i16 %data_pack_21, i16 %data_pack_22, i16 %data_pack_23, i16 %data_pack_24, i16 %data_pack_25, i16 %data_pack_26, i16 %data_pack_27, i16 %data_pack_28" [firmware/nnet_utils/nnet_dense_stream.h:95]   --->   Operation 27 'call' 'call_ret' <Predicate = true> <Delay = 3.57> <CoreType = "Generic">   --->   Core 0 '' <Latency = 0> <II = 1> <Delay = 1.00> <Generic> <Opcode : >

State 6 <SV = 5> <Delay = 2.52>
ST_6 : Operation 28 [1/5] (2.52ns)   --->   "%call_ret = call i370 @dense_latency_wrapper<ap_fixed,ap_fixed<37,17,5,3,0>,config17>, i16 %data_pack, i16 %data_pack_15, i16 %data_pack_16, i16 %data_pack_17, i16 %data_pack_18, i16 %data_pack_19, i16 %data_pack_20, i16 %data_pack_21, i16 %data_pack_22, i16 %data_pack_23, i16 %data_pack_24, i16 %data_pack_25, i16 %data_pack_26, i16 %data_pack_27, i16 %data_pack_28" [firmware/nnet_utils/nnet_dense_stream.h:95]   --->   Operation 28 'call' 'call_ret' <Predicate = true> <Delay = 2.52> <CoreType = "Generic">   --->   Core 0 '' <Latency = 0> <II = 1> <Delay = 1.00> <Generic> <Opcode : >
ST_6 : Operation 29 [1/1] (0.00ns)   --->   "%res = extractvalue i370 %call_ret" [firmware/nnet_utils/nnet_dense_stream.h:95]   --->   Operation 29 'extractvalue' 'res' <Predicate = true> <Delay = 0.00>
ST_6 : Operation 30 [1/1] (0.00ns)   --->   "%res_1 = extractvalue i370 %call_ret" [firmware/nnet_utils/nnet_dense_stream.h:95]   --->   Operation 30 'extractvalue' 'res_1' <Predicate = true> <Delay = 0.00>
ST_6 : Operation 31 [1/1] (0.00ns)   --->   "%res_2 = extractvalue i370 %call_ret" [firmware/nnet_utils/nnet_dense_stream.h:95]   --->   Operation 31 'extractvalue' 'res_2' <Predicate = true> <Delay = 0.00>
ST_6 : Operation 32 [1/1] (0.00ns)   --->   "%res_3 = extractvalue i370 %call_ret" [firmware/nnet_utils/nnet_dense_stream.h:95]   --->   Operation 32 'extractvalue' 'res_3' <Predicate = true> <Delay = 0.00>
ST_6 : Operation 33 [1/1] (0.00ns)   --->   "%res_4 = extractvalue i370 %call_ret" [firmware/nnet_utils/nnet_dense_stream.h:95]   --->   Operation 33 'extractvalue' 'res_4' <Predicate = true> <Delay = 0.00>
ST_6 : Operation 34 [1/1] (0.00ns)   --->   "%res_5 = extractvalue i370 %call_ret" [firmware/nnet_utils/nnet_dense_stream.h:95]   --->   Operation 34 'extractvalue' 'res_5' <Predicate = true> <Delay = 0.00>
ST_6 : Operation 35 [1/1] (0.00ns)   --->   "%res_6 = extractvalue i370 %call_ret" [firmware/nnet_utils/nnet_dense_stream.h:95]   --->   Operation 35 'extractvalue' 'res_6' <Predicate = true> <Delay = 0.00>
ST_6 : Operation 36 [1/1] (0.00ns)   --->   "%res_7 = extractvalue i370 %call_ret" [firmware/nnet_utils/nnet_dense_stream.h:95]   --->   Operation 36 'extractvalue' 'res_7' <Predicate = true> <Delay = 0.00>
ST_6 : Operation 37 [1/1] (0.00ns)   --->   "%res_8 = extractvalue i370 %call_ret" [firmware/nnet_utils/nnet_dense_stream.h:95]   --->   Operation 37 'extractvalue' 'res_8' <Predicate = true> <Delay = 0.00>
ST_6 : Operation 38 [1/1] (0.00ns)   --->   "%res_9 = extractvalue i370 %call_ret" [firmware/nnet_utils/nnet_dense_stream.h:95]   --->   Operation 38 'extractvalue' 'res_9' <Predicate = true> <Delay = 0.00>

State 7 <SV = 6> <Delay = 1.82>
ST_7 : Operation 39 [1/1] (0.00ns)   --->   "%specinterface_ln0 = specinterface void @_ssdm_op_SpecInterface, i370 %layer17_out, void @empty_2, i32 0, i32 0, void @empty_1, i32 0, i32 0, void @empty_1, void @empty_1, void @empty_1, i32 0, i32 0, i32 0, i32 0, void @empty_1, void @empty_1, i32 4294967295, i32 0"   --->   Operation 39 'specinterface' 'specinterface_ln0' <Predicate = true> <Delay = 0.00>
ST_7 : Operation 40 [1/1] (0.00ns)   --->   "%specinterface_ln0 = specinterface void @_ssdm_op_SpecInterface, i240 %layer16_out, void @empty_2, i32 0, i32 0, void @empty_1, i32 0, i32 0, void @empty_1, void @empty_1, void @empty_1, i32 0, i32 0, i32 0, i32 0, void @empty_1, void @empty_1, i32 4294967295, i32 0"   --->   Operation 40 'specinterface' 'specinterface_ln0' <Predicate = true> <Delay = 0.00>
ST_7 : Operation 41 [1/1] (0.00ns)   --->   "%p_s = bitconcatenate i370 @_ssdm_op_BitConcatenate.i370.i37.i37.i37.i37.i37.i37.i37.i37.i37.i37, i37 %res_9, i37 %res_8, i37 %res_7, i37 %res_6, i37 %res_5, i37 %res_4, i37 %res_3, i37 %res_2, i37 %res_1, i37 %res" [firmware/nnet_utils/nnet_dense_stream.h:77->firmware/nnet_utils/nnet_dense_stream.h:100]   --->   Operation 41 'bitconcatenate' 'p_s' <Predicate = true> <Delay = 0.00>
ST_7 : Operation 42 [1/1] (1.82ns)   --->   "%write_ln77 = write void @_ssdm_op_Write.ap_fifo.volatile.i370P0A, i370 %layer17_out, i370 %p_s" [firmware/nnet_utils/nnet_dense_stream.h:77->firmware/nnet_utils/nnet_dense_stream.h:100]   --->   Operation 42 'write' 'write_ln77' <Predicate = true> <Delay = 1.82> <CoreInst = "FIFO_SRL">   --->   Core 81 'FIFO_SRL' <Latency = 0> <II = 1> <Delay = 2.26> <Storage> <Opcode : 'read' 'write' 'nbread' 'nbwrite'> <Ports = 0> <Width = 370> <Depth = 1> <FIFO>
ST_7 : Operation 43 [1/1] (0.00ns)   --->   "%ret_ln101 = ret" [firmware/nnet_utils/nnet_dense_stream.h:101]   --->   Operation 43 'ret' 'ret_ln101' <Predicate = true> <Delay = 0.00>


============================================================
+ Verbose Summary: Timing violations
============================================================
Target clock period: 5.000ns, clock uncertainty: 1.350ns.

 <State 1>: 1.825ns
The critical path consists of the following:
	fifo read operation ('layer16_out_read', firmware/nnet_utils/nnet_dense_stream.h:43->firmware/nnet_utils/nnet_dense_stream.h:93) on port 'layer16_out' (firmware/nnet_utils/nnet_dense_stream.h:43->firmware/nnet_utils/nnet_dense_stream.h:93) [5]  (1.825 ns)

 <State 2>: 3.570ns
The critical path consists of the following:
	'call' operation 370 bit ('call_ret', firmware/nnet_utils/nnet_dense_stream.h:95) to 'dense_latency_wrapper<ap_fixed,ap_fixed<37,17,5,3,0>,config17>' [21]  (3.570 ns)

 <State 3>: 3.580ns
The critical path consists of the following:
	'call' operation 370 bit ('call_ret', firmware/nnet_utils/nnet_dense_stream.h:95) to 'dense_latency_wrapper<ap_fixed,ap_fixed<37,17,5,3,0>,config17>' [21]  (3.580 ns)

 <State 4>: 3.580ns
The critical path consists of the following:
	'call' operation 370 bit ('call_ret', firmware/nnet_utils/nnet_dense_stream.h:95) to 'dense_latency_wrapper<ap_fixed,ap_fixed<37,17,5,3,0>,config17>' [21]  (3.580 ns)

 <State 5>: 3.580ns
The critical path consists of the following:
	'call' operation 370 bit ('call_ret', firmware/nnet_utils/nnet_dense_stream.h:95) to 'dense_latency_wrapper<ap_fixed,ap_fixed<37,17,5,3,0>,config17>' [21]  (3.580 ns)

 <State 6>: 2.529ns
The critical path consists of the following:
	'call' operation 370 bit ('call_ret', firmware/nnet_utils/nnet_dense_stream.h:95) to 'dense_latency_wrapper<ap_fixed,ap_fixed<37,17,5,3,0>,config17>' [21]  (2.529 ns)

 <State 7>: 1.825ns
The critical path consists of the following:
	fifo write operation ('write_ln77', firmware/nnet_utils/nnet_dense_stream.h:77->firmware/nnet_utils/nnet_dense_stream.h:100) on port 'layer17_out' (firmware/nnet_utils/nnet_dense_stream.h:77->firmware/nnet_utils/nnet_dense_stream.h:100) [33]  (1.825 ns)


============================================================
+ Verbose Summary: Binding
============================================================
N/A
* FSMD analyzer results:
  - Output states:
 - Input state : 
  - Chain level:
	State 1
	State 2
	State 3
	State 4
	State 5
	State 6
	State 7


============================================================
+ Verbose Summary: Datapath Resource usage 
============================================================
N/A
