

================================================================
== Vitis HLS Report for 'dense_array_ap_fixed_10u_array_ap_fixed_37_17_5_3_0_5u_config19_s'
================================================================
* Date:           Sun Apr  5 17:32:32 2026

* Version:        2023.2 (Build 4023990 on Oct 11 2023)
* Project:        gaussian_prj
* Solution:       solution1 (Vivado IP Flow Target)
* Product family: kintexu
* Target device:  xcku035-fbva676-2-e


================================================================
== Performance Estimates
================================================================
+ Timing: 
    * Summary: 
    +--------+---------+----------+------------+
    |  Clock |  Target | Estimated| Uncertainty|
    +--------+---------+----------+------------+
    |ap_clk  |  5.00 ns|  3.584 ns|     1.35 ns|
    +--------+---------+----------+------------+

+ Latency: 
    * Summary: 
    +---------+---------+-----------+-----------+-----+-----+---------+
    |  Latency (cycles) |   Latency (absolute)  |  Interval | Pipeline|
    |   min   |   max   |    min    |    max    | min | max |   Type  |
    +---------+---------+-----------+-----------+-----+-----+---------+
    |        6|        6|  30.000 ns|  30.000 ns|    6|    6|       no|
    +---------+---------+-----------+-----------+-----+-----+---------+

    + Detail: 
        * Instance: 
        +--------------------------------------------------------------------------+----------------------------------------------------------------+---------+---------+-----------+-----------+-----+-----+---------+
        |                                                                          |                                                                |  Latency (cycles) |   Latency (absolute)  |  Interval | Pipeline|
        |                                 Instance                                 |                             Module                             |   min   |   max   |    min    |    max    | min | max |   Type  |
        +--------------------------------------------------------------------------+----------------------------------------------------------------+---------+---------+-----------+-----------+-----+-----+---------+
        |grp_dense_latency_wrapper_ap_fixed_ap_fixed_37_17_5_3_0_config19_s_fu_81  |dense_latency_wrapper_ap_fixed_ap_fixed_37_17_5_3_0_config19_s  |        2|        2|  10.000 ns|  10.000 ns|    1|    1|      yes|
        +--------------------------------------------------------------------------+----------------------------------------------------------------+---------+---------+-----------+-----------+-----+-----+---------+

        * Loop: 
        N/A



================================================================
== Utilization Estimates
================================================================
* Summary: 
+-----------------+---------+------+--------+--------+-----+
|       Name      | BRAM_18K|  DSP |   FF   |   LUT  | URAM|
+-----------------+---------+------+--------+--------+-----+
|DSP              |        -|     -|       -|       -|    -|
|Expression       |        -|     -|       0|       4|    -|
|FIFO             |        -|     -|       -|       -|    -|
|Instance         |        -|    43|    1794|    1896|    -|
|Memory           |        -|     -|       -|       -|    -|
|Multiplexer      |        -|     -|       -|      70|    -|
|Register         |        -|     -|     353|       -|    -|
+-----------------+---------+------+--------+--------+-----+
|Total            |        0|    43|    2147|    1970|    0|
+-----------------+---------+------+--------+--------+-----+
|Available        |     1080|  1700|  406256|  203128|    0|
+-----------------+---------+------+--------+--------+-----+
|Utilization (%)  |        0|     2|      ~0|      ~0|    0|
+-----------------+---------+------+--------+--------+-----+

+ Detail: 
    * Instance: 
    +--------------------------------------------------------------------------+----------------------------------------------------------------+---------+----+------+------+-----+
    |                                 Instance                                 |                             Module                             | BRAM_18K| DSP|  FF  |  LUT | URAM|
    +--------------------------------------------------------------------------+----------------------------------------------------------------+---------+----+------+------+-----+
    |grp_dense_latency_wrapper_ap_fixed_ap_fixed_37_17_5_3_0_config19_s_fu_81  |dense_latency_wrapper_ap_fixed_ap_fixed_37_17_5_3_0_config19_s  |        0|  43|  1794|  1896|    0|
    +--------------------------------------------------------------------------+----------------------------------------------------------------+---------+----+------+------+-----+
    |Total                                                                     |                                                                |        0|  43|  1794|  1896|    0|
    +--------------------------------------------------------------------------+----------------------------------------------------------------+---------+----+------+------+-----+

    * DSP: 
    N/A

    * Memory: 
    N/A

    * FIFO: 
    N/A

    * Expression: 
    +-----------------+----------+----+---+----+------------+------------+
    |  Variable Name  | Operation| DSP| FF| LUT| Bitwidth P0| Bitwidth P1|
    +-----------------+----------+----+---+----+------------+------------+
    |ap_block_state1  |        or|   0|  0|   2|           1|           1|
    |ap_block_state7  |        or|   0|  0|   2|           1|           1|
    +-----------------+----------+----+---+----+------------+------------+
    |Total            |          |   0|  0|   4|           2|           2|
    +-----------------+----------+----+---+----+------------+------------+

    * Multiplexer: 
    +-------------------------+----+-----------+-----+-----------+
    |           Name          | LUT| Input Size| Bits| Total Bits|
    +-------------------------+----+-----------+-----+-----------+
    |ap_NS_fsm                |  43|          8|    1|          8|
    |ap_done                  |   9|          2|    1|          2|
    |layer18_out_blk_n        |   9|          2|    1|          2|
    |layer19_out_TDATA_blk_n  |   9|          2|    1|          2|
    +-------------------------+----+-----------+-----+-----------+
    |Total                    |  70|         14|    4|         14|
    +-------------------------+----+-----------+-----+-----------+

    * Register: 
    +----------------------+----+----+-----+-----------+
    |         Name         | FF | LUT| Bits| Const Bits|
    +----------------------+----+----+-----+-----------+
    |ap_CS_fsm             |   7|   0|    7|          0|
    |ap_done_reg           |   1|   0|    1|          0|
    |data_pack_30_reg_236  |  16|   0|   16|          0|
    |data_pack_31_reg_241  |  16|   0|   16|          0|
    |data_pack_32_reg_246  |  16|   0|   16|          0|
    |data_pack_33_reg_251  |  16|   0|   16|          0|
    |data_pack_34_reg_256  |  16|   0|   16|          0|
    |data_pack_35_reg_261  |  16|   0|   16|          0|
    |data_pack_36_reg_266  |  16|   0|   16|          0|
    |data_pack_37_reg_271  |  16|   0|   16|          0|
    |data_pack_38_reg_276  |  16|   0|   16|          0|
    |data_pack_reg_231     |  16|   0|   16|          0|
    |res_1_reg_286         |  37|   0|   37|          0|
    |res_2_reg_291         |  37|   0|   37|          0|
    |res_3_reg_296         |  37|   0|   37|          0|
    |res_4_reg_301         |  37|   0|   37|          0|
    |res_reg_281           |  37|   0|   37|          0|
    +----------------------+----+----+-----+-----------+
    |Total                 | 353|   0|  353|          0|
    +----------------------+----+----+-----+-----------+



================================================================
== Interface
================================================================
* Summary: 
+----------------------------+-----+-----+------------+---------------------------------------------------------------------+--------------+
|          RTL Ports         | Dir | Bits|  Protocol  |                            Source Object                            |    C Type    |
+----------------------------+-----+-----+------------+---------------------------------------------------------------------+--------------+
|ap_clk                      |   in|    1|  ap_ctrl_hs|  dense<array<ap_fixed,10u>,array<ap_fixed<37,17,5,3,0>,5u>,config19>|  return value|
|ap_rst                      |   in|    1|  ap_ctrl_hs|  dense<array<ap_fixed,10u>,array<ap_fixed<37,17,5,3,0>,5u>,config19>|  return value|
|ap_start                    |   in|    1|  ap_ctrl_hs|  dense<array<ap_fixed,10u>,array<ap_fixed<37,17,5,3,0>,5u>,config19>|  return value|
|ap_done                     |  out|    1|  ap_ctrl_hs|  dense<array<ap_fixed,10u>,array<ap_fixed<37,17,5,3,0>,5u>,config19>|  return value|
|ap_continue                 |   in|    1|  ap_ctrl_hs|  dense<array<ap_fixed,10u>,array<ap_fixed<37,17,5,3,0>,5u>,config19>|  return value|
|ap_idle                     |  out|    1|  ap_ctrl_hs|  dense<array<ap_fixed,10u>,array<ap_fixed<37,17,5,3,0>,5u>,config19>|  return value|
|ap_ready                    |  out|    1|  ap_ctrl_hs|  dense<array<ap_fixed,10u>,array<ap_fixed<37,17,5,3,0>,5u>,config19>|  return value|
|layer18_out_dout            |   in|  160|     ap_fifo|                                                          layer18_out|       pointer|
|layer18_out_num_data_valid  |   in|    2|     ap_fifo|                                                          layer18_out|       pointer|
|layer18_out_fifo_cap        |   in|    2|     ap_fifo|                                                          layer18_out|       pointer|
|layer18_out_empty_n         |   in|    1|     ap_fifo|                                                          layer18_out|       pointer|
|layer18_out_read            |  out|    1|     ap_fifo|                                                          layer18_out|       pointer|
|layer19_out_TDATA           |  out|  320|        axis|                                                          layer19_out|       pointer|
|layer19_out_TVALID          |  out|    1|        axis|                                                          layer19_out|       pointer|
|layer19_out_TREADY          |   in|    1|        axis|                                                          layer19_out|       pointer|
+----------------------------+-----+-----+------------+---------------------------------------------------------------------+--------------+

============================================================
+ Verbose Summary: Synthesis Manager
============================================================
InlineROM: 1
ExposeGlobal: 0
============================================================
+ Verbose Summary: CDFG Model
============================================================
IsTopModel: 0
ResetActiveHigh: 1
IsCombinational: 2
IsDatapathOnly: 0
HasWiredReturn: 1
HasMFsm: 0
HasVarLatency: 1
IsPipeline: 0
IsRtlPipelined: 0
IsInstanceOverlapped: 0
IsDontTouch: 0
HasImplIP: 0
IsGatedGlobalClock: 0


============================================================
+ Verbose Summary: Schedule
============================================================
* Number of FSM states : 7
* Pipeline : 0
* Dataflow Pipeline: 0

* FSM state transitions: 
1 --> 2 
2 --> 3 
3 --> 4 
4 --> 5 
5 --> 6 
6 --> 7 
7 --> 

* FSM state operations: 

State 1 <SV = 0> <Delay = 1.82>
ST_1 : Operation 8 [1/1] (1.82ns)   --->   "%layer18_out_read = read i160 @_ssdm_op_Read.ap_fifo.volatile.i160P0A, i160 %layer18_out" [firmware/nnet_utils/nnet_dense_stream.h:43->firmware/nnet_utils/nnet_dense_stream.h:93]   --->   Operation 8 'read' 'layer18_out_read' <Predicate = true> <Delay = 1.82> <CoreInst = "FIFO_SRL">   --->   Core 81 'FIFO_SRL' <Latency = 0> <II = 1> <Delay = 2.26> <Storage> <Opcode : 'read' 'write' 'nbread' 'nbwrite'> <Ports = 0> <Width = 160> <Depth = 1> <FIFO>
ST_1 : Operation 9 [1/1] (0.00ns)   --->   "%data_pack = trunc i160 %layer18_out_read" [firmware/nnet_utils/nnet_dense_stream.h:43->firmware/nnet_utils/nnet_dense_stream.h:93]   --->   Operation 9 'trunc' 'data_pack' <Predicate = true> <Delay = 0.00>
ST_1 : Operation 10 [1/1] (0.00ns)   --->   "%data_pack_30 = partselect i16 @_ssdm_op_PartSelect.i16.i160.i32.i32, i160 %layer18_out_read, i32 16, i32 31" [firmware/nnet_utils/nnet_dense_stream.h:43->firmware/nnet_utils/nnet_dense_stream.h:93]   --->   Operation 10 'partselect' 'data_pack_30' <Predicate = true> <Delay = 0.00>
ST_1 : Operation 11 [1/1] (0.00ns)   --->   "%data_pack_31 = partselect i16 @_ssdm_op_PartSelect.i16.i160.i32.i32, i160 %layer18_out_read, i32 32, i32 47" [firmware/nnet_utils/nnet_dense_stream.h:43->firmware/nnet_utils/nnet_dense_stream.h:93]   --->   Operation 11 'partselect' 'data_pack_31' <Predicate = true> <Delay = 0.00>
ST_1 : Operation 12 [1/1] (0.00ns)   --->   "%data_pack_32 = partselect i16 @_ssdm_op_PartSelect.i16.i160.i32.i32, i160 %layer18_out_read, i32 48, i32 63" [firmware/nnet_utils/nnet_dense_stream.h:43->firmware/nnet_utils/nnet_dense_stream.h:93]   --->   Operation 12 'partselect' 'data_pack_32' <Predicate = true> <Delay = 0.00>
ST_1 : Operation 13 [1/1] (0.00ns)   --->   "%data_pack_33 = partselect i16 @_ssdm_op_PartSelect.i16.i160.i32.i32, i160 %layer18_out_read, i32 64, i32 79" [firmware/nnet_utils/nnet_dense_stream.h:43->firmware/nnet_utils/nnet_dense_stream.h:93]   --->   Operation 13 'partselect' 'data_pack_33' <Predicate = true> <Delay = 0.00>
ST_1 : Operation 14 [1/1] (0.00ns)   --->   "%data_pack_34 = partselect i16 @_ssdm_op_PartSelect.i16.i160.i32.i32, i160 %layer18_out_read, i32 80, i32 95" [firmware/nnet_utils/nnet_dense_stream.h:43->firmware/nnet_utils/nnet_dense_stream.h:93]   --->   Operation 14 'partselect' 'data_pack_34' <Predicate = true> <Delay = 0.00>
ST_1 : Operation 15 [1/1] (0.00ns)   --->   "%data_pack_35 = partselect i16 @_ssdm_op_PartSelect.i16.i160.i32.i32, i160 %layer18_out_read, i32 96, i32 111" [firmware/nnet_utils/nnet_dense_stream.h:43->firmware/nnet_utils/nnet_dense_stream.h:93]   --->   Operation 15 'partselect' 'data_pack_35' <Predicate = true> <Delay = 0.00>
ST_1 : Operation 16 [1/1] (0.00ns)   --->   "%data_pack_36 = partselect i16 @_ssdm_op_PartSelect.i16.i160.i32.i32, i160 %layer18_out_read, i32 112, i32 127" [firmware/nnet_utils/nnet_dense_stream.h:43->firmware/nnet_utils/nnet_dense_stream.h:93]   --->   Operation 16 'partselect' 'data_pack_36' <Predicate = true> <Delay = 0.00>
ST_1 : Operation 17 [1/1] (0.00ns)   --->   "%data_pack_37 = partselect i16 @_ssdm_op_PartSelect.i16.i160.i32.i32, i160 %layer18_out_read, i32 128, i32 143" [firmware/nnet_utils/nnet_dense_stream.h:43->firmware/nnet_utils/nnet_dense_stream.h:93]   --->   Operation 17 'partselect' 'data_pack_37' <Predicate = true> <Delay = 0.00>
ST_1 : Operation 18 [1/1] (0.00ns)   --->   "%data_pack_38 = partselect i16 @_ssdm_op_PartSelect.i16.i160.i32.i32, i160 %layer18_out_read, i32 144, i32 159" [firmware/nnet_utils/nnet_dense_stream.h:43->firmware/nnet_utils/nnet_dense_stream.h:93]   --->   Operation 18 'partselect' 'data_pack_38' <Predicate = true> <Delay = 0.00>

State 2 <SV = 1> <Delay = 3.57>
ST_2 : Operation 19 [4/4] (3.57ns)   --->   "%call_ret = call i185 @dense_latency_wrapper<ap_fixed,ap_fixed<37,17,5,3,0>,config19>, i16 %data_pack, i16 %data_pack_30, i16 %data_pack_31, i16 %data_pack_32, i16 %data_pack_33, i16 %data_pack_34, i16 %data_pack_35, i16 %data_pack_36, i16 %data_pack_37, i16 %data_pack_38" [firmware/nnet_utils/nnet_dense_stream.h:95]   --->   Operation 19 'call' 'call_ret' <Predicate = true> <Delay = 3.57> <CoreType = "Generic">   --->   Core 0 '' <Latency = 0> <II = 1> <Delay = 1.00> <Generic> <Opcode : >

State 3 <SV = 2> <Delay = 3.58>
ST_3 : Operation 20 [3/4] (3.58ns)   --->   "%call_ret = call i185 @dense_latency_wrapper<ap_fixed,ap_fixed<37,17,5,3,0>,config19>, i16 %data_pack, i16 %data_pack_30, i16 %data_pack_31, i16 %data_pack_32, i16 %data_pack_33, i16 %data_pack_34, i16 %data_pack_35, i16 %data_pack_36, i16 %data_pack_37, i16 %data_pack_38" [firmware/nnet_utils/nnet_dense_stream.h:95]   --->   Operation 20 'call' 'call_ret' <Predicate = true> <Delay = 3.58> <CoreType = "Generic">   --->   Core 0 '' <Latency = 0> <II = 1> <Delay = 1.00> <Generic> <Opcode : >

State 4 <SV = 3> <Delay = 3.58>
ST_4 : Operation 21 [2/4] (3.58ns)   --->   "%call_ret = call i185 @dense_latency_wrapper<ap_fixed,ap_fixed<37,17,5,3,0>,config19>, i16 %data_pack, i16 %data_pack_30, i16 %data_pack_31, i16 %data_pack_32, i16 %data_pack_33, i16 %data_pack_34, i16 %data_pack_35, i16 %data_pack_36, i16 %data_pack_37, i16 %data_pack_38" [firmware/nnet_utils/nnet_dense_stream.h:95]   --->   Operation 21 'call' 'call_ret' <Predicate = true> <Delay = 3.58> <CoreType = "Generic">   --->   Core 0 '' <Latency = 0> <II = 1> <Delay = 1.00> <Generic> <Opcode : >

State 5 <SV = 4> <Delay = 3.58>
ST_5 : Operation 22 [1/4] (3.58ns)   --->   "%call_ret = call i185 @dense_latency_wrapper<ap_fixed,ap_fixed<37,17,5,3,0>,config19>, i16 %data_pack, i16 %data_pack_30, i16 %data_pack_31, i16 %data_pack_32, i16 %data_pack_33, i16 %data_pack_34, i16 %data_pack_35, i16 %data_pack_36, i16 %data_pack_37, i16 %data_pack_38" [firmware/nnet_utils/nnet_dense_stream.h:95]   --->   Operation 22 'call' 'call_ret' <Predicate = true> <Delay = 3.58> <CoreType = "Generic">   --->   Core 0 '' <Latency = 0> <II = 1> <Delay = 1.00> <Generic> <Opcode : >
ST_5 : Operation 23 [1/1] (0.00ns)   --->   "%res = extractvalue i185 %call_ret" [firmware/nnet_utils/nnet_dense_stream.h:95]   --->   Operation 23 'extractvalue' 'res' <Predicate = true> <Delay = 0.00>
ST_5 : Operation 24 [1/1] (0.00ns)   --->   "%res_1 = extractvalue i185 %call_ret" [firmware/nnet_utils/nnet_dense_stream.h:95]   --->   Operation 24 'extractvalue' 'res_1' <Predicate = true> <Delay = 0.00>
ST_5 : Operation 25 [1/1] (0.00ns)   --->   "%res_2 = extractvalue i185 %call_ret" [firmware/nnet_utils/nnet_dense_stream.h:95]   --->   Operation 25 'extractvalue' 'res_2' <Predicate = true> <Delay = 0.00>
ST_5 : Operation 26 [1/1] (0.00ns)   --->   "%res_3 = extractvalue i185 %call_ret" [firmware/nnet_utils/nnet_dense_stream.h:95]   --->   Operation 26 'extractvalue' 'res_3' <Predicate = true> <Delay = 0.00>
ST_5 : Operation 27 [1/1] (0.00ns)   --->   "%res_4 = extractvalue i185 %call_ret" [firmware/nnet_utils/nnet_dense_stream.h:95]   --->   Operation 27 'extractvalue' 'res_4' <Predicate = true> <Delay = 0.00>

State 6 <SV = 5> <Delay = 1.00>
ST_6 : Operation 28 [1/1] (0.00ns)   --->   "%tmp = bitconcatenate i293 @_ssdm_op_BitConcatenate.i293.i37.i27.i37.i27.i37.i27.i37.i27.i37, i37 %res_4, i27 0, i37 %res_3, i27 0, i37 %res_2, i27 0, i37 %res_1, i27 0, i37 %res" [firmware/nnet_utils/nnet_dense_stream.h:77->firmware/nnet_utils/nnet_dense_stream.h:100]   --->   Operation 28 'bitconcatenate' 'tmp' <Predicate = true> <Delay = 0.00>
ST_6 : Operation 29 [1/1] (0.00ns)   --->   "%zext_ln77 = zext i293 %tmp" [firmware/nnet_utils/nnet_dense_stream.h:77->firmware/nnet_utils/nnet_dense_stream.h:100]   --->   Operation 29 'zext' 'zext_ln77' <Predicate = true> <Delay = 0.00>
ST_6 : Operation 30 [2/2] (1.00ns)   --->   "%write_ln77 = write void @_ssdm_op_Write.axis.volatile.i320P128A, i320 %layer19_out, i320 %zext_ln77" [firmware/nnet_utils/nnet_dense_stream.h:77->firmware/nnet_utils/nnet_dense_stream.h:100]   --->   Operation 30 'write' 'write_ln77' <Predicate = true> <Delay = 1.00> <CoreInst = "axis">   --->   Core 123 'axis' <Latency = 0> <II = 1> <Delay = 1.00> <Adapter> <Opcode : >

State 7 <SV = 6> <Delay = 1.00>
ST_7 : Operation 31 [1/1] (0.00ns)   --->   "%specinterface_ln0 = specinterface void @_ssdm_op_SpecInterface, i160 %layer18_out, void @empty_2, i32 0, i32 0, void @empty_1, i32 0, i32 0, void @empty_1, void @empty_1, void @empty_1, i32 0, i32 0, i32 0, i32 0, void @empty_1, void @empty_1, i32 4294967295, i32 0"   --->   Operation 31 'specinterface' 'specinterface_ln0' <Predicate = true> <Delay = 0.00>
ST_7 : Operation 32 [1/1] (0.00ns)   --->   "%specinterface_ln0 = specinterface void @_ssdm_op_SpecInterface, i320 %layer19_out, void @empty, i32 1, i32 1, void @empty_0, i32 0, i32 0, void @empty_1, void @empty_1, void @empty_1, i32 0, i32 0, i32 0, i32 0, void @empty_1, void @empty_1, i32 4294967295, i32 0"   --->   Operation 32 'specinterface' 'specinterface_ln0' <Predicate = true> <Delay = 0.00>
ST_7 : Operation 33 [1/2] (1.00ns)   --->   "%write_ln77 = write void @_ssdm_op_Write.axis.volatile.i320P128A, i320 %layer19_out, i320 %zext_ln77" [firmware/nnet_utils/nnet_dense_stream.h:77->firmware/nnet_utils/nnet_dense_stream.h:100]   --->   Operation 33 'write' 'write_ln77' <Predicate = true> <Delay = 1.00> <CoreInst = "axis">   --->   Core 123 'axis' <Latency = 0> <II = 1> <Delay = 1.00> <Adapter> <Opcode : >
ST_7 : Operation 34 [1/1] (0.00ns)   --->   "%ret_ln101 = ret" [firmware/nnet_utils/nnet_dense_stream.h:101]   --->   Operation 34 'ret' 'ret_ln101' <Predicate = true> <Delay = 0.00>


============================================================
+ Verbose Summary: Binding
============================================================
STG Binding: 
---------------- STG Properties BEGIN ----------------
- Is combinational: 0
- Is one-state seq: 0
- Is datapath-only: 0
- Is pipelined: 0
- Is top level: 0
Port [ Return ] is wired: 1; IO mode=ap_ctrl_hs:ce=0
Port [ layer18_out]:  wired=1; compound=1; hidden=0; nouse=0; global=0; static=0; extern=0; dir=0; type=3; pingpong=0; private_global=0; IO mode=ap_fifo:ce=0
Port [ layer19_out]:  wired=1; compound=1; hidden=0; nouse=0; global=0; static=0; extern=0; dir=1; type=0; pingpong=0; private_global=0; IO mode=axis:ce=0
---------------- STG Properties END ------------------

---------------- Datapath Model BEGIN ----------------

<LifeTime>
<method=bitvector/>
layer18_out_read  (read          ) [ 00000000]
data_pack         (trunc         ) [ 00111100]
data_pack_30      (partselect    ) [ 00111100]
data_pack_31      (partselect    ) [ 00111100]
data_pack_32      (partselect    ) [ 00111100]
data_pack_33      (partselect    ) [ 00111100]
data_pack_34      (partselect    ) [ 00111100]
data_pack_35      (partselect    ) [ 00111100]
data_pack_36      (partselect    ) [ 00111100]
data_pack_37      (partselect    ) [ 00111100]
data_pack_38      (partselect    ) [ 00111100]
call_ret          (call          ) [ 00000000]
res               (extractvalue  ) [ 00000010]
res_1             (extractvalue  ) [ 00000010]
res_2             (extractvalue  ) [ 00000010]
res_3             (extractvalue  ) [ 00000010]
res_4             (extractvalue  ) [ 00000010]
tmp               (bitconcatenate) [ 00000000]
zext_ln77         (zext          ) [ 00000001]
specinterface_ln0 (specinterface ) [ 00000000]
specinterface_ln0 (specinterface ) [ 00000000]
write_ln77        (write         ) [ 00000000]
ret_ln101         (ret           ) [ 00000000]
</LifeTime>

<model>

<comp_list>
<comp id="0" class="1000" name="layer18_out">
<pin_list>
<pin id="1" dir="1" index="0" bw="1" slack="0"/>
</pin_list>
<bind>
<StgValue><ssdm name="layer18_out"/></StgValue>
</bind>
</comp>

<comp id="2" class="1000" name="layer19_out">
<pin_list>
<pin id="3" dir="1" index="0" bw="1" slack="0"/>
</pin_list>
<bind>
<StgValue><ssdm name="layer19_out"/></StgValue>
</bind>
</comp>

<comp id="4" class="1001" name="const_4">
<pin_list>
<pin id="5" dir="1" index="0" bw="1" slack="0"/>
</pin_list>
<bind>
<StgValue><ssdm name="_ssdm_op_Read.ap_fifo.volatile.i160P0A"/></StgValue>
</bind>
</comp>

<comp id="6" class="1001" name="const_6">
<pin_list>
<pin id="7" dir="1" index="0" bw="1" slack="0"/>
</pin_list>
<bind>
<StgValue><ssdm name="_ssdm_op_PartSelect.i16.i160.i32.i32"/></StgValue>
</bind>
</comp>

<comp id="8" class="1001" name="const_8">
<pin_list>
<pin id="9" dir="1" index="0" bw="1" slack="0"/>
</pin_list>
<bind>
<StgValue><ssdm name=""/></StgValue>
</bind>
</comp>

<comp id="10" class="1001" name="const_10">
<pin_list>
<pin id="11" dir="1" index="0" bw="1" slack="0"/>
</pin_list>
<bind>
<StgValue><ssdm name=""/></StgValue>
</bind>
</comp>

<comp id="12" class="1001" name="const_12">
<pin_list>
<pin id="13" dir="1" index="0" bw="1" slack="0"/>
</pin_list>
<bind>
<StgValue><ssdm name=""/></StgValue>
</bind>
</comp>

<comp id="14" class="1001" name="const_14">
<pin_list>
<pin id="15" dir="1" index="0" bw="1" slack="0"/>
</pin_list>
<bind>
<StgValue><ssdm name=""/></StgValue>
</bind>
</comp>

<comp id="16" class="1001" name="const_16">
<pin_list>
<pin id="17" dir="1" index="0" bw="1" slack="0"/>
</pin_list>
<bind>
<StgValue><ssdm name=""/></StgValue>
</bind>
</comp>

<comp id="18" class="1001" name="const_18">
<pin_list>
<pin id="19" dir="1" index="0" bw="1" slack="0"/>
</pin_list>
<bind>
<StgValue><ssdm name=""/></StgValue>
</bind>
</comp>

<comp id="20" class="1001" name="const_20">
<pin_list>
<pin id="21" dir="1" index="0" bw="1" slack="0"/>
</pin_list>
<bind>
<StgValue><ssdm name=""/></StgValue>
</bind>
</comp>

<comp id="22" class="1001" name="const_22">
<pin_list>
<pin id="23" dir="1" index="0" bw="1" slack="0"/>
</pin_list>
<bind>
<StgValue><ssdm name=""/></StgValue>
</bind>
</comp>

<comp id="24" class="1001" name="const_24">
<pin_list>
<pin id="25" dir="1" index="0" bw="1" slack="0"/>
</pin_list>
<bind>
<StgValue><ssdm name=""/></StgValue>
</bind>
</comp>

<comp id="26" class="1001" name="const_26">
<pin_list>
<pin id="27" dir="1" index="0" bw="1" slack="0"/>
</pin_list>
<bind>
<StgValue><ssdm name=""/></StgValue>
</bind>
</comp>

<comp id="28" class="1001" name="const_28">
<pin_list>
<pin id="29" dir="1" index="0" bw="1" slack="0"/>
</pin_list>
<bind>
<StgValue><ssdm name=""/></StgValue>
</bind>
</comp>

<comp id="30" class="1001" name="const_30">
<pin_list>
<pin id="31" dir="1" index="0" bw="1" slack="0"/>
</pin_list>
<bind>
<StgValue><ssdm name=""/></StgValue>
</bind>
</comp>

<comp id="32" class="1001" name="const_32">
<pin_list>
<pin id="33" dir="1" index="0" bw="1" slack="0"/>
</pin_list>
<bind>
<StgValue><ssdm name=""/></StgValue>
</bind>
</comp>

<comp id="34" class="1001" name="const_34">
<pin_list>
<pin id="35" dir="1" index="0" bw="1" slack="0"/>
</pin_list>
<bind>
<StgValue><ssdm name=""/></StgValue>
</bind>
</comp>

<comp id="36" class="1001" name="const_36">
<pin_list>
<pin id="37" dir="1" index="0" bw="1" slack="0"/>
</pin_list>
<bind>
<StgValue><ssdm name=""/></StgValue>
</bind>
</comp>

<comp id="38" class="1001" name="const_38">
<pin_list>
<pin id="39" dir="1" index="0" bw="1" slack="0"/>
</pin_list>
<bind>
<StgValue><ssdm name=""/></StgValue>
</bind>
</comp>

<comp id="40" class="1001" name="const_40">
<pin_list>
<pin id="41" dir="1" index="0" bw="1" slack="0"/>
</pin_list>
<bind>
<StgValue><ssdm name=""/></StgValue>
</bind>
</comp>

<comp id="42" class="1001" name="const_42">
<pin_list>
<pin id="43" dir="1" index="0" bw="1" slack="0"/>
</pin_list>
<bind>
<StgValue><ssdm name=""/></StgValue>
</bind>
</comp>

<comp id="44" class="1001" name="const_44">
<pin_list>
<pin id="45" dir="1" index="0" bw="1" slack="0"/>
</pin_list>
<bind>
<StgValue><ssdm name="dense_latency_wrapper<ap_fixed,ap_fixed<37,17,5,3,0>,config19>"/></StgValue>
</bind>
</comp>

<comp id="46" class="1001" name="const_46">
<pin_list>
<pin id="47" dir="1" index="0" bw="1" slack="0"/>
</pin_list>
<bind>
<StgValue><ssdm name="_ssdm_op_BitConcatenate.i293.i37.i27.i37.i27.i37.i27.i37.i27.i37"/></StgValue>
</bind>
</comp>

<comp id="48" class="1001" name="const_48">
<pin_list>
<pin id="49" dir="1" index="0" bw="1" slack="0"/>
</pin_list>
<bind>
<StgValue><ssdm name=""/></StgValue>
</bind>
</comp>

<comp id="50" class="1001" name="const_50">
<pin_list>
<pin id="51" dir="1" index="0" bw="1" slack="0"/>
</pin_list>
<bind>
<StgValue><ssdm name="_ssdm_op_Write.axis.volatile.i320P128A"/></StgValue>
</bind>
</comp>

<comp id="52" class="1001" name="const_52">
<pin_list>
<pin id="53" dir="1" index="0" bw="1" slack="2147483647"/>
</pin_list>
<bind>
<StgValue><ssdm name="_ssdm_op_SpecInterface"/></StgValue>
</bind>
</comp>

<comp id="54" class="1001" name="const_54">
<pin_list>
<pin id="55" dir="1" index="0" bw="1" slack="2147483647"/>
</pin_list>
<bind>
<StgValue><ssdm name="empty_2"/></StgValue>
</bind>
</comp>

<comp id="56" class="1001" name="const_56">
<pin_list>
<pin id="57" dir="1" index="0" bw="1" slack="2147483647"/>
</pin_list>
<bind>
<StgValue><ssdm name=""/></StgValue>
</bind>
</comp>

<comp id="58" class="1001" name="const_58">
<pin_list>
<pin id="59" dir="1" index="0" bw="1" slack="2147483647"/>
</pin_list>
<bind>
<StgValue><ssdm name="empty_1"/></StgValue>
</bind>
</comp>

<comp id="60" class="1001" name="const_60">
<pin_list>
<pin id="61" dir="1" index="0" bw="1" slack="2147483647"/>
</pin_list>
<bind>
<StgValue><ssdm name=""/></StgValue>
</bind>
</comp>

<comp id="62" class="1001" name="const_62">
<pin_list>
<pin id="63" dir="1" index="0" bw="1" slack="2147483647"/>
</pin_list>
<bind>
<StgValue><ssdm name="empty"/></StgValue>
</bind>
</comp>

<comp id="64" class="1001" name="const_64">
<pin_list>
<pin id="65" dir="1" index="0" bw="1" slack="2147483647"/>
</pin_list>
<bind>
<StgValue><ssdm name=""/></StgValue>
</bind>
</comp>

<comp id="66" class="1001" name="const_66">
<pin_list>
<pin id="67" dir="1" index="0" bw="1" slack="2147483647"/>
</pin_list>
<bind>
<StgValue><ssdm name="empty_0"/></StgValue>
</bind>
</comp>

<comp id="68" class="1004" name="layer18_out_read_read_fu_68">
<pin_list>
<pin id="69" dir="0" index="0" bw="160" slack="0"/>
<pin id="70" dir="0" index="1" bw="160" slack="0"/>
<pin id="71" dir="1" index="2" bw="160" slack="0"/>
</pin_list>
<bind>
<opcode="read(1150) " fcode="read"/>
<opset="layer18_out_read/1 "/>
</bind>
</comp>

<comp id="74" class="1004" name="grp_write_fu_74">
<pin_list>
<pin id="75" dir="0" index="0" bw="0" slack="0"/>
<pin id="76" dir="0" index="1" bw="320" slack="0"/>
<pin id="77" dir="0" index="2" bw="293" slack="0"/>
<pin id="78" dir="1" index="3" bw="0" slack="2147483647"/>
</pin_list>
<bind>
<opcode="write(1151) " fcode="write"/>
<opset="write_ln77/6 "/>
</bind>
</comp>

<comp id="81" class="1004" name="grp_dense_latency_wrapper_ap_fixed_ap_fixed_37_17_5_3_0_config19_s_fu_81">
<pin_list>
<pin id="82" dir="0" index="0" bw="185" slack="0"/>
<pin id="83" dir="0" index="1" bw="16" slack="1"/>
<pin id="84" dir="0" index="2" bw="16" slack="1"/>
<pin id="85" dir="0" index="3" bw="16" slack="1"/>
<pin id="86" dir="0" index="4" bw="16" slack="1"/>
<pin id="87" dir="0" index="5" bw="16" slack="1"/>
<pin id="88" dir="0" index="6" bw="16" slack="1"/>
<pin id="89" dir="0" index="7" bw="16" slack="1"/>
<pin id="90" dir="0" index="8" bw="16" slack="1"/>
<pin id="91" dir="0" index="9" bw="16" slack="1"/>
<pin id="92" dir="0" index="10" bw="16" slack="1"/>
<pin id="93" dir="1" index="11" bw="185" slack="0"/>
</pin_list>
<bind>
<opcode="call(48) " fcode="call"/>
<opset="call_ret/2 "/>
</bind>
</comp>

<comp id="95" class="1004" name="data_pack_fu_95">
<pin_list>
<pin id="96" dir="0" index="0" bw="160" slack="0"/>
<pin id="97" dir="1" index="1" bw="16" slack="1"/>
</pin_list>
<bind>
<opcode="trunc(33) " fcode="trunc"/>
<opset="data_pack/1 "/>
</bind>
</comp>

<comp id="99" class="1004" name="data_pack_30_fu_99">
<pin_list>
<pin id="100" dir="0" index="0" bw="16" slack="0"/>
<pin id="101" dir="0" index="1" bw="160" slack="0"/>
<pin id="102" dir="0" index="2" bw="6" slack="0"/>
<pin id="103" dir="0" index="3" bw="6" slack="0"/>
<pin id="104" dir="1" index="4" bw="16" slack="1"/>
</pin_list>
<bind>
<opcode="partselect(1002) " fcode="partselect"/>
<opset="data_pack_30/1 "/>
</bind>
</comp>

<comp id="109" class="1004" name="data_pack_31_fu_109">
<pin_list>
<pin id="110" dir="0" index="0" bw="16" slack="0"/>
<pin id="111" dir="0" index="1" bw="160" slack="0"/>
<pin id="112" dir="0" index="2" bw="7" slack="0"/>
<pin id="113" dir="0" index="3" bw="7" slack="0"/>
<pin id="114" dir="1" index="4" bw="16" slack="1"/>
</pin_list>
<bind>
<opcode="partselect(1002) " fcode="partselect"/>
<opset="data_pack_31/1 "/>
</bind>
</comp>

<comp id="119" class="1004" name="data_pack_32_fu_119">
<pin_list>
<pin id="120" dir="0" index="0" bw="16" slack="0"/>
<pin id="121" dir="0" index="1" bw="160" slack="0"/>
<pin id="122" dir="0" index="2" bw="7" slack="0"/>
<pin id="123" dir="0" index="3" bw="7" slack="0"/>
<pin id="124" dir="1" index="4" bw="16" slack="1"/>
</pin_list>
<bind>
<opcode="partselect(1002) " fcode="partselect"/>
<opset="data_pack_32/1 "/>
</bind>
</comp>

<comp id="129" class="1004" name="data_pack_33_fu_129">
<pin_list>
<pin id="130" dir="0" index="0" bw="16" slack="0"/>
<pin id="131" dir="0" index="1" bw="160" slack="0"/>
<pin id="132" dir="0" index="2" bw="8" slack="0"/>
<pin id="133" dir="0" index="3" bw="8" slack="0"/>
<pin id="134" dir="1" index="4" bw="16" slack="1"/>
</pin_list>
<bind>
<opcode="partselect(1002) " fcode="partselect"/>
<opset="data_pack_33/1 "/>
</bind>
</comp>

<comp id="139" class="1004" name="data_pack_34_fu_139">
<pin_list>
<pin id="140" dir="0" index="0" bw="16" slack="0"/>
<pin id="141" dir="0" index="1" bw="160" slack="0"/>
<pin id="142" dir="0" index="2" bw="8" slack="0"/>
<pin id="143" dir="0" index="3" bw="8" slack="0"/>
<pin id="144" dir="1" index="4" bw="16" slack="1"/>
</pin_list>
<bind>
<opcode="partselect(1002) " fcode="partselect"/>
<opset="data_pack_34/1 "/>
</bind>
</comp>

<comp id="149" class="1004" name="data_pack_35_fu_149">
<pin_list>
<pin id="150" dir="0" index="0" bw="16" slack="0"/>
<pin id="151" dir="0" index="1" bw="160" slack="0"/>
<pin id="152" dir="0" index="2" bw="8" slack="0"/>
<pin id="153" dir="0" index="3" bw="8" slack="0"/>
<pin id="154" dir="1" index="4" bw="16" slack="1"/>
</pin_list>
<bind>
<opcode="partselect(1002) " fcode="partselect"/>
<opset="data_pack_35/1 "/>
</bind>
</comp>

<comp id="159" class="1004" name="data_pack_36_fu_159">
<pin_list>
<pin id="160" dir="0" index="0" bw="16" slack="0"/>
<pin id="161" dir="0" index="1" bw="160" slack="0"/>
<pin id="162" dir="0" index="2" bw="8" slack="0"/>
<pin id="163" dir="0" index="3" bw="8" slack="0"/>
<pin id="164" dir="1" index="4" bw="16" slack="1"/>
</pin_list>
<bind>
<opcode="partselect(1002) " fcode="partselect"/>
<opset="data_pack_36/1 "/>
</bind>
</comp>

<comp id="169" class="1004" name="data_pack_37_fu_169">
<pin_list>
<pin id="170" dir="0" index="0" bw="16" slack="0"/>
<pin id="171" dir="0" index="1" bw="160" slack="0"/>
<pin id="172" dir="0" index="2" bw="9" slack="0"/>
<pin id="173" dir="0" index="3" bw="9" slack="0"/>
<pin id="174" dir="1" index="4" bw="16" slack="1"/>
</pin_list>
<bind>
<opcode="partselect(1002) " fcode="partselect"/>
<opset="data_pack_37/1 "/>
</bind>
</comp>

<comp id="179" class="1004" name="data_pack_38_fu_179">
<pin_list>
<pin id="180" dir="0" index="0" bw="16" slack="0"/>
<pin id="181" dir="0" index="1" bw="160" slack="0"/>
<pin id="182" dir="0" index="2" bw="9" slack="0"/>
<pin id="183" dir="0" index="3" bw="9" slack="0"/>
<pin id="184" dir="1" index="4" bw="16" slack="1"/>
</pin_list>
<bind>
<opcode="partselect(1002) " fcode="partselect"/>
<opset="data_pack_38/1 "/>
</bind>
</comp>

<comp id="189" class="1004" name="res_fu_189">
<pin_list>
<pin id="190" dir="0" index="0" bw="185" slack="0"/>
<pin id="191" dir="1" index="1" bw="37" slack="1"/>
</pin_list>
<bind>
<opcode="extractvalue(56) " fcode="extractvalue"/>
<opset="res/5 "/>
</bind>
</comp>

<comp id="193" class="1004" name="res_1_fu_193">
<pin_list>
<pin id="194" dir="0" index="0" bw="185" slack="0"/>
<pin id="195" dir="1" index="1" bw="37" slack="1"/>
</pin_list>
<bind>
<opcode="extractvalue(56) " fcode="extractvalue"/>
<opset="res_1/5 "/>
</bind>
</comp>

<comp id="197" class="1004" name="res_2_fu_197">
<pin_list>
<pin id="198" dir="0" index="0" bw="185" slack="0"/>
<pin id="199" dir="1" index="1" bw="37" slack="1"/>
</pin_list>
<bind>
<opcode="extractvalue(56) " fcode="extractvalue"/>
<opset="res_2/5 "/>
</bind>
</comp>

<comp id="201" class="1004" name="res_3_fu_201">
<pin_list>
<pin id="202" dir="0" index="0" bw="185" slack="0"/>
<pin id="203" dir="1" index="1" bw="37" slack="1"/>
</pin_list>
<bind>
<opcode="extractvalue(56) " fcode="extractvalue"/>
<opset="res_3/5 "/>
</bind>
</comp>

<comp id="205" class="1004" name="res_4_fu_205">
<pin_list>
<pin id="206" dir="0" index="0" bw="185" slack="0"/>
<pin id="207" dir="1" index="1" bw="37" slack="1"/>
</pin_list>
<bind>
<opcode="extractvalue(56) " fcode="extractvalue"/>
<opset="res_4/5 "/>
</bind>
</comp>

<comp id="209" class="1004" name="tmp_fu_209">
<pin_list>
<pin id="210" dir="0" index="0" bw="293" slack="0"/>
<pin id="211" dir="0" index="1" bw="37" slack="1"/>
<pin id="212" dir="0" index="2" bw="1" slack="0"/>
<pin id="213" dir="0" index="3" bw="37" slack="1"/>
<pin id="214" dir="0" index="4" bw="1" slack="0"/>
<pin id="215" dir="0" index="5" bw="37" slack="1"/>
<pin id="216" dir="0" index="6" bw="1" slack="0"/>
<pin id="217" dir="0" index="7" bw="37" slack="1"/>
<pin id="218" dir="0" index="8" bw="1" slack="0"/>
<pin id="219" dir="0" index="9" bw="37" slack="1"/>
<pin id="220" dir="1" index="10" bw="293" slack="0"/>
</pin_list>
<bind>
<opcode="bitconcatenate(1004) " fcode="bitconcatenate"/>
<opset="tmp/6 "/>
</bind>
</comp>

<comp id="226" class="1004" name="zext_ln77_fu_226">
<pin_list>
<pin id="227" dir="0" index="0" bw="293" slack="0"/>
<pin id="228" dir="1" index="1" bw="320" slack="0"/>
</pin_list>
<bind>
<opcode="zext(34) " fcode="zext"/>
<opset="zext_ln77/6 "/>
</bind>
</comp>

<comp id="231" class="1005" name="data_pack_reg_231">
<pin_list>
<pin id="232" dir="0" index="0" bw="16" slack="1"/>
<pin id="233" dir="1" index="1" bw="16" slack="1"/>
</pin_list>
<bind>
<opset="data_pack "/>
</bind>
</comp>

<comp id="236" class="1005" name="data_pack_30_reg_236">
<pin_list>
<pin id="237" dir="0" index="0" bw="16" slack="1"/>
<pin id="238" dir="1" index="1" bw="16" slack="1"/>
</pin_list>
<bind>
<opset="data_pack_30 "/>
</bind>
</comp>

<comp id="241" class="1005" name="data_pack_31_reg_241">
<pin_list>
<pin id="242" dir="0" index="0" bw="16" slack="1"/>
<pin id="243" dir="1" index="1" bw="16" slack="1"/>
</pin_list>
<bind>
<opset="data_pack_31 "/>
</bind>
</comp>

<comp id="246" class="1005" name="data_pack_32_reg_246">
<pin_list>
<pin id="247" dir="0" index="0" bw="16" slack="1"/>
<pin id="248" dir="1" index="1" bw="16" slack="1"/>
</pin_list>
<bind>
<opset="data_pack_32 "/>
</bind>
</comp>

<comp id="251" class="1005" name="data_pack_33_reg_251">
<pin_list>
<pin id="252" dir="0" index="0" bw="16" slack="1"/>
<pin id="253" dir="1" index="1" bw="16" slack="1"/>
</pin_list>
<bind>
<opset="data_pack_33 "/>
</bind>
</comp>

<comp id="256" class="1005" name="data_pack_34_reg_256">
<pin_list>
<pin id="257" dir="0" index="0" bw="16" slack="1"/>
<pin id="258" dir="1" index="1" bw="16" slack="1"/>
</pin_list>
<bind>
<opset="data_pack_34 "/>
</bind>
</comp>

<comp id="261" class="1005" name="data_pack_35_reg_261">
<pin_list>
<pin id="262" dir="0" index="0" bw="16" slack="1"/>
<pin id="263" dir="1" index="1" bw="16" slack="1"/>
</pin_list>
<bind>
<opset="data_pack_35 "/>
</bind>
</comp>

<comp id="266" class="1005" name="data_pack_36_reg_266">
<pin_list>
<pin id="267" dir="0" index="0" bw="16" slack="1"/>
<pin id="268" dir="1" index="1" bw="16" slack="1"/>
</pin_list>
<bind>
<opset="data_pack_36 "/>
</bind>
</comp>

<comp id="271" class="1005" name="data_pack_37_reg_271">
<pin_list>
<pin id="272" dir="0" index="0" bw="16" slack="1"/>
<pin id="273" dir="1" index="1" bw="16" slack="1"/>
</pin_list>
<bind>
<opset="data_pack_37 "/>
</bind>
</comp>

<comp id="276" class="1005" name="data_pack_38_reg_276">
<pin_list>
<pin id="277" dir="0" index="0" bw="16" slack="1"/>
<pin id="278" dir="1" index="1" bw="16" slack="1"/>
</pin_list>
<bind>
<opset="data_pack_38 "/>
</bind>
</comp>

<comp id="281" class="1005" name="res_reg_281">
<pin_list>
<pin id="282" dir="0" index="0" bw="37" slack="1"/>
<pin id="283" dir="1" index="1" bw="37" slack="1"/>
</pin_list>
<bind>
<opset="res "/>
</bind>
</comp>

<comp id="286" class="1005" name="res_1_reg_286">
<pin_list>
<pin id="287" dir="0" index="0" bw="37" slack="1"/>
<pin id="288" dir="1" index="1" bw="37" slack="1"/>
</pin_list>
<bind>
<opset="res_1 "/>
</bind>
</comp>

<comp id="291" class="1005" name="res_2_reg_291">
<pin_list>
<pin id="292" dir="0" index="0" bw="37" slack="1"/>
<pin id="293" dir="1" index="1" bw="37" slack="1"/>
</pin_list>
<bind>
<opset="res_2 "/>
</bind>
</comp>

<comp id="296" class="1005" name="res_3_reg_296">
<pin_list>
<pin id="297" dir="0" index="0" bw="37" slack="1"/>
<pin id="298" dir="1" index="1" bw="37" slack="1"/>
</pin_list>
<bind>
<opset="res_3 "/>
</bind>
</comp>

<comp id="301" class="1005" name="res_4_reg_301">
<pin_list>
<pin id="302" dir="0" index="0" bw="37" slack="1"/>
<pin id="303" dir="1" index="1" bw="37" slack="1"/>
</pin_list>
<bind>
<opset="res_4 "/>
</bind>
</comp>

<comp id="306" class="1005" name="zext_ln77_reg_306">
<pin_list>
<pin id="307" dir="0" index="0" bw="320" slack="1"/>
<pin id="308" dir="1" index="1" bw="320" slack="1"/>
</pin_list>
<bind>
<opset="zext_ln77 "/>
</bind>
</comp>

</comp_list>

<net_list>
<net id="72"><net_src comp="4" pin="0"/><net_sink comp="68" pin=0"/></net>

<net id="73"><net_src comp="0" pin="0"/><net_sink comp="68" pin=1"/></net>

<net id="79"><net_src comp="50" pin="0"/><net_sink comp="74" pin=0"/></net>

<net id="80"><net_src comp="2" pin="0"/><net_sink comp="74" pin=1"/></net>

<net id="94"><net_src comp="44" pin="0"/><net_sink comp="81" pin=0"/></net>

<net id="98"><net_src comp="68" pin="2"/><net_sink comp="95" pin=0"/></net>

<net id="105"><net_src comp="6" pin="0"/><net_sink comp="99" pin=0"/></net>

<net id="106"><net_src comp="68" pin="2"/><net_sink comp="99" pin=1"/></net>

<net id="107"><net_src comp="8" pin="0"/><net_sink comp="99" pin=2"/></net>

<net id="108"><net_src comp="10" pin="0"/><net_sink comp="99" pin=3"/></net>

<net id="115"><net_src comp="6" pin="0"/><net_sink comp="109" pin=0"/></net>

<net id="116"><net_src comp="68" pin="2"/><net_sink comp="109" pin=1"/></net>

<net id="117"><net_src comp="12" pin="0"/><net_sink comp="109" pin=2"/></net>

<net id="118"><net_src comp="14" pin="0"/><net_sink comp="109" pin=3"/></net>

<net id="125"><net_src comp="6" pin="0"/><net_sink comp="119" pin=0"/></net>

<net id="126"><net_src comp="68" pin="2"/><net_sink comp="119" pin=1"/></net>

<net id="127"><net_src comp="16" pin="0"/><net_sink comp="119" pin=2"/></net>

<net id="128"><net_src comp="18" pin="0"/><net_sink comp="119" pin=3"/></net>

<net id="135"><net_src comp="6" pin="0"/><net_sink comp="129" pin=0"/></net>

<net id="136"><net_src comp="68" pin="2"/><net_sink comp="129" pin=1"/></net>

<net id="137"><net_src comp="20" pin="0"/><net_sink comp="129" pin=2"/></net>

<net id="138"><net_src comp="22" pin="0"/><net_sink comp="129" pin=3"/></net>

<net id="145"><net_src comp="6" pin="0"/><net_sink comp="139" pin=0"/></net>

<net id="146"><net_src comp="68" pin="2"/><net_sink comp="139" pin=1"/></net>

<net id="147"><net_src comp="24" pin="0"/><net_sink comp="139" pin=2"/></net>

<net id="148"><net_src comp="26" pin="0"/><net_sink comp="139" pin=3"/></net>

<net id="155"><net_src comp="6" pin="0"/><net_sink comp="149" pin=0"/></net>

<net id="156"><net_src comp="68" pin="2"/><net_sink comp="149" pin=1"/></net>

<net id="157"><net_src comp="28" pin="0"/><net_sink comp="149" pin=2"/></net>

<net id="158"><net_src comp="30" pin="0"/><net_sink comp="149" pin=3"/></net>

<net id="165"><net_src comp="6" pin="0"/><net_sink comp="159" pin=0"/></net>

<net id="166"><net_src comp="68" pin="2"/><net_sink comp="159" pin=1"/></net>

<net id="167"><net_src comp="32" pin="0"/><net_sink comp="159" pin=2"/></net>

<net id="168"><net_src comp="34" pin="0"/><net_sink comp="159" pin=3"/></net>

<net id="175"><net_src comp="6" pin="0"/><net_sink comp="169" pin=0"/></net>

<net id="176"><net_src comp="68" pin="2"/><net_sink comp="169" pin=1"/></net>

<net id="177"><net_src comp="36" pin="0"/><net_sink comp="169" pin=2"/></net>

<net id="178"><net_src comp="38" pin="0"/><net_sink comp="169" pin=3"/></net>

<net id="185"><net_src comp="6" pin="0"/><net_sink comp="179" pin=0"/></net>

<net id="186"><net_src comp="68" pin="2"/><net_sink comp="179" pin=1"/></net>

<net id="187"><net_src comp="40" pin="0"/><net_sink comp="179" pin=2"/></net>

<net id="188"><net_src comp="42" pin="0"/><net_sink comp="179" pin=3"/></net>

<net id="192"><net_src comp="81" pin="11"/><net_sink comp="189" pin=0"/></net>

<net id="196"><net_src comp="81" pin="11"/><net_sink comp="193" pin=0"/></net>

<net id="200"><net_src comp="81" pin="11"/><net_sink comp="197" pin=0"/></net>

<net id="204"><net_src comp="81" pin="11"/><net_sink comp="201" pin=0"/></net>

<net id="208"><net_src comp="81" pin="11"/><net_sink comp="205" pin=0"/></net>

<net id="221"><net_src comp="46" pin="0"/><net_sink comp="209" pin=0"/></net>

<net id="222"><net_src comp="48" pin="0"/><net_sink comp="209" pin=2"/></net>

<net id="223"><net_src comp="48" pin="0"/><net_sink comp="209" pin=4"/></net>

<net id="224"><net_src comp="48" pin="0"/><net_sink comp="209" pin=6"/></net>

<net id="225"><net_src comp="48" pin="0"/><net_sink comp="209" pin=8"/></net>

<net id="229"><net_src comp="209" pin="10"/><net_sink comp="226" pin=0"/></net>

<net id="230"><net_src comp="226" pin="1"/><net_sink comp="74" pin=2"/></net>

<net id="234"><net_src comp="95" pin="1"/><net_sink comp="231" pin=0"/></net>

<net id="235"><net_src comp="231" pin="1"/><net_sink comp="81" pin=1"/></net>

<net id="239"><net_src comp="99" pin="4"/><net_sink comp="236" pin=0"/></net>

<net id="240"><net_src comp="236" pin="1"/><net_sink comp="81" pin=2"/></net>

<net id="244"><net_src comp="109" pin="4"/><net_sink comp="241" pin=0"/></net>

<net id="245"><net_src comp="241" pin="1"/><net_sink comp="81" pin=3"/></net>

<net id="249"><net_src comp="119" pin="4"/><net_sink comp="246" pin=0"/></net>

<net id="250"><net_src comp="246" pin="1"/><net_sink comp="81" pin=4"/></net>

<net id="254"><net_src comp="129" pin="4"/><net_sink comp="251" pin=0"/></net>

<net id="255"><net_src comp="251" pin="1"/><net_sink comp="81" pin=5"/></net>

<net id="259"><net_src comp="139" pin="4"/><net_sink comp="256" pin=0"/></net>

<net id="260"><net_src comp="256" pin="1"/><net_sink comp="81" pin=6"/></net>

<net id="264"><net_src comp="149" pin="4"/><net_sink comp="261" pin=0"/></net>

<net id="265"><net_src comp="261" pin="1"/><net_sink comp="81" pin=7"/></net>

<net id="269"><net_src comp="159" pin="4"/><net_sink comp="266" pin=0"/></net>

<net id="270"><net_src comp="266" pin="1"/><net_sink comp="81" pin=8"/></net>

<net id="274"><net_src comp="169" pin="4"/><net_sink comp="271" pin=0"/></net>

<net id="275"><net_src comp="271" pin="1"/><net_sink comp="81" pin=9"/></net>

<net id="279"><net_src comp="179" pin="4"/><net_sink comp="276" pin=0"/></net>

<net id="280"><net_src comp="276" pin="1"/><net_sink comp="81" pin=10"/></net>

<net id="284"><net_src comp="189" pin="1"/><net_sink comp="281" pin=0"/></net>

<net id="285"><net_src comp="281" pin="1"/><net_sink comp="209" pin=9"/></net>

<net id="289"><net_src comp="193" pin="1"/><net_sink comp="286" pin=0"/></net>

<net id="290"><net_src comp="286" pin="1"/><net_sink comp="209" pin=7"/></net>

<net id="294"><net_src comp="197" pin="1"/><net_sink comp="291" pin=0"/></net>

<net id="295"><net_src comp="291" pin="1"/><net_sink comp="209" pin=5"/></net>

<net id="299"><net_src comp="201" pin="1"/><net_sink comp="296" pin=0"/></net>

<net id="300"><net_src comp="296" pin="1"/><net_sink comp="209" pin=3"/></net>

<net id="304"><net_src comp="205" pin="1"/><net_sink comp="301" pin=0"/></net>

<net id="305"><net_src comp="301" pin="1"/><net_sink comp="209" pin=1"/></net>

<net id="309"><net_src comp="226" pin="1"/><net_sink comp="306" pin=0"/></net>

<net id="310"><net_src comp="306" pin="1"/><net_sink comp="74" pin=2"/></net>

</net_list>

</model> 
---------------- Datapath Model END ------------------

* FSMD analyzer results:
  - Output states:
	Port: layer19_out | {7 }
 - Input state : 
	Port: dense<array<ap_fixed,10u>,array<ap_fixed<37,17,5,3,0>,5u>,config19> : layer18_out | {1 }
	Port: dense<array<ap_fixed,10u>,array<ap_fixed<37,17,5,3,0>,5u>,config19> : layer19_out | {}
  - Chain level:
	State 1
	State 2
	State 3
	State 4
	State 5
		res : 1
		res_1 : 1
		res_2 : 1
		res_3 : 1
		res_4 : 1
	State 6
		zext_ln77 : 1
		write_ln77 : 2
	State 7


============================================================
+ Verbose Summary: Datapath Resource usage 
============================================================

* Functional unit list:
|----------|--------------------------------------------------------------------------|---------|---------|---------|
| Operation|                              Functional Unit                             |   DSP   |    FF   |   LUT   |
|----------|--------------------------------------------------------------------------|---------|---------|---------|
|   call   | grp_dense_latency_wrapper_ap_fixed_ap_fixed_37_17_5_3_0_config19_s_fu_81 |    43   |   1602  |   1876  |
|----------|--------------------------------------------------------------------------|---------|---------|---------|
|   read   |                        layer18_out_read_read_fu_68                       |    0    |    0    |    0    |
|----------|--------------------------------------------------------------------------|---------|---------|---------|
|   write  |                              grp_write_fu_74                             |    0    |    0    |    0    |
|----------|--------------------------------------------------------------------------|---------|---------|---------|
|   trunc  |                              data_pack_fu_95                             |    0    |    0    |    0    |
|----------|--------------------------------------------------------------------------|---------|---------|---------|
|          |                            data_pack_30_fu_99                            |    0    |    0    |    0    |
|          |                            data_pack_31_fu_109                           |    0    |    0    |    0    |
|          |                            data_pack_32_fu_119                           |    0    |    0    |    0    |
|          |                            data_pack_33_fu_129                           |    0    |    0    |    0    |
|partselect|                            data_pack_34_fu_139                           |    0    |    0    |    0    |
|          |                            data_pack_35_fu_149                           |    0    |    0    |    0    |
|          |                            data_pack_36_fu_159                           |    0    |    0    |    0    |
|          |                            data_pack_37_fu_169                           |    0    |    0    |    0    |
|          |                            data_pack_38_fu_179                           |    0    |    0    |    0    |
|----------|--------------------------------------------------------------------------|---------|---------|---------|
|          |                                res_fu_189                                |    0    |    0    |    0    |
|          |                               res_1_fu_193                               |    0    |    0    |    0    |
|extractvalue|                               res_2_fu_197                               |    0    |    0    |    0    |
|          |                               res_3_fu_201                               |    0    |    0    |    0    |
|          |                               res_4_fu_205                               |    0    |    0    |    0    |
|----------|--------------------------------------------------------------------------|---------|---------|---------|
|bitconcatenate|                                tmp_fu_209                                |    0    |    0    |    0    |
|----------|--------------------------------------------------------------------------|---------|---------|---------|
|   zext   |                             zext_ln77_fu_226                             |    0    |    0    |    0    |
|----------|--------------------------------------------------------------------------|---------|---------|---------|
|   Total  |                                                                          |    43   |   1602  |   1876  |
|----------|--------------------------------------------------------------------------|---------|---------|---------|

Memories:
N/A

* Register list:
+--------------------+--------+
|                    |   FF   |
+--------------------+--------+
|data_pack_30_reg_236|   16   |
|data_pack_31_reg_241|   16   |
|data_pack_32_reg_246|   16   |
|data_pack_33_reg_251|   16   |
|data_pack_34_reg_256|   16   |
|data_pack_35_reg_261|   16   |
|data_pack_36_reg_266|   16   |
|data_pack_37_reg_271|   16   |
|data_pack_38_reg_276|   16   |
|  data_pack_reg_231 |   16   |
|    res_1_reg_286   |   37   |
|    res_2_reg_291   |   37   |
|    res_3_reg_296   |   37   |
|    res_4_reg_301   |   37   |
|     res_reg_281    |   37   |
|  zext_ln77_reg_306 |   320  |
+--------------------+--------+
|        Total       |   665  |
+--------------------+--------+

* Multiplexer (MUX) list: 
|-----------------|------|------|------|--------||---------||---------|
|       Comp      |  Pin | Size |  BW  | S x BW ||  Delay  ||   LUT   |
|-----------------|------|------|------|--------||---------||---------|
| grp_write_fu_74 |  p2  |   2  |  293 |   586  ||    9    |
|-----------------|------|------|------|--------||---------||---------|
|      Total      |      |      |      |   586  ||  0.538  ||    9    |
|-----------------|------|------|------|--------||---------||---------|



* Summary:
+-----------+--------+--------+--------+--------+
|           |   DSP  |  Delay |   FF   |   LUT  |
+-----------+--------+--------+--------+--------+
|  Function |   43   |    -   |  1602  |  1876  |
|   Memory  |    -   |    -   |    -   |    -   |
|Multiplexer|    -   |    0   |    -   |    9   |
|  Register |    -   |    -   |   665  |    -   |
+-----------+--------+--------+--------+--------+
|   Total   |   43   |    0   |  2267  |  1885  |
+-----------+--------+--------+--------+--------+
