

================================================================
== Vitis HLS Report for 'relu_array_ap_fixed_10u_array_ap_fixed_16_6_5_3_0_10u_relu_config18_s'
================================================================
* Date:           Sun Apr  5 17:32:22 2026

* Version:        2023.2 (Build 4023990 on Oct 11 2023)
* Project:        gaussian_prj
* Solution:       solution1 (Vivado IP Flow Target)
* Product family: kintexu
* Target device:  xcku035-fbva676-2-e


================================================================
== Performance Estimates
================================================================
+ Timing: 
    * Summary: 
    +--------+---------+----------+------------+
    |  Clock |  Target | Estimated| Uncertainty|
    +--------+---------+----------+------------+
    |ap_clk  |  5.00 ns|  3.359 ns|     1.35 ns|
    +--------+---------+----------+------------+

+ Latency: 
    * Summary: 
    +---------+---------+----------+----------+-----+-----+---------+
    |  Latency (cycles) |  Latency (absolute) |  Interval | Pipeline|
    |   min   |   max   |    min   |    max   | min | max |   Type  |
    +---------+---------+----------+----------+-----+-----+---------+
    |        1|        1|  5.000 ns|  5.000 ns|    1|    1|       no|
    +---------+---------+----------+----------+-----+-----+---------+

    + Detail: 
        * Instance: 
        N/A

        * Loop: 
        N/A

============================================================
+ Verbose Summary: Synthesis Manager
============================================================
InlineROM: 1
ExposeGlobal: 0
============================================================
+ Verbose Summary: CDFG Model
============================================================
IsTopModel: 0
ResetActiveHigh: 1
IsCombinational: 2
IsDatapathOnly: 0
HasWiredReturn: 1
HasMFsm: 0
HasVarLatency: 1
IsPipeline: 0
IsRtlPipelined: 0
IsInstanceOverlapped: 0
IsDontTouch: 0
HasImplIP: 0
IsGatedGlobalClock: 0


============================================================
+ Verbose Summary: Schedule
============================================================
* Number of FSM states : 2
* Pipeline : 0
* Dataflow Pipeline: 0

* FSM state transitions: 
1 --> 2 
2 --> 

* FSM state operations: 

State 1 <SV = 0> <Delay = 3.35>
ST_1 : Operation 3 [1/1] (1.82ns)   --->   "%layer17_out_read = read i370 @_ssdm_op_Read.ap_fifo.volatile.i370P0A, i370 %layer17_out" [firmware/nnet_utils/nnet_activation_stream.h:44]   --->   Operation 3 'read' 'layer17_out_read' <Predicate = true> <Delay = 1.82> <CoreInst = "FIFO_SRL">   --->   Core 81 'FIFO_SRL' <Latency = 0> <II = 1> <Delay = 2.26> <Storage> <Opcode : 'read' 'write' 'nbread' 'nbwrite'> <Ports = 0> <Width = 370> <Depth = 1> <FIFO>
ST_1 : Operation 4 [1/1] (0.00ns)   --->   "%trunc_ln44 = trunc i370 %layer17_out_read" [firmware/nnet_utils/nnet_activation_stream.h:44]   --->   Operation 4 'trunc' 'trunc_ln44' <Predicate = true> <Delay = 0.00>
ST_1 : Operation 5 [1/1] (0.00ns)   --->   "%trunc_ln44_s = partselect i37 @_ssdm_op_PartSelect.i37.i370.i32.i32, i370 %layer17_out_read, i32 37, i32 73" [firmware/nnet_utils/nnet_activation_stream.h:44]   --->   Operation 5 'partselect' 'trunc_ln44_s' <Predicate = true> <Delay = 0.00>
ST_1 : Operation 6 [1/1] (0.00ns)   --->   "%trunc_ln44_14 = partselect i37 @_ssdm_op_PartSelect.i37.i370.i32.i32, i370 %layer17_out_read, i32 74, i32 110" [firmware/nnet_utils/nnet_activation_stream.h:44]   --->   Operation 6 'partselect' 'trunc_ln44_14' <Predicate = true> <Delay = 0.00>
ST_1 : Operation 7 [1/1] (0.00ns)   --->   "%trunc_ln44_15 = partselect i37 @_ssdm_op_PartSelect.i37.i370.i32.i32, i370 %layer17_out_read, i32 111, i32 147" [firmware/nnet_utils/nnet_activation_stream.h:44]   --->   Operation 7 'partselect' 'trunc_ln44_15' <Predicate = true> <Delay = 0.00>
ST_1 : Operation 8 [1/1] (0.00ns)   --->   "%trunc_ln44_16 = partselect i37 @_ssdm_op_PartSelect.i37.i370.i32.i32, i370 %layer17_out_read, i32 148, i32 184" [firmware/nnet_utils/nnet_activation_stream.h:44]   --->   Operation 8 'partselect' 'trunc_ln44_16' <Predicate = true> <Delay = 0.00>
ST_1 : Operation 9 [1/1] (0.00ns)   --->   "%trunc_ln44_17 = partselect i37 @_ssdm_op_PartSelect.i37.i370.i32.i32, i370 %layer17_out_read, i32 185, i32 221" [firmware/nnet_utils/nnet_activation_stream.h:44]   --->   Operation 9 'partselect' 'trunc_ln44_17' <Predicate = true> <Delay = 0.00>
ST_1 : Operation 10 [1/1] (0.00ns)   --->   "%trunc_ln44_18 = partselect i37 @_ssdm_op_PartSelect.i37.i370.i32.i32, i370 %layer17_out_read, i32 222, i32 258" [firmware/nnet_utils/nnet_activation_stream.h:44]   --->   Operation 10 'partselect' 'trunc_ln44_18' <Predicate = true> <Delay = 0.00>
ST_1 : Operation 11 [1/1] (0.00ns)   --->   "%trunc_ln44_19 = partselect i37 @_ssdm_op_PartSelect.i37.i370.i32.i32, i370 %layer17_out_read, i32 259, i32 295" [firmware/nnet_utils/nnet_activation_stream.h:44]   --->   Operation 11 'partselect' 'trunc_ln44_19' <Predicate = true> <Delay = 0.00>
ST_1 : Operation 12 [1/1] (0.00ns)   --->   "%trunc_ln44_20 = partselect i37 @_ssdm_op_PartSelect.i37.i370.i32.i32, i370 %layer17_out_read, i32 296, i32 332" [firmware/nnet_utils/nnet_activation_stream.h:44]   --->   Operation 12 'partselect' 'trunc_ln44_20' <Predicate = true> <Delay = 0.00>
ST_1 : Operation 13 [1/1] (0.00ns)   --->   "%trunc_ln44_21 = partselect i37 @_ssdm_op_PartSelect.i37.i370.i32.i32, i370 %layer17_out_read, i32 333, i32 369" [firmware/nnet_utils/nnet_activation_stream.h:44]   --->   Operation 13 'partselect' 'trunc_ln44_21' <Predicate = true> <Delay = 0.00>
ST_1 : Operation 14 [1/1] (1.53ns)   --->   "%icmp_ln51 = icmp_sgt  i37 %trunc_ln44, i37 0" [firmware/nnet_utils/nnet_activation_stream.h:51]   --->   Operation 14 'icmp' 'icmp_ln51' <Predicate = true> <Delay = 1.53> <CoreInst = "Cmp">   --->   Core 9 'Cmp' <Latency = 0> <II = 1> <Delay = 1.53> <FuncUnit> <Opcode : 'icmp'> <InPorts = 2> <OutPorts = 1>
ST_1 : Operation 15 [1/1] (0.00ns)   --->   "%out_data = partselect i16 @_ssdm_op_PartSelect.i16.i370.i32.i32, i370 %layer17_out_read, i32 10, i32 25" [firmware/nnet_utils/nnet_activation_stream.h:52]   --->   Operation 15 'partselect' 'out_data' <Predicate = true> <Delay = 0.00>
ST_1 : Operation 16 [1/1] (1.53ns)   --->   "%icmp_ln51_15 = icmp_sgt  i37 %trunc_ln44_s, i37 0" [firmware/nnet_utils/nnet_activation_stream.h:51]   --->   Operation 16 'icmp' 'icmp_ln51_15' <Predicate = true> <Delay = 1.53> <CoreInst = "Cmp">   --->   Core 9 'Cmp' <Latency = 0> <II = 1> <Delay = 1.53> <FuncUnit> <Opcode : 'icmp'> <InPorts = 2> <OutPorts = 1>
ST_1 : Operation 17 [1/1] (0.00ns)   --->   "%out_data_22 = partselect i16 @_ssdm_op_PartSelect.i16.i370.i32.i32, i370 %layer17_out_read, i32 47, i32 62" [firmware/nnet_utils/nnet_activation_stream.h:52]   --->   Operation 17 'partselect' 'out_data_22' <Predicate = true> <Delay = 0.00>
ST_1 : Operation 18 [1/1] (1.53ns)   --->   "%icmp_ln51_16 = icmp_sgt  i37 %trunc_ln44_14, i37 0" [firmware/nnet_utils/nnet_activation_stream.h:51]   --->   Operation 18 'icmp' 'icmp_ln51_16' <Predicate = true> <Delay = 1.53> <CoreInst = "Cmp">   --->   Core 9 'Cmp' <Latency = 0> <II = 1> <Delay = 1.53> <FuncUnit> <Opcode : 'icmp'> <InPorts = 2> <OutPorts = 1>
ST_1 : Operation 19 [1/1] (0.00ns)   --->   "%out_data_23 = partselect i16 @_ssdm_op_PartSelect.i16.i370.i32.i32, i370 %layer17_out_read, i32 84, i32 99" [firmware/nnet_utils/nnet_activation_stream.h:52]   --->   Operation 19 'partselect' 'out_data_23' <Predicate = true> <Delay = 0.00>
ST_1 : Operation 20 [1/1] (1.53ns)   --->   "%icmp_ln51_17 = icmp_sgt  i37 %trunc_ln44_15, i37 0" [firmware/nnet_utils/nnet_activation_stream.h:51]   --->   Operation 20 'icmp' 'icmp_ln51_17' <Predicate = true> <Delay = 1.53> <CoreInst = "Cmp">   --->   Core 9 'Cmp' <Latency = 0> <II = 1> <Delay = 1.53> <FuncUnit> <Opcode : 'icmp'> <InPorts = 2> <OutPorts = 1>
ST_1 : Operation 21 [1/1] (0.00ns)   --->   "%out_data_24 = partselect i16 @_ssdm_op_PartSelect.i16.i370.i32.i32, i370 %layer17_out_read, i32 121, i32 136" [firmware/nnet_utils/nnet_activation_stream.h:52]   --->   Operation 21 'partselect' 'out_data_24' <Predicate = true> <Delay = 0.00>
ST_1 : Operation 22 [1/1] (1.53ns)   --->   "%icmp_ln51_18 = icmp_sgt  i37 %trunc_ln44_16, i37 0" [firmware/nnet_utils/nnet_activation_stream.h:51]   --->   Operation 22 'icmp' 'icmp_ln51_18' <Predicate = true> <Delay = 1.53> <CoreInst = "Cmp">   --->   Core 9 'Cmp' <Latency = 0> <II = 1> <Delay = 1.53> <FuncUnit> <Opcode : 'icmp'> <InPorts = 2> <OutPorts = 1>
ST_1 : Operation 23 [1/1] (0.00ns)   --->   "%trunc_ln4 = partselect i16 @_ssdm_op_PartSelect.i16.i370.i32.i32, i370 %layer17_out_read, i32 158, i32 173" [firmware/nnet_utils/nnet_activation_stream.h:52]   --->   Operation 23 'partselect' 'trunc_ln4' <Predicate = true> <Delay = 0.00>
ST_1 : Operation 24 [1/1] (1.53ns)   --->   "%icmp_ln51_19 = icmp_sgt  i37 %trunc_ln44_17, i37 0" [firmware/nnet_utils/nnet_activation_stream.h:51]   --->   Operation 24 'icmp' 'icmp_ln51_19' <Predicate = true> <Delay = 1.53> <CoreInst = "Cmp">   --->   Core 9 'Cmp' <Latency = 0> <II = 1> <Delay = 1.53> <FuncUnit> <Opcode : 'icmp'> <InPorts = 2> <OutPorts = 1>
ST_1 : Operation 25 [1/1] (0.00ns)   --->   "%trunc_ln52_s = partselect i16 @_ssdm_op_PartSelect.i16.i370.i32.i32, i370 %layer17_out_read, i32 195, i32 210" [firmware/nnet_utils/nnet_activation_stream.h:52]   --->   Operation 25 'partselect' 'trunc_ln52_s' <Predicate = true> <Delay = 0.00>
ST_1 : Operation 26 [1/1] (1.53ns)   --->   "%icmp_ln51_20 = icmp_sgt  i37 %trunc_ln44_18, i37 0" [firmware/nnet_utils/nnet_activation_stream.h:51]   --->   Operation 26 'icmp' 'icmp_ln51_20' <Predicate = true> <Delay = 1.53> <CoreInst = "Cmp">   --->   Core 9 'Cmp' <Latency = 0> <II = 1> <Delay = 1.53> <FuncUnit> <Opcode : 'icmp'> <InPorts = 2> <OutPorts = 1>
ST_1 : Operation 27 [1/1] (0.00ns)   --->   "%trunc_ln52_1 = partselect i16 @_ssdm_op_PartSelect.i16.i370.i32.i32, i370 %layer17_out_read, i32 232, i32 247" [firmware/nnet_utils/nnet_activation_stream.h:52]   --->   Operation 27 'partselect' 'trunc_ln52_1' <Predicate = true> <Delay = 0.00>
ST_1 : Operation 28 [1/1] (1.53ns)   --->   "%icmp_ln51_21 = icmp_sgt  i37 %trunc_ln44_19, i37 0" [firmware/nnet_utils/nnet_activation_stream.h:51]   --->   Operation 28 'icmp' 'icmp_ln51_21' <Predicate = true> <Delay = 1.53> <CoreInst = "Cmp">   --->   Core 9 'Cmp' <Latency = 0> <II = 1> <Delay = 1.53> <FuncUnit> <Opcode : 'icmp'> <InPorts = 2> <OutPorts = 1>
ST_1 : Operation 29 [1/1] (0.00ns)   --->   "%trunc_ln52_2 = partselect i16 @_ssdm_op_PartSelect.i16.i370.i32.i32, i370 %layer17_out_read, i32 269, i32 284" [firmware/nnet_utils/nnet_activation_stream.h:52]   --->   Operation 29 'partselect' 'trunc_ln52_2' <Predicate = true> <Delay = 0.00>
ST_1 : Operation 30 [1/1] (1.53ns)   --->   "%icmp_ln51_22 = icmp_sgt  i37 %trunc_ln44_20, i37 0" [firmware/nnet_utils/nnet_activation_stream.h:51]   --->   Operation 30 'icmp' 'icmp_ln51_22' <Predicate = true> <Delay = 1.53> <CoreInst = "Cmp">   --->   Core 9 'Cmp' <Latency = 0> <II = 1> <Delay = 1.53> <FuncUnit> <Opcode : 'icmp'> <InPorts = 2> <OutPorts = 1>
ST_1 : Operation 31 [1/1] (0.00ns)   --->   "%trunc_ln52_3 = partselect i16 @_ssdm_op_PartSelect.i16.i370.i32.i32, i370 %layer17_out_read, i32 306, i32 321" [firmware/nnet_utils/nnet_activation_stream.h:52]   --->   Operation 31 'partselect' 'trunc_ln52_3' <Predicate = true> <Delay = 0.00>
ST_1 : Operation 32 [1/1] (1.53ns)   --->   "%icmp_ln51_23 = icmp_sgt  i37 %trunc_ln44_21, i37 0" [firmware/nnet_utils/nnet_activation_stream.h:51]   --->   Operation 32 'icmp' 'icmp_ln51_23' <Predicate = true> <Delay = 1.53> <CoreInst = "Cmp">   --->   Core 9 'Cmp' <Latency = 0> <II = 1> <Delay = 1.53> <FuncUnit> <Opcode : 'icmp'> <InPorts = 2> <OutPorts = 1>
ST_1 : Operation 33 [1/1] (0.00ns)   --->   "%trunc_ln52_4 = partselect i16 @_ssdm_op_PartSelect.i16.i370.i32.i32, i370 %layer17_out_read, i32 343, i32 358" [firmware/nnet_utils/nnet_activation_stream.h:52]   --->   Operation 33 'partselect' 'trunc_ln52_4' <Predicate = true> <Delay = 0.00>

State 2 <SV = 1> <Delay = 2.23>
ST_2 : Operation 34 [1/1] (0.00ns)   --->   "%specinterface_ln0 = specinterface void @_ssdm_op_SpecInterface, i160 %layer18_out, void @empty_2, i32 0, i32 0, void @empty_1, i32 0, i32 0, void @empty_1, void @empty_1, void @empty_1, i32 0, i32 0, i32 0, i32 0, void @empty_1, void @empty_1, i32 4294967295, i32 0"   --->   Operation 34 'specinterface' 'specinterface_ln0' <Predicate = true> <Delay = 0.00>
ST_2 : Operation 35 [1/1] (0.00ns)   --->   "%specinterface_ln0 = specinterface void @_ssdm_op_SpecInterface, i370 %layer17_out, void @empty_2, i32 0, i32 0, void @empty_1, i32 0, i32 0, void @empty_1, void @empty_1, void @empty_1, i32 0, i32 0, i32 0, i32 0, void @empty_1, void @empty_1, i32 4294967295, i32 0"   --->   Operation 35 'specinterface' 'specinterface_ln0' <Predicate = true> <Delay = 0.00>
ST_2 : Operation 36 [1/1] (0.41ns)   --->   "%select_ln51 = select i1 %icmp_ln51, i16 %out_data, i16 0" [firmware/nnet_utils/nnet_activation_stream.h:51]   --->   Operation 36 'select' 'select_ln51' <Predicate = true> <Delay = 0.41> <CoreInst = "Sel">   --->   Core 73 'Sel' <Latency = 0> <II = 1> <Delay = 0.41> <FuncUnit> <Opcode : 'select'> <InPorts = 3> <OutPorts = 1>
ST_2 : Operation 37 [1/1] (0.41ns)   --->   "%select_ln51_15 = select i1 %icmp_ln51_15, i16 %out_data_22, i16 0" [firmware/nnet_utils/nnet_activation_stream.h:51]   --->   Operation 37 'select' 'select_ln51_15' <Predicate = true> <Delay = 0.41> <CoreInst = "Sel">   --->   Core 73 'Sel' <Latency = 0> <II = 1> <Delay = 0.41> <FuncUnit> <Opcode : 'select'> <InPorts = 3> <OutPorts = 1>
ST_2 : Operation 38 [1/1] (0.41ns)   --->   "%select_ln51_16 = select i1 %icmp_ln51_16, i16 %out_data_23, i16 0" [firmware/nnet_utils/nnet_activation_stream.h:51]   --->   Operation 38 'select' 'select_ln51_16' <Predicate = true> <Delay = 0.41> <CoreInst = "Sel">   --->   Core 73 'Sel' <Latency = 0> <II = 1> <Delay = 0.41> <FuncUnit> <Opcode : 'select'> <InPorts = 3> <OutPorts = 1>
ST_2 : Operation 39 [1/1] (0.41ns)   --->   "%select_ln51_17 = select i1 %icmp_ln51_17, i16 %out_data_24, i16 0" [firmware/nnet_utils/nnet_activation_stream.h:51]   --->   Operation 39 'select' 'select_ln51_17' <Predicate = true> <Delay = 0.41> <CoreInst = "Sel">   --->   Core 73 'Sel' <Latency = 0> <II = 1> <Delay = 0.41> <FuncUnit> <Opcode : 'select'> <InPorts = 3> <OutPorts = 1>
ST_2 : Operation 40 [1/1] (0.41ns)   --->   "%select_ln51_18 = select i1 %icmp_ln51_18, i16 %trunc_ln4, i16 0" [firmware/nnet_utils/nnet_activation_stream.h:51]   --->   Operation 40 'select' 'select_ln51_18' <Predicate = true> <Delay = 0.41> <CoreInst = "Sel">   --->   Core 73 'Sel' <Latency = 0> <II = 1> <Delay = 0.41> <FuncUnit> <Opcode : 'select'> <InPorts = 3> <OutPorts = 1>
ST_2 : Operation 41 [1/1] (0.41ns)   --->   "%select_ln51_19 = select i1 %icmp_ln51_19, i16 %trunc_ln52_s, i16 0" [firmware/nnet_utils/nnet_activation_stream.h:51]   --->   Operation 41 'select' 'select_ln51_19' <Predicate = true> <Delay = 0.41> <CoreInst = "Sel">   --->   Core 73 'Sel' <Latency = 0> <II = 1> <Delay = 0.41> <FuncUnit> <Opcode : 'select'> <InPorts = 3> <OutPorts = 1>
ST_2 : Operation 42 [1/1] (0.41ns)   --->   "%select_ln51_20 = select i1 %icmp_ln51_20, i16 %trunc_ln52_1, i16 0" [firmware/nnet_utils/nnet_activation_stream.h:51]   --->   Operation 42 'select' 'select_ln51_20' <Predicate = true> <Delay = 0.41> <CoreInst = "Sel">   --->   Core 73 'Sel' <Latency = 0> <II = 1> <Delay = 0.41> <FuncUnit> <Opcode : 'select'> <InPorts = 3> <OutPorts = 1>
ST_2 : Operation 43 [1/1] (0.41ns)   --->   "%select_ln51_21 = select i1 %icmp_ln51_21, i16 %trunc_ln52_2, i16 0" [firmware/nnet_utils/nnet_activation_stream.h:51]   --->   Operation 43 'select' 'select_ln51_21' <Predicate = true> <Delay = 0.41> <CoreInst = "Sel">   --->   Core 73 'Sel' <Latency = 0> <II = 1> <Delay = 0.41> <FuncUnit> <Opcode : 'select'> <InPorts = 3> <OutPorts = 1>
ST_2 : Operation 44 [1/1] (0.41ns)   --->   "%select_ln51_22 = select i1 %icmp_ln51_22, i16 %trunc_ln52_3, i16 0" [firmware/nnet_utils/nnet_activation_stream.h:51]   --->   Operation 44 'select' 'select_ln51_22' <Predicate = true> <Delay = 0.41> <CoreInst = "Sel">   --->   Core 73 'Sel' <Latency = 0> <II = 1> <Delay = 0.41> <FuncUnit> <Opcode : 'select'> <InPorts = 3> <OutPorts = 1>
ST_2 : Operation 45 [1/1] (0.41ns)   --->   "%select_ln51_23 = select i1 %icmp_ln51_23, i16 %trunc_ln52_4, i16 0" [firmware/nnet_utils/nnet_activation_stream.h:51]   --->   Operation 45 'select' 'select_ln51_23' <Predicate = true> <Delay = 0.41> <CoreInst = "Sel">   --->   Core 73 'Sel' <Latency = 0> <II = 1> <Delay = 0.41> <FuncUnit> <Opcode : 'select'> <InPorts = 3> <OutPorts = 1>
ST_2 : Operation 46 [1/1] (0.00ns)   --->   "%p_s = bitconcatenate i160 @_ssdm_op_BitConcatenate.i160.i16.i16.i16.i16.i16.i16.i16.i16.i16.i16, i16 %select_ln51_23, i16 %select_ln51_22, i16 %select_ln51_21, i16 %select_ln51_20, i16 %select_ln51_19, i16 %select_ln51_18, i16 %select_ln51_17, i16 %select_ln51_16, i16 %select_ln51_15, i16 %select_ln51" [firmware/nnet_utils/nnet_activation_stream.h:57]   --->   Operation 46 'bitconcatenate' 'p_s' <Predicate = true> <Delay = 0.00>
ST_2 : Operation 47 [1/1] (1.82ns)   --->   "%write_ln57 = write void @_ssdm_op_Write.ap_fifo.volatile.i160P0A, i160 %layer18_out, i160 %p_s" [firmware/nnet_utils/nnet_activation_stream.h:57]   --->   Operation 47 'write' 'write_ln57' <Predicate = true> <Delay = 1.82> <CoreInst = "FIFO_SRL">   --->   Core 81 'FIFO_SRL' <Latency = 0> <II = 1> <Delay = 2.26> <Storage> <Opcode : 'read' 'write' 'nbread' 'nbwrite'> <Ports = 0> <Width = 160> <Depth = 1> <FIFO>
ST_2 : Operation 48 [1/1] (0.00ns)   --->   "%ret_ln59 = ret" [firmware/nnet_utils/nnet_activation_stream.h:59]   --->   Operation 48 'ret' 'ret_ln59' <Predicate = true> <Delay = 0.00>


============================================================
+ Verbose Summary: Timing violations
============================================================
Target clock period: 5.000ns, clock uncertainty: 1.350ns.

 <State 1>: 3.359ns
The critical path consists of the following:
	fifo read operation ('layer17_out_read', firmware/nnet_utils/nnet_activation_stream.h:44) on port 'layer17_out' (firmware/nnet_utils/nnet_activation_stream.h:44) [5]  (1.825 ns)
	'icmp' operation 1 bit ('icmp_ln51', firmware/nnet_utils/nnet_activation_stream.h:51) [16]  (1.534 ns)

 <State 2>: 2.236ns
The critical path consists of the following:
	'select' operation 16 bit ('select_ln51', firmware/nnet_utils/nnet_activation_stream.h:51) [18]  (0.411 ns)
	fifo write operation ('write_ln57', firmware/nnet_utils/nnet_activation_stream.h:57) on port 'layer18_out' (firmware/nnet_utils/nnet_activation_stream.h:57) [47]  (1.825 ns)


============================================================
+ Verbose Summary: Binding
============================================================
N/A
* FSMD analyzer results:
  - Output states:
 - Input state : 
  - Chain level:
	State 1
	State 2


============================================================
+ Verbose Summary: Datapath Resource usage 
============================================================
N/A
