

================================================================
== Vitis HLS Report for 'relu_array_ap_fixed_10u_array_ap_fixed_16_6_5_3_0_10u_relu_config18_s'
================================================================
* Date:           Sun Apr  5 17:32:22 2026

* Version:        2023.2 (Build 4023990 on Oct 11 2023)
* Project:        gaussian_prj
* Solution:       solution1 (Vivado IP Flow Target)
* Product family: kintexu
* Target device:  xcku035-fbva676-2-e


================================================================
== Performance Estimates
================================================================
+ Timing: 
    * Summary: 
    +--------+---------+----------+------------+
    |  Clock |  Target | Estimated| Uncertainty|
    +--------+---------+----------+------------+
    |ap_clk  |  5.00 ns|  3.359 ns|     1.35 ns|
    +--------+---------+----------+------------+

+ Latency: 
    * Summary: 
    +---------+---------+----------+----------+-----+-----+---------+
    |  Latency (cycles) |  Latency (absolute) |  Interval | Pipeline|
    |   min   |   max   |    min   |    max   | min | max |   Type  |
    +---------+---------+----------+----------+-----+-----+---------+
    |        1|        1|  5.000 ns|  5.000 ns|    1|    1|       no|
    +---------+---------+----------+----------+-----+-----+---------+

    + Detail: 
        * Instance: 
        N/A

        * Loop: 
        N/A

============================================================
+ Verbose Summary: Synthesis Manager
============================================================
InlineROM: 1
ExposeGlobal: 0
============================================================
+ Verbose Summary: CDFG Model
============================================================
IsTopModel: 0
ResetActiveHigh: 1
IsCombinational: 2
IsDatapathOnly: 0
HasWiredReturn: 1
HasMFsm: 0
HasVarLatency: 1
IsPipeline: 0
IsRtlPipelined: 0
IsInstanceOverlapped: 0
IsDontTouch: 0
HasImplIP: 0
IsGatedGlobalClock: 0


============================================================
+ Verbose Summary: Schedule
============================================================
* Number of FSM states : 2
* Pipeline : 0
* Dataflow Pipeline: 0

* FSM state transitions: 
1 --> 2 
2 --> 

* FSM state operations: 

State 1 <SV = 0> <Delay = 3.35>
ST_1 : Operation 3 [1/1] (1.82ns)   --->   "%layer17_out_read = read i370 @_ssdm_op_Read.ap_fifo.volatile.i370P0A, i370 %layer17_out" [firmware/nnet_utils/nnet_activation_stream.h:44]   --->   Operation 3 'read' 'layer17_out_read' <Predicate = true> <Delay = 1.82> <CoreInst = "FIFO_SRL">   --->   Core 81 'FIFO_SRL' <Latency = 0> <II = 1> <Delay = 2.26> <Storage> <Opcode : 'read' 'write' 'nbread' 'nbwrite'> <Ports = 0> <Width = 370> <Depth = 1> <FIFO>
ST_1 : Operation 4 [1/1] (0.00ns)   --->   "%trunc_ln44 = trunc i370 %layer17_out_read" [firmware/nnet_utils/nnet_activation_stream.h:44]   --->   Operation 4 'trunc' 'trunc_ln44' <Predicate = true> <Delay = 0.00>
ST_1 : Operation 5 [1/1] (0.00ns)   --->   "%trunc_ln44_s = partselect i37 @_ssdm_op_PartSelect.i37.i370.i32.i32, i370 %layer17_out_read, i32 37, i32 73" [firmware/nnet_utils/nnet_activation_stream.h:44]   --->   Operation 5 'partselect' 'trunc_ln44_s' <Predicate = true> <Delay = 0.00>
ST_1 : Operation 6 [1/1] (0.00ns)   --->   "%trunc_ln44_14 = partselect i37 @_ssdm_op_PartSelect.i37.i370.i32.i32, i370 %layer17_out_read, i32 74, i32 110" [firmware/nnet_utils/nnet_activation_stream.h:44]   --->   Operation 6 'partselect' 'trunc_ln44_14' <Predicate = true> <Delay = 0.00>
ST_1 : Operation 7 [1/1] (0.00ns)   --->   "%trunc_ln44_15 = partselect i37 @_ssdm_op_PartSelect.i37.i370.i32.i32, i370 %layer17_out_read, i32 111, i32 147" [firmware/nnet_utils/nnet_activation_stream.h:44]   --->   Operation 7 'partselect' 'trunc_ln44_15' <Predicate = true> <Delay = 0.00>
ST_1 : Operation 8 [1/1] (0.00ns)   --->   "%trunc_ln44_16 = partselect i37 @_ssdm_op_PartSelect.i37.i370.i32.i32, i370 %layer17_out_read, i32 148, i32 184" [firmware/nnet_utils/nnet_activation_stream.h:44]   --->   Operation 8 'partselect' 'trunc_ln44_16' <Predicate = true> <Delay = 0.00>
ST_1 : Operation 9 [1/1] (0.00ns)   --->   "%trunc_ln44_17 = partselect i37 @_ssdm_op_PartSelect.i37.i370.i32.i32, i370 %layer17_out_read, i32 185, i32 221" [firmware/nnet_utils/nnet_activation_stream.h:44]   --->   Operation 9 'partselect' 'trunc_ln44_17' <Predicate = true> <Delay = 0.00>
ST_1 : Operation 10 [1/1] (0.00ns)   --->   "%trunc_ln44_18 = partselect i37 @_ssdm_op_PartSelect.i37.i370.i32.i32, i370 %layer17_out_read, i32 222, i32 258" [firmware/nnet_utils/nnet_activation_stream.h:44]   --->   Operation 10 'partselect' 'trunc_ln44_18' <Predicate = true> <Delay = 0.00>
ST_1 : Operation 11 [1/1] (0.00ns)   --->   "%trunc_ln44_19 = partselect i37 @_ssdm_op_PartSelect.i37.i370.i32.i32, i370 %layer17_out_read, i32 259, i32 295" [firmware/nnet_utils/nnet_activation_stream.h:44]   --->   Operation 11 'partselect' 'trunc_ln44_19' <Predicate = true> <Delay = 0.00>
ST_1 : Operation 12 [1/1] (0.00ns)   --->   "%trunc_ln44_20 = partselect i37 @_ssdm_op_PartSelect.i37.i370.i32.i32, i370 %layer17_out_read, i32 296, i32 332" [firmware/nnet_utils/nnet_activation_stream.h:44]   --->   Operation 12 'partselect' 'trunc_ln44_20' <Predicate = true> <Delay = 0.00>
ST_1 : Operation 13 [1/1] (0.00ns)   --->   "%trunc_ln44_21 = partselect i37 @_ssdm_op_PartSelect.i37.i370.i32.i32, i370 %layer17_out_read, i32 333, i32 369" [firmware/nnet_utils/nnet_activation_stream.h:44]   --->   Operation 13 'partselect' 'trunc_ln44_21' <Predicate = true> <Delay = 0.00>
ST_1 : Operation 14 [1/1] (1.53ns)   --->   "%icmp_ln51 = icmp_sgt  i37 %trunc_ln44, i37 0" [firmware/nnet_utils/nnet_activation_stream.h:51]   --->   Operation 14 'icmp' 'icmp_ln51' <Predicate = true> <Delay = 1.53> <CoreInst = "Cmp">   --->   Core 9 'Cmp' <Latency = 0> <II = 1> <Delay = 1.53> <FuncUnit> <Opcode : 'icmp'> <InPorts = 2> <OutPorts = 1>
ST_1 : Operation 15 [1/1] (0.00ns)   --->   "%out_data = partselect i16 @_ssdm_op_PartSelect.i16.i370.i32.i32, i370 %layer17_out_read, i32 10, i32 25" [firmware/nnet_utils/nnet_activation_stream.h:52]   --->   Operation 15 'partselect' 'out_data' <Predicate = true> <Delay = 0.00>
ST_1 : Operation 16 [1/1] (1.53ns)   --->   "%icmp_ln51_15 = icmp_sgt  i37 %trunc_ln44_s, i37 0" [firmware/nnet_utils/nnet_activation_stream.h:51]   --->   Operation 16 'icmp' 'icmp_ln51_15' <Predicate = true> <Delay = 1.53> <CoreInst = "Cmp">   --->   Core 9 'Cmp' <Latency = 0> <II = 1> <Delay = 1.53> <FuncUnit> <Opcode : 'icmp'> <InPorts = 2> <OutPorts = 1>
ST_1 : Operation 17 [1/1] (0.00ns)   --->   "%out_data_22 = partselect i16 @_ssdm_op_PartSelect.i16.i370.i32.i32, i370 %layer17_out_read, i32 47, i32 62" [firmware/nnet_utils/nnet_activation_stream.h:52]   --->   Operation 17 'partselect' 'out_data_22' <Predicate = true> <Delay = 0.00>
ST_1 : Operation 18 [1/1] (1.53ns)   --->   "%icmp_ln51_16 = icmp_sgt  i37 %trunc_ln44_14, i37 0" [firmware/nnet_utils/nnet_activation_stream.h:51]   --->   Operation 18 'icmp' 'icmp_ln51_16' <Predicate = true> <Delay = 1.53> <CoreInst = "Cmp">   --->   Core 9 'Cmp' <Latency = 0> <II = 1> <Delay = 1.53> <FuncUnit> <Opcode : 'icmp'> <InPorts = 2> <OutPorts = 1>
ST_1 : Operation 19 [1/1] (0.00ns)   --->   "%out_data_23 = partselect i16 @_ssdm_op_PartSelect.i16.i370.i32.i32, i370 %layer17_out_read, i32 84, i32 99" [firmware/nnet_utils/nnet_activation_stream.h:52]   --->   Operation 19 'partselect' 'out_data_23' <Predicate = true> <Delay = 0.00>
ST_1 : Operation 20 [1/1] (1.53ns)   --->   "%icmp_ln51_17 = icmp_sgt  i37 %trunc_ln44_15, i37 0" [firmware/nnet_utils/nnet_activation_stream.h:51]   --->   Operation 20 'icmp' 'icmp_ln51_17' <Predicate = true> <Delay = 1.53> <CoreInst = "Cmp">   --->   Core 9 'Cmp' <Latency = 0> <II = 1> <Delay = 1.53> <FuncUnit> <Opcode : 'icmp'> <InPorts = 2> <OutPorts = 1>
ST_1 : Operation 21 [1/1] (0.00ns)   --->   "%out_data_24 = partselect i16 @_ssdm_op_PartSelect.i16.i370.i32.i32, i370 %layer17_out_read, i32 121, i32 136" [firmware/nnet_utils/nnet_activation_stream.h:52]   --->   Operation 21 'partselect' 'out_data_24' <Predicate = true> <Delay = 0.00>
ST_1 : Operation 22 [1/1] (1.53ns)   --->   "%icmp_ln51_18 = icmp_sgt  i37 %trunc_ln44_16, i37 0" [firmware/nnet_utils/nnet_activation_stream.h:51]   --->   Operation 22 'icmp' 'icmp_ln51_18' <Predicate = true> <Delay = 1.53> <CoreInst = "Cmp">   --->   Core 9 'Cmp' <Latency = 0> <II = 1> <Delay = 1.53> <FuncUnit> <Opcode : 'icmp'> <InPorts = 2> <OutPorts = 1>
ST_1 : Operation 23 [1/1] (0.00ns)   --->   "%trunc_ln4 = partselect i16 @_ssdm_op_PartSelect.i16.i370.i32.i32, i370 %layer17_out_read, i32 158, i32 173" [firmware/nnet_utils/nnet_activation_stream.h:52]   --->   Operation 23 'partselect' 'trunc_ln4' <Predicate = true> <Delay = 0.00>
ST_1 : Operation 24 [1/1] (1.53ns)   --->   "%icmp_ln51_19 = icmp_sgt  i37 %trunc_ln44_17, i37 0" [firmware/nnet_utils/nnet_activation_stream.h:51]   --->   Operation 24 'icmp' 'icmp_ln51_19' <Predicate = true> <Delay = 1.53> <CoreInst = "Cmp">   --->   Core 9 'Cmp' <Latency = 0> <II = 1> <Delay = 1.53> <FuncUnit> <Opcode : 'icmp'> <InPorts = 2> <OutPorts = 1>
ST_1 : Operation 25 [1/1] (0.00ns)   --->   "%trunc_ln52_s = partselect i16 @_ssdm_op_PartSelect.i16.i370.i32.i32, i370 %layer17_out_read, i32 195, i32 210" [firmware/nnet_utils/nnet_activation_stream.h:52]   --->   Operation 25 'partselect' 'trunc_ln52_s' <Predicate = true> <Delay = 0.00>
ST_1 : Operation 26 [1/1] (1.53ns)   --->   "%icmp_ln51_20 = icmp_sgt  i37 %trunc_ln44_18, i37 0" [firmware/nnet_utils/nnet_activation_stream.h:51]   --->   Operation 26 'icmp' 'icmp_ln51_20' <Predicate = true> <Delay = 1.53> <CoreInst = "Cmp">   --->   Core 9 'Cmp' <Latency = 0> <II = 1> <Delay = 1.53> <FuncUnit> <Opcode : 'icmp'> <InPorts = 2> <OutPorts = 1>
ST_1 : Operation 27 [1/1] (0.00ns)   --->   "%trunc_ln52_1 = partselect i16 @_ssdm_op_PartSelect.i16.i370.i32.i32, i370 %layer17_out_read, i32 232, i32 247" [firmware/nnet_utils/nnet_activation_stream.h:52]   --->   Operation 27 'partselect' 'trunc_ln52_1' <Predicate = true> <Delay = 0.00>
ST_1 : Operation 28 [1/1] (1.53ns)   --->   "%icmp_ln51_21 = icmp_sgt  i37 %trunc_ln44_19, i37 0" [firmware/nnet_utils/nnet_activation_stream.h:51]   --->   Operation 28 'icmp' 'icmp_ln51_21' <Predicate = true> <Delay = 1.53> <CoreInst = "Cmp">   --->   Core 9 'Cmp' <Latency = 0> <II = 1> <Delay = 1.53> <FuncUnit> <Opcode : 'icmp'> <InPorts = 2> <OutPorts = 1>
ST_1 : Operation 29 [1/1] (0.00ns)   --->   "%trunc_ln52_2 = partselect i16 @_ssdm_op_PartSelect.i16.i370.i32.i32, i370 %layer17_out_read, i32 269, i32 284" [firmware/nnet_utils/nnet_activation_stream.h:52]   --->   Operation 29 'partselect' 'trunc_ln52_2' <Predicate = true> <Delay = 0.00>
ST_1 : Operation 30 [1/1] (1.53ns)   --->   "%icmp_ln51_22 = icmp_sgt  i37 %trunc_ln44_20, i37 0" [firmware/nnet_utils/nnet_activation_stream.h:51]   --->   Operation 30 'icmp' 'icmp_ln51_22' <Predicate = true> <Delay = 1.53> <CoreInst = "Cmp">   --->   Core 9 'Cmp' <Latency = 0> <II = 1> <Delay = 1.53> <FuncUnit> <Opcode : 'icmp'> <InPorts = 2> <OutPorts = 1>
ST_1 : Operation 31 [1/1] (0.00ns)   --->   "%trunc_ln52_3 = partselect i16 @_ssdm_op_PartSelect.i16.i370.i32.i32, i370 %layer17_out_read, i32 306, i32 321" [firmware/nnet_utils/nnet_activation_stream.h:52]   --->   Operation 31 'partselect' 'trunc_ln52_3' <Predicate = true> <Delay = 0.00>
ST_1 : Operation 32 [1/1] (1.53ns)   --->   "%icmp_ln51_23 = icmp_sgt  i37 %trunc_ln44_21, i37 0" [firmware/nnet_utils/nnet_activation_stream.h:51]   --->   Operation 32 'icmp' 'icmp_ln51_23' <Predicate = true> <Delay = 1.53> <CoreInst = "Cmp">   --->   Core 9 'Cmp' <Latency = 0> <II = 1> <Delay = 1.53> <FuncUnit> <Opcode : 'icmp'> <InPorts = 2> <OutPorts = 1>
ST_1 : Operation 33 [1/1] (0.00ns)   --->   "%trunc_ln52_4 = partselect i16 @_ssdm_op_PartSelect.i16.i370.i32.i32, i370 %layer17_out_read, i32 343, i32 358" [firmware/nnet_utils/nnet_activation_stream.h:52]   --->   Operation 33 'partselect' 'trunc_ln52_4' <Predicate = true> <Delay = 0.00>

State 2 <SV = 1> <Delay = 2.23>
ST_2 : Operation 34 [1/1] (0.00ns)   --->   "%specinterface_ln0 = specinterface void @_ssdm_op_SpecInterface, i160 %layer18_out, void @empty_2, i32 0, i32 0, void @empty_1, i32 0, i32 0, void @empty_1, void @empty_1, void @empty_1, i32 0, i32 0, i32 0, i32 0, void @empty_1, void @empty_1, i32 4294967295, i32 0"   --->   Operation 34 'specinterface' 'specinterface_ln0' <Predicate = true> <Delay = 0.00>
ST_2 : Operation 35 [1/1] (0.00ns)   --->   "%specinterface_ln0 = specinterface void @_ssdm_op_SpecInterface, i370 %layer17_out, void @empty_2, i32 0, i32 0, void @empty_1, i32 0, i32 0, void @empty_1, void @empty_1, void @empty_1, i32 0, i32 0, i32 0, i32 0, void @empty_1, void @empty_1, i32 4294967295, i32 0"   --->   Operation 35 'specinterface' 'specinterface_ln0' <Predicate = true> <Delay = 0.00>
ST_2 : Operation 36 [1/1] (0.41ns)   --->   "%select_ln51 = select i1 %icmp_ln51, i16 %out_data, i16 0" [firmware/nnet_utils/nnet_activation_stream.h:51]   --->   Operation 36 'select' 'select_ln51' <Predicate = true> <Delay = 0.41> <CoreInst = "Sel">   --->   Core 73 'Sel' <Latency = 0> <II = 1> <Delay = 0.41> <FuncUnit> <Opcode : 'select'> <InPorts = 3> <OutPorts = 1>
ST_2 : Operation 37 [1/1] (0.41ns)   --->   "%select_ln51_15 = select i1 %icmp_ln51_15, i16 %out_data_22, i16 0" [firmware/nnet_utils/nnet_activation_stream.h:51]   --->   Operation 37 'select' 'select_ln51_15' <Predicate = true> <Delay = 0.41> <CoreInst = "Sel">   --->   Core 73 'Sel' <Latency = 0> <II = 1> <Delay = 0.41> <FuncUnit> <Opcode : 'select'> <InPorts = 3> <OutPorts = 1>
ST_2 : Operation 38 [1/1] (0.41ns)   --->   "%select_ln51_16 = select i1 %icmp_ln51_16, i16 %out_data_23, i16 0" [firmware/nnet_utils/nnet_activation_stream.h:51]   --->   Operation 38 'select' 'select_ln51_16' <Predicate = true> <Delay = 0.41> <CoreInst = "Sel">   --->   Core 73 'Sel' <Latency = 0> <II = 1> <Delay = 0.41> <FuncUnit> <Opcode : 'select'> <InPorts = 3> <OutPorts = 1>
ST_2 : Operation 39 [1/1] (0.41ns)   --->   "%select_ln51_17 = select i1 %icmp_ln51_17, i16 %out_data_24, i16 0" [firmware/nnet_utils/nnet_activation_stream.h:51]   --->   Operation 39 'select' 'select_ln51_17' <Predicate = true> <Delay = 0.41> <CoreInst = "Sel">   --->   Core 73 'Sel' <Latency = 0> <II = 1> <Delay = 0.41> <FuncUnit> <Opcode : 'select'> <InPorts = 3> <OutPorts = 1>
ST_2 : Operation 40 [1/1] (0.41ns)   --->   "%select_ln51_18 = select i1 %icmp_ln51_18, i16 %trunc_ln4, i16 0" [firmware/nnet_utils/nnet_activation_stream.h:51]   --->   Operation 40 'select' 'select_ln51_18' <Predicate = true> <Delay = 0.41> <CoreInst = "Sel">   --->   Core 73 'Sel' <Latency = 0> <II = 1> <Delay = 0.41> <FuncUnit> <Opcode : 'select'> <InPorts = 3> <OutPorts = 1>
ST_2 : Operation 41 [1/1] (0.41ns)   --->   "%select_ln51_19 = select i1 %icmp_ln51_19, i16 %trunc_ln52_s, i16 0" [firmware/nnet_utils/nnet_activation_stream.h:51]   --->   Operation 41 'select' 'select_ln51_19' <Predicate = true> <Delay = 0.41> <CoreInst = "Sel">   --->   Core 73 'Sel' <Latency = 0> <II = 1> <Delay = 0.41> <FuncUnit> <Opcode : 'select'> <InPorts = 3> <OutPorts = 1>
ST_2 : Operation 42 [1/1] (0.41ns)   --->   "%select_ln51_20 = select i1 %icmp_ln51_20, i16 %trunc_ln52_1, i16 0" [firmware/nnet_utils/nnet_activation_stream.h:51]   --->   Operation 42 'select' 'select_ln51_20' <Predicate = true> <Delay = 0.41> <CoreInst = "Sel">   --->   Core 73 'Sel' <Latency = 0> <II = 1> <Delay = 0.41> <FuncUnit> <Opcode : 'select'> <InPorts = 3> <OutPorts = 1>
ST_2 : Operation 43 [1/1] (0.41ns)   --->   "%select_ln51_21 = select i1 %icmp_ln51_21, i16 %trunc_ln52_2, i16 0" [firmware/nnet_utils/nnet_activation_stream.h:51]   --->   Operation 43 'select' 'select_ln51_21' <Predicate = true> <Delay = 0.41> <CoreInst = "Sel">   --->   Core 73 'Sel' <Latency = 0> <II = 1> <Delay = 0.41> <FuncUnit> <Opcode : 'select'> <InPorts = 3> <OutPorts = 1>
ST_2 : Operation 44 [1/1] (0.41ns)   --->   "%select_ln51_22 = select i1 %icmp_ln51_22, i16 %trunc_ln52_3, i16 0" [firmware/nnet_utils/nnet_activation_stream.h:51]   --->   Operation 44 'select' 'select_ln51_22' <Predicate = true> <Delay = 0.41> <CoreInst = "Sel">   --->   Core 73 'Sel' <Latency = 0> <II = 1> <Delay = 0.41> <FuncUnit> <Opcode : 'select'> <InPorts = 3> <OutPorts = 1>
ST_2 : Operation 45 [1/1] (0.41ns)   --->   "%select_ln51_23 = select i1 %icmp_ln51_23, i16 %trunc_ln52_4, i16 0" [firmware/nnet_utils/nnet_activation_stream.h:51]   --->   Operation 45 'select' 'select_ln51_23' <Predicate = true> <Delay = 0.41> <CoreInst = "Sel">   --->   Core 73 'Sel' <Latency = 0> <II = 1> <Delay = 0.41> <FuncUnit> <Opcode : 'select'> <InPorts = 3> <OutPorts = 1>
ST_2 : Operation 46 [1/1] (0.00ns)   --->   "%p_s = bitconcatenate i160 @_ssdm_op_BitConcatenate.i160.i16.i16.i16.i16.i16.i16.i16.i16.i16.i16, i16 %select_ln51_23, i16 %select_ln51_22, i16 %select_ln51_21, i16 %select_ln51_20, i16 %select_ln51_19, i16 %select_ln51_18, i16 %select_ln51_17, i16 %select_ln51_16, i16 %select_ln51_15, i16 %select_ln51" [firmware/nnet_utils/nnet_activation_stream.h:57]   --->   Operation 46 'bitconcatenate' 'p_s' <Predicate = true> <Delay = 0.00>
ST_2 : Operation 47 [1/1] (1.82ns)   --->   "%write_ln57 = write void @_ssdm_op_Write.ap_fifo.volatile.i160P0A, i160 %layer18_out, i160 %p_s" [firmware/nnet_utils/nnet_activation_stream.h:57]   --->   Operation 47 'write' 'write_ln57' <Predicate = true> <Delay = 1.82> <CoreInst = "FIFO_SRL">   --->   Core 81 'FIFO_SRL' <Latency = 0> <II = 1> <Delay = 2.26> <Storage> <Opcode : 'read' 'write' 'nbread' 'nbwrite'> <Ports = 0> <Width = 160> <Depth = 1> <FIFO>
ST_2 : Operation 48 [1/1] (0.00ns)   --->   "%ret_ln59 = ret" [firmware/nnet_utils/nnet_activation_stream.h:59]   --->   Operation 48 'ret' 'ret_ln59' <Predicate = true> <Delay = 0.00>


============================================================
+ Verbose Summary: Binding
============================================================
STG Binding: 
---------------- STG Properties BEGIN ----------------
- Is combinational: 0
- Is one-state seq: 0
- Is datapath-only: 0
- Is pipelined: 0
- Is top level: 0
Port [ Return ] is wired: 1; IO mode=ap_ctrl_hs:ce=0
Port [ layer17_out]:  wired=1; compound=1; hidden=0; nouse=0; global=0; static=0; extern=0; dir=0; type=3; pingpong=0; private_global=0; IO mode=ap_fifo:ce=0
Port [ layer18_out]:  wired=1; compound=1; hidden=0; nouse=0; global=0; static=0; extern=0; dir=1; type=3; pingpong=0; private_global=0; IO mode=ap_fifo:ce=0
---------------- STG Properties END ------------------

---------------- Datapath Model BEGIN ----------------

<LifeTime>
<method=bitvector/>
layer17_out_read  (read          ) [ 000]
trunc_ln44        (trunc         ) [ 000]
trunc_ln44_s      (partselect    ) [ 000]
trunc_ln44_14     (partselect    ) [ 000]
trunc_ln44_15     (partselect    ) [ 000]
trunc_ln44_16     (partselect    ) [ 000]
trunc_ln44_17     (partselect    ) [ 000]
trunc_ln44_18     (partselect    ) [ 000]
trunc_ln44_19     (partselect    ) [ 000]
trunc_ln44_20     (partselect    ) [ 000]
trunc_ln44_21     (partselect    ) [ 000]
icmp_ln51         (icmp          ) [ 001]
out_data          (partselect    ) [ 001]
icmp_ln51_15      (icmp          ) [ 001]
out_data_22       (partselect    ) [ 001]
icmp_ln51_16      (icmp          ) [ 001]
out_data_23       (partselect    ) [ 001]
icmp_ln51_17      (icmp          ) [ 001]
out_data_24       (partselect    ) [ 001]
icmp_ln51_18      (icmp          ) [ 001]
trunc_ln4         (partselect    ) [ 001]
icmp_ln51_19      (icmp          ) [ 001]
trunc_ln52_s      (partselect    ) [ 001]
icmp_ln51_20      (icmp          ) [ 001]
trunc_ln52_1      (partselect    ) [ 001]
icmp_ln51_21      (icmp          ) [ 001]
trunc_ln52_2      (partselect    ) [ 001]
icmp_ln51_22      (icmp          ) [ 001]
trunc_ln52_3      (partselect    ) [ 001]
icmp_ln51_23      (icmp          ) [ 001]
trunc_ln52_4      (partselect    ) [ 001]
specinterface_ln0 (specinterface ) [ 000]
specinterface_ln0 (specinterface ) [ 000]
select_ln51       (select        ) [ 000]
select_ln51_15    (select        ) [ 000]
select_ln51_16    (select        ) [ 000]
select_ln51_17    (select        ) [ 000]
select_ln51_18    (select        ) [ 000]
select_ln51_19    (select        ) [ 000]
select_ln51_20    (select        ) [ 000]
select_ln51_21    (select        ) [ 000]
select_ln51_22    (select        ) [ 000]
select_ln51_23    (select        ) [ 000]
p_s               (bitconcatenate) [ 000]
write_ln57        (write         ) [ 000]
ret_ln59          (ret           ) [ 000]
</LifeTime>

<model>

<comp_list>
<comp id="0" class="1000" name="layer17_out">
<pin_list>
<pin id="1" dir="1" index="0" bw="1" slack="0"/>
</pin_list>
<bind>
<StgValue><ssdm name="layer17_out"/></StgValue>
</bind>
</comp>

<comp id="2" class="1000" name="layer18_out">
<pin_list>
<pin id="3" dir="1" index="0" bw="1" slack="0"/>
</pin_list>
<bind>
<StgValue><ssdm name="layer18_out"/></StgValue>
</bind>
</comp>

<comp id="4" class="1001" name="const_4">
<pin_list>
<pin id="5" dir="1" index="0" bw="1" slack="0"/>
</pin_list>
<bind>
<StgValue><ssdm name="_ssdm_op_Read.ap_fifo.volatile.i370P0A"/></StgValue>
</bind>
</comp>

<comp id="6" class="1001" name="const_6">
<pin_list>
<pin id="7" dir="1" index="0" bw="1" slack="0"/>
</pin_list>
<bind>
<StgValue><ssdm name="_ssdm_op_PartSelect.i37.i370.i32.i32"/></StgValue>
</bind>
</comp>

<comp id="8" class="1001" name="const_8">
<pin_list>
<pin id="9" dir="1" index="0" bw="1" slack="0"/>
</pin_list>
<bind>
<StgValue><ssdm name=""/></StgValue>
</bind>
</comp>

<comp id="10" class="1001" name="const_10">
<pin_list>
<pin id="11" dir="1" index="0" bw="1" slack="0"/>
</pin_list>
<bind>
<StgValue><ssdm name=""/></StgValue>
</bind>
</comp>

<comp id="12" class="1001" name="const_12">
<pin_list>
<pin id="13" dir="1" index="0" bw="1" slack="0"/>
</pin_list>
<bind>
<StgValue><ssdm name=""/></StgValue>
</bind>
</comp>

<comp id="14" class="1001" name="const_14">
<pin_list>
<pin id="15" dir="1" index="0" bw="1" slack="0"/>
</pin_list>
<bind>
<StgValue><ssdm name=""/></StgValue>
</bind>
</comp>

<comp id="16" class="1001" name="const_16">
<pin_list>
<pin id="17" dir="1" index="0" bw="1" slack="0"/>
</pin_list>
<bind>
<StgValue><ssdm name=""/></StgValue>
</bind>
</comp>

<comp id="18" class="1001" name="const_18">
<pin_list>
<pin id="19" dir="1" index="0" bw="1" slack="0"/>
</pin_list>
<bind>
<StgValue><ssdm name=""/></StgValue>
</bind>
</comp>

<comp id="20" class="1001" name="const_20">
<pin_list>
<pin id="21" dir="1" index="0" bw="1" slack="0"/>
</pin_list>
<bind>
<StgValue><ssdm name=""/></StgValue>
</bind>
</comp>

<comp id="22" class="1001" name="const_22">
<pin_list>
<pin id="23" dir="1" index="0" bw="1" slack="0"/>
</pin_list>
<bind>
<StgValue><ssdm name=""/></StgValue>
</bind>
</comp>

<comp id="24" class="1001" name="const_24">
<pin_list>
<pin id="25" dir="1" index="0" bw="1" slack="0"/>
</pin_list>
<bind>
<StgValue><ssdm name=""/></StgValue>
</bind>
</comp>

<comp id="26" class="1001" name="const_26">
<pin_list>
<pin id="27" dir="1" index="0" bw="1" slack="0"/>
</pin_list>
<bind>
<StgValue><ssdm name=""/></StgValue>
</bind>
</comp>

<comp id="28" class="1001" name="const_28">
<pin_list>
<pin id="29" dir="1" index="0" bw="1" slack="0"/>
</pin_list>
<bind>
<StgValue><ssdm name=""/></StgValue>
</bind>
</comp>

<comp id="30" class="1001" name="const_30">
<pin_list>
<pin id="31" dir="1" index="0" bw="1" slack="0"/>
</pin_list>
<bind>
<StgValue><ssdm name=""/></StgValue>
</bind>
</comp>

<comp id="32" class="1001" name="const_32">
<pin_list>
<pin id="33" dir="1" index="0" bw="1" slack="0"/>
</pin_list>
<bind>
<StgValue><ssdm name=""/></StgValue>
</bind>
</comp>

<comp id="34" class="1001" name="const_34">
<pin_list>
<pin id="35" dir="1" index="0" bw="1" slack="0"/>
</pin_list>
<bind>
<StgValue><ssdm name=""/></StgValue>
</bind>
</comp>

<comp id="36" class="1001" name="const_36">
<pin_list>
<pin id="37" dir="1" index="0" bw="1" slack="0"/>
</pin_list>
<bind>
<StgValue><ssdm name=""/></StgValue>
</bind>
</comp>

<comp id="38" class="1001" name="const_38">
<pin_list>
<pin id="39" dir="1" index="0" bw="1" slack="0"/>
</pin_list>
<bind>
<StgValue><ssdm name=""/></StgValue>
</bind>
</comp>

<comp id="40" class="1001" name="const_40">
<pin_list>
<pin id="41" dir="1" index="0" bw="1" slack="0"/>
</pin_list>
<bind>
<StgValue><ssdm name=""/></StgValue>
</bind>
</comp>

<comp id="42" class="1001" name="const_42">
<pin_list>
<pin id="43" dir="1" index="0" bw="1" slack="0"/>
</pin_list>
<bind>
<StgValue><ssdm name=""/></StgValue>
</bind>
</comp>

<comp id="44" class="1001" name="const_44">
<pin_list>
<pin id="45" dir="1" index="0" bw="1" slack="0"/>
</pin_list>
<bind>
<StgValue><ssdm name=""/></StgValue>
</bind>
</comp>

<comp id="46" class="1001" name="const_46">
<pin_list>
<pin id="47" dir="1" index="0" bw="1" slack="0"/>
</pin_list>
<bind>
<StgValue><ssdm name="_ssdm_op_PartSelect.i16.i370.i32.i32"/></StgValue>
</bind>
</comp>

<comp id="48" class="1001" name="const_48">
<pin_list>
<pin id="49" dir="1" index="0" bw="1" slack="0"/>
</pin_list>
<bind>
<StgValue><ssdm name=""/></StgValue>
</bind>
</comp>

<comp id="50" class="1001" name="const_50">
<pin_list>
<pin id="51" dir="1" index="0" bw="1" slack="0"/>
</pin_list>
<bind>
<StgValue><ssdm name=""/></StgValue>
</bind>
</comp>

<comp id="52" class="1001" name="const_52">
<pin_list>
<pin id="53" dir="1" index="0" bw="1" slack="0"/>
</pin_list>
<bind>
<StgValue><ssdm name=""/></StgValue>
</bind>
</comp>

<comp id="54" class="1001" name="const_54">
<pin_list>
<pin id="55" dir="1" index="0" bw="1" slack="0"/>
</pin_list>
<bind>
<StgValue><ssdm name=""/></StgValue>
</bind>
</comp>

<comp id="56" class="1001" name="const_56">
<pin_list>
<pin id="57" dir="1" index="0" bw="1" slack="0"/>
</pin_list>
<bind>
<StgValue><ssdm name=""/></StgValue>
</bind>
</comp>

<comp id="58" class="1001" name="const_58">
<pin_list>
<pin id="59" dir="1" index="0" bw="1" slack="0"/>
</pin_list>
<bind>
<StgValue><ssdm name=""/></StgValue>
</bind>
</comp>

<comp id="60" class="1001" name="const_60">
<pin_list>
<pin id="61" dir="1" index="0" bw="1" slack="0"/>
</pin_list>
<bind>
<StgValue><ssdm name=""/></StgValue>
</bind>
</comp>

<comp id="62" class="1001" name="const_62">
<pin_list>
<pin id="63" dir="1" index="0" bw="1" slack="0"/>
</pin_list>
<bind>
<StgValue><ssdm name=""/></StgValue>
</bind>
</comp>

<comp id="64" class="1001" name="const_64">
<pin_list>
<pin id="65" dir="1" index="0" bw="1" slack="0"/>
</pin_list>
<bind>
<StgValue><ssdm name=""/></StgValue>
</bind>
</comp>

<comp id="66" class="1001" name="const_66">
<pin_list>
<pin id="67" dir="1" index="0" bw="1" slack="0"/>
</pin_list>
<bind>
<StgValue><ssdm name=""/></StgValue>
</bind>
</comp>

<comp id="68" class="1001" name="const_68">
<pin_list>
<pin id="69" dir="1" index="0" bw="1" slack="0"/>
</pin_list>
<bind>
<StgValue><ssdm name=""/></StgValue>
</bind>
</comp>

<comp id="70" class="1001" name="const_70">
<pin_list>
<pin id="71" dir="1" index="0" bw="1" slack="0"/>
</pin_list>
<bind>
<StgValue><ssdm name=""/></StgValue>
</bind>
</comp>

<comp id="72" class="1001" name="const_72">
<pin_list>
<pin id="73" dir="1" index="0" bw="1" slack="0"/>
</pin_list>
<bind>
<StgValue><ssdm name=""/></StgValue>
</bind>
</comp>

<comp id="74" class="1001" name="const_74">
<pin_list>
<pin id="75" dir="1" index="0" bw="1" slack="0"/>
</pin_list>
<bind>
<StgValue><ssdm name=""/></StgValue>
</bind>
</comp>

<comp id="76" class="1001" name="const_76">
<pin_list>
<pin id="77" dir="1" index="0" bw="1" slack="0"/>
</pin_list>
<bind>
<StgValue><ssdm name=""/></StgValue>
</bind>
</comp>

<comp id="78" class="1001" name="const_78">
<pin_list>
<pin id="79" dir="1" index="0" bw="1" slack="0"/>
</pin_list>
<bind>
<StgValue><ssdm name=""/></StgValue>
</bind>
</comp>

<comp id="80" class="1001" name="const_80">
<pin_list>
<pin id="81" dir="1" index="0" bw="1" slack="0"/>
</pin_list>
<bind>
<StgValue><ssdm name=""/></StgValue>
</bind>
</comp>

<comp id="82" class="1001" name="const_82">
<pin_list>
<pin id="83" dir="1" index="0" bw="1" slack="0"/>
</pin_list>
<bind>
<StgValue><ssdm name=""/></StgValue>
</bind>
</comp>

<comp id="84" class="1001" name="const_84">
<pin_list>
<pin id="85" dir="1" index="0" bw="1" slack="0"/>
</pin_list>
<bind>
<StgValue><ssdm name=""/></StgValue>
</bind>
</comp>

<comp id="86" class="1001" name="const_86">
<pin_list>
<pin id="87" dir="1" index="0" bw="1" slack="0"/>
</pin_list>
<bind>
<StgValue><ssdm name=""/></StgValue>
</bind>
</comp>

<comp id="88" class="1001" name="const_88">
<pin_list>
<pin id="89" dir="1" index="0" bw="1" slack="2147483647"/>
</pin_list>
<bind>
<StgValue><ssdm name="_ssdm_op_SpecInterface"/></StgValue>
</bind>
</comp>

<comp id="90" class="1001" name="const_90">
<pin_list>
<pin id="91" dir="1" index="0" bw="1" slack="2147483647"/>
</pin_list>
<bind>
<StgValue><ssdm name="empty_2"/></StgValue>
</bind>
</comp>

<comp id="92" class="1001" name="const_92">
<pin_list>
<pin id="93" dir="1" index="0" bw="1" slack="2147483647"/>
</pin_list>
<bind>
<StgValue><ssdm name=""/></StgValue>
</bind>
</comp>

<comp id="94" class="1001" name="const_94">
<pin_list>
<pin id="95" dir="1" index="0" bw="1" slack="2147483647"/>
</pin_list>
<bind>
<StgValue><ssdm name="empty_1"/></StgValue>
</bind>
</comp>

<comp id="96" class="1001" name="const_96">
<pin_list>
<pin id="97" dir="1" index="0" bw="1" slack="2147483647"/>
</pin_list>
<bind>
<StgValue><ssdm name=""/></StgValue>
</bind>
</comp>

<comp id="98" class="1001" name="const_98">
<pin_list>
<pin id="99" dir="1" index="0" bw="1" slack="0"/>
</pin_list>
<bind>
<StgValue><ssdm name=""/></StgValue>
</bind>
</comp>

<comp id="100" class="1001" name="const_100">
<pin_list>
<pin id="101" dir="1" index="0" bw="1" slack="0"/>
</pin_list>
<bind>
<StgValue><ssdm name="_ssdm_op_BitConcatenate.i160.i16.i16.i16.i16.i16.i16.i16.i16.i16.i16"/></StgValue>
</bind>
</comp>

<comp id="102" class="1001" name="const_102">
<pin_list>
<pin id="103" dir="1" index="0" bw="1" slack="0"/>
</pin_list>
<bind>
<StgValue><ssdm name="_ssdm_op_Write.ap_fifo.volatile.i160P0A"/></StgValue>
</bind>
</comp>

<comp id="104" class="1004" name="layer17_out_read_read_fu_104">
<pin_list>
<pin id="105" dir="0" index="0" bw="370" slack="0"/>
<pin id="106" dir="0" index="1" bw="370" slack="0"/>
<pin id="107" dir="1" index="2" bw="370" slack="0"/>
</pin_list>
<bind>
<opcode="read(1150) " fcode="read"/>
<opset="layer17_out_read/1 "/>
</bind>
</comp>

<comp id="110" class="1004" name="write_ln57_write_fu_110">
<pin_list>
<pin id="111" dir="0" index="0" bw="0" slack="0"/>
<pin id="112" dir="0" index="1" bw="160" slack="0"/>
<pin id="113" dir="0" index="2" bw="160" slack="0"/>
<pin id="114" dir="1" index="3" bw="0" slack="2147483647"/>
</pin_list>
<bind>
<opcode="write(1151) " fcode="write"/>
<opset="write_ln57/2 "/>
</bind>
</comp>

<comp id="117" class="1004" name="trunc_ln44_fu_117">
<pin_list>
<pin id="118" dir="0" index="0" bw="370" slack="0"/>
<pin id="119" dir="1" index="1" bw="37" slack="0"/>
</pin_list>
<bind>
<opcode="trunc(33) " fcode="trunc"/>
<opset="trunc_ln44/1 "/>
</bind>
</comp>

<comp id="121" class="1004" name="trunc_ln44_s_fu_121">
<pin_list>
<pin id="122" dir="0" index="0" bw="37" slack="0"/>
<pin id="123" dir="0" index="1" bw="370" slack="0"/>
<pin id="124" dir="0" index="2" bw="7" slack="0"/>
<pin id="125" dir="0" index="3" bw="8" slack="0"/>
<pin id="126" dir="1" index="4" bw="37" slack="0"/>
</pin_list>
<bind>
<opcode="partselect(1002) " fcode="partselect"/>
<opset="trunc_ln44_s/1 "/>
</bind>
</comp>

<comp id="131" class="1004" name="trunc_ln44_14_fu_131">
<pin_list>
<pin id="132" dir="0" index="0" bw="37" slack="0"/>
<pin id="133" dir="0" index="1" bw="370" slack="0"/>
<pin id="134" dir="0" index="2" bw="8" slack="0"/>
<pin id="135" dir="0" index="3" bw="8" slack="0"/>
<pin id="136" dir="1" index="4" bw="37" slack="0"/>
</pin_list>
<bind>
<opcode="partselect(1002) " fcode="partselect"/>
<opset="trunc_ln44_14/1 "/>
</bind>
</comp>

<comp id="141" class="1004" name="trunc_ln44_15_fu_141">
<pin_list>
<pin id="142" dir="0" index="0" bw="37" slack="0"/>
<pin id="143" dir="0" index="1" bw="370" slack="0"/>
<pin id="144" dir="0" index="2" bw="8" slack="0"/>
<pin id="145" dir="0" index="3" bw="9" slack="0"/>
<pin id="146" dir="1" index="4" bw="37" slack="0"/>
</pin_list>
<bind>
<opcode="partselect(1002) " fcode="partselect"/>
<opset="trunc_ln44_15/1 "/>
</bind>
</comp>

<comp id="151" class="1004" name="trunc_ln44_16_fu_151">
<pin_list>
<pin id="152" dir="0" index="0" bw="37" slack="0"/>
<pin id="153" dir="0" index="1" bw="370" slack="0"/>
<pin id="154" dir="0" index="2" bw="9" slack="0"/>
<pin id="155" dir="0" index="3" bw="9" slack="0"/>
<pin id="156" dir="1" index="4" bw="37" slack="0"/>
</pin_list>
<bind>
<opcode="partselect(1002) " fcode="partselect"/>
<opset="trunc_ln44_16/1 "/>
</bind>
</comp>

<comp id="161" class="1004" name="trunc_ln44_17_fu_161">
<pin_list>
<pin id="162" dir="0" index="0" bw="37" slack="0"/>
<pin id="163" dir="0" index="1" bw="370" slack="0"/>
<pin id="164" dir="0" index="2" bw="9" slack="0"/>
<pin id="165" dir="0" index="3" bw="9" slack="0"/>
<pin id="166" dir="1" index="4" bw="37" slack="0"/>
</pin_list>
<bind>
<opcode="partselect(1002) " fcode="partselect"/>
<opset="trunc_ln44_17/1 "/>
</bind>
</comp>

<comp id="171" class="1004" name="trunc_ln44_18_fu_171">
<pin_list>
<pin id="172" dir="0" index="0" bw="37" slack="0"/>
<pin id="173" dir="0" index="1" bw="370" slack="0"/>
<pin id="174" dir="0" index="2" bw="9" slack="0"/>
<pin id="175" dir="0" index="3" bw="10" slack="0"/>
<pin id="176" dir="1" index="4" bw="37" slack="0"/>
</pin_list>
<bind>
<opcode="partselect(1002) " fcode="partselect"/>
<opset="trunc_ln44_18/1 "/>
</bind>
</comp>

<comp id="181" class="1004" name="trunc_ln44_19_fu_181">
<pin_list>
<pin id="182" dir="0" index="0" bw="37" slack="0"/>
<pin id="183" dir="0" index="1" bw="370" slack="0"/>
<pin id="184" dir="0" index="2" bw="10" slack="0"/>
<pin id="185" dir="0" index="3" bw="10" slack="0"/>
<pin id="186" dir="1" index="4" bw="37" slack="0"/>
</pin_list>
<bind>
<opcode="partselect(1002) " fcode="partselect"/>
<opset="trunc_ln44_19/1 "/>
</bind>
</comp>

<comp id="191" class="1004" name="trunc_ln44_20_fu_191">
<pin_list>
<pin id="192" dir="0" index="0" bw="37" slack="0"/>
<pin id="193" dir="0" index="1" bw="370" slack="0"/>
<pin id="194" dir="0" index="2" bw="10" slack="0"/>
<pin id="195" dir="0" index="3" bw="10" slack="0"/>
<pin id="196" dir="1" index="4" bw="37" slack="0"/>
</pin_list>
<bind>
<opcode="partselect(1002) " fcode="partselect"/>
<opset="trunc_ln44_20/1 "/>
</bind>
</comp>

<comp id="201" class="1004" name="trunc_ln44_21_fu_201">
<pin_list>
<pin id="202" dir="0" index="0" bw="37" slack="0"/>
<pin id="203" dir="0" index="1" bw="370" slack="0"/>
<pin id="204" dir="0" index="2" bw="10" slack="0"/>
<pin id="205" dir="0" index="3" bw="10" slack="0"/>
<pin id="206" dir="1" index="4" bw="37" slack="0"/>
</pin_list>
<bind>
<opcode="partselect(1002) " fcode="partselect"/>
<opset="trunc_ln44_21/1 "/>
</bind>
</comp>

<comp id="211" class="1004" name="icmp_ln51_fu_211">
<pin_list>
<pin id="212" dir="0" index="0" bw="37" slack="0"/>
<pin id="213" dir="0" index="1" bw="1" slack="0"/>
<pin id="214" dir="1" index="2" bw="1" slack="1"/>
</pin_list>
<bind>
<opcode="icmp(45) " fcode="icmp"/>
<opset="icmp_ln51/1 "/>
</bind>
</comp>

<comp id="217" class="1004" name="out_data_fu_217">
<pin_list>
<pin id="218" dir="0" index="0" bw="16" slack="0"/>
<pin id="219" dir="0" index="1" bw="370" slack="0"/>
<pin id="220" dir="0" index="2" bw="5" slack="0"/>
<pin id="221" dir="0" index="3" bw="6" slack="0"/>
<pin id="222" dir="1" index="4" bw="16" slack="1"/>
</pin_list>
<bind>
<opcode="partselect(1002) " fcode="partselect"/>
<opset="out_data/1 "/>
</bind>
</comp>

<comp id="227" class="1004" name="icmp_ln51_15_fu_227">
<pin_list>
<pin id="228" dir="0" index="0" bw="37" slack="0"/>
<pin id="229" dir="0" index="1" bw="1" slack="0"/>
<pin id="230" dir="1" index="2" bw="1" slack="1"/>
</pin_list>
<bind>
<opcode="icmp(45) " fcode="icmp"/>
<opset="icmp_ln51_15/1 "/>
</bind>
</comp>

<comp id="233" class="1004" name="out_data_22_fu_233">
<pin_list>
<pin id="234" dir="0" index="0" bw="16" slack="0"/>
<pin id="235" dir="0" index="1" bw="370" slack="0"/>
<pin id="236" dir="0" index="2" bw="7" slack="0"/>
<pin id="237" dir="0" index="3" bw="7" slack="0"/>
<pin id="238" dir="1" index="4" bw="16" slack="1"/>
</pin_list>
<bind>
<opcode="partselect(1002) " fcode="partselect"/>
<opset="out_data_22/1 "/>
</bind>
</comp>

<comp id="243" class="1004" name="icmp_ln51_16_fu_243">
<pin_list>
<pin id="244" dir="0" index="0" bw="37" slack="0"/>
<pin id="245" dir="0" index="1" bw="1" slack="0"/>
<pin id="246" dir="1" index="2" bw="1" slack="1"/>
</pin_list>
<bind>
<opcode="icmp(45) " fcode="icmp"/>
<opset="icmp_ln51_16/1 "/>
</bind>
</comp>

<comp id="249" class="1004" name="out_data_23_fu_249">
<pin_list>
<pin id="250" dir="0" index="0" bw="16" slack="0"/>
<pin id="251" dir="0" index="1" bw="370" slack="0"/>
<pin id="252" dir="0" index="2" bw="8" slack="0"/>
<pin id="253" dir="0" index="3" bw="8" slack="0"/>
<pin id="254" dir="1" index="4" bw="16" slack="1"/>
</pin_list>
<bind>
<opcode="partselect(1002) " fcode="partselect"/>
<opset="out_data_23/1 "/>
</bind>
</comp>

<comp id="259" class="1004" name="icmp_ln51_17_fu_259">
<pin_list>
<pin id="260" dir="0" index="0" bw="37" slack="0"/>
<pin id="261" dir="0" index="1" bw="1" slack="0"/>
<pin id="262" dir="1" index="2" bw="1" slack="1"/>
</pin_list>
<bind>
<opcode="icmp(45) " fcode="icmp"/>
<opset="icmp_ln51_17/1 "/>
</bind>
</comp>

<comp id="265" class="1004" name="out_data_24_fu_265">
<pin_list>
<pin id="266" dir="0" index="0" bw="16" slack="0"/>
<pin id="267" dir="0" index="1" bw="370" slack="0"/>
<pin id="268" dir="0" index="2" bw="8" slack="0"/>
<pin id="269" dir="0" index="3" bw="9" slack="0"/>
<pin id="270" dir="1" index="4" bw="16" slack="1"/>
</pin_list>
<bind>
<opcode="partselect(1002) " fcode="partselect"/>
<opset="out_data_24/1 "/>
</bind>
</comp>

<comp id="275" class="1004" name="icmp_ln51_18_fu_275">
<pin_list>
<pin id="276" dir="0" index="0" bw="37" slack="0"/>
<pin id="277" dir="0" index="1" bw="1" slack="0"/>
<pin id="278" dir="1" index="2" bw="1" slack="1"/>
</pin_list>
<bind>
<opcode="icmp(45) " fcode="icmp"/>
<opset="icmp_ln51_18/1 "/>
</bind>
</comp>

<comp id="281" class="1004" name="trunc_ln4_fu_281">
<pin_list>
<pin id="282" dir="0" index="0" bw="16" slack="0"/>
<pin id="283" dir="0" index="1" bw="370" slack="0"/>
<pin id="284" dir="0" index="2" bw="9" slack="0"/>
<pin id="285" dir="0" index="3" bw="9" slack="0"/>
<pin id="286" dir="1" index="4" bw="16" slack="1"/>
</pin_list>
<bind>
<opcode="partselect(1002) " fcode="partselect"/>
<opset="trunc_ln4/1 "/>
</bind>
</comp>

<comp id="291" class="1004" name="icmp_ln51_19_fu_291">
<pin_list>
<pin id="292" dir="0" index="0" bw="37" slack="0"/>
<pin id="293" dir="0" index="1" bw="1" slack="0"/>
<pin id="294" dir="1" index="2" bw="1" slack="1"/>
</pin_list>
<bind>
<opcode="icmp(45) " fcode="icmp"/>
<opset="icmp_ln51_19/1 "/>
</bind>
</comp>

<comp id="297" class="1004" name="trunc_ln52_s_fu_297">
<pin_list>
<pin id="298" dir="0" index="0" bw="16" slack="0"/>
<pin id="299" dir="0" index="1" bw="370" slack="0"/>
<pin id="300" dir="0" index="2" bw="9" slack="0"/>
<pin id="301" dir="0" index="3" bw="9" slack="0"/>
<pin id="302" dir="1" index="4" bw="16" slack="1"/>
</pin_list>
<bind>
<opcode="partselect(1002) " fcode="partselect"/>
<opset="trunc_ln52_s/1 "/>
</bind>
</comp>

<comp id="307" class="1004" name="icmp_ln51_20_fu_307">
<pin_list>
<pin id="308" dir="0" index="0" bw="37" slack="0"/>
<pin id="309" dir="0" index="1" bw="1" slack="0"/>
<pin id="310" dir="1" index="2" bw="1" slack="1"/>
</pin_list>
<bind>
<opcode="icmp(45) " fcode="icmp"/>
<opset="icmp_ln51_20/1 "/>
</bind>
</comp>

<comp id="313" class="1004" name="trunc_ln52_1_fu_313">
<pin_list>
<pin id="314" dir="0" index="0" bw="16" slack="0"/>
<pin id="315" dir="0" index="1" bw="370" slack="0"/>
<pin id="316" dir="0" index="2" bw="9" slack="0"/>
<pin id="317" dir="0" index="3" bw="9" slack="0"/>
<pin id="318" dir="1" index="4" bw="16" slack="1"/>
</pin_list>
<bind>
<opcode="partselect(1002) " fcode="partselect"/>
<opset="trunc_ln52_1/1 "/>
</bind>
</comp>

<comp id="323" class="1004" name="icmp_ln51_21_fu_323">
<pin_list>
<pin id="324" dir="0" index="0" bw="37" slack="0"/>
<pin id="325" dir="0" index="1" bw="1" slack="0"/>
<pin id="326" dir="1" index="2" bw="1" slack="1"/>
</pin_list>
<bind>
<opcode="icmp(45) " fcode="icmp"/>
<opset="icmp_ln51_21/1 "/>
</bind>
</comp>

<comp id="329" class="1004" name="trunc_ln52_2_fu_329">
<pin_list>
<pin id="330" dir="0" index="0" bw="16" slack="0"/>
<pin id="331" dir="0" index="1" bw="370" slack="0"/>
<pin id="332" dir="0" index="2" bw="10" slack="0"/>
<pin id="333" dir="0" index="3" bw="10" slack="0"/>
<pin id="334" dir="1" index="4" bw="16" slack="1"/>
</pin_list>
<bind>
<opcode="partselect(1002) " fcode="partselect"/>
<opset="trunc_ln52_2/1 "/>
</bind>
</comp>

<comp id="339" class="1004" name="icmp_ln51_22_fu_339">
<pin_list>
<pin id="340" dir="0" index="0" bw="37" slack="0"/>
<pin id="341" dir="0" index="1" bw="1" slack="0"/>
<pin id="342" dir="1" index="2" bw="1" slack="1"/>
</pin_list>
<bind>
<opcode="icmp(45) " fcode="icmp"/>
<opset="icmp_ln51_22/1 "/>
</bind>
</comp>

<comp id="345" class="1004" name="trunc_ln52_3_fu_345">
<pin_list>
<pin id="346" dir="0" index="0" bw="16" slack="0"/>
<pin id="347" dir="0" index="1" bw="370" slack="0"/>
<pin id="348" dir="0" index="2" bw="10" slack="0"/>
<pin id="349" dir="0" index="3" bw="10" slack="0"/>
<pin id="350" dir="1" index="4" bw="16" slack="1"/>
</pin_list>
<bind>
<opcode="partselect(1002) " fcode="partselect"/>
<opset="trunc_ln52_3/1 "/>
</bind>
</comp>

<comp id="355" class="1004" name="icmp_ln51_23_fu_355">
<pin_list>
<pin id="356" dir="0" index="0" bw="37" slack="0"/>
<pin id="357" dir="0" index="1" bw="1" slack="0"/>
<pin id="358" dir="1" index="2" bw="1" slack="1"/>
</pin_list>
<bind>
<opcode="icmp(45) " fcode="icmp"/>
<opset="icmp_ln51_23/1 "/>
</bind>
</comp>

<comp id="361" class="1004" name="trunc_ln52_4_fu_361">
<pin_list>
<pin id="362" dir="0" index="0" bw="16" slack="0"/>
<pin id="363" dir="0" index="1" bw="370" slack="0"/>
<pin id="364" dir="0" index="2" bw="10" slack="0"/>
<pin id="365" dir="0" index="3" bw="10" slack="0"/>
<pin id="366" dir="1" index="4" bw="16" slack="1"/>
</pin_list>
<bind>
<opcode="partselect(1002) " fcode="partselect"/>
<opset="trunc_ln52_4/1 "/>
</bind>
</comp>

<comp id="371" class="1004" name="select_ln51_fu_371">
<pin_list>
<pin id="372" dir="0" index="0" bw="1" slack="1"/>
<pin id="373" dir="0" index="1" bw="16" slack="1"/>
<pin id="374" dir="0" index="2" bw="1" slack="0"/>
<pin id="375" dir="1" index="3" bw="16" slack="0"/>
</pin_list>
<bind>
<opcode="select(49) " fcode="select"/>
<opset="select_ln51/2 "/>
</bind>
</comp>

<comp id="377" class="1004" name="select_ln51_15_fu_377">
<pin_list>
<pin id="378" dir="0" index="0" bw="1" slack="1"/>
<pin id="379" dir="0" index="1" bw="16" slack="1"/>
<pin id="380" dir="0" index="2" bw="1" slack="0"/>
<pin id="381" dir="1" index="3" bw="16" slack="0"/>
</pin_list>
<bind>
<opcode="select(49) " fcode="select"/>
<opset="select_ln51_15/2 "/>
</bind>
</comp>

<comp id="383" class="1004" name="select_ln51_16_fu_383">
<pin_list>
<pin id="384" dir="0" index="0" bw="1" slack="1"/>
<pin id="385" dir="0" index="1" bw="16" slack="1"/>
<pin id="386" dir="0" index="2" bw="1" slack="0"/>
<pin id="387" dir="1" index="3" bw="16" slack="0"/>
</pin_list>
<bind>
<opcode="select(49) " fcode="select"/>
<opset="select_ln51_16/2 "/>
</bind>
</comp>

<comp id="389" class="1004" name="select_ln51_17_fu_389">
<pin_list>
<pin id="390" dir="0" index="0" bw="1" slack="1"/>
<pin id="391" dir="0" index="1" bw="16" slack="1"/>
<pin id="392" dir="0" index="2" bw="1" slack="0"/>
<pin id="393" dir="1" index="3" bw="16" slack="0"/>
</pin_list>
<bind>
<opcode="select(49) " fcode="select"/>
<opset="select_ln51_17/2 "/>
</bind>
</comp>

<comp id="395" class="1004" name="select_ln51_18_fu_395">
<pin_list>
<pin id="396" dir="0" index="0" bw="1" slack="1"/>
<pin id="397" dir="0" index="1" bw="16" slack="1"/>
<pin id="398" dir="0" index="2" bw="1" slack="0"/>
<pin id="399" dir="1" index="3" bw="16" slack="0"/>
</pin_list>
<bind>
<opcode="select(49) " fcode="select"/>
<opset="select_ln51_18/2 "/>
</bind>
</comp>

<comp id="401" class="1004" name="select_ln51_19_fu_401">
<pin_list>
<pin id="402" dir="0" index="0" bw="1" slack="1"/>
<pin id="403" dir="0" index="1" bw="16" slack="1"/>
<pin id="404" dir="0" index="2" bw="1" slack="0"/>
<pin id="405" dir="1" index="3" bw="16" slack="0"/>
</pin_list>
<bind>
<opcode="select(49) " fcode="select"/>
<opset="select_ln51_19/2 "/>
</bind>
</comp>

<comp id="407" class="1004" name="select_ln51_20_fu_407">
<pin_list>
<pin id="408" dir="0" index="0" bw="1" slack="1"/>
<pin id="409" dir="0" index="1" bw="16" slack="1"/>
<pin id="410" dir="0" index="2" bw="1" slack="0"/>
<pin id="411" dir="1" index="3" bw="16" slack="0"/>
</pin_list>
<bind>
<opcode="select(49) " fcode="select"/>
<opset="select_ln51_20/2 "/>
</bind>
</comp>

<comp id="413" class="1004" name="select_ln51_21_fu_413">
<pin_list>
<pin id="414" dir="0" index="0" bw="1" slack="1"/>
<pin id="415" dir="0" index="1" bw="16" slack="1"/>
<pin id="416" dir="0" index="2" bw="1" slack="0"/>
<pin id="417" dir="1" index="3" bw="16" slack="0"/>
</pin_list>
<bind>
<opcode="select(49) " fcode="select"/>
<opset="select_ln51_21/2 "/>
</bind>
</comp>

<comp id="419" class="1004" name="select_ln51_22_fu_419">
<pin_list>
<pin id="420" dir="0" index="0" bw="1" slack="1"/>
<pin id="421" dir="0" index="1" bw="16" slack="1"/>
<pin id="422" dir="0" index="2" bw="1" slack="0"/>
<pin id="423" dir="1" index="3" bw="16" slack="0"/>
</pin_list>
<bind>
<opcode="select(49) " fcode="select"/>
<opset="select_ln51_22/2 "/>
</bind>
</comp>

<comp id="425" class="1004" name="select_ln51_23_fu_425">
<pin_list>
<pin id="426" dir="0" index="0" bw="1" slack="1"/>
<pin id="427" dir="0" index="1" bw="16" slack="1"/>
<pin id="428" dir="0" index="2" bw="1" slack="0"/>
<pin id="429" dir="1" index="3" bw="16" slack="0"/>
</pin_list>
<bind>
<opcode="select(49) " fcode="select"/>
<opset="select_ln51_23/2 "/>
</bind>
</comp>

<comp id="431" class="1004" name="p_s_fu_431">
<pin_list>
<pin id="432" dir="0" index="0" bw="160" slack="0"/>
<pin id="433" dir="0" index="1" bw="16" slack="0"/>
<pin id="434" dir="0" index="2" bw="16" slack="0"/>
<pin id="435" dir="0" index="3" bw="16" slack="0"/>
<pin id="436" dir="0" index="4" bw="16" slack="0"/>
<pin id="437" dir="0" index="5" bw="16" slack="0"/>
<pin id="438" dir="0" index="6" bw="16" slack="0"/>
<pin id="439" dir="0" index="7" bw="16" slack="0"/>
<pin id="440" dir="0" index="8" bw="16" slack="0"/>
<pin id="441" dir="0" index="9" bw="16" slack="0"/>
<pin id="442" dir="0" index="10" bw="16" slack="0"/>
<pin id="443" dir="1" index="11" bw="160" slack="0"/>
</pin_list>
<bind>
<opcode="bitconcatenate(1004) " fcode="bitconcatenate"/>
<opset="p_s/2 "/>
</bind>
</comp>

<comp id="456" class="1005" name="icmp_ln51_reg_456">
<pin_list>
<pin id="457" dir="0" index="0" bw="1" slack="1"/>
<pin id="458" dir="1" index="1" bw="1" slack="1"/>
</pin_list>
<bind>
<opset="icmp_ln51 "/>
</bind>
</comp>

<comp id="461" class="1005" name="out_data_reg_461">
<pin_list>
<pin id="462" dir="0" index="0" bw="16" slack="1"/>
<pin id="463" dir="1" index="1" bw="16" slack="1"/>
</pin_list>
<bind>
<opset="out_data "/>
</bind>
</comp>

<comp id="466" class="1005" name="icmp_ln51_15_reg_466">
<pin_list>
<pin id="467" dir="0" index="0" bw="1" slack="1"/>
<pin id="468" dir="1" index="1" bw="1" slack="1"/>
</pin_list>
<bind>
<opset="icmp_ln51_15 "/>
</bind>
</comp>

<comp id="471" class="1005" name="out_data_22_reg_471">
<pin_list>
<pin id="472" dir="0" index="0" bw="16" slack="1"/>
<pin id="473" dir="1" index="1" bw="16" slack="1"/>
</pin_list>
<bind>
<opset="out_data_22 "/>
</bind>
</comp>

<comp id="476" class="1005" name="icmp_ln51_16_reg_476">
<pin_list>
<pin id="477" dir="0" index="0" bw="1" slack="1"/>
<pin id="478" dir="1" index="1" bw="1" slack="1"/>
</pin_list>
<bind>
<opset="icmp_ln51_16 "/>
</bind>
</comp>

<comp id="481" class="1005" name="out_data_23_reg_481">
<pin_list>
<pin id="482" dir="0" index="0" bw="16" slack="1"/>
<pin id="483" dir="1" index="1" bw="16" slack="1"/>
</pin_list>
<bind>
<opset="out_data_23 "/>
</bind>
</comp>

<comp id="486" class="1005" name="icmp_ln51_17_reg_486">
<pin_list>
<pin id="487" dir="0" index="0" bw="1" slack="1"/>
<pin id="488" dir="1" index="1" bw="1" slack="1"/>
</pin_list>
<bind>
<opset="icmp_ln51_17 "/>
</bind>
</comp>

<comp id="491" class="1005" name="out_data_24_reg_491">
<pin_list>
<pin id="492" dir="0" index="0" bw="16" slack="1"/>
<pin id="493" dir="1" index="1" bw="16" slack="1"/>
</pin_list>
<bind>
<opset="out_data_24 "/>
</bind>
</comp>

<comp id="496" class="1005" name="icmp_ln51_18_reg_496">
<pin_list>
<pin id="497" dir="0" index="0" bw="1" slack="1"/>
<pin id="498" dir="1" index="1" bw="1" slack="1"/>
</pin_list>
<bind>
<opset="icmp_ln51_18 "/>
</bind>
</comp>

<comp id="501" class="1005" name="trunc_ln4_reg_501">
<pin_list>
<pin id="502" dir="0" index="0" bw="16" slack="1"/>
<pin id="503" dir="1" index="1" bw="16" slack="1"/>
</pin_list>
<bind>
<opset="trunc_ln4 "/>
</bind>
</comp>

<comp id="506" class="1005" name="icmp_ln51_19_reg_506">
<pin_list>
<pin id="507" dir="0" index="0" bw="1" slack="1"/>
<pin id="508" dir="1" index="1" bw="1" slack="1"/>
</pin_list>
<bind>
<opset="icmp_ln51_19 "/>
</bind>
</comp>

<comp id="511" class="1005" name="trunc_ln52_s_reg_511">
<pin_list>
<pin id="512" dir="0" index="0" bw="16" slack="1"/>
<pin id="513" dir="1" index="1" bw="16" slack="1"/>
</pin_list>
<bind>
<opset="trunc_ln52_s "/>
</bind>
</comp>

<comp id="516" class="1005" name="icmp_ln51_20_reg_516">
<pin_list>
<pin id="517" dir="0" index="0" bw="1" slack="1"/>
<pin id="518" dir="1" index="1" bw="1" slack="1"/>
</pin_list>
<bind>
<opset="icmp_ln51_20 "/>
</bind>
</comp>

<comp id="521" class="1005" name="trunc_ln52_1_reg_521">
<pin_list>
<pin id="522" dir="0" index="0" bw="16" slack="1"/>
<pin id="523" dir="1" index="1" bw="16" slack="1"/>
</pin_list>
<bind>
<opset="trunc_ln52_1 "/>
</bind>
</comp>

<comp id="526" class="1005" name="icmp_ln51_21_reg_526">
<pin_list>
<pin id="527" dir="0" index="0" bw="1" slack="1"/>
<pin id="528" dir="1" index="1" bw="1" slack="1"/>
</pin_list>
<bind>
<opset="icmp_ln51_21 "/>
</bind>
</comp>

<comp id="531" class="1005" name="trunc_ln52_2_reg_531">
<pin_list>
<pin id="532" dir="0" index="0" bw="16" slack="1"/>
<pin id="533" dir="1" index="1" bw="16" slack="1"/>
</pin_list>
<bind>
<opset="trunc_ln52_2 "/>
</bind>
</comp>

<comp id="536" class="1005" name="icmp_ln51_22_reg_536">
<pin_list>
<pin id="537" dir="0" index="0" bw="1" slack="1"/>
<pin id="538" dir="1" index="1" bw="1" slack="1"/>
</pin_list>
<bind>
<opset="icmp_ln51_22 "/>
</bind>
</comp>

<comp id="541" class="1005" name="trunc_ln52_3_reg_541">
<pin_list>
<pin id="542" dir="0" index="0" bw="16" slack="1"/>
<pin id="543" dir="1" index="1" bw="16" slack="1"/>
</pin_list>
<bind>
<opset="trunc_ln52_3 "/>
</bind>
</comp>

<comp id="546" class="1005" name="icmp_ln51_23_reg_546">
<pin_list>
<pin id="547" dir="0" index="0" bw="1" slack="1"/>
<pin id="548" dir="1" index="1" bw="1" slack="1"/>
</pin_list>
<bind>
<opset="icmp_ln51_23 "/>
</bind>
</comp>

<comp id="551" class="1005" name="trunc_ln52_4_reg_551">
<pin_list>
<pin id="552" dir="0" index="0" bw="16" slack="1"/>
<pin id="553" dir="1" index="1" bw="16" slack="1"/>
</pin_list>
<bind>
<opset="trunc_ln52_4 "/>
</bind>
</comp>

</comp_list>

<net_list>
<net id="108"><net_src comp="4" pin="0"/><net_sink comp="104" pin=0"/></net>

<net id="109"><net_src comp="0" pin="0"/><net_sink comp="104" pin=1"/></net>

<net id="115"><net_src comp="102" pin="0"/><net_sink comp="110" pin=0"/></net>

<net id="116"><net_src comp="2" pin="0"/><net_sink comp="110" pin=1"/></net>

<net id="120"><net_src comp="104" pin="2"/><net_sink comp="117" pin=0"/></net>

<net id="127"><net_src comp="6" pin="0"/><net_sink comp="121" pin=0"/></net>

<net id="128"><net_src comp="104" pin="2"/><net_sink comp="121" pin=1"/></net>

<net id="129"><net_src comp="8" pin="0"/><net_sink comp="121" pin=2"/></net>

<net id="130"><net_src comp="10" pin="0"/><net_sink comp="121" pin=3"/></net>

<net id="137"><net_src comp="6" pin="0"/><net_sink comp="131" pin=0"/></net>

<net id="138"><net_src comp="104" pin="2"/><net_sink comp="131" pin=1"/></net>

<net id="139"><net_src comp="12" pin="0"/><net_sink comp="131" pin=2"/></net>

<net id="140"><net_src comp="14" pin="0"/><net_sink comp="131" pin=3"/></net>

<net id="147"><net_src comp="6" pin="0"/><net_sink comp="141" pin=0"/></net>

<net id="148"><net_src comp="104" pin="2"/><net_sink comp="141" pin=1"/></net>

<net id="149"><net_src comp="16" pin="0"/><net_sink comp="141" pin=2"/></net>

<net id="150"><net_src comp="18" pin="0"/><net_sink comp="141" pin=3"/></net>

<net id="157"><net_src comp="6" pin="0"/><net_sink comp="151" pin=0"/></net>

<net id="158"><net_src comp="104" pin="2"/><net_sink comp="151" pin=1"/></net>

<net id="159"><net_src comp="20" pin="0"/><net_sink comp="151" pin=2"/></net>

<net id="160"><net_src comp="22" pin="0"/><net_sink comp="151" pin=3"/></net>

<net id="167"><net_src comp="6" pin="0"/><net_sink comp="161" pin=0"/></net>

<net id="168"><net_src comp="104" pin="2"/><net_sink comp="161" pin=1"/></net>

<net id="169"><net_src comp="24" pin="0"/><net_sink comp="161" pin=2"/></net>

<net id="170"><net_src comp="26" pin="0"/><net_sink comp="161" pin=3"/></net>

<net id="177"><net_src comp="6" pin="0"/><net_sink comp="171" pin=0"/></net>

<net id="178"><net_src comp="104" pin="2"/><net_sink comp="171" pin=1"/></net>

<net id="179"><net_src comp="28" pin="0"/><net_sink comp="171" pin=2"/></net>

<net id="180"><net_src comp="30" pin="0"/><net_sink comp="171" pin=3"/></net>

<net id="187"><net_src comp="6" pin="0"/><net_sink comp="181" pin=0"/></net>

<net id="188"><net_src comp="104" pin="2"/><net_sink comp="181" pin=1"/></net>

<net id="189"><net_src comp="32" pin="0"/><net_sink comp="181" pin=2"/></net>

<net id="190"><net_src comp="34" pin="0"/><net_sink comp="181" pin=3"/></net>

<net id="197"><net_src comp="6" pin="0"/><net_sink comp="191" pin=0"/></net>

<net id="198"><net_src comp="104" pin="2"/><net_sink comp="191" pin=1"/></net>

<net id="199"><net_src comp="36" pin="0"/><net_sink comp="191" pin=2"/></net>

<net id="200"><net_src comp="38" pin="0"/><net_sink comp="191" pin=3"/></net>

<net id="207"><net_src comp="6" pin="0"/><net_sink comp="201" pin=0"/></net>

<net id="208"><net_src comp="104" pin="2"/><net_sink comp="201" pin=1"/></net>

<net id="209"><net_src comp="40" pin="0"/><net_sink comp="201" pin=2"/></net>

<net id="210"><net_src comp="42" pin="0"/><net_sink comp="201" pin=3"/></net>

<net id="215"><net_src comp="117" pin="1"/><net_sink comp="211" pin=0"/></net>

<net id="216"><net_src comp="44" pin="0"/><net_sink comp="211" pin=1"/></net>

<net id="223"><net_src comp="46" pin="0"/><net_sink comp="217" pin=0"/></net>

<net id="224"><net_src comp="104" pin="2"/><net_sink comp="217" pin=1"/></net>

<net id="225"><net_src comp="48" pin="0"/><net_sink comp="217" pin=2"/></net>

<net id="226"><net_src comp="50" pin="0"/><net_sink comp="217" pin=3"/></net>

<net id="231"><net_src comp="121" pin="4"/><net_sink comp="227" pin=0"/></net>

<net id="232"><net_src comp="44" pin="0"/><net_sink comp="227" pin=1"/></net>

<net id="239"><net_src comp="46" pin="0"/><net_sink comp="233" pin=0"/></net>

<net id="240"><net_src comp="104" pin="2"/><net_sink comp="233" pin=1"/></net>

<net id="241"><net_src comp="52" pin="0"/><net_sink comp="233" pin=2"/></net>

<net id="242"><net_src comp="54" pin="0"/><net_sink comp="233" pin=3"/></net>

<net id="247"><net_src comp="131" pin="4"/><net_sink comp="243" pin=0"/></net>

<net id="248"><net_src comp="44" pin="0"/><net_sink comp="243" pin=1"/></net>

<net id="255"><net_src comp="46" pin="0"/><net_sink comp="249" pin=0"/></net>

<net id="256"><net_src comp="104" pin="2"/><net_sink comp="249" pin=1"/></net>

<net id="257"><net_src comp="56" pin="0"/><net_sink comp="249" pin=2"/></net>

<net id="258"><net_src comp="58" pin="0"/><net_sink comp="249" pin=3"/></net>

<net id="263"><net_src comp="141" pin="4"/><net_sink comp="259" pin=0"/></net>

<net id="264"><net_src comp="44" pin="0"/><net_sink comp="259" pin=1"/></net>

<net id="271"><net_src comp="46" pin="0"/><net_sink comp="265" pin=0"/></net>

<net id="272"><net_src comp="104" pin="2"/><net_sink comp="265" pin=1"/></net>

<net id="273"><net_src comp="60" pin="0"/><net_sink comp="265" pin=2"/></net>

<net id="274"><net_src comp="62" pin="0"/><net_sink comp="265" pin=3"/></net>

<net id="279"><net_src comp="151" pin="4"/><net_sink comp="275" pin=0"/></net>

<net id="280"><net_src comp="44" pin="0"/><net_sink comp="275" pin=1"/></net>

<net id="287"><net_src comp="46" pin="0"/><net_sink comp="281" pin=0"/></net>

<net id="288"><net_src comp="104" pin="2"/><net_sink comp="281" pin=1"/></net>

<net id="289"><net_src comp="64" pin="0"/><net_sink comp="281" pin=2"/></net>

<net id="290"><net_src comp="66" pin="0"/><net_sink comp="281" pin=3"/></net>

<net id="295"><net_src comp="161" pin="4"/><net_sink comp="291" pin=0"/></net>

<net id="296"><net_src comp="44" pin="0"/><net_sink comp="291" pin=1"/></net>

<net id="303"><net_src comp="46" pin="0"/><net_sink comp="297" pin=0"/></net>

<net id="304"><net_src comp="104" pin="2"/><net_sink comp="297" pin=1"/></net>

<net id="305"><net_src comp="68" pin="0"/><net_sink comp="297" pin=2"/></net>

<net id="306"><net_src comp="70" pin="0"/><net_sink comp="297" pin=3"/></net>

<net id="311"><net_src comp="171" pin="4"/><net_sink comp="307" pin=0"/></net>

<net id="312"><net_src comp="44" pin="0"/><net_sink comp="307" pin=1"/></net>

<net id="319"><net_src comp="46" pin="0"/><net_sink comp="313" pin=0"/></net>

<net id="320"><net_src comp="104" pin="2"/><net_sink comp="313" pin=1"/></net>

<net id="321"><net_src comp="72" pin="0"/><net_sink comp="313" pin=2"/></net>

<net id="322"><net_src comp="74" pin="0"/><net_sink comp="313" pin=3"/></net>

<net id="327"><net_src comp="181" pin="4"/><net_sink comp="323" pin=0"/></net>

<net id="328"><net_src comp="44" pin="0"/><net_sink comp="323" pin=1"/></net>

<net id="335"><net_src comp="46" pin="0"/><net_sink comp="329" pin=0"/></net>

<net id="336"><net_src comp="104" pin="2"/><net_sink comp="329" pin=1"/></net>

<net id="337"><net_src comp="76" pin="0"/><net_sink comp="329" pin=2"/></net>

<net id="338"><net_src comp="78" pin="0"/><net_sink comp="329" pin=3"/></net>

<net id="343"><net_src comp="191" pin="4"/><net_sink comp="339" pin=0"/></net>

<net id="344"><net_src comp="44" pin="0"/><net_sink comp="339" pin=1"/></net>

<net id="351"><net_src comp="46" pin="0"/><net_sink comp="345" pin=0"/></net>

<net id="352"><net_src comp="104" pin="2"/><net_sink comp="345" pin=1"/></net>

<net id="353"><net_src comp="80" pin="0"/><net_sink comp="345" pin=2"/></net>

<net id="354"><net_src comp="82" pin="0"/><net_sink comp="345" pin=3"/></net>

<net id="359"><net_src comp="201" pin="4"/><net_sink comp="355" pin=0"/></net>

<net id="360"><net_src comp="44" pin="0"/><net_sink comp="355" pin=1"/></net>

<net id="367"><net_src comp="46" pin="0"/><net_sink comp="361" pin=0"/></net>

<net id="368"><net_src comp="104" pin="2"/><net_sink comp="361" pin=1"/></net>

<net id="369"><net_src comp="84" pin="0"/><net_sink comp="361" pin=2"/></net>

<net id="370"><net_src comp="86" pin="0"/><net_sink comp="361" pin=3"/></net>

<net id="376"><net_src comp="98" pin="0"/><net_sink comp="371" pin=2"/></net>

<net id="382"><net_src comp="98" pin="0"/><net_sink comp="377" pin=2"/></net>

<net id="388"><net_src comp="98" pin="0"/><net_sink comp="383" pin=2"/></net>

<net id="394"><net_src comp="98" pin="0"/><net_sink comp="389" pin=2"/></net>

<net id="400"><net_src comp="98" pin="0"/><net_sink comp="395" pin=2"/></net>

<net id="406"><net_src comp="98" pin="0"/><net_sink comp="401" pin=2"/></net>

<net id="412"><net_src comp="98" pin="0"/><net_sink comp="407" pin=2"/></net>

<net id="418"><net_src comp="98" pin="0"/><net_sink comp="413" pin=2"/></net>

<net id="424"><net_src comp="98" pin="0"/><net_sink comp="419" pin=2"/></net>

<net id="430"><net_src comp="98" pin="0"/><net_sink comp="425" pin=2"/></net>

<net id="444"><net_src comp="100" pin="0"/><net_sink comp="431" pin=0"/></net>

<net id="445"><net_src comp="425" pin="3"/><net_sink comp="431" pin=1"/></net>

<net id="446"><net_src comp="419" pin="3"/><net_sink comp="431" pin=2"/></net>

<net id="447"><net_src comp="413" pin="3"/><net_sink comp="431" pin=3"/></net>

<net id="448"><net_src comp="407" pin="3"/><net_sink comp="431" pin=4"/></net>

<net id="449"><net_src comp="401" pin="3"/><net_sink comp="431" pin=5"/></net>

<net id="450"><net_src comp="395" pin="3"/><net_sink comp="431" pin=6"/></net>

<net id="451"><net_src comp="389" pin="3"/><net_sink comp="431" pin=7"/></net>

<net id="452"><net_src comp="383" pin="3"/><net_sink comp="431" pin=8"/></net>

<net id="453"><net_src comp="377" pin="3"/><net_sink comp="431" pin=9"/></net>

<net id="454"><net_src comp="371" pin="3"/><net_sink comp="431" pin=10"/></net>

<net id="455"><net_src comp="431" pin="11"/><net_sink comp="110" pin=2"/></net>

<net id="459"><net_src comp="211" pin="2"/><net_sink comp="456" pin=0"/></net>

<net id="460"><net_src comp="456" pin="1"/><net_sink comp="371" pin=0"/></net>

<net id="464"><net_src comp="217" pin="4"/><net_sink comp="461" pin=0"/></net>

<net id="465"><net_src comp="461" pin="1"/><net_sink comp="371" pin=1"/></net>

<net id="469"><net_src comp="227" pin="2"/><net_sink comp="466" pin=0"/></net>

<net id="470"><net_src comp="466" pin="1"/><net_sink comp="377" pin=0"/></net>

<net id="474"><net_src comp="233" pin="4"/><net_sink comp="471" pin=0"/></net>

<net id="475"><net_src comp="471" pin="1"/><net_sink comp="377" pin=1"/></net>

<net id="479"><net_src comp="243" pin="2"/><net_sink comp="476" pin=0"/></net>

<net id="480"><net_src comp="476" pin="1"/><net_sink comp="383" pin=0"/></net>

<net id="484"><net_src comp="249" pin="4"/><net_sink comp="481" pin=0"/></net>

<net id="485"><net_src comp="481" pin="1"/><net_sink comp="383" pin=1"/></net>

<net id="489"><net_src comp="259" pin="2"/><net_sink comp="486" pin=0"/></net>

<net id="490"><net_src comp="486" pin="1"/><net_sink comp="389" pin=0"/></net>

<net id="494"><net_src comp="265" pin="4"/><net_sink comp="491" pin=0"/></net>

<net id="495"><net_src comp="491" pin="1"/><net_sink comp="389" pin=1"/></net>

<net id="499"><net_src comp="275" pin="2"/><net_sink comp="496" pin=0"/></net>

<net id="500"><net_src comp="496" pin="1"/><net_sink comp="395" pin=0"/></net>

<net id="504"><net_src comp="281" pin="4"/><net_sink comp="501" pin=0"/></net>

<net id="505"><net_src comp="501" pin="1"/><net_sink comp="395" pin=1"/></net>

<net id="509"><net_src comp="291" pin="2"/><net_sink comp="506" pin=0"/></net>

<net id="510"><net_src comp="506" pin="1"/><net_sink comp="401" pin=0"/></net>

<net id="514"><net_src comp="297" pin="4"/><net_sink comp="511" pin=0"/></net>

<net id="515"><net_src comp="511" pin="1"/><net_sink comp="401" pin=1"/></net>

<net id="519"><net_src comp="307" pin="2"/><net_sink comp="516" pin=0"/></net>

<net id="520"><net_src comp="516" pin="1"/><net_sink comp="407" pin=0"/></net>

<net id="524"><net_src comp="313" pin="4"/><net_sink comp="521" pin=0"/></net>

<net id="525"><net_src comp="521" pin="1"/><net_sink comp="407" pin=1"/></net>

<net id="529"><net_src comp="323" pin="2"/><net_sink comp="526" pin=0"/></net>

<net id="530"><net_src comp="526" pin="1"/><net_sink comp="413" pin=0"/></net>

<net id="534"><net_src comp="329" pin="4"/><net_sink comp="531" pin=0"/></net>

<net id="535"><net_src comp="531" pin="1"/><net_sink comp="413" pin=1"/></net>

<net id="539"><net_src comp="339" pin="2"/><net_sink comp="536" pin=0"/></net>

<net id="540"><net_src comp="536" pin="1"/><net_sink comp="419" pin=0"/></net>

<net id="544"><net_src comp="345" pin="4"/><net_sink comp="541" pin=0"/></net>

<net id="545"><net_src comp="541" pin="1"/><net_sink comp="419" pin=1"/></net>

<net id="549"><net_src comp="355" pin="2"/><net_sink comp="546" pin=0"/></net>

<net id="550"><net_src comp="546" pin="1"/><net_sink comp="425" pin=0"/></net>

<net id="554"><net_src comp="361" pin="4"/><net_sink comp="551" pin=0"/></net>

<net id="555"><net_src comp="551" pin="1"/><net_sink comp="425" pin=1"/></net>

</net_list>

</model> 
---------------- Datapath Model END ------------------

* FSMD analyzer results:
  - Output states:
	Port: layer18_out | {2 }
 - Input state : 
	Port: relu<array<ap_fixed,10u>,array<ap_fixed<16,6,5,3,0>,10u>,relu_config18> : layer17_out | {1 }
  - Chain level:
	State 1
		icmp_ln51 : 1
		icmp_ln51_15 : 1
		icmp_ln51_16 : 1
		icmp_ln51_17 : 1
		icmp_ln51_18 : 1
		icmp_ln51_19 : 1
		icmp_ln51_20 : 1
		icmp_ln51_21 : 1
		icmp_ln51_22 : 1
		icmp_ln51_23 : 1
	State 2
		p_s : 1
		write_ln57 : 2


============================================================
+ Verbose Summary: Datapath Resource usage 
============================================================

* Functional unit list:
|----------|------------------------------|---------|---------|
| Operation|        Functional Unit       |    FF   |   LUT   |
|----------|------------------------------|---------|---------|
|          |       icmp_ln51_fu_211       |    0    |    44   |
|          |      icmp_ln51_15_fu_227     |    0    |    44   |
|          |      icmp_ln51_16_fu_243     |    0    |    44   |
|          |      icmp_ln51_17_fu_259     |    0    |    44   |
|   icmp   |      icmp_ln51_18_fu_275     |    0    |    44   |
|          |      icmp_ln51_19_fu_291     |    0    |    44   |
|          |      icmp_ln51_20_fu_307     |    0    |    44   |
|          |      icmp_ln51_21_fu_323     |    0    |    44   |
|          |      icmp_ln51_22_fu_339     |    0    |    44   |
|          |      icmp_ln51_23_fu_355     |    0    |    44   |
|----------|------------------------------|---------|---------|
|          |      select_ln51_fu_371      |    0    |    16   |
|          |     select_ln51_15_fu_377    |    0    |    16   |
|          |     select_ln51_16_fu_383    |    0    |    16   |
|          |     select_ln51_17_fu_389    |    0    |    16   |
|  select  |     select_ln51_18_fu_395    |    0    |    16   |
|          |     select_ln51_19_fu_401    |    0    |    16   |
|          |     select_ln51_20_fu_407    |    0    |    16   |
|          |     select_ln51_21_fu_413    |    0    |    16   |
|          |     select_ln51_22_fu_419    |    0    |    16   |
|          |     select_ln51_23_fu_425    |    0    |    16   |
|----------|------------------------------|---------|---------|
|   read   | layer17_out_read_read_fu_104 |    0    |    0    |
|----------|------------------------------|---------|---------|
|   write  |    write_ln57_write_fu_110   |    0    |    0    |
|----------|------------------------------|---------|---------|
|   trunc  |       trunc_ln44_fu_117      |    0    |    0    |
|----------|------------------------------|---------|---------|
|          |      trunc_ln44_s_fu_121     |    0    |    0    |
|          |     trunc_ln44_14_fu_131     |    0    |    0    |
|          |     trunc_ln44_15_fu_141     |    0    |    0    |
|          |     trunc_ln44_16_fu_151     |    0    |    0    |
|          |     trunc_ln44_17_fu_161     |    0    |    0    |
|          |     trunc_ln44_18_fu_171     |    0    |    0    |
|          |     trunc_ln44_19_fu_181     |    0    |    0    |
|          |     trunc_ln44_20_fu_191     |    0    |    0    |
|          |     trunc_ln44_21_fu_201     |    0    |    0    |
|partselect|        out_data_fu_217       |    0    |    0    |
|          |      out_data_22_fu_233      |    0    |    0    |
|          |      out_data_23_fu_249      |    0    |    0    |
|          |      out_data_24_fu_265      |    0    |    0    |
|          |       trunc_ln4_fu_281       |    0    |    0    |
|          |      trunc_ln52_s_fu_297     |    0    |    0    |
|          |      trunc_ln52_1_fu_313     |    0    |    0    |
|          |      trunc_ln52_2_fu_329     |    0    |    0    |
|          |      trunc_ln52_3_fu_345     |    0    |    0    |
|          |      trunc_ln52_4_fu_361     |    0    |    0    |
|----------|------------------------------|---------|---------|
|bitconcatenate|          p_s_fu_431          |    0    |    0    |
|----------|------------------------------|---------|---------|
|   Total  |                              |    0    |   600   |
|----------|------------------------------|---------|---------|

Memories:
N/A

* Register list:
+--------------------+--------+
|                    |   FF   |
+--------------------+--------+
|icmp_ln51_15_reg_466|    1   |
|icmp_ln51_16_reg_476|    1   |
|icmp_ln51_17_reg_486|    1   |
|icmp_ln51_18_reg_496|    1   |
|icmp_ln51_19_reg_506|    1   |
|icmp_ln51_20_reg_516|    1   |
|icmp_ln51_21_reg_526|    1   |
|icmp_ln51_22_reg_536|    1   |
|icmp_ln51_23_reg_546|    1   |
|  icmp_ln51_reg_456 |    1   |
| out_data_22_reg_471|   16   |
| out_data_23_reg_481|   16   |
| out_data_24_reg_491|   16   |
|  out_data_reg_461  |   16   |
|  trunc_ln4_reg_501 |   16   |
|trunc_ln52_1_reg_521|   16   |
|trunc_ln52_2_reg_531|   16   |
|trunc_ln52_3_reg_541|   16   |
|trunc_ln52_4_reg_551|   16   |
|trunc_ln52_s_reg_511|   16   |
+--------------------+--------+
|        Total       |   170  |
+--------------------+--------+

* Multiplexer (MUX) list: 
|--------|------|------|------|--------|
|  Comp  |  Pin | Size |  BW  | S x BW |
|--------|------|------|------|--------|
|  Total |      |      |      |    0   |
|--------|------|------|------|--------|



* Summary:
+-----------+--------+--------+
|           |   FF   |   LUT  |
+-----------+--------+--------+
|  Function |    0   |   600  |
|   Memory  |    -   |    -   |
|Multiplexer|    -   |    -   |
|  Register |   170  |    -   |
+-----------+--------+--------+
|   Total   |   170  |   600  |
+-----------+--------+--------+
