

================================================================
== Vitis HLS Report for 'thresholded_relu_array_ap_fixed_array_thresholdedrelu_config12_s'
================================================================
* Date:           Sun Apr  5 17:32:29 2026

* Version:        2023.2 (Build 4023990 on Oct 11 2023)
* Project:        gaussian_prj
* Solution:       solution1 (Vivado IP Flow Target)
* Product family: kintexu
* Target device:  xcku035-fbva676-2-e


================================================================
== Performance Estimates
================================================================
+ Timing: 
    * Summary: 
    +--------+---------+----------+------------+
    |  Clock |  Target | Estimated| Uncertainty|
    +--------+---------+----------+------------+
    |ap_clk  |  5.00 ns|  3.387 ns|     1.35 ns|
    +--------+---------+----------+------------+

+ Latency: 
    * Summary: 
    +---------+---------+-----------+-----------+-----+-----+---------+
    |  Latency (cycles) |   Latency (absolute)  |  Interval | Pipeline|
    |   min   |   max   |    min    |    max    | min | max |   Type  |
    +---------+---------+-----------+-----------+-----+-----+---------+
    |        7|        7|  35.000 ns|  35.000 ns|    7|    7|       no|
    +---------+---------+-----------+-----------+-----+-----+---------+

    + Detail: 
        * Instance: 
        N/A

        * Loop: 
        +--------------------------+---------+---------+----------+-----------+-----------+------+----------+
        |                          |  Latency (cycles) | Iteration|  Initiation Interval  | Trip |          |
        |         Loop Name        |   min   |   max   |  Latency |  achieved |   target  | Count| Pipelined|
        +--------------------------+---------+---------+----------+-----------+-----------+------+----------+
        |- ThresholdedReLUActLoop  |        5|        5|         3|          1|          1|     4|       yes|
        +--------------------------+---------+---------+----------+-----------+-----------+------+----------+



================================================================
== Utilization Estimates
================================================================
* Summary: 
+-----------------+---------+------+--------+--------+-----+
|       Name      | BRAM_18K|  DSP |   FF   |   LUT  | URAM|
+-----------------+---------+------+--------+--------+-----+
|DSP              |        -|     -|       -|       -|    -|
|Expression       |        -|     -|       0|     658|    -|
|FIFO             |        -|     -|       -|       -|    -|
|Instance         |        -|     -|       -|       -|    -|
|Memory           |        -|     -|       -|       -|    -|
|Multiplexer      |        -|     -|       -|      63|    -|
|Register         |        -|     -|     179|       -|    -|
+-----------------+---------+------+--------+--------+-----+
|Total            |        0|     0|     179|     721|    0|
+-----------------+---------+------+--------+--------+-----+
|Available        |     1080|  1700|  406256|  203128|    0|
+-----------------+---------+------+--------+--------+-----+
|Utilization (%)  |        0|     0|      ~0|      ~0|    0|
+-----------------+---------+------+--------+--------+-----+

+ Detail: 
    * Instance: 
    N/A

    * DSP: 
    N/A

    * Memory: 
    N/A

    * FIFO: 
    N/A

    * Expression: 
    +---------------------------+----------+----+---+----+------------+------------+
    |       Variable Name       | Operation| DSP| FF| LUT| Bitwidth P0| Bitwidth P1|
    +---------------------------+----------+----+---+----+------------+------------+
    |i_6_fu_153_p2              |         +|   0|  0|  10|           3|           1|
    |ap_condition_153           |       and|   0|  0|   2|           1|           1|
    |icmp_ln528_fu_147_p2       |      icmp|   0|  0|  12|           3|           4|
    |icmp_ln538_1_fu_274_p2     |      icmp|   0|  0|  47|          40|           1|
    |icmp_ln538_2_fu_290_p2     |      icmp|   0|  0|  47|          40|           1|
    |icmp_ln538_3_fu_306_p2     |      icmp|   0|  0|  47|          40|           1|
    |icmp_ln538_4_fu_322_p2     |      icmp|   0|  0|  47|          40|           1|
    |icmp_ln538_5_fu_338_p2     |      icmp|   0|  0|  47|          40|           1|
    |icmp_ln538_6_fu_354_p2     |      icmp|   0|  0|  47|          40|           1|
    |icmp_ln538_7_fu_370_p2     |      icmp|   0|  0|  47|          40|           1|
    |icmp_ln538_8_fu_386_p2     |      icmp|   0|  0|  47|          40|           1|
    |icmp_ln538_9_fu_402_p2     |      icmp|   0|  0|  47|          40|           1|
    |icmp_ln538_fu_258_p2       |      icmp|   0|  0|  47|          40|           1|
    |ap_block_pp0_stage0_01001  |        or|   0|  0|   2|           1|           1|
    |out_data_15_fu_418_p3      |    select|   0|  0|  16|           1|          16|
    |out_data_16_fu_424_p3      |    select|   0|  0|  16|           1|          16|
    |out_data_17_fu_430_p3      |    select|   0|  0|  16|           1|          16|
    |out_data_18_fu_436_p3      |    select|   0|  0|  16|           1|          16|
    |select_ln538_1_fu_448_p3   |    select|   0|  0|  16|           1|          16|
    |select_ln538_2_fu_454_p3   |    select|   0|  0|  16|           1|          16|
    |select_ln538_3_fu_460_p3   |    select|   0|  0|  16|           1|          16|
    |select_ln538_4_fu_466_p3   |    select|   0|  0|  16|           1|          16|
    |select_ln538_5_fu_472_p3   |    select|   0|  0|  16|           1|          16|
    |select_ln538_fu_442_p3     |    select|   0|  0|  16|           1|          16|
    |ap_enable_pp0              |       xor|   0|  0|   2|           1|           2|
    +---------------------------+----------+----+---+----+------------+------------+
    |Total                      |          |   0|  0| 658|         419|         179|
    +---------------------------+----------+----+---+----+------------+------------+

    * Multiplexer: 
    +-------------------------+----+-----------+-----+-----------+
    |           Name          | LUT| Input Size| Bits| Total Bits|
    +-------------------------+----+-----------+-----+-----------+
    |ap_done_int              |   9|          2|    1|          2|
    |ap_enable_reg_pp0_iter1  |   9|          2|    1|          2|
    |ap_sig_allocacmp_i_5     |   9|          2|    3|          6|
    |i_fu_122                 |   9|          2|    3|          6|
    |layer10_out_blk_n        |   9|          2|    1|          2|
    |layer12_out_blk_n        |   9|          2|    1|          2|
    |real_start               |   9|          2|    1|          2|
    +-------------------------+----+-----------+-----+-----------+
    |Total                    |  63|         14|   11|         22|
    +-------------------------+----+-----------+-----+-----------+

    * Register: 
    +----------------------------------+----+----+-----+-----------+
    |               Name               | FF | LUT| Bits| Const Bits|
    +----------------------------------+----+----+-----+-----------+
    |ap_CS_fsm                         |   1|   0|    1|          0|
    |ap_done_reg                       |   1|   0|    1|          0|
    |ap_enable_reg_pp0_iter1           |   1|   0|    1|          0|
    |ap_enable_reg_pp0_iter2           |   1|   0|    1|          0|
    |ap_loop_exit_ready_pp0_iter1_reg  |   1|   0|    1|          0|
    |i_fu_122                          |   3|   0|    3|          0|
    |icmp_ln538_1_reg_524              |   1|   0|    1|          0|
    |icmp_ln538_2_reg_534              |   1|   0|    1|          0|
    |icmp_ln538_3_reg_544              |   1|   0|    1|          0|
    |icmp_ln538_4_reg_554              |   1|   0|    1|          0|
    |icmp_ln538_5_reg_564              |   1|   0|    1|          0|
    |icmp_ln538_6_reg_574              |   1|   0|    1|          0|
    |icmp_ln538_7_reg_584              |   1|   0|    1|          0|
    |icmp_ln538_8_reg_594              |   1|   0|    1|          0|
    |icmp_ln538_9_reg_604              |   1|   0|    1|          0|
    |icmp_ln538_reg_514                |   1|   0|    1|          0|
    |out_data_2_reg_529                |  16|   0|   16|          0|
    |out_data_4_reg_539                |  16|   0|   16|          0|
    |out_data_6_reg_549                |  16|   0|   16|          0|
    |out_data_reg_519                  |  16|   0|   16|          0|
    |start_once_reg                    |   1|   0|    1|          0|
    |trunc_ln539_1_reg_569             |  16|   0|   16|          0|
    |trunc_ln539_2_reg_579             |  16|   0|   16|          0|
    |trunc_ln539_3_reg_589             |  16|   0|   16|          0|
    |trunc_ln539_4_reg_599             |  16|   0|   16|          0|
    |trunc_ln539_5_reg_609             |  16|   0|   16|          0|
    |trunc_ln_reg_559                  |  16|   0|   16|          0|
    +----------------------------------+----+----+-----+-----------+
    |Total                             | 179|   0|  179|          0|
    +----------------------------------+----+----+-----+-----------+



================================================================
== Interface
================================================================
* Summary: 
+----------------------------+-----+-----+------------+-----------------------------------------------------------------+--------------+
|          RTL Ports         | Dir | Bits|  Protocol  |                          Source Object                          |    C Type    |
+----------------------------+-----+-----+------------+-----------------------------------------------------------------+--------------+
|ap_clk                      |   in|    1|  ap_ctrl_hs|  thresholded_relu<array,ap_fixed,array,thresholdedrelu_config12>|  return value|
|ap_rst                      |   in|    1|  ap_ctrl_hs|  thresholded_relu<array,ap_fixed,array,thresholdedrelu_config12>|  return value|
|ap_start                    |   in|    1|  ap_ctrl_hs|  thresholded_relu<array,ap_fixed,array,thresholdedrelu_config12>|  return value|
|start_full_n                |   in|    1|  ap_ctrl_hs|  thresholded_relu<array,ap_fixed,array,thresholdedrelu_config12>|  return value|
|ap_done                     |  out|    1|  ap_ctrl_hs|  thresholded_relu<array,ap_fixed,array,thresholdedrelu_config12>|  return value|
|ap_continue                 |   in|    1|  ap_ctrl_hs|  thresholded_relu<array,ap_fixed,array,thresholdedrelu_config12>|  return value|
|ap_idle                     |  out|    1|  ap_ctrl_hs|  thresholded_relu<array,ap_fixed,array,thresholdedrelu_config12>|  return value|
|ap_ready                    |  out|    1|  ap_ctrl_hs|  thresholded_relu<array,ap_fixed,array,thresholdedrelu_config12>|  return value|
|start_out                   |  out|    1|  ap_ctrl_hs|  thresholded_relu<array,ap_fixed,array,thresholdedrelu_config12>|  return value|
|start_write                 |  out|    1|  ap_ctrl_hs|  thresholded_relu<array,ap_fixed,array,thresholdedrelu_config12>|  return value|
|layer10_out_dout            |   in|  400|     ap_fifo|                                                      layer10_out|       pointer|
|layer10_out_num_data_valid  |   in|    3|     ap_fifo|                                                      layer10_out|       pointer|
|layer10_out_fifo_cap        |   in|    3|     ap_fifo|                                                      layer10_out|       pointer|
|layer10_out_empty_n         |   in|    1|     ap_fifo|                                                      layer10_out|       pointer|
|layer10_out_read            |  out|    1|     ap_fifo|                                                      layer10_out|       pointer|
|layer12_out_din             |  out|  160|     ap_fifo|                                                      layer12_out|       pointer|
|layer12_out_num_data_valid  |   in|    3|     ap_fifo|                                                      layer12_out|       pointer|
|layer12_out_fifo_cap        |   in|    3|     ap_fifo|                                                      layer12_out|       pointer|
|layer12_out_full_n          |   in|    1|     ap_fifo|                                                      layer12_out|       pointer|
|layer12_out_write           |  out|    1|     ap_fifo|                                                      layer12_out|       pointer|
+----------------------------+-----+-----+------------+-----------------------------------------------------------------+--------------+

============================================================
+ Verbose Summary: Synthesis Manager
============================================================
InlineROM: 1
ExposeGlobal: 0
============================================================
+ Verbose Summary: CDFG Model
============================================================
IsTopModel: 0
ResetActiveHigh: 1
IsCombinational: 2
IsDatapathOnly: 0
HasWiredReturn: 1
HasMFsm: 2
HasVarLatency: 1
IsPipeline: 0
IsRtlPipelined: 0
IsInstanceOverlapped: 0
IsDontTouch: 0
HasImplIP: 0
IsGatedGlobalClock: 0

+ Individual pipeline summary: 
  * Pipeline-0: initiation interval (II) = 1, depth = 3


============================================================
+ Verbose Summary: Schedule
============================================================
* Number of FSM states : 3
* Pipeline : 1
  Pipeline-0 : II = 1, D = 3, States = { 1 2 3 }
* Dataflow Pipeline: 0

* FSM state transitions: 
1 --> 2 
2 --> 3 
3 --> 

* FSM state operations: 

State 1 <SV = 0> <Delay = 1.91>
ST_1 : Operation 6 [1/1] (0.00ns)   --->   "%i = alloca i32 1" [firmware/nnet_utils/nnet_activation_stream.h:528]   --->   Operation 6 'alloca' 'i' <Predicate = true> <Delay = 0.00>
ST_1 : Operation 7 [1/1] (0.00ns)   --->   "%specinterface_ln0 = specinterface void @_ssdm_op_SpecInterface, i160 %layer12_out, void @empty_2, i32 0, i32 0, void @empty_1, i32 0, i32 0, void @empty_1, void @empty_1, void @empty_1, i32 0, i32 0, i32 0, i32 0, void @empty_1, void @empty_1, i32 4294967295, i32 0"   --->   Operation 7 'specinterface' 'specinterface_ln0' <Predicate = true> <Delay = 0.00>
ST_1 : Operation 8 [1/1] (0.00ns)   --->   "%specinterface_ln0 = specinterface void @_ssdm_op_SpecInterface, i400 %layer10_out, void @empty_2, i32 0, i32 0, void @empty_1, i32 0, i32 0, void @empty_1, void @empty_1, void @empty_1, i32 0, i32 0, i32 0, i32 0, void @empty_1, void @empty_1, i32 4294967295, i32 0"   --->   Operation 8 'specinterface' 'specinterface_ln0' <Predicate = true> <Delay = 0.00>
ST_1 : Operation 9 [1/1] (0.53ns)   --->   "%store_ln528 = store i3 0, i3 %i" [firmware/nnet_utils/nnet_activation_stream.h:528]   --->   Operation 9 'store' 'store_ln528' <Predicate = true> <Delay = 0.53>
ST_1 : Operation 10 [1/1] (0.00ns)   --->   "%br_ln528 = br void %ThresholdedReLUPackLoop" [firmware/nnet_utils/nnet_activation_stream.h:528]   --->   Operation 10 'br' 'br_ln528' <Predicate = true> <Delay = 0.00>
ST_1 : Operation 11 [1/1] (0.00ns)   --->   "%i_5 = load i3 %i" [firmware/nnet_utils/nnet_activation_stream.h:528]   --->   Operation 11 'load' 'i_5' <Predicate = true> <Delay = 0.00>
ST_1 : Operation 12 [1/1] (0.83ns)   --->   "%icmp_ln528 = icmp_eq  i3 %i_5, i3 4" [firmware/nnet_utils/nnet_activation_stream.h:528]   --->   Operation 12 'icmp' 'icmp_ln528' <Predicate = true> <Delay = 0.83> <CoreInst = "Cmp">   --->   Core 9 'Cmp' <Latency = 0> <II = 1> <Delay = 0.94> <FuncUnit> <Opcode : 'icmp'> <InPorts = 2> <OutPorts = 1>
ST_1 : Operation 13 [1/1] (0.83ns)   --->   "%i_6 = add i3 %i_5, i3 1" [firmware/nnet_utils/nnet_activation_stream.h:528]   --->   Operation 13 'add' 'i_6' <Predicate = true> <Delay = 0.83> <CoreInst = "Adder">   --->   Core 1 'Adder' <Latency = 0> <II = 1> <Delay = 0.83> <FuncUnit> <Opcode : 'add' 'sub'> <InPorts = 2> <OutPorts = 1>
ST_1 : Operation 14 [1/1] (0.00ns)   --->   "%br_ln528 = br i1 %icmp_ln528, void %ThresholdedReLUPackLoop.split, void %for.end15" [firmware/nnet_utils/nnet_activation_stream.h:528]   --->   Operation 14 'br' 'br_ln528' <Predicate = true> <Delay = 0.00>
ST_1 : Operation 15 [1/1] (0.53ns)   --->   "%store_ln528 = store i3 %i_6, i3 %i" [firmware/nnet_utils/nnet_activation_stream.h:528]   --->   Operation 15 'store' 'store_ln528' <Predicate = (!icmp_ln528)> <Delay = 0.53>

State 2 <SV = 1> <Delay = 3.38>
ST_2 : Operation 16 [1/1] (1.82ns)   --->   "%layer10_out_read = read i400 @_ssdm_op_Read.ap_fifo.volatile.i400P0A, i400 %layer10_out" [firmware/nnet_utils/nnet_activation_stream.h:531]   --->   Operation 16 'read' 'layer10_out_read' <Predicate = true> <Delay = 1.82> <CoreInst = "FIFO">   --->   Core 78 'FIFO' <Latency = 0> <II = 1> <Delay = 2.01> <Storage> <Opcode : 'read' 'write' 'nbread' 'nbwrite'> <Ports = 0> <Width = 400> <Depth = 4> <FIFO>
ST_2 : Operation 17 [1/1] (0.00ns)   --->   "%in_data = trunc i400 %layer10_out_read" [firmware/nnet_utils/nnet_activation_stream.h:531]   --->   Operation 17 'trunc' 'in_data' <Predicate = true> <Delay = 0.00>
ST_2 : Operation 18 [1/1] (0.00ns)   --->   "%trunc_ln531_1 = partselect i40 @_ssdm_op_PartSelect.i40.i400.i32.i32, i400 %layer10_out_read, i32 40, i32 79" [firmware/nnet_utils/nnet_activation_stream.h:531]   --->   Operation 18 'partselect' 'trunc_ln531_1' <Predicate = true> <Delay = 0.00>
ST_2 : Operation 19 [1/1] (0.00ns)   --->   "%trunc_ln531_2 = partselect i40 @_ssdm_op_PartSelect.i40.i400.i32.i32, i400 %layer10_out_read, i32 80, i32 119" [firmware/nnet_utils/nnet_activation_stream.h:531]   --->   Operation 19 'partselect' 'trunc_ln531_2' <Predicate = true> <Delay = 0.00>
ST_2 : Operation 20 [1/1] (0.00ns)   --->   "%trunc_ln531_3 = partselect i40 @_ssdm_op_PartSelect.i40.i400.i32.i32, i400 %layer10_out_read, i32 120, i32 159" [firmware/nnet_utils/nnet_activation_stream.h:531]   --->   Operation 20 'partselect' 'trunc_ln531_3' <Predicate = true> <Delay = 0.00>
ST_2 : Operation 21 [1/1] (0.00ns)   --->   "%trunc_ln531_4 = partselect i40 @_ssdm_op_PartSelect.i40.i400.i32.i32, i400 %layer10_out_read, i32 160, i32 199" [firmware/nnet_utils/nnet_activation_stream.h:531]   --->   Operation 21 'partselect' 'trunc_ln531_4' <Predicate = true> <Delay = 0.00>
ST_2 : Operation 22 [1/1] (0.00ns)   --->   "%trunc_ln531_5 = partselect i40 @_ssdm_op_PartSelect.i40.i400.i32.i32, i400 %layer10_out_read, i32 200, i32 239" [firmware/nnet_utils/nnet_activation_stream.h:531]   --->   Operation 22 'partselect' 'trunc_ln531_5' <Predicate = true> <Delay = 0.00>
ST_2 : Operation 23 [1/1] (0.00ns)   --->   "%trunc_ln531_6 = partselect i40 @_ssdm_op_PartSelect.i40.i400.i32.i32, i400 %layer10_out_read, i32 240, i32 279" [firmware/nnet_utils/nnet_activation_stream.h:531]   --->   Operation 23 'partselect' 'trunc_ln531_6' <Predicate = true> <Delay = 0.00>
ST_2 : Operation 24 [1/1] (0.00ns)   --->   "%trunc_ln531_7 = partselect i40 @_ssdm_op_PartSelect.i40.i400.i32.i32, i400 %layer10_out_read, i32 280, i32 319" [firmware/nnet_utils/nnet_activation_stream.h:531]   --->   Operation 24 'partselect' 'trunc_ln531_7' <Predicate = true> <Delay = 0.00>
ST_2 : Operation 25 [1/1] (0.00ns)   --->   "%trunc_ln531_8 = partselect i40 @_ssdm_op_PartSelect.i40.i400.i32.i32, i400 %layer10_out_read, i32 320, i32 359" [firmware/nnet_utils/nnet_activation_stream.h:531]   --->   Operation 25 'partselect' 'trunc_ln531_8' <Predicate = true> <Delay = 0.00>
ST_2 : Operation 26 [1/1] (0.00ns)   --->   "%trunc_ln531_9 = partselect i40 @_ssdm_op_PartSelect.i40.i400.i32.i32, i400 %layer10_out_read, i32 360, i32 399" [firmware/nnet_utils/nnet_activation_stream.h:531]   --->   Operation 26 'partselect' 'trunc_ln531_9' <Predicate = true> <Delay = 0.00>
ST_2 : Operation 27 [1/1] (1.56ns)   --->   "%icmp_ln538 = icmp_sgt  i40 %in_data, i40 0" [firmware/nnet_utils/nnet_activation_stream.h:538]   --->   Operation 27 'icmp' 'icmp_ln538' <Predicate = true> <Delay = 1.56> <CoreInst = "Cmp">   --->   Core 9 'Cmp' <Latency = 0> <II = 1> <Delay = 1.56> <FuncUnit> <Opcode : 'icmp'> <InPorts = 2> <OutPorts = 1>
ST_2 : Operation 28 [1/1] (0.00ns)   --->   "%out_data = partselect i16 @_ssdm_op_PartSelect.i16.i400.i32.i32, i400 %layer10_out_read, i32 10, i32 25" [firmware/nnet_utils/nnet_activation_stream.h:539]   --->   Operation 28 'partselect' 'out_data' <Predicate = true> <Delay = 0.00>
ST_2 : Operation 29 [1/1] (1.56ns)   --->   "%icmp_ln538_1 = icmp_sgt  i40 %trunc_ln531_1, i40 0" [firmware/nnet_utils/nnet_activation_stream.h:538]   --->   Operation 29 'icmp' 'icmp_ln538_1' <Predicate = true> <Delay = 1.56> <CoreInst = "Cmp">   --->   Core 9 'Cmp' <Latency = 0> <II = 1> <Delay = 1.56> <FuncUnit> <Opcode : 'icmp'> <InPorts = 2> <OutPorts = 1>
ST_2 : Operation 30 [1/1] (0.00ns)   --->   "%out_data_2 = partselect i16 @_ssdm_op_PartSelect.i16.i400.i32.i32, i400 %layer10_out_read, i32 50, i32 65" [firmware/nnet_utils/nnet_activation_stream.h:539]   --->   Operation 30 'partselect' 'out_data_2' <Predicate = true> <Delay = 0.00>
ST_2 : Operation 31 [1/1] (1.56ns)   --->   "%icmp_ln538_2 = icmp_sgt  i40 %trunc_ln531_2, i40 0" [firmware/nnet_utils/nnet_activation_stream.h:538]   --->   Operation 31 'icmp' 'icmp_ln538_2' <Predicate = true> <Delay = 1.56> <CoreInst = "Cmp">   --->   Core 9 'Cmp' <Latency = 0> <II = 1> <Delay = 1.56> <FuncUnit> <Opcode : 'icmp'> <InPorts = 2> <OutPorts = 1>
ST_2 : Operation 32 [1/1] (0.00ns)   --->   "%out_data_4 = partselect i16 @_ssdm_op_PartSelect.i16.i400.i32.i32, i400 %layer10_out_read, i32 90, i32 105" [firmware/nnet_utils/nnet_activation_stream.h:539]   --->   Operation 32 'partselect' 'out_data_4' <Predicate = true> <Delay = 0.00>
ST_2 : Operation 33 [1/1] (1.56ns)   --->   "%icmp_ln538_3 = icmp_sgt  i40 %trunc_ln531_3, i40 0" [firmware/nnet_utils/nnet_activation_stream.h:538]   --->   Operation 33 'icmp' 'icmp_ln538_3' <Predicate = true> <Delay = 1.56> <CoreInst = "Cmp">   --->   Core 9 'Cmp' <Latency = 0> <II = 1> <Delay = 1.56> <FuncUnit> <Opcode : 'icmp'> <InPorts = 2> <OutPorts = 1>
ST_2 : Operation 34 [1/1] (0.00ns)   --->   "%out_data_6 = partselect i16 @_ssdm_op_PartSelect.i16.i400.i32.i32, i400 %layer10_out_read, i32 130, i32 145" [firmware/nnet_utils/nnet_activation_stream.h:539]   --->   Operation 34 'partselect' 'out_data_6' <Predicate = true> <Delay = 0.00>
ST_2 : Operation 35 [1/1] (1.56ns)   --->   "%icmp_ln538_4 = icmp_sgt  i40 %trunc_ln531_4, i40 0" [firmware/nnet_utils/nnet_activation_stream.h:538]   --->   Operation 35 'icmp' 'icmp_ln538_4' <Predicate = true> <Delay = 1.56> <CoreInst = "Cmp">   --->   Core 9 'Cmp' <Latency = 0> <II = 1> <Delay = 1.56> <FuncUnit> <Opcode : 'icmp'> <InPorts = 2> <OutPorts = 1>
ST_2 : Operation 36 [1/1] (0.00ns)   --->   "%trunc_ln = partselect i16 @_ssdm_op_PartSelect.i16.i400.i32.i32, i400 %layer10_out_read, i32 170, i32 185" [firmware/nnet_utils/nnet_activation_stream.h:539]   --->   Operation 36 'partselect' 'trunc_ln' <Predicate = true> <Delay = 0.00>
ST_2 : Operation 37 [1/1] (1.56ns)   --->   "%icmp_ln538_5 = icmp_sgt  i40 %trunc_ln531_5, i40 0" [firmware/nnet_utils/nnet_activation_stream.h:538]   --->   Operation 37 'icmp' 'icmp_ln538_5' <Predicate = true> <Delay = 1.56> <CoreInst = "Cmp">   --->   Core 9 'Cmp' <Latency = 0> <II = 1> <Delay = 1.56> <FuncUnit> <Opcode : 'icmp'> <InPorts = 2> <OutPorts = 1>
ST_2 : Operation 38 [1/1] (0.00ns)   --->   "%trunc_ln539_1 = partselect i16 @_ssdm_op_PartSelect.i16.i400.i32.i32, i400 %layer10_out_read, i32 210, i32 225" [firmware/nnet_utils/nnet_activation_stream.h:539]   --->   Operation 38 'partselect' 'trunc_ln539_1' <Predicate = true> <Delay = 0.00>
ST_2 : Operation 39 [1/1] (1.56ns)   --->   "%icmp_ln538_6 = icmp_sgt  i40 %trunc_ln531_6, i40 0" [firmware/nnet_utils/nnet_activation_stream.h:538]   --->   Operation 39 'icmp' 'icmp_ln538_6' <Predicate = true> <Delay = 1.56> <CoreInst = "Cmp">   --->   Core 9 'Cmp' <Latency = 0> <II = 1> <Delay = 1.56> <FuncUnit> <Opcode : 'icmp'> <InPorts = 2> <OutPorts = 1>
ST_2 : Operation 40 [1/1] (0.00ns)   --->   "%trunc_ln539_2 = partselect i16 @_ssdm_op_PartSelect.i16.i400.i32.i32, i400 %layer10_out_read, i32 250, i32 265" [firmware/nnet_utils/nnet_activation_stream.h:539]   --->   Operation 40 'partselect' 'trunc_ln539_2' <Predicate = true> <Delay = 0.00>
ST_2 : Operation 41 [1/1] (1.56ns)   --->   "%icmp_ln538_7 = icmp_sgt  i40 %trunc_ln531_7, i40 0" [firmware/nnet_utils/nnet_activation_stream.h:538]   --->   Operation 41 'icmp' 'icmp_ln538_7' <Predicate = true> <Delay = 1.56> <CoreInst = "Cmp">   --->   Core 9 'Cmp' <Latency = 0> <II = 1> <Delay = 1.56> <FuncUnit> <Opcode : 'icmp'> <InPorts = 2> <OutPorts = 1>
ST_2 : Operation 42 [1/1] (0.00ns)   --->   "%trunc_ln539_3 = partselect i16 @_ssdm_op_PartSelect.i16.i400.i32.i32, i400 %layer10_out_read, i32 290, i32 305" [firmware/nnet_utils/nnet_activation_stream.h:539]   --->   Operation 42 'partselect' 'trunc_ln539_3' <Predicate = true> <Delay = 0.00>
ST_2 : Operation 43 [1/1] (1.56ns)   --->   "%icmp_ln538_8 = icmp_sgt  i40 %trunc_ln531_8, i40 0" [firmware/nnet_utils/nnet_activation_stream.h:538]   --->   Operation 43 'icmp' 'icmp_ln538_8' <Predicate = true> <Delay = 1.56> <CoreInst = "Cmp">   --->   Core 9 'Cmp' <Latency = 0> <II = 1> <Delay = 1.56> <FuncUnit> <Opcode : 'icmp'> <InPorts = 2> <OutPorts = 1>
ST_2 : Operation 44 [1/1] (0.00ns)   --->   "%trunc_ln539_4 = partselect i16 @_ssdm_op_PartSelect.i16.i400.i32.i32, i400 %layer10_out_read, i32 330, i32 345" [firmware/nnet_utils/nnet_activation_stream.h:539]   --->   Operation 44 'partselect' 'trunc_ln539_4' <Predicate = true> <Delay = 0.00>
ST_2 : Operation 45 [1/1] (1.56ns)   --->   "%icmp_ln538_9 = icmp_sgt  i40 %trunc_ln531_9, i40 0" [firmware/nnet_utils/nnet_activation_stream.h:538]   --->   Operation 45 'icmp' 'icmp_ln538_9' <Predicate = true> <Delay = 1.56> <CoreInst = "Cmp">   --->   Core 9 'Cmp' <Latency = 0> <II = 1> <Delay = 1.56> <FuncUnit> <Opcode : 'icmp'> <InPorts = 2> <OutPorts = 1>
ST_2 : Operation 46 [1/1] (0.00ns)   --->   "%trunc_ln539_5 = partselect i16 @_ssdm_op_PartSelect.i16.i400.i32.i32, i400 %layer10_out_read, i32 370, i32 385" [firmware/nnet_utils/nnet_activation_stream.h:539]   --->   Operation 46 'partselect' 'trunc_ln539_5' <Predicate = true> <Delay = 0.00>
ST_2 : Operation 63 [1/1] (0.00ns)   --->   "%ret_ln546 = ret" [firmware/nnet_utils/nnet_activation_stream.h:546]   --->   Operation 63 'ret' 'ret_ln546' <Predicate = (icmp_ln528)> <Delay = 0.00>

State 3 <SV = 2> <Delay = 2.23>
ST_3 : Operation 47 [1/1] (0.00ns)   --->   "%specpipeline_ln529 = specpipeline void @_ssdm_op_SpecPipeline, i32 4294967295, i32 0, i32 0, i32 0, void @empty_1" [firmware/nnet_utils/nnet_activation_stream.h:529]   --->   Operation 47 'specpipeline' 'specpipeline_ln529' <Predicate = true> <Delay = 0.00>
ST_3 : Operation 48 [1/1] (0.00ns)   --->   "%speclooptripcount_ln528 = speclooptripcount void @_ssdm_op_SpecLoopTripCount, i64 4, i64 4, i64 4" [firmware/nnet_utils/nnet_activation_stream.h:528]   --->   Operation 48 'speclooptripcount' 'speclooptripcount_ln528' <Predicate = true> <Delay = 0.00>
ST_3 : Operation 49 [1/1] (0.00ns)   --->   "%specloopname_ln528 = specloopname void @_ssdm_op_SpecLoopName, void @empty_5" [firmware/nnet_utils/nnet_activation_stream.h:528]   --->   Operation 49 'specloopname' 'specloopname_ln528' <Predicate = true> <Delay = 0.00>
ST_3 : Operation 50 [1/1] (0.41ns)   --->   "%out_data_15 = select i1 %icmp_ln538, i16 %out_data, i16 0" [firmware/nnet_utils/nnet_activation_stream.h:538]   --->   Operation 50 'select' 'out_data_15' <Predicate = true> <Delay = 0.41> <CoreInst = "Sel">   --->   Core 73 'Sel' <Latency = 0> <II = 1> <Delay = 0.41> <FuncUnit> <Opcode : 'select'> <InPorts = 3> <OutPorts = 1>
ST_3 : Operation 51 [1/1] (0.41ns)   --->   "%out_data_16 = select i1 %icmp_ln538_1, i16 %out_data_2, i16 0" [firmware/nnet_utils/nnet_activation_stream.h:538]   --->   Operation 51 'select' 'out_data_16' <Predicate = true> <Delay = 0.41> <CoreInst = "Sel">   --->   Core 73 'Sel' <Latency = 0> <II = 1> <Delay = 0.41> <FuncUnit> <Opcode : 'select'> <InPorts = 3> <OutPorts = 1>
ST_3 : Operation 52 [1/1] (0.41ns)   --->   "%out_data_17 = select i1 %icmp_ln538_2, i16 %out_data_4, i16 0" [firmware/nnet_utils/nnet_activation_stream.h:538]   --->   Operation 52 'select' 'out_data_17' <Predicate = true> <Delay = 0.41> <CoreInst = "Sel">   --->   Core 73 'Sel' <Latency = 0> <II = 1> <Delay = 0.41> <FuncUnit> <Opcode : 'select'> <InPorts = 3> <OutPorts = 1>
ST_3 : Operation 53 [1/1] (0.41ns)   --->   "%out_data_18 = select i1 %icmp_ln538_3, i16 %out_data_6, i16 0" [firmware/nnet_utils/nnet_activation_stream.h:538]   --->   Operation 53 'select' 'out_data_18' <Predicate = true> <Delay = 0.41> <CoreInst = "Sel">   --->   Core 73 'Sel' <Latency = 0> <II = 1> <Delay = 0.41> <FuncUnit> <Opcode : 'select'> <InPorts = 3> <OutPorts = 1>
ST_3 : Operation 54 [1/1] (0.41ns)   --->   "%select_ln538 = select i1 %icmp_ln538_4, i16 %trunc_ln, i16 0" [firmware/nnet_utils/nnet_activation_stream.h:538]   --->   Operation 54 'select' 'select_ln538' <Predicate = true> <Delay = 0.41> <CoreInst = "Sel">   --->   Core 73 'Sel' <Latency = 0> <II = 1> <Delay = 0.41> <FuncUnit> <Opcode : 'select'> <InPorts = 3> <OutPorts = 1>
ST_3 : Operation 55 [1/1] (0.41ns)   --->   "%select_ln538_1 = select i1 %icmp_ln538_5, i16 %trunc_ln539_1, i16 0" [firmware/nnet_utils/nnet_activation_stream.h:538]   --->   Operation 55 'select' 'select_ln538_1' <Predicate = true> <Delay = 0.41> <CoreInst = "Sel">   --->   Core 73 'Sel' <Latency = 0> <II = 1> <Delay = 0.41> <FuncUnit> <Opcode : 'select'> <InPorts = 3> <OutPorts = 1>
ST_3 : Operation 56 [1/1] (0.41ns)   --->   "%select_ln538_2 = select i1 %icmp_ln538_6, i16 %trunc_ln539_2, i16 0" [firmware/nnet_utils/nnet_activation_stream.h:538]   --->   Operation 56 'select' 'select_ln538_2' <Predicate = true> <Delay = 0.41> <CoreInst = "Sel">   --->   Core 73 'Sel' <Latency = 0> <II = 1> <Delay = 0.41> <FuncUnit> <Opcode : 'select'> <InPorts = 3> <OutPorts = 1>
ST_3 : Operation 57 [1/1] (0.41ns)   --->   "%select_ln538_3 = select i1 %icmp_ln538_7, i16 %trunc_ln539_3, i16 0" [firmware/nnet_utils/nnet_activation_stream.h:538]   --->   Operation 57 'select' 'select_ln538_3' <Predicate = true> <Delay = 0.41> <CoreInst = "Sel">   --->   Core 73 'Sel' <Latency = 0> <II = 1> <Delay = 0.41> <FuncUnit> <Opcode : 'select'> <InPorts = 3> <OutPorts = 1>
ST_3 : Operation 58 [1/1] (0.41ns)   --->   "%select_ln538_4 = select i1 %icmp_ln538_8, i16 %trunc_ln539_4, i16 0" [firmware/nnet_utils/nnet_activation_stream.h:538]   --->   Operation 58 'select' 'select_ln538_4' <Predicate = true> <Delay = 0.41> <CoreInst = "Sel">   --->   Core 73 'Sel' <Latency = 0> <II = 1> <Delay = 0.41> <FuncUnit> <Opcode : 'select'> <InPorts = 3> <OutPorts = 1>
ST_3 : Operation 59 [1/1] (0.41ns)   --->   "%select_ln538_5 = select i1 %icmp_ln538_9, i16 %trunc_ln539_5, i16 0" [firmware/nnet_utils/nnet_activation_stream.h:538]   --->   Operation 59 'select' 'select_ln538_5' <Predicate = true> <Delay = 0.41> <CoreInst = "Sel">   --->   Core 73 'Sel' <Latency = 0> <II = 1> <Delay = 0.41> <FuncUnit> <Opcode : 'select'> <InPorts = 3> <OutPorts = 1>
ST_3 : Operation 60 [1/1] (0.00ns)   --->   "%or_ln544_s = bitconcatenate i160 @_ssdm_op_BitConcatenate.i160.i16.i16.i16.i16.i16.i16.i16.i16.i16.i16, i16 %select_ln538_5, i16 %select_ln538_4, i16 %select_ln538_3, i16 %select_ln538_2, i16 %select_ln538_1, i16 %select_ln538, i16 %out_data_18, i16 %out_data_17, i16 %out_data_16, i16 %out_data_15" [firmware/nnet_utils/nnet_activation_stream.h:544]   --->   Operation 60 'bitconcatenate' 'or_ln544_s' <Predicate = true> <Delay = 0.00>
ST_3 : Operation 61 [1/1] (1.82ns)   --->   "%write_ln544 = write void @_ssdm_op_Write.ap_fifo.volatile.i160P0A, i160 %layer12_out, i160 %or_ln544_s" [firmware/nnet_utils/nnet_activation_stream.h:544]   --->   Operation 61 'write' 'write_ln544' <Predicate = true> <Delay = 1.82> <CoreInst = "FIFO_SRL">   --->   Core 81 'FIFO_SRL' <Latency = 0> <II = 1> <Delay = 2.26> <Storage> <Opcode : 'read' 'write' 'nbread' 'nbwrite'> <Ports = 0> <Width = 160> <Depth = 4> <FIFO>
ST_3 : Operation 62 [1/1] (0.00ns)   --->   "%br_ln528 = br void %ThresholdedReLUPackLoop" [firmware/nnet_utils/nnet_activation_stream.h:528]   --->   Operation 62 'br' 'br_ln528' <Predicate = true> <Delay = 0.00>


============================================================
+ Verbose Summary: Binding
============================================================
STG Binding: 
---------------- STG Properties BEGIN ----------------
- Is combinational: 0
- Is one-state seq: 0
- Is datapath-only: 0
- Is pipelined: 0
- Is top level: 0
Port [ Return ] is wired: 1; IO mode=ap_ctrl_hs:ce=0
Port [ layer10_out]:  wired=1; compound=1; hidden=0; nouse=0; global=0; static=0; extern=0; dir=0; type=3; pingpong=0; private_global=0; IO mode=ap_fifo:ce=0
Port [ layer12_out]:  wired=1; compound=1; hidden=0; nouse=0; global=0; static=0; extern=0; dir=1; type=3; pingpong=0; private_global=0; IO mode=ap_fifo:ce=0
---------------- STG Properties END ------------------

---------------- Datapath Model BEGIN ----------------

<LifeTime>
<method=bitvector/>
i                       (alloca           ) [ 0100]
specinterface_ln0       (specinterface    ) [ 0000]
specinterface_ln0       (specinterface    ) [ 0000]
store_ln528             (store            ) [ 0000]
br_ln528                (br               ) [ 0000]
i_5                     (load             ) [ 0000]
icmp_ln528              (icmp             ) [ 0110]
i_6                     (add              ) [ 0000]
br_ln528                (br               ) [ 0000]
store_ln528             (store            ) [ 0000]
layer10_out_read        (read             ) [ 0000]
in_data                 (trunc            ) [ 0000]
trunc_ln531_1           (partselect       ) [ 0000]
trunc_ln531_2           (partselect       ) [ 0000]
trunc_ln531_3           (partselect       ) [ 0000]
trunc_ln531_4           (partselect       ) [ 0000]
trunc_ln531_5           (partselect       ) [ 0000]
trunc_ln531_6           (partselect       ) [ 0000]
trunc_ln531_7           (partselect       ) [ 0000]
trunc_ln531_8           (partselect       ) [ 0000]
trunc_ln531_9           (partselect       ) [ 0000]
icmp_ln538              (icmp             ) [ 0101]
out_data                (partselect       ) [ 0101]
icmp_ln538_1            (icmp             ) [ 0101]
out_data_2              (partselect       ) [ 0101]
icmp_ln538_2            (icmp             ) [ 0101]
out_data_4              (partselect       ) [ 0101]
icmp_ln538_3            (icmp             ) [ 0101]
out_data_6              (partselect       ) [ 0101]
icmp_ln538_4            (icmp             ) [ 0101]
trunc_ln                (partselect       ) [ 0101]
icmp_ln538_5            (icmp             ) [ 0101]
trunc_ln539_1           (partselect       ) [ 0101]
icmp_ln538_6            (icmp             ) [ 0101]
trunc_ln539_2           (partselect       ) [ 0101]
icmp_ln538_7            (icmp             ) [ 0101]
trunc_ln539_3           (partselect       ) [ 0101]
icmp_ln538_8            (icmp             ) [ 0101]
trunc_ln539_4           (partselect       ) [ 0101]
icmp_ln538_9            (icmp             ) [ 0101]
trunc_ln539_5           (partselect       ) [ 0101]
specpipeline_ln529      (specpipeline     ) [ 0000]
speclooptripcount_ln528 (speclooptripcount) [ 0000]
specloopname_ln528      (specloopname     ) [ 0000]
out_data_15             (select           ) [ 0000]
out_data_16             (select           ) [ 0000]
out_data_17             (select           ) [ 0000]
out_data_18             (select           ) [ 0000]
select_ln538            (select           ) [ 0000]
select_ln538_1          (select           ) [ 0000]
select_ln538_2          (select           ) [ 0000]
select_ln538_3          (select           ) [ 0000]
select_ln538_4          (select           ) [ 0000]
select_ln538_5          (select           ) [ 0000]
or_ln544_s              (bitconcatenate   ) [ 0000]
write_ln544             (write            ) [ 0000]
br_ln528                (br               ) [ 0000]
ret_ln546               (ret              ) [ 0000]
</LifeTime>

<model>

<comp_list>
<comp id="0" class="1000" name="layer10_out">
<pin_list>
<pin id="1" dir="1" index="0" bw="1" slack="0"/>
</pin_list>
<bind>
<StgValue><ssdm name="layer10_out"/></StgValue>
</bind>
</comp>

<comp id="2" class="1000" name="layer12_out">
<pin_list>
<pin id="3" dir="1" index="0" bw="1" slack="0"/>
</pin_list>
<bind>
<StgValue><ssdm name="layer12_out"/></StgValue>
</bind>
</comp>

<comp id="4" class="1001" name="const_4">
<pin_list>
<pin id="5" dir="1" index="0" bw="1" slack="0"/>
</pin_list>
<bind>
<StgValue><ssdm name=""/></StgValue>
</bind>
</comp>

<comp id="6" class="1001" name="const_6">
<pin_list>
<pin id="7" dir="1" index="0" bw="1" slack="2147483647"/>
</pin_list>
<bind>
<StgValue><ssdm name="_ssdm_op_SpecInterface"/></StgValue>
</bind>
</comp>

<comp id="8" class="1001" name="const_8">
<pin_list>
<pin id="9" dir="1" index="0" bw="1" slack="2147483647"/>
</pin_list>
<bind>
<StgValue><ssdm name="empty_2"/></StgValue>
</bind>
</comp>

<comp id="10" class="1001" name="const_10">
<pin_list>
<pin id="11" dir="1" index="0" bw="1" slack="2147483647"/>
</pin_list>
<bind>
<StgValue><ssdm name=""/></StgValue>
</bind>
</comp>

<comp id="12" class="1001" name="const_12">
<pin_list>
<pin id="13" dir="1" index="0" bw="1" slack="2147483647"/>
</pin_list>
<bind>
<StgValue><ssdm name="empty_1"/></StgValue>
</bind>
</comp>

<comp id="14" class="1001" name="const_14">
<pin_list>
<pin id="15" dir="1" index="0" bw="1" slack="2147483647"/>
</pin_list>
<bind>
<StgValue><ssdm name=""/></StgValue>
</bind>
</comp>

<comp id="16" class="1001" name="const_16">
<pin_list>
<pin id="17" dir="1" index="0" bw="1" slack="0"/>
</pin_list>
<bind>
<StgValue><ssdm name=""/></StgValue>
</bind>
</comp>

<comp id="18" class="1001" name="const_18">
<pin_list>
<pin id="19" dir="1" index="0" bw="1" slack="0"/>
</pin_list>
<bind>
<StgValue><ssdm name=""/></StgValue>
</bind>
</comp>

<comp id="20" class="1001" name="const_20">
<pin_list>
<pin id="21" dir="1" index="0" bw="1" slack="0"/>
</pin_list>
<bind>
<StgValue><ssdm name=""/></StgValue>
</bind>
</comp>

<comp id="22" class="1001" name="const_22">
<pin_list>
<pin id="23" dir="1" index="0" bw="1" slack="0"/>
</pin_list>
<bind>
<StgValue><ssdm name="_ssdm_op_Read.ap_fifo.volatile.i400P0A"/></StgValue>
</bind>
</comp>

<comp id="24" class="1001" name="const_24">
<pin_list>
<pin id="25" dir="1" index="0" bw="1" slack="0"/>
</pin_list>
<bind>
<StgValue><ssdm name="_ssdm_op_PartSelect.i40.i400.i32.i32"/></StgValue>
</bind>
</comp>

<comp id="26" class="1001" name="const_26">
<pin_list>
<pin id="27" dir="1" index="0" bw="1" slack="0"/>
</pin_list>
<bind>
<StgValue><ssdm name=""/></StgValue>
</bind>
</comp>

<comp id="28" class="1001" name="const_28">
<pin_list>
<pin id="29" dir="1" index="0" bw="1" slack="0"/>
</pin_list>
<bind>
<StgValue><ssdm name=""/></StgValue>
</bind>
</comp>

<comp id="30" class="1001" name="const_30">
<pin_list>
<pin id="31" dir="1" index="0" bw="1" slack="0"/>
</pin_list>
<bind>
<StgValue><ssdm name=""/></StgValue>
</bind>
</comp>

<comp id="32" class="1001" name="const_32">
<pin_list>
<pin id="33" dir="1" index="0" bw="1" slack="0"/>
</pin_list>
<bind>
<StgValue><ssdm name=""/></StgValue>
</bind>
</comp>

<comp id="34" class="1001" name="const_34">
<pin_list>
<pin id="35" dir="1" index="0" bw="1" slack="0"/>
</pin_list>
<bind>
<StgValue><ssdm name=""/></StgValue>
</bind>
</comp>

<comp id="36" class="1001" name="const_36">
<pin_list>
<pin id="37" dir="1" index="0" bw="1" slack="0"/>
</pin_list>
<bind>
<StgValue><ssdm name=""/></StgValue>
</bind>
</comp>

<comp id="38" class="1001" name="const_38">
<pin_list>
<pin id="39" dir="1" index="0" bw="1" slack="0"/>
</pin_list>
<bind>
<StgValue><ssdm name=""/></StgValue>
</bind>
</comp>

<comp id="40" class="1001" name="const_40">
<pin_list>
<pin id="41" dir="1" index="0" bw="1" slack="0"/>
</pin_list>
<bind>
<StgValue><ssdm name=""/></StgValue>
</bind>
</comp>

<comp id="42" class="1001" name="const_42">
<pin_list>
<pin id="43" dir="1" index="0" bw="1" slack="0"/>
</pin_list>
<bind>
<StgValue><ssdm name=""/></StgValue>
</bind>
</comp>

<comp id="44" class="1001" name="const_44">
<pin_list>
<pin id="45" dir="1" index="0" bw="1" slack="0"/>
</pin_list>
<bind>
<StgValue><ssdm name=""/></StgValue>
</bind>
</comp>

<comp id="46" class="1001" name="const_46">
<pin_list>
<pin id="47" dir="1" index="0" bw="1" slack="0"/>
</pin_list>
<bind>
<StgValue><ssdm name=""/></StgValue>
</bind>
</comp>

<comp id="48" class="1001" name="const_48">
<pin_list>
<pin id="49" dir="1" index="0" bw="1" slack="0"/>
</pin_list>
<bind>
<StgValue><ssdm name=""/></StgValue>
</bind>
</comp>

<comp id="50" class="1001" name="const_50">
<pin_list>
<pin id="51" dir="1" index="0" bw="1" slack="0"/>
</pin_list>
<bind>
<StgValue><ssdm name=""/></StgValue>
</bind>
</comp>

<comp id="52" class="1001" name="const_52">
<pin_list>
<pin id="53" dir="1" index="0" bw="1" slack="0"/>
</pin_list>
<bind>
<StgValue><ssdm name=""/></StgValue>
</bind>
</comp>

<comp id="54" class="1001" name="const_54">
<pin_list>
<pin id="55" dir="1" index="0" bw="1" slack="0"/>
</pin_list>
<bind>
<StgValue><ssdm name=""/></StgValue>
</bind>
</comp>

<comp id="56" class="1001" name="const_56">
<pin_list>
<pin id="57" dir="1" index="0" bw="1" slack="0"/>
</pin_list>
<bind>
<StgValue><ssdm name=""/></StgValue>
</bind>
</comp>

<comp id="58" class="1001" name="const_58">
<pin_list>
<pin id="59" dir="1" index="0" bw="1" slack="0"/>
</pin_list>
<bind>
<StgValue><ssdm name=""/></StgValue>
</bind>
</comp>

<comp id="60" class="1001" name="const_60">
<pin_list>
<pin id="61" dir="1" index="0" bw="1" slack="0"/>
</pin_list>
<bind>
<StgValue><ssdm name=""/></StgValue>
</bind>
</comp>

<comp id="62" class="1001" name="const_62">
<pin_list>
<pin id="63" dir="1" index="0" bw="1" slack="0"/>
</pin_list>
<bind>
<StgValue><ssdm name=""/></StgValue>
</bind>
</comp>

<comp id="64" class="1001" name="const_64">
<pin_list>
<pin id="65" dir="1" index="0" bw="1" slack="0"/>
</pin_list>
<bind>
<StgValue><ssdm name="_ssdm_op_PartSelect.i16.i400.i32.i32"/></StgValue>
</bind>
</comp>

<comp id="66" class="1001" name="const_66">
<pin_list>
<pin id="67" dir="1" index="0" bw="1" slack="0"/>
</pin_list>
<bind>
<StgValue><ssdm name=""/></StgValue>
</bind>
</comp>

<comp id="68" class="1001" name="const_68">
<pin_list>
<pin id="69" dir="1" index="0" bw="1" slack="0"/>
</pin_list>
<bind>
<StgValue><ssdm name=""/></StgValue>
</bind>
</comp>

<comp id="70" class="1001" name="const_70">
<pin_list>
<pin id="71" dir="1" index="0" bw="1" slack="0"/>
</pin_list>
<bind>
<StgValue><ssdm name=""/></StgValue>
</bind>
</comp>

<comp id="72" class="1001" name="const_72">
<pin_list>
<pin id="73" dir="1" index="0" bw="1" slack="0"/>
</pin_list>
<bind>
<StgValue><ssdm name=""/></StgValue>
</bind>
</comp>

<comp id="74" class="1001" name="const_74">
<pin_list>
<pin id="75" dir="1" index="0" bw="1" slack="0"/>
</pin_list>
<bind>
<StgValue><ssdm name=""/></StgValue>
</bind>
</comp>

<comp id="76" class="1001" name="const_76">
<pin_list>
<pin id="77" dir="1" index="0" bw="1" slack="0"/>
</pin_list>
<bind>
<StgValue><ssdm name=""/></StgValue>
</bind>
</comp>

<comp id="78" class="1001" name="const_78">
<pin_list>
<pin id="79" dir="1" index="0" bw="1" slack="0"/>
</pin_list>
<bind>
<StgValue><ssdm name=""/></StgValue>
</bind>
</comp>

<comp id="80" class="1001" name="const_80">
<pin_list>
<pin id="81" dir="1" index="0" bw="1" slack="0"/>
</pin_list>
<bind>
<StgValue><ssdm name=""/></StgValue>
</bind>
</comp>

<comp id="82" class="1001" name="const_82">
<pin_list>
<pin id="83" dir="1" index="0" bw="1" slack="0"/>
</pin_list>
<bind>
<StgValue><ssdm name=""/></StgValue>
</bind>
</comp>

<comp id="84" class="1001" name="const_84">
<pin_list>
<pin id="85" dir="1" index="0" bw="1" slack="0"/>
</pin_list>
<bind>
<StgValue><ssdm name=""/></StgValue>
</bind>
</comp>

<comp id="86" class="1001" name="const_86">
<pin_list>
<pin id="87" dir="1" index="0" bw="1" slack="0"/>
</pin_list>
<bind>
<StgValue><ssdm name=""/></StgValue>
</bind>
</comp>

<comp id="88" class="1001" name="const_88">
<pin_list>
<pin id="89" dir="1" index="0" bw="1" slack="0"/>
</pin_list>
<bind>
<StgValue><ssdm name=""/></StgValue>
</bind>
</comp>

<comp id="90" class="1001" name="const_90">
<pin_list>
<pin id="91" dir="1" index="0" bw="1" slack="0"/>
</pin_list>
<bind>
<StgValue><ssdm name=""/></StgValue>
</bind>
</comp>

<comp id="92" class="1001" name="const_92">
<pin_list>
<pin id="93" dir="1" index="0" bw="1" slack="0"/>
</pin_list>
<bind>
<StgValue><ssdm name=""/></StgValue>
</bind>
</comp>

<comp id="94" class="1001" name="const_94">
<pin_list>
<pin id="95" dir="1" index="0" bw="1" slack="0"/>
</pin_list>
<bind>
<StgValue><ssdm name=""/></StgValue>
</bind>
</comp>

<comp id="96" class="1001" name="const_96">
<pin_list>
<pin id="97" dir="1" index="0" bw="1" slack="0"/>
</pin_list>
<bind>
<StgValue><ssdm name=""/></StgValue>
</bind>
</comp>

<comp id="98" class="1001" name="const_98">
<pin_list>
<pin id="99" dir="1" index="0" bw="1" slack="0"/>
</pin_list>
<bind>
<StgValue><ssdm name=""/></StgValue>
</bind>
</comp>

<comp id="100" class="1001" name="const_100">
<pin_list>
<pin id="101" dir="1" index="0" bw="1" slack="0"/>
</pin_list>
<bind>
<StgValue><ssdm name=""/></StgValue>
</bind>
</comp>

<comp id="102" class="1001" name="const_102">
<pin_list>
<pin id="103" dir="1" index="0" bw="1" slack="0"/>
</pin_list>
<bind>
<StgValue><ssdm name=""/></StgValue>
</bind>
</comp>

<comp id="104" class="1001" name="const_104">
<pin_list>
<pin id="105" dir="1" index="0" bw="1" slack="0"/>
</pin_list>
<bind>
<StgValue><ssdm name=""/></StgValue>
</bind>
</comp>

<comp id="106" class="1001" name="const_106">
<pin_list>
<pin id="107" dir="1" index="0" bw="1" slack="2147483647"/>
</pin_list>
<bind>
<StgValue><ssdm name="_ssdm_op_SpecPipeline"/></StgValue>
</bind>
</comp>

<comp id="108" class="1001" name="const_108">
<pin_list>
<pin id="109" dir="1" index="0" bw="1" slack="2147483647"/>
</pin_list>
<bind>
<StgValue><ssdm name="_ssdm_op_SpecLoopTripCount"/></StgValue>
</bind>
</comp>

<comp id="110" class="1001" name="const_110">
<pin_list>
<pin id="111" dir="1" index="0" bw="1" slack="2147483647"/>
</pin_list>
<bind>
<StgValue><ssdm name=""/></StgValue>
</bind>
</comp>

<comp id="112" class="1001" name="const_112">
<pin_list>
<pin id="113" dir="1" index="0" bw="1" slack="2147483647"/>
</pin_list>
<bind>
<StgValue><ssdm name="_ssdm_op_SpecLoopName"/></StgValue>
</bind>
</comp>

<comp id="114" class="1001" name="const_114">
<pin_list>
<pin id="115" dir="1" index="0" bw="1" slack="2147483647"/>
</pin_list>
<bind>
<StgValue><ssdm name="empty_5"/></StgValue>
</bind>
</comp>

<comp id="116" class="1001" name="const_116">
<pin_list>
<pin id="117" dir="1" index="0" bw="1" slack="0"/>
</pin_list>
<bind>
<StgValue><ssdm name=""/></StgValue>
</bind>
</comp>

<comp id="118" class="1001" name="const_118">
<pin_list>
<pin id="119" dir="1" index="0" bw="1" slack="0"/>
</pin_list>
<bind>
<StgValue><ssdm name="_ssdm_op_BitConcatenate.i160.i16.i16.i16.i16.i16.i16.i16.i16.i16.i16"/></StgValue>
</bind>
</comp>

<comp id="120" class="1001" name="const_120">
<pin_list>
<pin id="121" dir="1" index="0" bw="1" slack="0"/>
</pin_list>
<bind>
<StgValue><ssdm name="_ssdm_op_Write.ap_fifo.volatile.i160P0A"/></StgValue>
</bind>
</comp>

<comp id="122" class="1004" name="i_fu_122">
<pin_list>
<pin id="123" dir="0" index="0" bw="1" slack="0"/>
<pin id="124" dir="1" index="1" bw="3" slack="0"/>
</pin_list>
<bind>
<opcode="alloca(26) " fcode="alloca"/>
<opset="i/1 "/>
</bind>
</comp>

<comp id="126" class="1004" name="layer10_out_read_read_fu_126">
<pin_list>
<pin id="127" dir="0" index="0" bw="400" slack="0"/>
<pin id="128" dir="0" index="1" bw="400" slack="0"/>
<pin id="129" dir="1" index="2" bw="400" slack="0"/>
</pin_list>
<bind>
<opcode="read(1150) " fcode="read"/>
<opset="layer10_out_read/2 "/>
</bind>
</comp>

<comp id="132" class="1004" name="write_ln544_write_fu_132">
<pin_list>
<pin id="133" dir="0" index="0" bw="0" slack="0"/>
<pin id="134" dir="0" index="1" bw="160" slack="0"/>
<pin id="135" dir="0" index="2" bw="160" slack="0"/>
<pin id="136" dir="1" index="3" bw="0" slack="2147483647"/>
</pin_list>
<bind>
<opcode="write(1151) " fcode="write"/>
<opset="write_ln544/3 "/>
</bind>
</comp>

<comp id="139" class="1004" name="store_ln528_store_fu_139">
<pin_list>
<pin id="140" dir="0" index="0" bw="1" slack="0"/>
<pin id="141" dir="0" index="1" bw="3" slack="0"/>
<pin id="142" dir="1" index="2" bw="0" slack="2147483647"/>
</pin_list>
<bind>
<opcode="store(28) " fcode="store"/>
<opset="store_ln528/1 "/>
</bind>
</comp>

<comp id="144" class="1004" name="i_5_load_fu_144">
<pin_list>
<pin id="145" dir="0" index="0" bw="3" slack="0"/>
<pin id="146" dir="1" index="1" bw="3" slack="0"/>
</pin_list>
<bind>
<opcode="load(27) " fcode="load"/>
<opset="i_5/1 "/>
</bind>
</comp>

<comp id="147" class="1004" name="icmp_ln528_fu_147">
<pin_list>
<pin id="148" dir="0" index="0" bw="3" slack="0"/>
<pin id="149" dir="0" index="1" bw="3" slack="0"/>
<pin id="150" dir="1" index="2" bw="1" slack="1"/>
</pin_list>
<bind>
<opcode="icmp(45) " fcode="icmp"/>
<opset="icmp_ln528/1 "/>
</bind>
</comp>

<comp id="153" class="1004" name="i_6_fu_153">
<pin_list>
<pin id="154" dir="0" index="0" bw="3" slack="0"/>
<pin id="155" dir="0" index="1" bw="1" slack="0"/>
<pin id="156" dir="1" index="2" bw="3" slack="0"/>
</pin_list>
<bind>
<opcode="add(8) " fcode="add"/>
<opset="i_6/1 "/>
</bind>
</comp>

<comp id="159" class="1004" name="store_ln528_store_fu_159">
<pin_list>
<pin id="160" dir="0" index="0" bw="3" slack="0"/>
<pin id="161" dir="0" index="1" bw="3" slack="0"/>
<pin id="162" dir="1" index="2" bw="0" slack="2147483647"/>
</pin_list>
<bind>
<opcode="store(28) " fcode="store"/>
<opset="store_ln528/1 "/>
</bind>
</comp>

<comp id="164" class="1004" name="in_data_fu_164">
<pin_list>
<pin id="165" dir="0" index="0" bw="400" slack="0"/>
<pin id="166" dir="1" index="1" bw="40" slack="0"/>
</pin_list>
<bind>
<opcode="trunc(33) " fcode="trunc"/>
<opset="in_data/2 "/>
</bind>
</comp>

<comp id="168" class="1004" name="trunc_ln531_1_fu_168">
<pin_list>
<pin id="169" dir="0" index="0" bw="40" slack="0"/>
<pin id="170" dir="0" index="1" bw="400" slack="0"/>
<pin id="171" dir="0" index="2" bw="7" slack="0"/>
<pin id="172" dir="0" index="3" bw="8" slack="0"/>
<pin id="173" dir="1" index="4" bw="40" slack="0"/>
</pin_list>
<bind>
<opcode="partselect(1002) " fcode="partselect"/>
<opset="trunc_ln531_1/2 "/>
</bind>
</comp>

<comp id="178" class="1004" name="trunc_ln531_2_fu_178">
<pin_list>
<pin id="179" dir="0" index="0" bw="40" slack="0"/>
<pin id="180" dir="0" index="1" bw="400" slack="0"/>
<pin id="181" dir="0" index="2" bw="8" slack="0"/>
<pin id="182" dir="0" index="3" bw="8" slack="0"/>
<pin id="183" dir="1" index="4" bw="40" slack="0"/>
</pin_list>
<bind>
<opcode="partselect(1002) " fcode="partselect"/>
<opset="trunc_ln531_2/2 "/>
</bind>
</comp>

<comp id="188" class="1004" name="trunc_ln531_3_fu_188">
<pin_list>
<pin id="189" dir="0" index="0" bw="40" slack="0"/>
<pin id="190" dir="0" index="1" bw="400" slack="0"/>
<pin id="191" dir="0" index="2" bw="8" slack="0"/>
<pin id="192" dir="0" index="3" bw="9" slack="0"/>
<pin id="193" dir="1" index="4" bw="40" slack="0"/>
</pin_list>
<bind>
<opcode="partselect(1002) " fcode="partselect"/>
<opset="trunc_ln531_3/2 "/>
</bind>
</comp>

<comp id="198" class="1004" name="trunc_ln531_4_fu_198">
<pin_list>
<pin id="199" dir="0" index="0" bw="40" slack="0"/>
<pin id="200" dir="0" index="1" bw="400" slack="0"/>
<pin id="201" dir="0" index="2" bw="9" slack="0"/>
<pin id="202" dir="0" index="3" bw="9" slack="0"/>
<pin id="203" dir="1" index="4" bw="40" slack="0"/>
</pin_list>
<bind>
<opcode="partselect(1002) " fcode="partselect"/>
<opset="trunc_ln531_4/2 "/>
</bind>
</comp>

<comp id="208" class="1004" name="trunc_ln531_5_fu_208">
<pin_list>
<pin id="209" dir="0" index="0" bw="40" slack="0"/>
<pin id="210" dir="0" index="1" bw="400" slack="0"/>
<pin id="211" dir="0" index="2" bw="9" slack="0"/>
<pin id="212" dir="0" index="3" bw="9" slack="0"/>
<pin id="213" dir="1" index="4" bw="40" slack="0"/>
</pin_list>
<bind>
<opcode="partselect(1002) " fcode="partselect"/>
<opset="trunc_ln531_5/2 "/>
</bind>
</comp>

<comp id="218" class="1004" name="trunc_ln531_6_fu_218">
<pin_list>
<pin id="219" dir="0" index="0" bw="40" slack="0"/>
<pin id="220" dir="0" index="1" bw="400" slack="0"/>
<pin id="221" dir="0" index="2" bw="9" slack="0"/>
<pin id="222" dir="0" index="3" bw="10" slack="0"/>
<pin id="223" dir="1" index="4" bw="40" slack="0"/>
</pin_list>
<bind>
<opcode="partselect(1002) " fcode="partselect"/>
<opset="trunc_ln531_6/2 "/>
</bind>
</comp>

<comp id="228" class="1004" name="trunc_ln531_7_fu_228">
<pin_list>
<pin id="229" dir="0" index="0" bw="40" slack="0"/>
<pin id="230" dir="0" index="1" bw="400" slack="0"/>
<pin id="231" dir="0" index="2" bw="10" slack="0"/>
<pin id="232" dir="0" index="3" bw="10" slack="0"/>
<pin id="233" dir="1" index="4" bw="40" slack="0"/>
</pin_list>
<bind>
<opcode="partselect(1002) " fcode="partselect"/>
<opset="trunc_ln531_7/2 "/>
</bind>
</comp>

<comp id="238" class="1004" name="trunc_ln531_8_fu_238">
<pin_list>
<pin id="239" dir="0" index="0" bw="40" slack="0"/>
<pin id="240" dir="0" index="1" bw="400" slack="0"/>
<pin id="241" dir="0" index="2" bw="10" slack="0"/>
<pin id="242" dir="0" index="3" bw="10" slack="0"/>
<pin id="243" dir="1" index="4" bw="40" slack="0"/>
</pin_list>
<bind>
<opcode="partselect(1002) " fcode="partselect"/>
<opset="trunc_ln531_8/2 "/>
</bind>
</comp>

<comp id="248" class="1004" name="trunc_ln531_9_fu_248">
<pin_list>
<pin id="249" dir="0" index="0" bw="40" slack="0"/>
<pin id="250" dir="0" index="1" bw="400" slack="0"/>
<pin id="251" dir="0" index="2" bw="10" slack="0"/>
<pin id="252" dir="0" index="3" bw="10" slack="0"/>
<pin id="253" dir="1" index="4" bw="40" slack="0"/>
</pin_list>
<bind>
<opcode="partselect(1002) " fcode="partselect"/>
<opset="trunc_ln531_9/2 "/>
</bind>
</comp>

<comp id="258" class="1004" name="icmp_ln538_fu_258">
<pin_list>
<pin id="259" dir="0" index="0" bw="40" slack="0"/>
<pin id="260" dir="0" index="1" bw="40" slack="0"/>
<pin id="261" dir="1" index="2" bw="1" slack="1"/>
</pin_list>
<bind>
<opcode="icmp(45) " fcode="icmp"/>
<opset="icmp_ln538/2 "/>
</bind>
</comp>

<comp id="264" class="1004" name="out_data_fu_264">
<pin_list>
<pin id="265" dir="0" index="0" bw="16" slack="0"/>
<pin id="266" dir="0" index="1" bw="400" slack="0"/>
<pin id="267" dir="0" index="2" bw="5" slack="0"/>
<pin id="268" dir="0" index="3" bw="6" slack="0"/>
<pin id="269" dir="1" index="4" bw="16" slack="1"/>
</pin_list>
<bind>
<opcode="partselect(1002) " fcode="partselect"/>
<opset="out_data/2 "/>
</bind>
</comp>

<comp id="274" class="1004" name="icmp_ln538_1_fu_274">
<pin_list>
<pin id="275" dir="0" index="0" bw="40" slack="0"/>
<pin id="276" dir="0" index="1" bw="40" slack="0"/>
<pin id="277" dir="1" index="2" bw="1" slack="1"/>
</pin_list>
<bind>
<opcode="icmp(45) " fcode="icmp"/>
<opset="icmp_ln538_1/2 "/>
</bind>
</comp>

<comp id="280" class="1004" name="out_data_2_fu_280">
<pin_list>
<pin id="281" dir="0" index="0" bw="16" slack="0"/>
<pin id="282" dir="0" index="1" bw="400" slack="0"/>
<pin id="283" dir="0" index="2" bw="7" slack="0"/>
<pin id="284" dir="0" index="3" bw="8" slack="0"/>
<pin id="285" dir="1" index="4" bw="16" slack="1"/>
</pin_list>
<bind>
<opcode="partselect(1002) " fcode="partselect"/>
<opset="out_data_2/2 "/>
</bind>
</comp>

<comp id="290" class="1004" name="icmp_ln538_2_fu_290">
<pin_list>
<pin id="291" dir="0" index="0" bw="40" slack="0"/>
<pin id="292" dir="0" index="1" bw="40" slack="0"/>
<pin id="293" dir="1" index="2" bw="1" slack="1"/>
</pin_list>
<bind>
<opcode="icmp(45) " fcode="icmp"/>
<opset="icmp_ln538_2/2 "/>
</bind>
</comp>

<comp id="296" class="1004" name="out_data_4_fu_296">
<pin_list>
<pin id="297" dir="0" index="0" bw="16" slack="0"/>
<pin id="298" dir="0" index="1" bw="400" slack="0"/>
<pin id="299" dir="0" index="2" bw="8" slack="0"/>
<pin id="300" dir="0" index="3" bw="8" slack="0"/>
<pin id="301" dir="1" index="4" bw="16" slack="1"/>
</pin_list>
<bind>
<opcode="partselect(1002) " fcode="partselect"/>
<opset="out_data_4/2 "/>
</bind>
</comp>

<comp id="306" class="1004" name="icmp_ln538_3_fu_306">
<pin_list>
<pin id="307" dir="0" index="0" bw="40" slack="0"/>
<pin id="308" dir="0" index="1" bw="40" slack="0"/>
<pin id="309" dir="1" index="2" bw="1" slack="1"/>
</pin_list>
<bind>
<opcode="icmp(45) " fcode="icmp"/>
<opset="icmp_ln538_3/2 "/>
</bind>
</comp>

<comp id="312" class="1004" name="out_data_6_fu_312">
<pin_list>
<pin id="313" dir="0" index="0" bw="16" slack="0"/>
<pin id="314" dir="0" index="1" bw="400" slack="0"/>
<pin id="315" dir="0" index="2" bw="9" slack="0"/>
<pin id="316" dir="0" index="3" bw="9" slack="0"/>
<pin id="317" dir="1" index="4" bw="16" slack="1"/>
</pin_list>
<bind>
<opcode="partselect(1002) " fcode="partselect"/>
<opset="out_data_6/2 "/>
</bind>
</comp>

<comp id="322" class="1004" name="icmp_ln538_4_fu_322">
<pin_list>
<pin id="323" dir="0" index="0" bw="40" slack="0"/>
<pin id="324" dir="0" index="1" bw="40" slack="0"/>
<pin id="325" dir="1" index="2" bw="1" slack="1"/>
</pin_list>
<bind>
<opcode="icmp(45) " fcode="icmp"/>
<opset="icmp_ln538_4/2 "/>
</bind>
</comp>

<comp id="328" class="1004" name="trunc_ln_fu_328">
<pin_list>
<pin id="329" dir="0" index="0" bw="16" slack="0"/>
<pin id="330" dir="0" index="1" bw="400" slack="0"/>
<pin id="331" dir="0" index="2" bw="9" slack="0"/>
<pin id="332" dir="0" index="3" bw="9" slack="0"/>
<pin id="333" dir="1" index="4" bw="16" slack="1"/>
</pin_list>
<bind>
<opcode="partselect(1002) " fcode="partselect"/>
<opset="trunc_ln/2 "/>
</bind>
</comp>

<comp id="338" class="1004" name="icmp_ln538_5_fu_338">
<pin_list>
<pin id="339" dir="0" index="0" bw="40" slack="0"/>
<pin id="340" dir="0" index="1" bw="40" slack="0"/>
<pin id="341" dir="1" index="2" bw="1" slack="1"/>
</pin_list>
<bind>
<opcode="icmp(45) " fcode="icmp"/>
<opset="icmp_ln538_5/2 "/>
</bind>
</comp>

<comp id="344" class="1004" name="trunc_ln539_1_fu_344">
<pin_list>
<pin id="345" dir="0" index="0" bw="16" slack="0"/>
<pin id="346" dir="0" index="1" bw="400" slack="0"/>
<pin id="347" dir="0" index="2" bw="9" slack="0"/>
<pin id="348" dir="0" index="3" bw="9" slack="0"/>
<pin id="349" dir="1" index="4" bw="16" slack="1"/>
</pin_list>
<bind>
<opcode="partselect(1002) " fcode="partselect"/>
<opset="trunc_ln539_1/2 "/>
</bind>
</comp>

<comp id="354" class="1004" name="icmp_ln538_6_fu_354">
<pin_list>
<pin id="355" dir="0" index="0" bw="40" slack="0"/>
<pin id="356" dir="0" index="1" bw="40" slack="0"/>
<pin id="357" dir="1" index="2" bw="1" slack="1"/>
</pin_list>
<bind>
<opcode="icmp(45) " fcode="icmp"/>
<opset="icmp_ln538_6/2 "/>
</bind>
</comp>

<comp id="360" class="1004" name="trunc_ln539_2_fu_360">
<pin_list>
<pin id="361" dir="0" index="0" bw="16" slack="0"/>
<pin id="362" dir="0" index="1" bw="400" slack="0"/>
<pin id="363" dir="0" index="2" bw="9" slack="0"/>
<pin id="364" dir="0" index="3" bw="10" slack="0"/>
<pin id="365" dir="1" index="4" bw="16" slack="1"/>
</pin_list>
<bind>
<opcode="partselect(1002) " fcode="partselect"/>
<opset="trunc_ln539_2/2 "/>
</bind>
</comp>

<comp id="370" class="1004" name="icmp_ln538_7_fu_370">
<pin_list>
<pin id="371" dir="0" index="0" bw="40" slack="0"/>
<pin id="372" dir="0" index="1" bw="40" slack="0"/>
<pin id="373" dir="1" index="2" bw="1" slack="1"/>
</pin_list>
<bind>
<opcode="icmp(45) " fcode="icmp"/>
<opset="icmp_ln538_7/2 "/>
</bind>
</comp>

<comp id="376" class="1004" name="trunc_ln539_3_fu_376">
<pin_list>
<pin id="377" dir="0" index="0" bw="16" slack="0"/>
<pin id="378" dir="0" index="1" bw="400" slack="0"/>
<pin id="379" dir="0" index="2" bw="10" slack="0"/>
<pin id="380" dir="0" index="3" bw="10" slack="0"/>
<pin id="381" dir="1" index="4" bw="16" slack="1"/>
</pin_list>
<bind>
<opcode="partselect(1002) " fcode="partselect"/>
<opset="trunc_ln539_3/2 "/>
</bind>
</comp>

<comp id="386" class="1004" name="icmp_ln538_8_fu_386">
<pin_list>
<pin id="387" dir="0" index="0" bw="40" slack="0"/>
<pin id="388" dir="0" index="1" bw="40" slack="0"/>
<pin id="389" dir="1" index="2" bw="1" slack="1"/>
</pin_list>
<bind>
<opcode="icmp(45) " fcode="icmp"/>
<opset="icmp_ln538_8/2 "/>
</bind>
</comp>

<comp id="392" class="1004" name="trunc_ln539_4_fu_392">
<pin_list>
<pin id="393" dir="0" index="0" bw="16" slack="0"/>
<pin id="394" dir="0" index="1" bw="400" slack="0"/>
<pin id="395" dir="0" index="2" bw="10" slack="0"/>
<pin id="396" dir="0" index="3" bw="10" slack="0"/>
<pin id="397" dir="1" index="4" bw="16" slack="1"/>
</pin_list>
<bind>
<opcode="partselect(1002) " fcode="partselect"/>
<opset="trunc_ln539_4/2 "/>
</bind>
</comp>

<comp id="402" class="1004" name="icmp_ln538_9_fu_402">
<pin_list>
<pin id="403" dir="0" index="0" bw="40" slack="0"/>
<pin id="404" dir="0" index="1" bw="40" slack="0"/>
<pin id="405" dir="1" index="2" bw="1" slack="1"/>
</pin_list>
<bind>
<opcode="icmp(45) " fcode="icmp"/>
<opset="icmp_ln538_9/2 "/>
</bind>
</comp>

<comp id="408" class="1004" name="trunc_ln539_5_fu_408">
<pin_list>
<pin id="409" dir="0" index="0" bw="16" slack="0"/>
<pin id="410" dir="0" index="1" bw="400" slack="0"/>
<pin id="411" dir="0" index="2" bw="10" slack="0"/>
<pin id="412" dir="0" index="3" bw="10" slack="0"/>
<pin id="413" dir="1" index="4" bw="16" slack="1"/>
</pin_list>
<bind>
<opcode="partselect(1002) " fcode="partselect"/>
<opset="trunc_ln539_5/2 "/>
</bind>
</comp>

<comp id="418" class="1004" name="out_data_15_fu_418">
<pin_list>
<pin id="419" dir="0" index="0" bw="1" slack="1"/>
<pin id="420" dir="0" index="1" bw="16" slack="1"/>
<pin id="421" dir="0" index="2" bw="16" slack="0"/>
<pin id="422" dir="1" index="3" bw="16" slack="0"/>
</pin_list>
<bind>
<opcode="select(49) " fcode="select"/>
<opset="out_data_15/3 "/>
</bind>
</comp>

<comp id="424" class="1004" name="out_data_16_fu_424">
<pin_list>
<pin id="425" dir="0" index="0" bw="1" slack="1"/>
<pin id="426" dir="0" index="1" bw="16" slack="1"/>
<pin id="427" dir="0" index="2" bw="16" slack="0"/>
<pin id="428" dir="1" index="3" bw="16" slack="0"/>
</pin_list>
<bind>
<opcode="select(49) " fcode="select"/>
<opset="out_data_16/3 "/>
</bind>
</comp>

<comp id="430" class="1004" name="out_data_17_fu_430">
<pin_list>
<pin id="431" dir="0" index="0" bw="1" slack="1"/>
<pin id="432" dir="0" index="1" bw="16" slack="1"/>
<pin id="433" dir="0" index="2" bw="16" slack="0"/>
<pin id="434" dir="1" index="3" bw="16" slack="0"/>
</pin_list>
<bind>
<opcode="select(49) " fcode="select"/>
<opset="out_data_17/3 "/>
</bind>
</comp>

<comp id="436" class="1004" name="out_data_18_fu_436">
<pin_list>
<pin id="437" dir="0" index="0" bw="1" slack="1"/>
<pin id="438" dir="0" index="1" bw="16" slack="1"/>
<pin id="439" dir="0" index="2" bw="16" slack="0"/>
<pin id="440" dir="1" index="3" bw="16" slack="0"/>
</pin_list>
<bind>
<opcode="select(49) " fcode="select"/>
<opset="out_data_18/3 "/>
</bind>
</comp>

<comp id="442" class="1004" name="select_ln538_fu_442">
<pin_list>
<pin id="443" dir="0" index="0" bw="1" slack="1"/>
<pin id="444" dir="0" index="1" bw="16" slack="1"/>
<pin id="445" dir="0" index="2" bw="16" slack="0"/>
<pin id="446" dir="1" index="3" bw="16" slack="0"/>
</pin_list>
<bind>
<opcode="select(49) " fcode="select"/>
<opset="select_ln538/3 "/>
</bind>
</comp>

<comp id="448" class="1004" name="select_ln538_1_fu_448">
<pin_list>
<pin id="449" dir="0" index="0" bw="1" slack="1"/>
<pin id="450" dir="0" index="1" bw="16" slack="1"/>
<pin id="451" dir="0" index="2" bw="16" slack="0"/>
<pin id="452" dir="1" index="3" bw="16" slack="0"/>
</pin_list>
<bind>
<opcode="select(49) " fcode="select"/>
<opset="select_ln538_1/3 "/>
</bind>
</comp>

<comp id="454" class="1004" name="select_ln538_2_fu_454">
<pin_list>
<pin id="455" dir="0" index="0" bw="1" slack="1"/>
<pin id="456" dir="0" index="1" bw="16" slack="1"/>
<pin id="457" dir="0" index="2" bw="16" slack="0"/>
<pin id="458" dir="1" index="3" bw="16" slack="0"/>
</pin_list>
<bind>
<opcode="select(49) " fcode="select"/>
<opset="select_ln538_2/3 "/>
</bind>
</comp>

<comp id="460" class="1004" name="select_ln538_3_fu_460">
<pin_list>
<pin id="461" dir="0" index="0" bw="1" slack="1"/>
<pin id="462" dir="0" index="1" bw="16" slack="1"/>
<pin id="463" dir="0" index="2" bw="16" slack="0"/>
<pin id="464" dir="1" index="3" bw="16" slack="0"/>
</pin_list>
<bind>
<opcode="select(49) " fcode="select"/>
<opset="select_ln538_3/3 "/>
</bind>
</comp>

<comp id="466" class="1004" name="select_ln538_4_fu_466">
<pin_list>
<pin id="467" dir="0" index="0" bw="1" slack="1"/>
<pin id="468" dir="0" index="1" bw="16" slack="1"/>
<pin id="469" dir="0" index="2" bw="16" slack="0"/>
<pin id="470" dir="1" index="3" bw="16" slack="0"/>
</pin_list>
<bind>
<opcode="select(49) " fcode="select"/>
<opset="select_ln538_4/3 "/>
</bind>
</comp>

<comp id="472" class="1004" name="select_ln538_5_fu_472">
<pin_list>
<pin id="473" dir="0" index="0" bw="1" slack="1"/>
<pin id="474" dir="0" index="1" bw="16" slack="1"/>
<pin id="475" dir="0" index="2" bw="16" slack="0"/>
<pin id="476" dir="1" index="3" bw="16" slack="0"/>
</pin_list>
<bind>
<opcode="select(49) " fcode="select"/>
<opset="select_ln538_5/3 "/>
</bind>
</comp>

<comp id="478" class="1004" name="or_ln544_s_fu_478">
<pin_list>
<pin id="479" dir="0" index="0" bw="160" slack="0"/>
<pin id="480" dir="0" index="1" bw="16" slack="0"/>
<pin id="481" dir="0" index="2" bw="16" slack="0"/>
<pin id="482" dir="0" index="3" bw="16" slack="0"/>
<pin id="483" dir="0" index="4" bw="16" slack="0"/>
<pin id="484" dir="0" index="5" bw="16" slack="0"/>
<pin id="485" dir="0" index="6" bw="16" slack="0"/>
<pin id="486" dir="0" index="7" bw="16" slack="0"/>
<pin id="487" dir="0" index="8" bw="16" slack="0"/>
<pin id="488" dir="0" index="9" bw="16" slack="0"/>
<pin id="489" dir="0" index="10" bw="16" slack="0"/>
<pin id="490" dir="1" index="11" bw="160" slack="0"/>
</pin_list>
<bind>
<opcode="bitconcatenate(1004) " fcode="bitconcatenate"/>
<opset="or_ln544_s/3 "/>
</bind>
</comp>

<comp id="503" class="1005" name="i_reg_503">
<pin_list>
<pin id="504" dir="0" index="0" bw="3" slack="0"/>
<pin id="505" dir="1" index="1" bw="3" slack="0"/>
</pin_list>
<bind>
<opset="i "/>
</bind>
</comp>

<comp id="510" class="1005" name="icmp_ln528_reg_510">
<pin_list>
<pin id="511" dir="0" index="0" bw="1" slack="1"/>
<pin id="512" dir="1" index="1" bw="1" slack="2147483647"/>
</pin_list>
<bind>
<opset="icmp_ln528 "/>
</bind>
</comp>

<comp id="514" class="1005" name="icmp_ln538_reg_514">
<pin_list>
<pin id="515" dir="0" index="0" bw="1" slack="1"/>
<pin id="516" dir="1" index="1" bw="1" slack="1"/>
</pin_list>
<bind>
<opset="icmp_ln538 "/>
</bind>
</comp>

<comp id="519" class="1005" name="out_data_reg_519">
<pin_list>
<pin id="520" dir="0" index="0" bw="16" slack="1"/>
<pin id="521" dir="1" index="1" bw="16" slack="1"/>
</pin_list>
<bind>
<opset="out_data "/>
</bind>
</comp>

<comp id="524" class="1005" name="icmp_ln538_1_reg_524">
<pin_list>
<pin id="525" dir="0" index="0" bw="1" slack="1"/>
<pin id="526" dir="1" index="1" bw="1" slack="1"/>
</pin_list>
<bind>
<opset="icmp_ln538_1 "/>
</bind>
</comp>

<comp id="529" class="1005" name="out_data_2_reg_529">
<pin_list>
<pin id="530" dir="0" index="0" bw="16" slack="1"/>
<pin id="531" dir="1" index="1" bw="16" slack="1"/>
</pin_list>
<bind>
<opset="out_data_2 "/>
</bind>
</comp>

<comp id="534" class="1005" name="icmp_ln538_2_reg_534">
<pin_list>
<pin id="535" dir="0" index="0" bw="1" slack="1"/>
<pin id="536" dir="1" index="1" bw="1" slack="1"/>
</pin_list>
<bind>
<opset="icmp_ln538_2 "/>
</bind>
</comp>

<comp id="539" class="1005" name="out_data_4_reg_539">
<pin_list>
<pin id="540" dir="0" index="0" bw="16" slack="1"/>
<pin id="541" dir="1" index="1" bw="16" slack="1"/>
</pin_list>
<bind>
<opset="out_data_4 "/>
</bind>
</comp>

<comp id="544" class="1005" name="icmp_ln538_3_reg_544">
<pin_list>
<pin id="545" dir="0" index="0" bw="1" slack="1"/>
<pin id="546" dir="1" index="1" bw="1" slack="1"/>
</pin_list>
<bind>
<opset="icmp_ln538_3 "/>
</bind>
</comp>

<comp id="549" class="1005" name="out_data_6_reg_549">
<pin_list>
<pin id="550" dir="0" index="0" bw="16" slack="1"/>
<pin id="551" dir="1" index="1" bw="16" slack="1"/>
</pin_list>
<bind>
<opset="out_data_6 "/>
</bind>
</comp>

<comp id="554" class="1005" name="icmp_ln538_4_reg_554">
<pin_list>
<pin id="555" dir="0" index="0" bw="1" slack="1"/>
<pin id="556" dir="1" index="1" bw="1" slack="1"/>
</pin_list>
<bind>
<opset="icmp_ln538_4 "/>
</bind>
</comp>

<comp id="559" class="1005" name="trunc_ln_reg_559">
<pin_list>
<pin id="560" dir="0" index="0" bw="16" slack="1"/>
<pin id="561" dir="1" index="1" bw="16" slack="1"/>
</pin_list>
<bind>
<opset="trunc_ln "/>
</bind>
</comp>

<comp id="564" class="1005" name="icmp_ln538_5_reg_564">
<pin_list>
<pin id="565" dir="0" index="0" bw="1" slack="1"/>
<pin id="566" dir="1" index="1" bw="1" slack="1"/>
</pin_list>
<bind>
<opset="icmp_ln538_5 "/>
</bind>
</comp>

<comp id="569" class="1005" name="trunc_ln539_1_reg_569">
<pin_list>
<pin id="570" dir="0" index="0" bw="16" slack="1"/>
<pin id="571" dir="1" index="1" bw="16" slack="1"/>
</pin_list>
<bind>
<opset="trunc_ln539_1 "/>
</bind>
</comp>

<comp id="574" class="1005" name="icmp_ln538_6_reg_574">
<pin_list>
<pin id="575" dir="0" index="0" bw="1" slack="1"/>
<pin id="576" dir="1" index="1" bw="1" slack="1"/>
</pin_list>
<bind>
<opset="icmp_ln538_6 "/>
</bind>
</comp>

<comp id="579" class="1005" name="trunc_ln539_2_reg_579">
<pin_list>
<pin id="580" dir="0" index="0" bw="16" slack="1"/>
<pin id="581" dir="1" index="1" bw="16" slack="1"/>
</pin_list>
<bind>
<opset="trunc_ln539_2 "/>
</bind>
</comp>

<comp id="584" class="1005" name="icmp_ln538_7_reg_584">
<pin_list>
<pin id="585" dir="0" index="0" bw="1" slack="1"/>
<pin id="586" dir="1" index="1" bw="1" slack="1"/>
</pin_list>
<bind>
<opset="icmp_ln538_7 "/>
</bind>
</comp>

<comp id="589" class="1005" name="trunc_ln539_3_reg_589">
<pin_list>
<pin id="590" dir="0" index="0" bw="16" slack="1"/>
<pin id="591" dir="1" index="1" bw="16" slack="1"/>
</pin_list>
<bind>
<opset="trunc_ln539_3 "/>
</bind>
</comp>

<comp id="594" class="1005" name="icmp_ln538_8_reg_594">
<pin_list>
<pin id="595" dir="0" index="0" bw="1" slack="1"/>
<pin id="596" dir="1" index="1" bw="1" slack="1"/>
</pin_list>
<bind>
<opset="icmp_ln538_8 "/>
</bind>
</comp>

<comp id="599" class="1005" name="trunc_ln539_4_reg_599">
<pin_list>
<pin id="600" dir="0" index="0" bw="16" slack="1"/>
<pin id="601" dir="1" index="1" bw="16" slack="1"/>
</pin_list>
<bind>
<opset="trunc_ln539_4 "/>
</bind>
</comp>

<comp id="604" class="1005" name="icmp_ln538_9_reg_604">
<pin_list>
<pin id="605" dir="0" index="0" bw="1" slack="1"/>
<pin id="606" dir="1" index="1" bw="1" slack="1"/>
</pin_list>
<bind>
<opset="icmp_ln538_9 "/>
</bind>
</comp>

<comp id="609" class="1005" name="trunc_ln539_5_reg_609">
<pin_list>
<pin id="610" dir="0" index="0" bw="16" slack="1"/>
<pin id="611" dir="1" index="1" bw="16" slack="1"/>
</pin_list>
<bind>
<opset="trunc_ln539_5 "/>
</bind>
</comp>

</comp_list>

<net_list>
<net id="125"><net_src comp="4" pin="0"/><net_sink comp="122" pin=0"/></net>

<net id="130"><net_src comp="22" pin="0"/><net_sink comp="126" pin=0"/></net>

<net id="131"><net_src comp="0" pin="0"/><net_sink comp="126" pin=1"/></net>

<net id="137"><net_src comp="120" pin="0"/><net_sink comp="132" pin=0"/></net>

<net id="138"><net_src comp="2" pin="0"/><net_sink comp="132" pin=1"/></net>

<net id="143"><net_src comp="16" pin="0"/><net_sink comp="139" pin=0"/></net>

<net id="151"><net_src comp="144" pin="1"/><net_sink comp="147" pin=0"/></net>

<net id="152"><net_src comp="18" pin="0"/><net_sink comp="147" pin=1"/></net>

<net id="157"><net_src comp="144" pin="1"/><net_sink comp="153" pin=0"/></net>

<net id="158"><net_src comp="20" pin="0"/><net_sink comp="153" pin=1"/></net>

<net id="163"><net_src comp="153" pin="2"/><net_sink comp="159" pin=0"/></net>

<net id="167"><net_src comp="126" pin="2"/><net_sink comp="164" pin=0"/></net>

<net id="174"><net_src comp="24" pin="0"/><net_sink comp="168" pin=0"/></net>

<net id="175"><net_src comp="126" pin="2"/><net_sink comp="168" pin=1"/></net>

<net id="176"><net_src comp="26" pin="0"/><net_sink comp="168" pin=2"/></net>

<net id="177"><net_src comp="28" pin="0"/><net_sink comp="168" pin=3"/></net>

<net id="184"><net_src comp="24" pin="0"/><net_sink comp="178" pin=0"/></net>

<net id="185"><net_src comp="126" pin="2"/><net_sink comp="178" pin=1"/></net>

<net id="186"><net_src comp="30" pin="0"/><net_sink comp="178" pin=2"/></net>

<net id="187"><net_src comp="32" pin="0"/><net_sink comp="178" pin=3"/></net>

<net id="194"><net_src comp="24" pin="0"/><net_sink comp="188" pin=0"/></net>

<net id="195"><net_src comp="126" pin="2"/><net_sink comp="188" pin=1"/></net>

<net id="196"><net_src comp="34" pin="0"/><net_sink comp="188" pin=2"/></net>

<net id="197"><net_src comp="36" pin="0"/><net_sink comp="188" pin=3"/></net>

<net id="204"><net_src comp="24" pin="0"/><net_sink comp="198" pin=0"/></net>

<net id="205"><net_src comp="126" pin="2"/><net_sink comp="198" pin=1"/></net>

<net id="206"><net_src comp="38" pin="0"/><net_sink comp="198" pin=2"/></net>

<net id="207"><net_src comp="40" pin="0"/><net_sink comp="198" pin=3"/></net>

<net id="214"><net_src comp="24" pin="0"/><net_sink comp="208" pin=0"/></net>

<net id="215"><net_src comp="126" pin="2"/><net_sink comp="208" pin=1"/></net>

<net id="216"><net_src comp="42" pin="0"/><net_sink comp="208" pin=2"/></net>

<net id="217"><net_src comp="44" pin="0"/><net_sink comp="208" pin=3"/></net>

<net id="224"><net_src comp="24" pin="0"/><net_sink comp="218" pin=0"/></net>

<net id="225"><net_src comp="126" pin="2"/><net_sink comp="218" pin=1"/></net>

<net id="226"><net_src comp="46" pin="0"/><net_sink comp="218" pin=2"/></net>

<net id="227"><net_src comp="48" pin="0"/><net_sink comp="218" pin=3"/></net>

<net id="234"><net_src comp="24" pin="0"/><net_sink comp="228" pin=0"/></net>

<net id="235"><net_src comp="126" pin="2"/><net_sink comp="228" pin=1"/></net>

<net id="236"><net_src comp="50" pin="0"/><net_sink comp="228" pin=2"/></net>

<net id="237"><net_src comp="52" pin="0"/><net_sink comp="228" pin=3"/></net>

<net id="244"><net_src comp="24" pin="0"/><net_sink comp="238" pin=0"/></net>

<net id="245"><net_src comp="126" pin="2"/><net_sink comp="238" pin=1"/></net>

<net id="246"><net_src comp="54" pin="0"/><net_sink comp="238" pin=2"/></net>

<net id="247"><net_src comp="56" pin="0"/><net_sink comp="238" pin=3"/></net>

<net id="254"><net_src comp="24" pin="0"/><net_sink comp="248" pin=0"/></net>

<net id="255"><net_src comp="126" pin="2"/><net_sink comp="248" pin=1"/></net>

<net id="256"><net_src comp="58" pin="0"/><net_sink comp="248" pin=2"/></net>

<net id="257"><net_src comp="60" pin="0"/><net_sink comp="248" pin=3"/></net>

<net id="262"><net_src comp="164" pin="1"/><net_sink comp="258" pin=0"/></net>

<net id="263"><net_src comp="62" pin="0"/><net_sink comp="258" pin=1"/></net>

<net id="270"><net_src comp="64" pin="0"/><net_sink comp="264" pin=0"/></net>

<net id="271"><net_src comp="126" pin="2"/><net_sink comp="264" pin=1"/></net>

<net id="272"><net_src comp="66" pin="0"/><net_sink comp="264" pin=2"/></net>

<net id="273"><net_src comp="68" pin="0"/><net_sink comp="264" pin=3"/></net>

<net id="278"><net_src comp="168" pin="4"/><net_sink comp="274" pin=0"/></net>

<net id="279"><net_src comp="62" pin="0"/><net_sink comp="274" pin=1"/></net>

<net id="286"><net_src comp="64" pin="0"/><net_sink comp="280" pin=0"/></net>

<net id="287"><net_src comp="126" pin="2"/><net_sink comp="280" pin=1"/></net>

<net id="288"><net_src comp="70" pin="0"/><net_sink comp="280" pin=2"/></net>

<net id="289"><net_src comp="72" pin="0"/><net_sink comp="280" pin=3"/></net>

<net id="294"><net_src comp="178" pin="4"/><net_sink comp="290" pin=0"/></net>

<net id="295"><net_src comp="62" pin="0"/><net_sink comp="290" pin=1"/></net>

<net id="302"><net_src comp="64" pin="0"/><net_sink comp="296" pin=0"/></net>

<net id="303"><net_src comp="126" pin="2"/><net_sink comp="296" pin=1"/></net>

<net id="304"><net_src comp="74" pin="0"/><net_sink comp="296" pin=2"/></net>

<net id="305"><net_src comp="76" pin="0"/><net_sink comp="296" pin=3"/></net>

<net id="310"><net_src comp="188" pin="4"/><net_sink comp="306" pin=0"/></net>

<net id="311"><net_src comp="62" pin="0"/><net_sink comp="306" pin=1"/></net>

<net id="318"><net_src comp="64" pin="0"/><net_sink comp="312" pin=0"/></net>

<net id="319"><net_src comp="126" pin="2"/><net_sink comp="312" pin=1"/></net>

<net id="320"><net_src comp="78" pin="0"/><net_sink comp="312" pin=2"/></net>

<net id="321"><net_src comp="80" pin="0"/><net_sink comp="312" pin=3"/></net>

<net id="326"><net_src comp="198" pin="4"/><net_sink comp="322" pin=0"/></net>

<net id="327"><net_src comp="62" pin="0"/><net_sink comp="322" pin=1"/></net>

<net id="334"><net_src comp="64" pin="0"/><net_sink comp="328" pin=0"/></net>

<net id="335"><net_src comp="126" pin="2"/><net_sink comp="328" pin=1"/></net>

<net id="336"><net_src comp="82" pin="0"/><net_sink comp="328" pin=2"/></net>

<net id="337"><net_src comp="84" pin="0"/><net_sink comp="328" pin=3"/></net>

<net id="342"><net_src comp="208" pin="4"/><net_sink comp="338" pin=0"/></net>

<net id="343"><net_src comp="62" pin="0"/><net_sink comp="338" pin=1"/></net>

<net id="350"><net_src comp="64" pin="0"/><net_sink comp="344" pin=0"/></net>

<net id="351"><net_src comp="126" pin="2"/><net_sink comp="344" pin=1"/></net>

<net id="352"><net_src comp="86" pin="0"/><net_sink comp="344" pin=2"/></net>

<net id="353"><net_src comp="88" pin="0"/><net_sink comp="344" pin=3"/></net>

<net id="358"><net_src comp="218" pin="4"/><net_sink comp="354" pin=0"/></net>

<net id="359"><net_src comp="62" pin="0"/><net_sink comp="354" pin=1"/></net>

<net id="366"><net_src comp="64" pin="0"/><net_sink comp="360" pin=0"/></net>

<net id="367"><net_src comp="126" pin="2"/><net_sink comp="360" pin=1"/></net>

<net id="368"><net_src comp="90" pin="0"/><net_sink comp="360" pin=2"/></net>

<net id="369"><net_src comp="92" pin="0"/><net_sink comp="360" pin=3"/></net>

<net id="374"><net_src comp="228" pin="4"/><net_sink comp="370" pin=0"/></net>

<net id="375"><net_src comp="62" pin="0"/><net_sink comp="370" pin=1"/></net>

<net id="382"><net_src comp="64" pin="0"/><net_sink comp="376" pin=0"/></net>

<net id="383"><net_src comp="126" pin="2"/><net_sink comp="376" pin=1"/></net>

<net id="384"><net_src comp="94" pin="0"/><net_sink comp="376" pin=2"/></net>

<net id="385"><net_src comp="96" pin="0"/><net_sink comp="376" pin=3"/></net>

<net id="390"><net_src comp="238" pin="4"/><net_sink comp="386" pin=0"/></net>

<net id="391"><net_src comp="62" pin="0"/><net_sink comp="386" pin=1"/></net>

<net id="398"><net_src comp="64" pin="0"/><net_sink comp="392" pin=0"/></net>

<net id="399"><net_src comp="126" pin="2"/><net_sink comp="392" pin=1"/></net>

<net id="400"><net_src comp="98" pin="0"/><net_sink comp="392" pin=2"/></net>

<net id="401"><net_src comp="100" pin="0"/><net_sink comp="392" pin=3"/></net>

<net id="406"><net_src comp="248" pin="4"/><net_sink comp="402" pin=0"/></net>

<net id="407"><net_src comp="62" pin="0"/><net_sink comp="402" pin=1"/></net>

<net id="414"><net_src comp="64" pin="0"/><net_sink comp="408" pin=0"/></net>

<net id="415"><net_src comp="126" pin="2"/><net_sink comp="408" pin=1"/></net>

<net id="416"><net_src comp="102" pin="0"/><net_sink comp="408" pin=2"/></net>

<net id="417"><net_src comp="104" pin="0"/><net_sink comp="408" pin=3"/></net>

<net id="423"><net_src comp="116" pin="0"/><net_sink comp="418" pin=2"/></net>

<net id="429"><net_src comp="116" pin="0"/><net_sink comp="424" pin=2"/></net>

<net id="435"><net_src comp="116" pin="0"/><net_sink comp="430" pin=2"/></net>

<net id="441"><net_src comp="116" pin="0"/><net_sink comp="436" pin=2"/></net>

<net id="447"><net_src comp="116" pin="0"/><net_sink comp="442" pin=2"/></net>

<net id="453"><net_src comp="116" pin="0"/><net_sink comp="448" pin=2"/></net>

<net id="459"><net_src comp="116" pin="0"/><net_sink comp="454" pin=2"/></net>

<net id="465"><net_src comp="116" pin="0"/><net_sink comp="460" pin=2"/></net>

<net id="471"><net_src comp="116" pin="0"/><net_sink comp="466" pin=2"/></net>

<net id="477"><net_src comp="116" pin="0"/><net_sink comp="472" pin=2"/></net>

<net id="491"><net_src comp="118" pin="0"/><net_sink comp="478" pin=0"/></net>

<net id="492"><net_src comp="472" pin="3"/><net_sink comp="478" pin=1"/></net>

<net id="493"><net_src comp="466" pin="3"/><net_sink comp="478" pin=2"/></net>

<net id="494"><net_src comp="460" pin="3"/><net_sink comp="478" pin=3"/></net>

<net id="495"><net_src comp="454" pin="3"/><net_sink comp="478" pin=4"/></net>

<net id="496"><net_src comp="448" pin="3"/><net_sink comp="478" pin=5"/></net>

<net id="497"><net_src comp="442" pin="3"/><net_sink comp="478" pin=6"/></net>

<net id="498"><net_src comp="436" pin="3"/><net_sink comp="478" pin=7"/></net>

<net id="499"><net_src comp="430" pin="3"/><net_sink comp="478" pin=8"/></net>

<net id="500"><net_src comp="424" pin="3"/><net_sink comp="478" pin=9"/></net>

<net id="501"><net_src comp="418" pin="3"/><net_sink comp="478" pin=10"/></net>

<net id="502"><net_src comp="478" pin="11"/><net_sink comp="132" pin=2"/></net>

<net id="506"><net_src comp="122" pin="1"/><net_sink comp="503" pin=0"/></net>

<net id="507"><net_src comp="503" pin="1"/><net_sink comp="139" pin=1"/></net>

<net id="508"><net_src comp="503" pin="1"/><net_sink comp="144" pin=0"/></net>

<net id="509"><net_src comp="503" pin="1"/><net_sink comp="159" pin=1"/></net>

<net id="513"><net_src comp="147" pin="2"/><net_sink comp="510" pin=0"/></net>

<net id="517"><net_src comp="258" pin="2"/><net_sink comp="514" pin=0"/></net>

<net id="518"><net_src comp="514" pin="1"/><net_sink comp="418" pin=0"/></net>

<net id="522"><net_src comp="264" pin="4"/><net_sink comp="519" pin=0"/></net>

<net id="523"><net_src comp="519" pin="1"/><net_sink comp="418" pin=1"/></net>

<net id="527"><net_src comp="274" pin="2"/><net_sink comp="524" pin=0"/></net>

<net id="528"><net_src comp="524" pin="1"/><net_sink comp="424" pin=0"/></net>

<net id="532"><net_src comp="280" pin="4"/><net_sink comp="529" pin=0"/></net>

<net id="533"><net_src comp="529" pin="1"/><net_sink comp="424" pin=1"/></net>

<net id="537"><net_src comp="290" pin="2"/><net_sink comp="534" pin=0"/></net>

<net id="538"><net_src comp="534" pin="1"/><net_sink comp="430" pin=0"/></net>

<net id="542"><net_src comp="296" pin="4"/><net_sink comp="539" pin=0"/></net>

<net id="543"><net_src comp="539" pin="1"/><net_sink comp="430" pin=1"/></net>

<net id="547"><net_src comp="306" pin="2"/><net_sink comp="544" pin=0"/></net>

<net id="548"><net_src comp="544" pin="1"/><net_sink comp="436" pin=0"/></net>

<net id="552"><net_src comp="312" pin="4"/><net_sink comp="549" pin=0"/></net>

<net id="553"><net_src comp="549" pin="1"/><net_sink comp="436" pin=1"/></net>

<net id="557"><net_src comp="322" pin="2"/><net_sink comp="554" pin=0"/></net>

<net id="558"><net_src comp="554" pin="1"/><net_sink comp="442" pin=0"/></net>

<net id="562"><net_src comp="328" pin="4"/><net_sink comp="559" pin=0"/></net>

<net id="563"><net_src comp="559" pin="1"/><net_sink comp="442" pin=1"/></net>

<net id="567"><net_src comp="338" pin="2"/><net_sink comp="564" pin=0"/></net>

<net id="568"><net_src comp="564" pin="1"/><net_sink comp="448" pin=0"/></net>

<net id="572"><net_src comp="344" pin="4"/><net_sink comp="569" pin=0"/></net>

<net id="573"><net_src comp="569" pin="1"/><net_sink comp="448" pin=1"/></net>

<net id="577"><net_src comp="354" pin="2"/><net_sink comp="574" pin=0"/></net>

<net id="578"><net_src comp="574" pin="1"/><net_sink comp="454" pin=0"/></net>

<net id="582"><net_src comp="360" pin="4"/><net_sink comp="579" pin=0"/></net>

<net id="583"><net_src comp="579" pin="1"/><net_sink comp="454" pin=1"/></net>

<net id="587"><net_src comp="370" pin="2"/><net_sink comp="584" pin=0"/></net>

<net id="588"><net_src comp="584" pin="1"/><net_sink comp="460" pin=0"/></net>

<net id="592"><net_src comp="376" pin="4"/><net_sink comp="589" pin=0"/></net>

<net id="593"><net_src comp="589" pin="1"/><net_sink comp="460" pin=1"/></net>

<net id="597"><net_src comp="386" pin="2"/><net_sink comp="594" pin=0"/></net>

<net id="598"><net_src comp="594" pin="1"/><net_sink comp="466" pin=0"/></net>

<net id="602"><net_src comp="392" pin="4"/><net_sink comp="599" pin=0"/></net>

<net id="603"><net_src comp="599" pin="1"/><net_sink comp="466" pin=1"/></net>

<net id="607"><net_src comp="402" pin="2"/><net_sink comp="604" pin=0"/></net>

<net id="608"><net_src comp="604" pin="1"/><net_sink comp="472" pin=0"/></net>

<net id="612"><net_src comp="408" pin="4"/><net_sink comp="609" pin=0"/></net>

<net id="613"><net_src comp="609" pin="1"/><net_sink comp="472" pin=1"/></net>

</net_list>

</model> 
---------------- Datapath Model END ------------------

* FSMD analyzer results:
  - Output states:
	Port: layer12_out | {3 }
 - Input state : 
	Port: thresholded_relu<array,ap_fixed,array,thresholdedrelu_config12> : layer10_out | {2 }
  - Chain level:
	State 1
		store_ln528 : 1
		i_5 : 1
		icmp_ln528 : 2
		i_6 : 2
		br_ln528 : 3
		store_ln528 : 3
	State 2
		icmp_ln538 : 1
		icmp_ln538_1 : 1
		icmp_ln538_2 : 1
		icmp_ln538_3 : 1
		icmp_ln538_4 : 1
		icmp_ln538_5 : 1
		icmp_ln538_6 : 1
		icmp_ln538_7 : 1
		icmp_ln538_8 : 1
		icmp_ln538_9 : 1
	State 3
		or_ln544_s : 1
		write_ln544 : 2


============================================================
+ Verbose Summary: Datapath Resource usage 
============================================================

* Functional unit list:
|----------|------------------------------|---------|---------|
| Operation|        Functional Unit       |    FF   |   LUT   |
|----------|------------------------------|---------|---------|
|          |       icmp_ln528_fu_147      |    0    |    10   |
|          |       icmp_ln538_fu_258      |    0    |    47   |
|          |      icmp_ln538_1_fu_274     |    0    |    47   |
|          |      icmp_ln538_2_fu_290     |    0    |    47   |
|          |      icmp_ln538_3_fu_306     |    0    |    47   |
|   icmp   |      icmp_ln538_4_fu_322     |    0    |    47   |
|          |      icmp_ln538_5_fu_338     |    0    |    47   |
|          |      icmp_ln538_6_fu_354     |    0    |    47   |
|          |      icmp_ln538_7_fu_370     |    0    |    47   |
|          |      icmp_ln538_8_fu_386     |    0    |    47   |
|          |      icmp_ln538_9_fu_402     |    0    |    47   |
|----------|------------------------------|---------|---------|
|          |      out_data_15_fu_418      |    0    |    16   |
|          |      out_data_16_fu_424      |    0    |    16   |
|          |      out_data_17_fu_430      |    0    |    16   |
|          |      out_data_18_fu_436      |    0    |    16   |
|  select  |      select_ln538_fu_442     |    0    |    16   |
|          |     select_ln538_1_fu_448    |    0    |    16   |
|          |     select_ln538_2_fu_454    |    0    |    16   |
|          |     select_ln538_3_fu_460    |    0    |    16   |
|          |     select_ln538_4_fu_466    |    0    |    16   |
|          |     select_ln538_5_fu_472    |    0    |    16   |
|----------|------------------------------|---------|---------|
|    add   |          i_6_fu_153          |    0    |    10   |
|----------|------------------------------|---------|---------|
|   read   | layer10_out_read_read_fu_126 |    0    |    0    |
|----------|------------------------------|---------|---------|
|   write  |   write_ln544_write_fu_132   |    0    |    0    |
|----------|------------------------------|---------|---------|
|   trunc  |        in_data_fu_164        |    0    |    0    |
|----------|------------------------------|---------|---------|
|          |     trunc_ln531_1_fu_168     |    0    |    0    |
|          |     trunc_ln531_2_fu_178     |    0    |    0    |
|          |     trunc_ln531_3_fu_188     |    0    |    0    |
|          |     trunc_ln531_4_fu_198     |    0    |    0    |
|          |     trunc_ln531_5_fu_208     |    0    |    0    |
|          |     trunc_ln531_6_fu_218     |    0    |    0    |
|          |     trunc_ln531_7_fu_228     |    0    |    0    |
|          |     trunc_ln531_8_fu_238     |    0    |    0    |
|          |     trunc_ln531_9_fu_248     |    0    |    0    |
|partselect|        out_data_fu_264       |    0    |    0    |
|          |       out_data_2_fu_280      |    0    |    0    |
|          |       out_data_4_fu_296      |    0    |    0    |
|          |       out_data_6_fu_312      |    0    |    0    |
|          |        trunc_ln_fu_328       |    0    |    0    |
|          |     trunc_ln539_1_fu_344     |    0    |    0    |
|          |     trunc_ln539_2_fu_360     |    0    |    0    |
|          |     trunc_ln539_3_fu_376     |    0    |    0    |
|          |     trunc_ln539_4_fu_392     |    0    |    0    |
|          |     trunc_ln539_5_fu_408     |    0    |    0    |
|----------|------------------------------|---------|---------|
|bitconcatenate|       or_ln544_s_fu_478      |    0    |    0    |
|----------|------------------------------|---------|---------|
|   Total  |                              |    0    |   650   |
|----------|------------------------------|---------|---------|

Memories:
N/A

* Register list:
+---------------------+--------+
|                     |   FF   |
+---------------------+--------+
|      i_reg_503      |    3   |
|  icmp_ln528_reg_510 |    1   |
| icmp_ln538_1_reg_524|    1   |
| icmp_ln538_2_reg_534|    1   |
| icmp_ln538_3_reg_544|    1   |
| icmp_ln538_4_reg_554|    1   |
| icmp_ln538_5_reg_564|    1   |
| icmp_ln538_6_reg_574|    1   |
| icmp_ln538_7_reg_584|    1   |
| icmp_ln538_8_reg_594|    1   |
| icmp_ln538_9_reg_604|    1   |
|  icmp_ln538_reg_514 |    1   |
|  out_data_2_reg_529 |   16   |
|  out_data_4_reg_539 |   16   |
|  out_data_6_reg_549 |   16   |
|   out_data_reg_519  |   16   |
|trunc_ln539_1_reg_569|   16   |
|trunc_ln539_2_reg_579|   16   |
|trunc_ln539_3_reg_589|   16   |
|trunc_ln539_4_reg_599|   16   |
|trunc_ln539_5_reg_609|   16   |
|   trunc_ln_reg_559  |   16   |
+---------------------+--------+
|        Total        |   174  |
+---------------------+--------+

* Multiplexer (MUX) list: 
|--------|------|------|------|--------|
|  Comp  |  Pin | Size |  BW  | S x BW |
|--------|------|------|------|--------|
|  Total |      |      |      |    0   |
|--------|------|------|------|--------|



* Summary:
+-----------+--------+--------+
|           |   FF   |   LUT  |
+-----------+--------+--------+
|  Function |    0   |   650  |
|   Memory  |    -   |    -   |
|Multiplexer|    -   |    -   |
|  Register |   174  |    -   |
+-----------+--------+--------+
|   Total   |   174  |   650  |
+-----------+--------+--------+
