

================================================================
== Vitis HLS Report for 'thresholded_relu_array_ap_fixed_array_thresholdedrelu_config12_s'
================================================================
* Date:           Sun Apr  5 17:32:20 2026

* Version:        2023.2 (Build 4023990 on Oct 11 2023)
* Project:        gaussian_prj
* Solution:       solution1 (Vivado IP Flow Target)
* Product family: kintexu
* Target device:  xcku035-fbva676-2-e


================================================================
== Performance Estimates
================================================================
+ Timing: 
    * Summary: 
    +--------+---------+----------+------------+
    |  Clock |  Target | Estimated| Uncertainty|
    +--------+---------+----------+------------+
    |ap_clk  |  5.00 ns|  3.387 ns|     1.35 ns|
    +--------+---------+----------+------------+

+ Latency: 
    * Summary: 
    +---------+---------+-----------+-----------+-----+-----+---------+
    |  Latency (cycles) |   Latency (absolute)  |  Interval | Pipeline|
    |   min   |   max   |    min    |    max    | min | max |   Type  |
    +---------+---------+-----------+-----------+-----+-----+---------+
    |        7|        7|  35.000 ns|  35.000 ns|    7|    7|       no|
    +---------+---------+-----------+-----------+-----+-----+---------+

    + Detail: 
        * Instance: 
        N/A

        * Loop: 
        +--------------------------+---------+---------+----------+-----------+-----------+------+----------+
        |                          |  Latency (cycles) | Iteration|  Initiation Interval  | Trip |          |
        |         Loop Name        |   min   |   max   |  Latency |  achieved |   target  | Count| Pipelined|
        +--------------------------+---------+---------+----------+-----------+-----------+------+----------+
        |- ThresholdedReLUActLoop  |        5|        5|         3|          1|          1|     4|       yes|
        +--------------------------+---------+---------+----------+-----------+-----------+------+----------+

============================================================
+ Verbose Summary: Synthesis Manager
============================================================
InlineROM: 1
ExposeGlobal: 0
============================================================
+ Verbose Summary: CDFG Model
============================================================
IsTopModel: 0
ResetActiveHigh: 1
IsCombinational: 2
IsDatapathOnly: 0
HasWiredReturn: 1
HasMFsm: 2
HasVarLatency: 1
IsPipeline: 0
IsRtlPipelined: 0
IsInstanceOverlapped: 0
IsDontTouch: 0
HasImplIP: 0
IsGatedGlobalClock: 0

+ Individual pipeline summary: 
  * Pipeline-0: initiation interval (II) = 1, depth = 3


============================================================
+ Verbose Summary: Schedule
============================================================
* Number of FSM states : 3
* Pipeline : 1
  Pipeline-0 : II = 1, D = 3, States = { 1 2 3 }
* Dataflow Pipeline: 0

* FSM state transitions: 
1 --> 2 
2 --> 3 
3 --> 

* FSM state operations: 

State 1 <SV = 0> <Delay = 1.91>
ST_1 : Operation 6 [1/1] (0.00ns)   --->   "%i = alloca i32 1" [firmware/nnet_utils/nnet_activation_stream.h:528]   --->   Operation 6 'alloca' 'i' <Predicate = true> <Delay = 0.00>
ST_1 : Operation 7 [1/1] (0.00ns)   --->   "%specinterface_ln0 = specinterface void @_ssdm_op_SpecInterface, i160 %layer12_out, void @empty_2, i32 0, i32 0, void @empty_1, i32 0, i32 0, void @empty_1, void @empty_1, void @empty_1, i32 0, i32 0, i32 0, i32 0, void @empty_1, void @empty_1, i32 4294967295, i32 0"   --->   Operation 7 'specinterface' 'specinterface_ln0' <Predicate = true> <Delay = 0.00>
ST_1 : Operation 8 [1/1] (0.00ns)   --->   "%specinterface_ln0 = specinterface void @_ssdm_op_SpecInterface, i400 %layer10_out, void @empty_2, i32 0, i32 0, void @empty_1, i32 0, i32 0, void @empty_1, void @empty_1, void @empty_1, i32 0, i32 0, i32 0, i32 0, void @empty_1, void @empty_1, i32 4294967295, i32 0"   --->   Operation 8 'specinterface' 'specinterface_ln0' <Predicate = true> <Delay = 0.00>
ST_1 : Operation 9 [1/1] (0.53ns)   --->   "%store_ln528 = store i3 0, i3 %i" [firmware/nnet_utils/nnet_activation_stream.h:528]   --->   Operation 9 'store' 'store_ln528' <Predicate = true> <Delay = 0.53>
ST_1 : Operation 10 [1/1] (0.00ns)   --->   "%br_ln528 = br void %ThresholdedReLUPackLoop" [firmware/nnet_utils/nnet_activation_stream.h:528]   --->   Operation 10 'br' 'br_ln528' <Predicate = true> <Delay = 0.00>
ST_1 : Operation 11 [1/1] (0.00ns)   --->   "%i_5 = load i3 %i" [firmware/nnet_utils/nnet_activation_stream.h:528]   --->   Operation 11 'load' 'i_5' <Predicate = true> <Delay = 0.00>
ST_1 : Operation 12 [1/1] (0.83ns)   --->   "%icmp_ln528 = icmp_eq  i3 %i_5, i3 4" [firmware/nnet_utils/nnet_activation_stream.h:528]   --->   Operation 12 'icmp' 'icmp_ln528' <Predicate = true> <Delay = 0.83> <CoreInst = "Cmp">   --->   Core 9 'Cmp' <Latency = 0> <II = 1> <Delay = 0.83> <FuncUnit> <Opcode : 'icmp'> <InPorts = 2> <OutPorts = 1>
ST_1 : Operation 13 [1/1] (0.83ns)   --->   "%i_6 = add i3 %i_5, i3 1" [firmware/nnet_utils/nnet_activation_stream.h:528]   --->   Operation 13 'add' 'i_6' <Predicate = true> <Delay = 0.83> <CoreInst = "Adder">   --->   Core 1 'Adder' <Latency = 0> <II = 1> <Delay = 0.83> <FuncUnit> <Opcode : 'add' 'sub'> <InPorts = 2> <OutPorts = 1>
ST_1 : Operation 14 [1/1] (0.00ns)   --->   "%br_ln528 = br i1 %icmp_ln528, void %ThresholdedReLUPackLoop.split, void %for.end15" [firmware/nnet_utils/nnet_activation_stream.h:528]   --->   Operation 14 'br' 'br_ln528' <Predicate = true> <Delay = 0.00>
ST_1 : Operation 15 [1/1] (0.53ns)   --->   "%store_ln528 = store i3 %i_6, i3 %i" [firmware/nnet_utils/nnet_activation_stream.h:528]   --->   Operation 15 'store' 'store_ln528' <Predicate = (!icmp_ln528)> <Delay = 0.53>

State 2 <SV = 1> <Delay = 3.38>
ST_2 : Operation 16 [1/1] (1.82ns)   --->   "%layer10_out_read = read i400 @_ssdm_op_Read.ap_fifo.volatile.i400P0A, i400 %layer10_out" [firmware/nnet_utils/nnet_activation_stream.h:531]   --->   Operation 16 'read' 'layer10_out_read' <Predicate = true> <Delay = 1.82> <CoreInst = "FIFO">   --->   Core 78 'FIFO' <Latency = 0> <II = 1> <Delay = 2.01> <Storage> <Opcode : 'read' 'write' 'nbread' 'nbwrite'> <Ports = 0> <Width = 400> <Depth = 4> <FIFO>
ST_2 : Operation 17 [1/1] (0.00ns)   --->   "%in_data = trunc i400 %layer10_out_read" [firmware/nnet_utils/nnet_activation_stream.h:531]   --->   Operation 17 'trunc' 'in_data' <Predicate = true> <Delay = 0.00>
ST_2 : Operation 18 [1/1] (0.00ns)   --->   "%trunc_ln531_1 = partselect i40 @_ssdm_op_PartSelect.i40.i400.i32.i32, i400 %layer10_out_read, i32 40, i32 79" [firmware/nnet_utils/nnet_activation_stream.h:531]   --->   Operation 18 'partselect' 'trunc_ln531_1' <Predicate = true> <Delay = 0.00>
ST_2 : Operation 19 [1/1] (0.00ns)   --->   "%trunc_ln531_2 = partselect i40 @_ssdm_op_PartSelect.i40.i400.i32.i32, i400 %layer10_out_read, i32 80, i32 119" [firmware/nnet_utils/nnet_activation_stream.h:531]   --->   Operation 19 'partselect' 'trunc_ln531_2' <Predicate = true> <Delay = 0.00>
ST_2 : Operation 20 [1/1] (0.00ns)   --->   "%trunc_ln531_3 = partselect i40 @_ssdm_op_PartSelect.i40.i400.i32.i32, i400 %layer10_out_read, i32 120, i32 159" [firmware/nnet_utils/nnet_activation_stream.h:531]   --->   Operation 20 'partselect' 'trunc_ln531_3' <Predicate = true> <Delay = 0.00>
ST_2 : Operation 21 [1/1] (0.00ns)   --->   "%trunc_ln531_4 = partselect i40 @_ssdm_op_PartSelect.i40.i400.i32.i32, i400 %layer10_out_read, i32 160, i32 199" [firmware/nnet_utils/nnet_activation_stream.h:531]   --->   Operation 21 'partselect' 'trunc_ln531_4' <Predicate = true> <Delay = 0.00>
ST_2 : Operation 22 [1/1] (0.00ns)   --->   "%trunc_ln531_5 = partselect i40 @_ssdm_op_PartSelect.i40.i400.i32.i32, i400 %layer10_out_read, i32 200, i32 239" [firmware/nnet_utils/nnet_activation_stream.h:531]   --->   Operation 22 'partselect' 'trunc_ln531_5' <Predicate = true> <Delay = 0.00>
ST_2 : Operation 23 [1/1] (0.00ns)   --->   "%trunc_ln531_6 = partselect i40 @_ssdm_op_PartSelect.i40.i400.i32.i32, i400 %layer10_out_read, i32 240, i32 279" [firmware/nnet_utils/nnet_activation_stream.h:531]   --->   Operation 23 'partselect' 'trunc_ln531_6' <Predicate = true> <Delay = 0.00>
ST_2 : Operation 24 [1/1] (0.00ns)   --->   "%trunc_ln531_7 = partselect i40 @_ssdm_op_PartSelect.i40.i400.i32.i32, i400 %layer10_out_read, i32 280, i32 319" [firmware/nnet_utils/nnet_activation_stream.h:531]   --->   Operation 24 'partselect' 'trunc_ln531_7' <Predicate = true> <Delay = 0.00>
ST_2 : Operation 25 [1/1] (0.00ns)   --->   "%trunc_ln531_8 = partselect i40 @_ssdm_op_PartSelect.i40.i400.i32.i32, i400 %layer10_out_read, i32 320, i32 359" [firmware/nnet_utils/nnet_activation_stream.h:531]   --->   Operation 25 'partselect' 'trunc_ln531_8' <Predicate = true> <Delay = 0.00>
ST_2 : Operation 26 [1/1] (0.00ns)   --->   "%trunc_ln531_9 = partselect i40 @_ssdm_op_PartSelect.i40.i400.i32.i32, i400 %layer10_out_read, i32 360, i32 399" [firmware/nnet_utils/nnet_activation_stream.h:531]   --->   Operation 26 'partselect' 'trunc_ln531_9' <Predicate = true> <Delay = 0.00>
ST_2 : Operation 27 [1/1] (1.56ns)   --->   "%icmp_ln538 = icmp_sgt  i40 %in_data, i40 0" [firmware/nnet_utils/nnet_activation_stream.h:538]   --->   Operation 27 'icmp' 'icmp_ln538' <Predicate = true> <Delay = 1.56> <CoreInst = "Cmp">   --->   Core 9 'Cmp' <Latency = 0> <II = 1> <Delay = 1.56> <FuncUnit> <Opcode : 'icmp'> <InPorts = 2> <OutPorts = 1>
ST_2 : Operation 28 [1/1] (0.00ns)   --->   "%out_data = partselect i16 @_ssdm_op_PartSelect.i16.i400.i32.i32, i400 %layer10_out_read, i32 10, i32 25" [firmware/nnet_utils/nnet_activation_stream.h:539]   --->   Operation 28 'partselect' 'out_data' <Predicate = true> <Delay = 0.00>
ST_2 : Operation 29 [1/1] (1.56ns)   --->   "%icmp_ln538_1 = icmp_sgt  i40 %trunc_ln531_1, i40 0" [firmware/nnet_utils/nnet_activation_stream.h:538]   --->   Operation 29 'icmp' 'icmp_ln538_1' <Predicate = true> <Delay = 1.56> <CoreInst = "Cmp">   --->   Core 9 'Cmp' <Latency = 0> <II = 1> <Delay = 1.56> <FuncUnit> <Opcode : 'icmp'> <InPorts = 2> <OutPorts = 1>
ST_2 : Operation 30 [1/1] (0.00ns)   --->   "%out_data_2 = partselect i16 @_ssdm_op_PartSelect.i16.i400.i32.i32, i400 %layer10_out_read, i32 50, i32 65" [firmware/nnet_utils/nnet_activation_stream.h:539]   --->   Operation 30 'partselect' 'out_data_2' <Predicate = true> <Delay = 0.00>
ST_2 : Operation 31 [1/1] (1.56ns)   --->   "%icmp_ln538_2 = icmp_sgt  i40 %trunc_ln531_2, i40 0" [firmware/nnet_utils/nnet_activation_stream.h:538]   --->   Operation 31 'icmp' 'icmp_ln538_2' <Predicate = true> <Delay = 1.56> <CoreInst = "Cmp">   --->   Core 9 'Cmp' <Latency = 0> <II = 1> <Delay = 1.56> <FuncUnit> <Opcode : 'icmp'> <InPorts = 2> <OutPorts = 1>
ST_2 : Operation 32 [1/1] (0.00ns)   --->   "%out_data_4 = partselect i16 @_ssdm_op_PartSelect.i16.i400.i32.i32, i400 %layer10_out_read, i32 90, i32 105" [firmware/nnet_utils/nnet_activation_stream.h:539]   --->   Operation 32 'partselect' 'out_data_4' <Predicate = true> <Delay = 0.00>
ST_2 : Operation 33 [1/1] (1.56ns)   --->   "%icmp_ln538_3 = icmp_sgt  i40 %trunc_ln531_3, i40 0" [firmware/nnet_utils/nnet_activation_stream.h:538]   --->   Operation 33 'icmp' 'icmp_ln538_3' <Predicate = true> <Delay = 1.56> <CoreInst = "Cmp">   --->   Core 9 'Cmp' <Latency = 0> <II = 1> <Delay = 1.56> <FuncUnit> <Opcode : 'icmp'> <InPorts = 2> <OutPorts = 1>
ST_2 : Operation 34 [1/1] (0.00ns)   --->   "%out_data_6 = partselect i16 @_ssdm_op_PartSelect.i16.i400.i32.i32, i400 %layer10_out_read, i32 130, i32 145" [firmware/nnet_utils/nnet_activation_stream.h:539]   --->   Operation 34 'partselect' 'out_data_6' <Predicate = true> <Delay = 0.00>
ST_2 : Operation 35 [1/1] (1.56ns)   --->   "%icmp_ln538_4 = icmp_sgt  i40 %trunc_ln531_4, i40 0" [firmware/nnet_utils/nnet_activation_stream.h:538]   --->   Operation 35 'icmp' 'icmp_ln538_4' <Predicate = true> <Delay = 1.56> <CoreInst = "Cmp">   --->   Core 9 'Cmp' <Latency = 0> <II = 1> <Delay = 1.56> <FuncUnit> <Opcode : 'icmp'> <InPorts = 2> <OutPorts = 1>
ST_2 : Operation 36 [1/1] (0.00ns)   --->   "%trunc_ln = partselect i16 @_ssdm_op_PartSelect.i16.i400.i32.i32, i400 %layer10_out_read, i32 170, i32 185" [firmware/nnet_utils/nnet_activation_stream.h:539]   --->   Operation 36 'partselect' 'trunc_ln' <Predicate = true> <Delay = 0.00>
ST_2 : Operation 37 [1/1] (1.56ns)   --->   "%icmp_ln538_5 = icmp_sgt  i40 %trunc_ln531_5, i40 0" [firmware/nnet_utils/nnet_activation_stream.h:538]   --->   Operation 37 'icmp' 'icmp_ln538_5' <Predicate = true> <Delay = 1.56> <CoreInst = "Cmp">   --->   Core 9 'Cmp' <Latency = 0> <II = 1> <Delay = 1.56> <FuncUnit> <Opcode : 'icmp'> <InPorts = 2> <OutPorts = 1>
ST_2 : Operation 38 [1/1] (0.00ns)   --->   "%trunc_ln539_1 = partselect i16 @_ssdm_op_PartSelect.i16.i400.i32.i32, i400 %layer10_out_read, i32 210, i32 225" [firmware/nnet_utils/nnet_activation_stream.h:539]   --->   Operation 38 'partselect' 'trunc_ln539_1' <Predicate = true> <Delay = 0.00>
ST_2 : Operation 39 [1/1] (1.56ns)   --->   "%icmp_ln538_6 = icmp_sgt  i40 %trunc_ln531_6, i40 0" [firmware/nnet_utils/nnet_activation_stream.h:538]   --->   Operation 39 'icmp' 'icmp_ln538_6' <Predicate = true> <Delay = 1.56> <CoreInst = "Cmp">   --->   Core 9 'Cmp' <Latency = 0> <II = 1> <Delay = 1.56> <FuncUnit> <Opcode : 'icmp'> <InPorts = 2> <OutPorts = 1>
ST_2 : Operation 40 [1/1] (0.00ns)   --->   "%trunc_ln539_2 = partselect i16 @_ssdm_op_PartSelect.i16.i400.i32.i32, i400 %layer10_out_read, i32 250, i32 265" [firmware/nnet_utils/nnet_activation_stream.h:539]   --->   Operation 40 'partselect' 'trunc_ln539_2' <Predicate = true> <Delay = 0.00>
ST_2 : Operation 41 [1/1] (1.56ns)   --->   "%icmp_ln538_7 = icmp_sgt  i40 %trunc_ln531_7, i40 0" [firmware/nnet_utils/nnet_activation_stream.h:538]   --->   Operation 41 'icmp' 'icmp_ln538_7' <Predicate = true> <Delay = 1.56> <CoreInst = "Cmp">   --->   Core 9 'Cmp' <Latency = 0> <II = 1> <Delay = 1.56> <FuncUnit> <Opcode : 'icmp'> <InPorts = 2> <OutPorts = 1>
ST_2 : Operation 42 [1/1] (0.00ns)   --->   "%trunc_ln539_3 = partselect i16 @_ssdm_op_PartSelect.i16.i400.i32.i32, i400 %layer10_out_read, i32 290, i32 305" [firmware/nnet_utils/nnet_activation_stream.h:539]   --->   Operation 42 'partselect' 'trunc_ln539_3' <Predicate = true> <Delay = 0.00>
ST_2 : Operation 43 [1/1] (1.56ns)   --->   "%icmp_ln538_8 = icmp_sgt  i40 %trunc_ln531_8, i40 0" [firmware/nnet_utils/nnet_activation_stream.h:538]   --->   Operation 43 'icmp' 'icmp_ln538_8' <Predicate = true> <Delay = 1.56> <CoreInst = "Cmp">   --->   Core 9 'Cmp' <Latency = 0> <II = 1> <Delay = 1.56> <FuncUnit> <Opcode : 'icmp'> <InPorts = 2> <OutPorts = 1>
ST_2 : Operation 44 [1/1] (0.00ns)   --->   "%trunc_ln539_4 = partselect i16 @_ssdm_op_PartSelect.i16.i400.i32.i32, i400 %layer10_out_read, i32 330, i32 345" [firmware/nnet_utils/nnet_activation_stream.h:539]   --->   Operation 44 'partselect' 'trunc_ln539_4' <Predicate = true> <Delay = 0.00>
ST_2 : Operation 45 [1/1] (1.56ns)   --->   "%icmp_ln538_9 = icmp_sgt  i40 %trunc_ln531_9, i40 0" [firmware/nnet_utils/nnet_activation_stream.h:538]   --->   Operation 45 'icmp' 'icmp_ln538_9' <Predicate = true> <Delay = 1.56> <CoreInst = "Cmp">   --->   Core 9 'Cmp' <Latency = 0> <II = 1> <Delay = 1.56> <FuncUnit> <Opcode : 'icmp'> <InPorts = 2> <OutPorts = 1>
ST_2 : Operation 46 [1/1] (0.00ns)   --->   "%trunc_ln539_5 = partselect i16 @_ssdm_op_PartSelect.i16.i400.i32.i32, i400 %layer10_out_read, i32 370, i32 385" [firmware/nnet_utils/nnet_activation_stream.h:539]   --->   Operation 46 'partselect' 'trunc_ln539_5' <Predicate = true> <Delay = 0.00>
ST_2 : Operation 63 [1/1] (0.00ns)   --->   "%ret_ln546 = ret" [firmware/nnet_utils/nnet_activation_stream.h:546]   --->   Operation 63 'ret' 'ret_ln546' <Predicate = (icmp_ln528)> <Delay = 0.00>

State 3 <SV = 2> <Delay = 2.23>
ST_3 : Operation 47 [1/1] (0.00ns)   --->   "%specpipeline_ln529 = specpipeline void @_ssdm_op_SpecPipeline, i32 4294967295, i32 0, i32 0, i32 0, void @empty_1" [firmware/nnet_utils/nnet_activation_stream.h:529]   --->   Operation 47 'specpipeline' 'specpipeline_ln529' <Predicate = true> <Delay = 0.00>
ST_3 : Operation 48 [1/1] (0.00ns)   --->   "%speclooptripcount_ln528 = speclooptripcount void @_ssdm_op_SpecLoopTripCount, i64 4, i64 4, i64 4" [firmware/nnet_utils/nnet_activation_stream.h:528]   --->   Operation 48 'speclooptripcount' 'speclooptripcount_ln528' <Predicate = true> <Delay = 0.00>
ST_3 : Operation 49 [1/1] (0.00ns)   --->   "%specloopname_ln528 = specloopname void @_ssdm_op_SpecLoopName, void @empty_5" [firmware/nnet_utils/nnet_activation_stream.h:528]   --->   Operation 49 'specloopname' 'specloopname_ln528' <Predicate = true> <Delay = 0.00>
ST_3 : Operation 50 [1/1] (0.41ns)   --->   "%out_data_15 = select i1 %icmp_ln538, i16 %out_data, i16 0" [firmware/nnet_utils/nnet_activation_stream.h:538]   --->   Operation 50 'select' 'out_data_15' <Predicate = true> <Delay = 0.41> <CoreInst = "Sel">   --->   Core 73 'Sel' <Latency = 0> <II = 1> <Delay = 0.41> <FuncUnit> <Opcode : 'select'> <InPorts = 3> <OutPorts = 1>
ST_3 : Operation 51 [1/1] (0.41ns)   --->   "%out_data_16 = select i1 %icmp_ln538_1, i16 %out_data_2, i16 0" [firmware/nnet_utils/nnet_activation_stream.h:538]   --->   Operation 51 'select' 'out_data_16' <Predicate = true> <Delay = 0.41> <CoreInst = "Sel">   --->   Core 73 'Sel' <Latency = 0> <II = 1> <Delay = 0.41> <FuncUnit> <Opcode : 'select'> <InPorts = 3> <OutPorts = 1>
ST_3 : Operation 52 [1/1] (0.41ns)   --->   "%out_data_17 = select i1 %icmp_ln538_2, i16 %out_data_4, i16 0" [firmware/nnet_utils/nnet_activation_stream.h:538]   --->   Operation 52 'select' 'out_data_17' <Predicate = true> <Delay = 0.41> <CoreInst = "Sel">   --->   Core 73 'Sel' <Latency = 0> <II = 1> <Delay = 0.41> <FuncUnit> <Opcode : 'select'> <InPorts = 3> <OutPorts = 1>
ST_3 : Operation 53 [1/1] (0.41ns)   --->   "%out_data_18 = select i1 %icmp_ln538_3, i16 %out_data_6, i16 0" [firmware/nnet_utils/nnet_activation_stream.h:538]   --->   Operation 53 'select' 'out_data_18' <Predicate = true> <Delay = 0.41> <CoreInst = "Sel">   --->   Core 73 'Sel' <Latency = 0> <II = 1> <Delay = 0.41> <FuncUnit> <Opcode : 'select'> <InPorts = 3> <OutPorts = 1>
ST_3 : Operation 54 [1/1] (0.41ns)   --->   "%select_ln538 = select i1 %icmp_ln538_4, i16 %trunc_ln, i16 0" [firmware/nnet_utils/nnet_activation_stream.h:538]   --->   Operation 54 'select' 'select_ln538' <Predicate = true> <Delay = 0.41> <CoreInst = "Sel">   --->   Core 73 'Sel' <Latency = 0> <II = 1> <Delay = 0.41> <FuncUnit> <Opcode : 'select'> <InPorts = 3> <OutPorts = 1>
ST_3 : Operation 55 [1/1] (0.41ns)   --->   "%select_ln538_1 = select i1 %icmp_ln538_5, i16 %trunc_ln539_1, i16 0" [firmware/nnet_utils/nnet_activation_stream.h:538]   --->   Operation 55 'select' 'select_ln538_1' <Predicate = true> <Delay = 0.41> <CoreInst = "Sel">   --->   Core 73 'Sel' <Latency = 0> <II = 1> <Delay = 0.41> <FuncUnit> <Opcode : 'select'> <InPorts = 3> <OutPorts = 1>
ST_3 : Operation 56 [1/1] (0.41ns)   --->   "%select_ln538_2 = select i1 %icmp_ln538_6, i16 %trunc_ln539_2, i16 0" [firmware/nnet_utils/nnet_activation_stream.h:538]   --->   Operation 56 'select' 'select_ln538_2' <Predicate = true> <Delay = 0.41> <CoreInst = "Sel">   --->   Core 73 'Sel' <Latency = 0> <II = 1> <Delay = 0.41> <FuncUnit> <Opcode : 'select'> <InPorts = 3> <OutPorts = 1>
ST_3 : Operation 57 [1/1] (0.41ns)   --->   "%select_ln538_3 = select i1 %icmp_ln538_7, i16 %trunc_ln539_3, i16 0" [firmware/nnet_utils/nnet_activation_stream.h:538]   --->   Operation 57 'select' 'select_ln538_3' <Predicate = true> <Delay = 0.41> <CoreInst = "Sel">   --->   Core 73 'Sel' <Latency = 0> <II = 1> <Delay = 0.41> <FuncUnit> <Opcode : 'select'> <InPorts = 3> <OutPorts = 1>
ST_3 : Operation 58 [1/1] (0.41ns)   --->   "%select_ln538_4 = select i1 %icmp_ln538_8, i16 %trunc_ln539_4, i16 0" [firmware/nnet_utils/nnet_activation_stream.h:538]   --->   Operation 58 'select' 'select_ln538_4' <Predicate = true> <Delay = 0.41> <CoreInst = "Sel">   --->   Core 73 'Sel' <Latency = 0> <II = 1> <Delay = 0.41> <FuncUnit> <Opcode : 'select'> <InPorts = 3> <OutPorts = 1>
ST_3 : Operation 59 [1/1] (0.41ns)   --->   "%select_ln538_5 = select i1 %icmp_ln538_9, i16 %trunc_ln539_5, i16 0" [firmware/nnet_utils/nnet_activation_stream.h:538]   --->   Operation 59 'select' 'select_ln538_5' <Predicate = true> <Delay = 0.41> <CoreInst = "Sel">   --->   Core 73 'Sel' <Latency = 0> <II = 1> <Delay = 0.41> <FuncUnit> <Opcode : 'select'> <InPorts = 3> <OutPorts = 1>
ST_3 : Operation 60 [1/1] (0.00ns)   --->   "%or_ln544_s = bitconcatenate i160 @_ssdm_op_BitConcatenate.i160.i16.i16.i16.i16.i16.i16.i16.i16.i16.i16, i16 %select_ln538_5, i16 %select_ln538_4, i16 %select_ln538_3, i16 %select_ln538_2, i16 %select_ln538_1, i16 %select_ln538, i16 %out_data_18, i16 %out_data_17, i16 %out_data_16, i16 %out_data_15" [firmware/nnet_utils/nnet_activation_stream.h:544]   --->   Operation 60 'bitconcatenate' 'or_ln544_s' <Predicate = true> <Delay = 0.00>
ST_3 : Operation 61 [1/1] (1.82ns)   --->   "%write_ln544 = write void @_ssdm_op_Write.ap_fifo.volatile.i160P0A, i160 %layer12_out, i160 %or_ln544_s" [firmware/nnet_utils/nnet_activation_stream.h:544]   --->   Operation 61 'write' 'write_ln544' <Predicate = true> <Delay = 1.82> <CoreInst = "FIFO_SRL">   --->   Core 81 'FIFO_SRL' <Latency = 0> <II = 1> <Delay = 2.26> <Storage> <Opcode : 'read' 'write' 'nbread' 'nbwrite'> <Ports = 0> <Width = 160> <Depth = 4> <FIFO>
ST_3 : Operation 62 [1/1] (0.00ns)   --->   "%br_ln528 = br void %ThresholdedReLUPackLoop" [firmware/nnet_utils/nnet_activation_stream.h:528]   --->   Operation 62 'br' 'br_ln528' <Predicate = true> <Delay = 0.00>


============================================================
+ Verbose Summary: Timing violations
============================================================
Target clock period: 5.000ns, clock uncertainty: 1.350ns.

 <State 1>: 1.912ns
The critical path consists of the following:
	'store' operation 0 bit ('store_ln528', firmware/nnet_utils/nnet_activation_stream.h:528) of constant 0 on local variable 'i', firmware/nnet_utils/nnet_activation_stream.h:528 [6]  (0.538 ns)
	'load' operation 3 bit ('i', firmware/nnet_utils/nnet_activation_stream.h:528) on local variable 'i', firmware/nnet_utils/nnet_activation_stream.h:528 [9]  (0.000 ns)
	'icmp' operation 1 bit ('icmp_ln528', firmware/nnet_utils/nnet_activation_stream.h:528) [10]  (0.836 ns)
	'store' operation 0 bit ('store_ln528', firmware/nnet_utils/nnet_activation_stream.h:528) of variable 'i', firmware/nnet_utils/nnet_activation_stream.h:528 on local variable 'i', firmware/nnet_utils/nnet_activation_stream.h:528 [60]  (0.538 ns)

 <State 2>: 3.387ns
The critical path consists of the following:
	fifo read operation ('layer10_out_read', firmware/nnet_utils/nnet_activation_stream.h:531) on port 'layer10_out' (firmware/nnet_utils/nnet_activation_stream.h:531) [17]  (1.825 ns)
	'icmp' operation 1 bit ('icmp_ln538', firmware/nnet_utils/nnet_activation_stream.h:538) [28]  (1.562 ns)

 <State 3>: 2.236ns
The critical path consists of the following:
	'select' operation 16 bit ('out_data', firmware/nnet_utils/nnet_activation_stream.h:538) [30]  (0.411 ns)
	fifo write operation ('write_ln544', firmware/nnet_utils/nnet_activation_stream.h:544) on port 'layer12_out' (firmware/nnet_utils/nnet_activation_stream.h:544) [59]  (1.825 ns)


============================================================
+ Verbose Summary: Binding
============================================================
N/A
* FSMD analyzer results:
  - Output states:
 - Input state : 
  - Chain level:
	State 1
	State 2
	State 3


============================================================
+ Verbose Summary: Datapath Resource usage 
============================================================
N/A
