

================================================================
== Vitis HLS Report for 'thresholded_relu_array_ap_fixed_array_ap_fixed_8u_thresholdedrelu_config8_s'
================================================================
* Date:           Sun Apr  5 17:32:14 2026

* Version:        2023.2 (Build 4023990 on Oct 11 2023)
* Project:        gaussian_prj
* Solution:       solution1 (Vivado IP Flow Target)
* Product family: kintexu
* Target device:  xcku035-fbva676-2-e


================================================================
== Performance Estimates
================================================================
+ Timing: 
    * Summary: 
    +--------+---------+----------+------------+
    |  Clock |  Target | Estimated| Uncertainty|
    +--------+---------+----------+------------+
    |ap_clk  |  5.00 ns|  3.378 ns|     1.35 ns|
    +--------+---------+----------+------------+

+ Latency: 
    * Summary: 
    +---------+---------+----------+----------+-----+-----+---------+
    |  Latency (cycles) |  Latency (absolute) |  Interval | Pipeline|
    |   min   |   max   |    min   |    max   | min | max |   Type  |
    +---------+---------+----------+----------+-----+-----+---------+
    |       84|       84|  0.420 us|  0.420 us|   84|   84|       no|
    +---------+---------+----------+----------+-----+-----+---------+

    + Detail: 
        * Instance: 
        N/A

        * Loop: 
        +--------------------------+---------+---------+----------+-----------+-----------+------+----------+
        |                          |  Latency (cycles) | Iteration|  Initiation Interval  | Trip |          |
        |         Loop Name        |   min   |   max   |  Latency |  achieved |   target  | Count| Pipelined|
        +--------------------------+---------+---------+----------+-----------+-----------+------+----------+
        |- ThresholdedReLUActLoop  |       82|       82|         3|          1|          1|    81|       yes|
        +--------------------------+---------+---------+----------+-----------+-----------+------+----------+

============================================================
+ Verbose Summary: Synthesis Manager
============================================================
InlineROM: 1
ExposeGlobal: 0
============================================================
+ Verbose Summary: CDFG Model
============================================================
IsTopModel: 0
ResetActiveHigh: 1
IsCombinational: 2
IsDatapathOnly: 0
HasWiredReturn: 1
HasMFsm: 2
HasVarLatency: 1
IsPipeline: 0
IsRtlPipelined: 0
IsInstanceOverlapped: 0
IsDontTouch: 0
HasImplIP: 0
IsGatedGlobalClock: 0

+ Individual pipeline summary: 
  * Pipeline-0: initiation interval (II) = 1, depth = 3


============================================================
+ Verbose Summary: Schedule
============================================================
* Number of FSM states : 3
* Pipeline : 1
  Pipeline-0 : II = 1, D = 3, States = { 1 2 3 }
* Dataflow Pipeline: 0

* FSM state transitions: 
1 --> 2 
2 --> 3 
3 --> 

* FSM state operations: 

State 1 <SV = 0> <Delay = 2.27>
ST_1 : Operation 6 [1/1] (0.00ns)   --->   "%i = alloca i32 1" [firmware/nnet_utils/nnet_activation_stream.h:528]   --->   Operation 6 'alloca' 'i' <Predicate = true> <Delay = 0.00>
ST_1 : Operation 7 [1/1] (0.00ns)   --->   "%specinterface_ln0 = specinterface void @_ssdm_op_SpecInterface, i128 %layer8_out, void @empty_2, i32 0, i32 0, void @empty_1, i32 0, i32 0, void @empty_1, void @empty_1, void @empty_1, i32 0, i32 0, i32 0, i32 0, void @empty_1, void @empty_1, i32 4294967295, i32 0"   --->   Operation 7 'specinterface' 'specinterface_ln0' <Predicate = true> <Delay = 0.00>
ST_1 : Operation 8 [1/1] (0.00ns)   --->   "%specinterface_ln0 = specinterface void @_ssdm_op_SpecInterface, i312 %layer6_out, void @empty_2, i32 0, i32 0, void @empty_1, i32 0, i32 0, void @empty_1, void @empty_1, void @empty_1, i32 0, i32 0, i32 0, i32 0, void @empty_1, void @empty_1, i32 4294967295, i32 0"   --->   Operation 8 'specinterface' 'specinterface_ln0' <Predicate = true> <Delay = 0.00>
ST_1 : Operation 9 [1/1] (0.53ns)   --->   "%store_ln528 = store i7 0, i7 %i" [firmware/nnet_utils/nnet_activation_stream.h:528]   --->   Operation 9 'store' 'store_ln528' <Predicate = true> <Delay = 0.53>
ST_1 : Operation 10 [1/1] (0.00ns)   --->   "%br_ln528 = br void %ThresholdedReLUPackLoop" [firmware/nnet_utils/nnet_activation_stream.h:528]   --->   Operation 10 'br' 'br_ln528' <Predicate = true> <Delay = 0.00>
ST_1 : Operation 11 [1/1] (0.00ns)   --->   "%i_1 = load i7 %i" [firmware/nnet_utils/nnet_activation_stream.h:528]   --->   Operation 11 'load' 'i_1' <Predicate = true> <Delay = 0.00>
ST_1 : Operation 12 [1/1] (1.20ns)   --->   "%icmp_ln528 = icmp_eq  i7 %i_1, i7 81" [firmware/nnet_utils/nnet_activation_stream.h:528]   --->   Operation 12 'icmp' 'icmp_ln528' <Predicate = true> <Delay = 1.20> <CoreInst = "Cmp">   --->   Core 9 'Cmp' <Latency = 0> <II = 1> <Delay = 1.20> <FuncUnit> <Opcode : 'icmp'> <InPorts = 2> <OutPorts = 1>
ST_1 : Operation 13 [1/1] (1.20ns)   --->   "%i_2 = add i7 %i_1, i7 1" [firmware/nnet_utils/nnet_activation_stream.h:528]   --->   Operation 13 'add' 'i_2' <Predicate = true> <Delay = 1.20> <CoreInst = "Adder">   --->   Core 1 'Adder' <Latency = 0> <II = 1> <Delay = 1.20> <FuncUnit> <Opcode : 'add' 'sub'> <InPorts = 2> <OutPorts = 1>
ST_1 : Operation 14 [1/1] (0.00ns)   --->   "%br_ln528 = br i1 %icmp_ln528, void %ThresholdedReLUPackLoop.split, void %for.end15" [firmware/nnet_utils/nnet_activation_stream.h:528]   --->   Operation 14 'br' 'br_ln528' <Predicate = true> <Delay = 0.00>
ST_1 : Operation 15 [1/1] (0.53ns)   --->   "%store_ln528 = store i7 %i_2, i7 %i" [firmware/nnet_utils/nnet_activation_stream.h:528]   --->   Operation 15 'store' 'store_ln528' <Predicate = (!icmp_ln528)> <Delay = 0.53>

State 2 <SV = 1> <Delay = 3.37>
ST_2 : Operation 16 [1/1] (1.82ns)   --->   "%layer6_out_read = read i312 @_ssdm_op_Read.ap_fifo.volatile.i312P0A, i312 %layer6_out" [firmware/nnet_utils/nnet_activation_stream.h:531]   --->   Operation 16 'read' 'layer6_out_read' <Predicate = true> <Delay = 1.82> <CoreInst = "FIFO">   --->   Core 78 'FIFO' <Latency = 0> <II = 1> <Delay = 2.20> <Storage> <Opcode : 'read' 'write' 'nbread' 'nbwrite'> <Ports = 0> <Width = 312> <Depth = 81> <FIFO>
ST_2 : Operation 17 [1/1] (0.00ns)   --->   "%trunc_ln531 = trunc i312 %layer6_out_read" [firmware/nnet_utils/nnet_activation_stream.h:531]   --->   Operation 17 'trunc' 'trunc_ln531' <Predicate = true> <Delay = 0.00>
ST_2 : Operation 18 [1/1] (0.00ns)   --->   "%trunc_ln531_s = partselect i39 @_ssdm_op_PartSelect.i39.i312.i32.i32, i312 %layer6_out_read, i32 39, i32 77" [firmware/nnet_utils/nnet_activation_stream.h:531]   --->   Operation 18 'partselect' 'trunc_ln531_s' <Predicate = true> <Delay = 0.00>
ST_2 : Operation 19 [1/1] (0.00ns)   --->   "%trunc_ln531_1 = partselect i39 @_ssdm_op_PartSelect.i39.i312.i32.i32, i312 %layer6_out_read, i32 78, i32 116" [firmware/nnet_utils/nnet_activation_stream.h:531]   --->   Operation 19 'partselect' 'trunc_ln531_1' <Predicate = true> <Delay = 0.00>
ST_2 : Operation 20 [1/1] (0.00ns)   --->   "%trunc_ln531_2 = partselect i39 @_ssdm_op_PartSelect.i39.i312.i32.i32, i312 %layer6_out_read, i32 117, i32 155" [firmware/nnet_utils/nnet_activation_stream.h:531]   --->   Operation 20 'partselect' 'trunc_ln531_2' <Predicate = true> <Delay = 0.00>
ST_2 : Operation 21 [1/1] (0.00ns)   --->   "%trunc_ln531_3 = partselect i39 @_ssdm_op_PartSelect.i39.i312.i32.i32, i312 %layer6_out_read, i32 156, i32 194" [firmware/nnet_utils/nnet_activation_stream.h:531]   --->   Operation 21 'partselect' 'trunc_ln531_3' <Predicate = true> <Delay = 0.00>
ST_2 : Operation 22 [1/1] (0.00ns)   --->   "%trunc_ln531_4 = partselect i39 @_ssdm_op_PartSelect.i39.i312.i32.i32, i312 %layer6_out_read, i32 195, i32 233" [firmware/nnet_utils/nnet_activation_stream.h:531]   --->   Operation 22 'partselect' 'trunc_ln531_4' <Predicate = true> <Delay = 0.00>
ST_2 : Operation 23 [1/1] (0.00ns)   --->   "%trunc_ln531_5 = partselect i39 @_ssdm_op_PartSelect.i39.i312.i32.i32, i312 %layer6_out_read, i32 234, i32 272" [firmware/nnet_utils/nnet_activation_stream.h:531]   --->   Operation 23 'partselect' 'trunc_ln531_5' <Predicate = true> <Delay = 0.00>
ST_2 : Operation 24 [1/1] (0.00ns)   --->   "%trunc_ln531_6 = partselect i39 @_ssdm_op_PartSelect.i39.i312.i32.i32, i312 %layer6_out_read, i32 273, i32 311" [firmware/nnet_utils/nnet_activation_stream.h:531]   --->   Operation 24 'partselect' 'trunc_ln531_6' <Predicate = true> <Delay = 0.00>
ST_2 : Operation 25 [1/1] (1.55ns)   --->   "%icmp_ln538 = icmp_sgt  i39 %trunc_ln531, i39 0" [firmware/nnet_utils/nnet_activation_stream.h:538]   --->   Operation 25 'icmp' 'icmp_ln538' <Predicate = true> <Delay = 1.55> <CoreInst = "Cmp">   --->   Core 9 'Cmp' <Latency = 0> <II = 1> <Delay = 1.55> <FuncUnit> <Opcode : 'icmp'> <InPorts = 2> <OutPorts = 1>
ST_2 : Operation 26 [1/1] (0.00ns)   --->   "%out_data = partselect i16 @_ssdm_op_PartSelect.i16.i312.i32.i32, i312 %layer6_out_read, i32 10, i32 25" [firmware/nnet_utils/nnet_activation_stream.h:539]   --->   Operation 26 'partselect' 'out_data' <Predicate = true> <Delay = 0.00>
ST_2 : Operation 27 [1/1] (1.55ns)   --->   "%icmp_ln538_1 = icmp_sgt  i39 %trunc_ln531_s, i39 0" [firmware/nnet_utils/nnet_activation_stream.h:538]   --->   Operation 27 'icmp' 'icmp_ln538_1' <Predicate = true> <Delay = 1.55> <CoreInst = "Cmp">   --->   Core 9 'Cmp' <Latency = 0> <II = 1> <Delay = 1.55> <FuncUnit> <Opcode : 'icmp'> <InPorts = 2> <OutPorts = 1>
ST_2 : Operation 28 [1/1] (0.00ns)   --->   "%out_data_2 = partselect i16 @_ssdm_op_PartSelect.i16.i312.i32.i32, i312 %layer6_out_read, i32 49, i32 64" [firmware/nnet_utils/nnet_activation_stream.h:539]   --->   Operation 28 'partselect' 'out_data_2' <Predicate = true> <Delay = 0.00>
ST_2 : Operation 29 [1/1] (1.55ns)   --->   "%icmp_ln538_2 = icmp_sgt  i39 %trunc_ln531_1, i39 0" [firmware/nnet_utils/nnet_activation_stream.h:538]   --->   Operation 29 'icmp' 'icmp_ln538_2' <Predicate = true> <Delay = 1.55> <CoreInst = "Cmp">   --->   Core 9 'Cmp' <Latency = 0> <II = 1> <Delay = 1.55> <FuncUnit> <Opcode : 'icmp'> <InPorts = 2> <OutPorts = 1>
ST_2 : Operation 30 [1/1] (0.00ns)   --->   "%out_data_4 = partselect i16 @_ssdm_op_PartSelect.i16.i312.i32.i32, i312 %layer6_out_read, i32 88, i32 103" [firmware/nnet_utils/nnet_activation_stream.h:539]   --->   Operation 30 'partselect' 'out_data_4' <Predicate = true> <Delay = 0.00>
ST_2 : Operation 31 [1/1] (1.55ns)   --->   "%icmp_ln538_3 = icmp_sgt  i39 %trunc_ln531_2, i39 0" [firmware/nnet_utils/nnet_activation_stream.h:538]   --->   Operation 31 'icmp' 'icmp_ln538_3' <Predicate = true> <Delay = 1.55> <CoreInst = "Cmp">   --->   Core 9 'Cmp' <Latency = 0> <II = 1> <Delay = 1.55> <FuncUnit> <Opcode : 'icmp'> <InPorts = 2> <OutPorts = 1>
ST_2 : Operation 32 [1/1] (0.00ns)   --->   "%out_data_6 = partselect i16 @_ssdm_op_PartSelect.i16.i312.i32.i32, i312 %layer6_out_read, i32 127, i32 142" [firmware/nnet_utils/nnet_activation_stream.h:539]   --->   Operation 32 'partselect' 'out_data_6' <Predicate = true> <Delay = 0.00>
ST_2 : Operation 33 [1/1] (1.55ns)   --->   "%icmp_ln538_4 = icmp_sgt  i39 %trunc_ln531_3, i39 0" [firmware/nnet_utils/nnet_activation_stream.h:538]   --->   Operation 33 'icmp' 'icmp_ln538_4' <Predicate = true> <Delay = 1.55> <CoreInst = "Cmp">   --->   Core 9 'Cmp' <Latency = 0> <II = 1> <Delay = 1.55> <FuncUnit> <Opcode : 'icmp'> <InPorts = 2> <OutPorts = 1>
ST_2 : Operation 34 [1/1] (0.00ns)   --->   "%trunc_ln1 = partselect i16 @_ssdm_op_PartSelect.i16.i312.i32.i32, i312 %layer6_out_read, i32 166, i32 181" [firmware/nnet_utils/nnet_activation_stream.h:539]   --->   Operation 34 'partselect' 'trunc_ln1' <Predicate = true> <Delay = 0.00>
ST_2 : Operation 35 [1/1] (1.55ns)   --->   "%icmp_ln538_5 = icmp_sgt  i39 %trunc_ln531_4, i39 0" [firmware/nnet_utils/nnet_activation_stream.h:538]   --->   Operation 35 'icmp' 'icmp_ln538_5' <Predicate = true> <Delay = 1.55> <CoreInst = "Cmp">   --->   Core 9 'Cmp' <Latency = 0> <II = 1> <Delay = 1.55> <FuncUnit> <Opcode : 'icmp'> <InPorts = 2> <OutPorts = 1>
ST_2 : Operation 36 [1/1] (0.00ns)   --->   "%trunc_ln539_6 = partselect i16 @_ssdm_op_PartSelect.i16.i312.i32.i32, i312 %layer6_out_read, i32 205, i32 220" [firmware/nnet_utils/nnet_activation_stream.h:539]   --->   Operation 36 'partselect' 'trunc_ln539_6' <Predicate = true> <Delay = 0.00>
ST_2 : Operation 37 [1/1] (1.55ns)   --->   "%icmp_ln538_6 = icmp_sgt  i39 %trunc_ln531_5, i39 0" [firmware/nnet_utils/nnet_activation_stream.h:538]   --->   Operation 37 'icmp' 'icmp_ln538_6' <Predicate = true> <Delay = 1.55> <CoreInst = "Cmp">   --->   Core 9 'Cmp' <Latency = 0> <II = 1> <Delay = 1.55> <FuncUnit> <Opcode : 'icmp'> <InPorts = 2> <OutPorts = 1>
ST_2 : Operation 38 [1/1] (0.00ns)   --->   "%trunc_ln539_7 = partselect i16 @_ssdm_op_PartSelect.i16.i312.i32.i32, i312 %layer6_out_read, i32 244, i32 259" [firmware/nnet_utils/nnet_activation_stream.h:539]   --->   Operation 38 'partselect' 'trunc_ln539_7' <Predicate = true> <Delay = 0.00>
ST_2 : Operation 39 [1/1] (1.55ns)   --->   "%icmp_ln538_7 = icmp_sgt  i39 %trunc_ln531_6, i39 0" [firmware/nnet_utils/nnet_activation_stream.h:538]   --->   Operation 39 'icmp' 'icmp_ln538_7' <Predicate = true> <Delay = 1.55> <CoreInst = "Cmp">   --->   Core 9 'Cmp' <Latency = 0> <II = 1> <Delay = 1.55> <FuncUnit> <Opcode : 'icmp'> <InPorts = 2> <OutPorts = 1>
ST_2 : Operation 40 [1/1] (0.00ns)   --->   "%trunc_ln539_8 = partselect i16 @_ssdm_op_PartSelect.i16.i312.i32.i32, i312 %layer6_out_read, i32 283, i32 298" [firmware/nnet_utils/nnet_activation_stream.h:539]   --->   Operation 40 'partselect' 'trunc_ln539_8' <Predicate = true> <Delay = 0.00>
ST_2 : Operation 55 [1/1] (0.00ns)   --->   "%ret_ln546 = ret" [firmware/nnet_utils/nnet_activation_stream.h:546]   --->   Operation 55 'ret' 'ret_ln546' <Predicate = (icmp_ln528)> <Delay = 0.00>

State 3 <SV = 2> <Delay = 2.23>
ST_3 : Operation 41 [1/1] (0.00ns)   --->   "%specpipeline_ln529 = specpipeline void @_ssdm_op_SpecPipeline, i32 4294967295, i32 0, i32 0, i32 0, void @empty_1" [firmware/nnet_utils/nnet_activation_stream.h:529]   --->   Operation 41 'specpipeline' 'specpipeline_ln529' <Predicate = true> <Delay = 0.00>
ST_3 : Operation 42 [1/1] (0.00ns)   --->   "%speclooptripcount_ln528 = speclooptripcount void @_ssdm_op_SpecLoopTripCount, i64 81, i64 81, i64 81" [firmware/nnet_utils/nnet_activation_stream.h:528]   --->   Operation 42 'speclooptripcount' 'speclooptripcount_ln528' <Predicate = true> <Delay = 0.00>
ST_3 : Operation 43 [1/1] (0.00ns)   --->   "%specloopname_ln528 = specloopname void @_ssdm_op_SpecLoopName, void @empty_5" [firmware/nnet_utils/nnet_activation_stream.h:528]   --->   Operation 43 'specloopname' 'specloopname_ln528' <Predicate = true> <Delay = 0.00>
ST_3 : Operation 44 [1/1] (0.41ns)   --->   "%out_data_1 = select i1 %icmp_ln538, i16 %out_data, i16 0" [firmware/nnet_utils/nnet_activation_stream.h:538]   --->   Operation 44 'select' 'out_data_1' <Predicate = true> <Delay = 0.41> <CoreInst = "Sel">   --->   Core 73 'Sel' <Latency = 0> <II = 1> <Delay = 0.41> <FuncUnit> <Opcode : 'select'> <InPorts = 3> <OutPorts = 1>
ST_3 : Operation 45 [1/1] (0.41ns)   --->   "%out_data_3 = select i1 %icmp_ln538_1, i16 %out_data_2, i16 0" [firmware/nnet_utils/nnet_activation_stream.h:538]   --->   Operation 45 'select' 'out_data_3' <Predicate = true> <Delay = 0.41> <CoreInst = "Sel">   --->   Core 73 'Sel' <Latency = 0> <II = 1> <Delay = 0.41> <FuncUnit> <Opcode : 'select'> <InPorts = 3> <OutPorts = 1>
ST_3 : Operation 46 [1/1] (0.41ns)   --->   "%out_data_5 = select i1 %icmp_ln538_2, i16 %out_data_4, i16 0" [firmware/nnet_utils/nnet_activation_stream.h:538]   --->   Operation 46 'select' 'out_data_5' <Predicate = true> <Delay = 0.41> <CoreInst = "Sel">   --->   Core 73 'Sel' <Latency = 0> <II = 1> <Delay = 0.41> <FuncUnit> <Opcode : 'select'> <InPorts = 3> <OutPorts = 1>
ST_3 : Operation 47 [1/1] (0.41ns)   --->   "%out_data_7 = select i1 %icmp_ln538_3, i16 %out_data_6, i16 0" [firmware/nnet_utils/nnet_activation_stream.h:538]   --->   Operation 47 'select' 'out_data_7' <Predicate = true> <Delay = 0.41> <CoreInst = "Sel">   --->   Core 73 'Sel' <Latency = 0> <II = 1> <Delay = 0.41> <FuncUnit> <Opcode : 'select'> <InPorts = 3> <OutPorts = 1>
ST_3 : Operation 48 [1/1] (0.41ns)   --->   "%select_ln538 = select i1 %icmp_ln538_4, i16 %trunc_ln1, i16 0" [firmware/nnet_utils/nnet_activation_stream.h:538]   --->   Operation 48 'select' 'select_ln538' <Predicate = true> <Delay = 0.41> <CoreInst = "Sel">   --->   Core 73 'Sel' <Latency = 0> <II = 1> <Delay = 0.41> <FuncUnit> <Opcode : 'select'> <InPorts = 3> <OutPorts = 1>
ST_3 : Operation 49 [1/1] (0.41ns)   --->   "%select_ln538_5 = select i1 %icmp_ln538_5, i16 %trunc_ln539_6, i16 0" [firmware/nnet_utils/nnet_activation_stream.h:538]   --->   Operation 49 'select' 'select_ln538_5' <Predicate = true> <Delay = 0.41> <CoreInst = "Sel">   --->   Core 73 'Sel' <Latency = 0> <II = 1> <Delay = 0.41> <FuncUnit> <Opcode : 'select'> <InPorts = 3> <OutPorts = 1>
ST_3 : Operation 50 [1/1] (0.41ns)   --->   "%select_ln538_6 = select i1 %icmp_ln538_6, i16 %trunc_ln539_7, i16 0" [firmware/nnet_utils/nnet_activation_stream.h:538]   --->   Operation 50 'select' 'select_ln538_6' <Predicate = true> <Delay = 0.41> <CoreInst = "Sel">   --->   Core 73 'Sel' <Latency = 0> <II = 1> <Delay = 0.41> <FuncUnit> <Opcode : 'select'> <InPorts = 3> <OutPorts = 1>
ST_3 : Operation 51 [1/1] (0.41ns)   --->   "%select_ln538_7 = select i1 %icmp_ln538_7, i16 %trunc_ln539_8, i16 0" [firmware/nnet_utils/nnet_activation_stream.h:538]   --->   Operation 51 'select' 'select_ln538_7' <Predicate = true> <Delay = 0.41> <CoreInst = "Sel">   --->   Core 73 'Sel' <Latency = 0> <II = 1> <Delay = 0.41> <FuncUnit> <Opcode : 'select'> <InPorts = 3> <OutPorts = 1>
ST_3 : Operation 52 [1/1] (0.00ns)   --->   "%or_ln544_s = bitconcatenate i128 @_ssdm_op_BitConcatenate.i128.i16.i16.i16.i16.i16.i16.i16.i16, i16 %select_ln538_7, i16 %select_ln538_6, i16 %select_ln538_5, i16 %select_ln538, i16 %out_data_7, i16 %out_data_5, i16 %out_data_3, i16 %out_data_1" [firmware/nnet_utils/nnet_activation_stream.h:544]   --->   Operation 52 'bitconcatenate' 'or_ln544_s' <Predicate = true> <Delay = 0.00>
ST_3 : Operation 53 [1/1] (1.82ns)   --->   "%write_ln544 = write void @_ssdm_op_Write.ap_fifo.volatile.i128P0A, i128 %layer8_out, i128 %or_ln544_s" [firmware/nnet_utils/nnet_activation_stream.h:544]   --->   Operation 53 'write' 'write_ln544' <Predicate = true> <Delay = 1.82> <CoreInst = "FIFO">   --->   Core 78 'FIFO' <Latency = 0> <II = 1> <Delay = 2.20> <Storage> <Opcode : 'read' 'write' 'nbread' 'nbwrite'> <Ports = 0> <Width = 128> <Depth = 81> <FIFO>
ST_3 : Operation 54 [1/1] (0.00ns)   --->   "%br_ln528 = br void %ThresholdedReLUPackLoop" [firmware/nnet_utils/nnet_activation_stream.h:528]   --->   Operation 54 'br' 'br_ln528' <Predicate = true> <Delay = 0.00>


============================================================
+ Verbose Summary: Binding
============================================================
STG Binding: 
---------------- STG Properties BEGIN ----------------
- Is combinational: 0
- Is one-state seq: 0
- Is datapath-only: 0
- Is pipelined: 0
- Is top level: 0
Port [ Return ] is wired: 1; IO mode=ap_ctrl_hs:ce=0
Port [ layer6_out]:  wired=1; compound=1; hidden=0; nouse=0; global=0; static=0; extern=0; dir=0; type=3; pingpong=0; private_global=0; IO mode=ap_fifo:ce=0
Port [ layer8_out]:  wired=1; compound=1; hidden=0; nouse=0; global=0; static=0; extern=0; dir=1; type=3; pingpong=0; private_global=0; IO mode=ap_fifo:ce=0
---------------- STG Properties END ------------------

---------------- Datapath Model BEGIN ----------------

<LifeTime>
<method=bitvector/>
i                       (alloca           ) [ 0100]
specinterface_ln0       (specinterface    ) [ 0000]
specinterface_ln0       (specinterface    ) [ 0000]
store_ln528             (store            ) [ 0000]
br_ln528                (br               ) [ 0000]
i_1                     (load             ) [ 0000]
icmp_ln528              (icmp             ) [ 0110]
i_2                     (add              ) [ 0000]
br_ln528                (br               ) [ 0000]
store_ln528             (store            ) [ 0000]
layer6_out_read         (read             ) [ 0000]
trunc_ln531             (trunc            ) [ 0000]
trunc_ln531_s           (partselect       ) [ 0000]
trunc_ln531_1           (partselect       ) [ 0000]
trunc_ln531_2           (partselect       ) [ 0000]
trunc_ln531_3           (partselect       ) [ 0000]
trunc_ln531_4           (partselect       ) [ 0000]
trunc_ln531_5           (partselect       ) [ 0000]
trunc_ln531_6           (partselect       ) [ 0000]
icmp_ln538              (icmp             ) [ 0101]
out_data                (partselect       ) [ 0101]
icmp_ln538_1            (icmp             ) [ 0101]
out_data_2              (partselect       ) [ 0101]
icmp_ln538_2            (icmp             ) [ 0101]
out_data_4              (partselect       ) [ 0101]
icmp_ln538_3            (icmp             ) [ 0101]
out_data_6              (partselect       ) [ 0101]
icmp_ln538_4            (icmp             ) [ 0101]
trunc_ln1               (partselect       ) [ 0101]
icmp_ln538_5            (icmp             ) [ 0101]
trunc_ln539_6           (partselect       ) [ 0101]
icmp_ln538_6            (icmp             ) [ 0101]
trunc_ln539_7           (partselect       ) [ 0101]
icmp_ln538_7            (icmp             ) [ 0101]
trunc_ln539_8           (partselect       ) [ 0101]
specpipeline_ln529      (specpipeline     ) [ 0000]
speclooptripcount_ln528 (speclooptripcount) [ 0000]
specloopname_ln528      (specloopname     ) [ 0000]
out_data_1              (select           ) [ 0000]
out_data_3              (select           ) [ 0000]
out_data_5              (select           ) [ 0000]
out_data_7              (select           ) [ 0000]
select_ln538            (select           ) [ 0000]
select_ln538_5          (select           ) [ 0000]
select_ln538_6          (select           ) [ 0000]
select_ln538_7          (select           ) [ 0000]
or_ln544_s              (bitconcatenate   ) [ 0000]
write_ln544             (write            ) [ 0000]
br_ln528                (br               ) [ 0000]
ret_ln546               (ret              ) [ 0000]
</LifeTime>

<model>

<comp_list>
<comp id="0" class="1000" name="layer6_out">
<pin_list>
<pin id="1" dir="1" index="0" bw="1" slack="0"/>
</pin_list>
<bind>
<StgValue><ssdm name="layer6_out"/></StgValue>
</bind>
</comp>

<comp id="2" class="1000" name="layer8_out">
<pin_list>
<pin id="3" dir="1" index="0" bw="1" slack="0"/>
</pin_list>
<bind>
<StgValue><ssdm name="layer8_out"/></StgValue>
</bind>
</comp>

<comp id="4" class="1001" name="const_4">
<pin_list>
<pin id="5" dir="1" index="0" bw="1" slack="0"/>
</pin_list>
<bind>
<StgValue><ssdm name=""/></StgValue>
</bind>
</comp>

<comp id="6" class="1001" name="const_6">
<pin_list>
<pin id="7" dir="1" index="0" bw="1" slack="2147483647"/>
</pin_list>
<bind>
<StgValue><ssdm name="_ssdm_op_SpecInterface"/></StgValue>
</bind>
</comp>

<comp id="8" class="1001" name="const_8">
<pin_list>
<pin id="9" dir="1" index="0" bw="1" slack="2147483647"/>
</pin_list>
<bind>
<StgValue><ssdm name="empty_2"/></StgValue>
</bind>
</comp>

<comp id="10" class="1001" name="const_10">
<pin_list>
<pin id="11" dir="1" index="0" bw="1" slack="2147483647"/>
</pin_list>
<bind>
<StgValue><ssdm name=""/></StgValue>
</bind>
</comp>

<comp id="12" class="1001" name="const_12">
<pin_list>
<pin id="13" dir="1" index="0" bw="1" slack="2147483647"/>
</pin_list>
<bind>
<StgValue><ssdm name="empty_1"/></StgValue>
</bind>
</comp>

<comp id="14" class="1001" name="const_14">
<pin_list>
<pin id="15" dir="1" index="0" bw="1" slack="2147483647"/>
</pin_list>
<bind>
<StgValue><ssdm name=""/></StgValue>
</bind>
</comp>

<comp id="16" class="1001" name="const_16">
<pin_list>
<pin id="17" dir="1" index="0" bw="1" slack="0"/>
</pin_list>
<bind>
<StgValue><ssdm name=""/></StgValue>
</bind>
</comp>

<comp id="18" class="1001" name="const_18">
<pin_list>
<pin id="19" dir="1" index="0" bw="1" slack="0"/>
</pin_list>
<bind>
<StgValue><ssdm name=""/></StgValue>
</bind>
</comp>

<comp id="20" class="1001" name="const_20">
<pin_list>
<pin id="21" dir="1" index="0" bw="1" slack="0"/>
</pin_list>
<bind>
<StgValue><ssdm name=""/></StgValue>
</bind>
</comp>

<comp id="22" class="1001" name="const_22">
<pin_list>
<pin id="23" dir="1" index="0" bw="1" slack="0"/>
</pin_list>
<bind>
<StgValue><ssdm name="_ssdm_op_Read.ap_fifo.volatile.i312P0A"/></StgValue>
</bind>
</comp>

<comp id="24" class="1001" name="const_24">
<pin_list>
<pin id="25" dir="1" index="0" bw="1" slack="0"/>
</pin_list>
<bind>
<StgValue><ssdm name="_ssdm_op_PartSelect.i39.i312.i32.i32"/></StgValue>
</bind>
</comp>

<comp id="26" class="1001" name="const_26">
<pin_list>
<pin id="27" dir="1" index="0" bw="1" slack="0"/>
</pin_list>
<bind>
<StgValue><ssdm name=""/></StgValue>
</bind>
</comp>

<comp id="28" class="1001" name="const_28">
<pin_list>
<pin id="29" dir="1" index="0" bw="1" slack="0"/>
</pin_list>
<bind>
<StgValue><ssdm name=""/></StgValue>
</bind>
</comp>

<comp id="30" class="1001" name="const_30">
<pin_list>
<pin id="31" dir="1" index="0" bw="1" slack="0"/>
</pin_list>
<bind>
<StgValue><ssdm name=""/></StgValue>
</bind>
</comp>

<comp id="32" class="1001" name="const_32">
<pin_list>
<pin id="33" dir="1" index="0" bw="1" slack="0"/>
</pin_list>
<bind>
<StgValue><ssdm name=""/></StgValue>
</bind>
</comp>

<comp id="34" class="1001" name="const_34">
<pin_list>
<pin id="35" dir="1" index="0" bw="1" slack="0"/>
</pin_list>
<bind>
<StgValue><ssdm name=""/></StgValue>
</bind>
</comp>

<comp id="36" class="1001" name="const_36">
<pin_list>
<pin id="37" dir="1" index="0" bw="1" slack="0"/>
</pin_list>
<bind>
<StgValue><ssdm name=""/></StgValue>
</bind>
</comp>

<comp id="38" class="1001" name="const_38">
<pin_list>
<pin id="39" dir="1" index="0" bw="1" slack="0"/>
</pin_list>
<bind>
<StgValue><ssdm name=""/></StgValue>
</bind>
</comp>

<comp id="40" class="1001" name="const_40">
<pin_list>
<pin id="41" dir="1" index="0" bw="1" slack="0"/>
</pin_list>
<bind>
<StgValue><ssdm name=""/></StgValue>
</bind>
</comp>

<comp id="42" class="1001" name="const_42">
<pin_list>
<pin id="43" dir="1" index="0" bw="1" slack="0"/>
</pin_list>
<bind>
<StgValue><ssdm name=""/></StgValue>
</bind>
</comp>

<comp id="44" class="1001" name="const_44">
<pin_list>
<pin id="45" dir="1" index="0" bw="1" slack="0"/>
</pin_list>
<bind>
<StgValue><ssdm name=""/></StgValue>
</bind>
</comp>

<comp id="46" class="1001" name="const_46">
<pin_list>
<pin id="47" dir="1" index="0" bw="1" slack="0"/>
</pin_list>
<bind>
<StgValue><ssdm name=""/></StgValue>
</bind>
</comp>

<comp id="48" class="1001" name="const_48">
<pin_list>
<pin id="49" dir="1" index="0" bw="1" slack="0"/>
</pin_list>
<bind>
<StgValue><ssdm name=""/></StgValue>
</bind>
</comp>

<comp id="50" class="1001" name="const_50">
<pin_list>
<pin id="51" dir="1" index="0" bw="1" slack="0"/>
</pin_list>
<bind>
<StgValue><ssdm name=""/></StgValue>
</bind>
</comp>

<comp id="52" class="1001" name="const_52">
<pin_list>
<pin id="53" dir="1" index="0" bw="1" slack="0"/>
</pin_list>
<bind>
<StgValue><ssdm name=""/></StgValue>
</bind>
</comp>

<comp id="54" class="1001" name="const_54">
<pin_list>
<pin id="55" dir="1" index="0" bw="1" slack="0"/>
</pin_list>
<bind>
<StgValue><ssdm name=""/></StgValue>
</bind>
</comp>

<comp id="56" class="1001" name="const_56">
<pin_list>
<pin id="57" dir="1" index="0" bw="1" slack="0"/>
</pin_list>
<bind>
<StgValue><ssdm name="_ssdm_op_PartSelect.i16.i312.i32.i32"/></StgValue>
</bind>
</comp>

<comp id="58" class="1001" name="const_58">
<pin_list>
<pin id="59" dir="1" index="0" bw="1" slack="0"/>
</pin_list>
<bind>
<StgValue><ssdm name=""/></StgValue>
</bind>
</comp>

<comp id="60" class="1001" name="const_60">
<pin_list>
<pin id="61" dir="1" index="0" bw="1" slack="0"/>
</pin_list>
<bind>
<StgValue><ssdm name=""/></StgValue>
</bind>
</comp>

<comp id="62" class="1001" name="const_62">
<pin_list>
<pin id="63" dir="1" index="0" bw="1" slack="0"/>
</pin_list>
<bind>
<StgValue><ssdm name=""/></StgValue>
</bind>
</comp>

<comp id="64" class="1001" name="const_64">
<pin_list>
<pin id="65" dir="1" index="0" bw="1" slack="0"/>
</pin_list>
<bind>
<StgValue><ssdm name=""/></StgValue>
</bind>
</comp>

<comp id="66" class="1001" name="const_66">
<pin_list>
<pin id="67" dir="1" index="0" bw="1" slack="0"/>
</pin_list>
<bind>
<StgValue><ssdm name=""/></StgValue>
</bind>
</comp>

<comp id="68" class="1001" name="const_68">
<pin_list>
<pin id="69" dir="1" index="0" bw="1" slack="0"/>
</pin_list>
<bind>
<StgValue><ssdm name=""/></StgValue>
</bind>
</comp>

<comp id="70" class="1001" name="const_70">
<pin_list>
<pin id="71" dir="1" index="0" bw="1" slack="0"/>
</pin_list>
<bind>
<StgValue><ssdm name=""/></StgValue>
</bind>
</comp>

<comp id="72" class="1001" name="const_72">
<pin_list>
<pin id="73" dir="1" index="0" bw="1" slack="0"/>
</pin_list>
<bind>
<StgValue><ssdm name=""/></StgValue>
</bind>
</comp>

<comp id="74" class="1001" name="const_74">
<pin_list>
<pin id="75" dir="1" index="0" bw="1" slack="0"/>
</pin_list>
<bind>
<StgValue><ssdm name=""/></StgValue>
</bind>
</comp>

<comp id="76" class="1001" name="const_76">
<pin_list>
<pin id="77" dir="1" index="0" bw="1" slack="0"/>
</pin_list>
<bind>
<StgValue><ssdm name=""/></StgValue>
</bind>
</comp>

<comp id="78" class="1001" name="const_78">
<pin_list>
<pin id="79" dir="1" index="0" bw="1" slack="0"/>
</pin_list>
<bind>
<StgValue><ssdm name=""/></StgValue>
</bind>
</comp>

<comp id="80" class="1001" name="const_80">
<pin_list>
<pin id="81" dir="1" index="0" bw="1" slack="0"/>
</pin_list>
<bind>
<StgValue><ssdm name=""/></StgValue>
</bind>
</comp>

<comp id="82" class="1001" name="const_82">
<pin_list>
<pin id="83" dir="1" index="0" bw="1" slack="0"/>
</pin_list>
<bind>
<StgValue><ssdm name=""/></StgValue>
</bind>
</comp>

<comp id="84" class="1001" name="const_84">
<pin_list>
<pin id="85" dir="1" index="0" bw="1" slack="0"/>
</pin_list>
<bind>
<StgValue><ssdm name=""/></StgValue>
</bind>
</comp>

<comp id="86" class="1001" name="const_86">
<pin_list>
<pin id="87" dir="1" index="0" bw="1" slack="0"/>
</pin_list>
<bind>
<StgValue><ssdm name=""/></StgValue>
</bind>
</comp>

<comp id="88" class="1001" name="const_88">
<pin_list>
<pin id="89" dir="1" index="0" bw="1" slack="0"/>
</pin_list>
<bind>
<StgValue><ssdm name=""/></StgValue>
</bind>
</comp>

<comp id="90" class="1001" name="const_90">
<pin_list>
<pin id="91" dir="1" index="0" bw="1" slack="2147483647"/>
</pin_list>
<bind>
<StgValue><ssdm name="_ssdm_op_SpecPipeline"/></StgValue>
</bind>
</comp>

<comp id="92" class="1001" name="const_92">
<pin_list>
<pin id="93" dir="1" index="0" bw="1" slack="2147483647"/>
</pin_list>
<bind>
<StgValue><ssdm name="_ssdm_op_SpecLoopTripCount"/></StgValue>
</bind>
</comp>

<comp id="94" class="1001" name="const_94">
<pin_list>
<pin id="95" dir="1" index="0" bw="1" slack="2147483647"/>
</pin_list>
<bind>
<StgValue><ssdm name=""/></StgValue>
</bind>
</comp>

<comp id="96" class="1001" name="const_96">
<pin_list>
<pin id="97" dir="1" index="0" bw="1" slack="2147483647"/>
</pin_list>
<bind>
<StgValue><ssdm name="_ssdm_op_SpecLoopName"/></StgValue>
</bind>
</comp>

<comp id="98" class="1001" name="const_98">
<pin_list>
<pin id="99" dir="1" index="0" bw="1" slack="2147483647"/>
</pin_list>
<bind>
<StgValue><ssdm name="empty_5"/></StgValue>
</bind>
</comp>

<comp id="100" class="1001" name="const_100">
<pin_list>
<pin id="101" dir="1" index="0" bw="1" slack="0"/>
</pin_list>
<bind>
<StgValue><ssdm name=""/></StgValue>
</bind>
</comp>

<comp id="102" class="1001" name="const_102">
<pin_list>
<pin id="103" dir="1" index="0" bw="1" slack="0"/>
</pin_list>
<bind>
<StgValue><ssdm name="_ssdm_op_BitConcatenate.i128.i16.i16.i16.i16.i16.i16.i16.i16"/></StgValue>
</bind>
</comp>

<comp id="104" class="1001" name="const_104">
<pin_list>
<pin id="105" dir="1" index="0" bw="1" slack="0"/>
</pin_list>
<bind>
<StgValue><ssdm name="_ssdm_op_Write.ap_fifo.volatile.i128P0A"/></StgValue>
</bind>
</comp>

<comp id="106" class="1004" name="i_fu_106">
<pin_list>
<pin id="107" dir="0" index="0" bw="1" slack="0"/>
<pin id="108" dir="1" index="1" bw="7" slack="0"/>
</pin_list>
<bind>
<opcode="alloca(26) " fcode="alloca"/>
<opset="i/1 "/>
</bind>
</comp>

<comp id="110" class="1004" name="layer6_out_read_read_fu_110">
<pin_list>
<pin id="111" dir="0" index="0" bw="312" slack="0"/>
<pin id="112" dir="0" index="1" bw="312" slack="0"/>
<pin id="113" dir="1" index="2" bw="312" slack="0"/>
</pin_list>
<bind>
<opcode="read(1150) " fcode="read"/>
<opset="layer6_out_read/2 "/>
</bind>
</comp>

<comp id="116" class="1004" name="write_ln544_write_fu_116">
<pin_list>
<pin id="117" dir="0" index="0" bw="0" slack="0"/>
<pin id="118" dir="0" index="1" bw="128" slack="0"/>
<pin id="119" dir="0" index="2" bw="128" slack="0"/>
<pin id="120" dir="1" index="3" bw="0" slack="2147483647"/>
</pin_list>
<bind>
<opcode="write(1151) " fcode="write"/>
<opset="write_ln544/3 "/>
</bind>
</comp>

<comp id="123" class="1004" name="store_ln528_store_fu_123">
<pin_list>
<pin id="124" dir="0" index="0" bw="1" slack="0"/>
<pin id="125" dir="0" index="1" bw="7" slack="0"/>
<pin id="126" dir="1" index="2" bw="0" slack="2147483647"/>
</pin_list>
<bind>
<opcode="store(28) " fcode="store"/>
<opset="store_ln528/1 "/>
</bind>
</comp>

<comp id="128" class="1004" name="i_1_load_fu_128">
<pin_list>
<pin id="129" dir="0" index="0" bw="7" slack="0"/>
<pin id="130" dir="1" index="1" bw="7" slack="0"/>
</pin_list>
<bind>
<opcode="load(27) " fcode="load"/>
<opset="i_1/1 "/>
</bind>
</comp>

<comp id="131" class="1004" name="icmp_ln528_fu_131">
<pin_list>
<pin id="132" dir="0" index="0" bw="7" slack="0"/>
<pin id="133" dir="0" index="1" bw="7" slack="0"/>
<pin id="134" dir="1" index="2" bw="1" slack="1"/>
</pin_list>
<bind>
<opcode="icmp(45) " fcode="icmp"/>
<opset="icmp_ln528/1 "/>
</bind>
</comp>

<comp id="137" class="1004" name="i_2_fu_137">
<pin_list>
<pin id="138" dir="0" index="0" bw="7" slack="0"/>
<pin id="139" dir="0" index="1" bw="1" slack="0"/>
<pin id="140" dir="1" index="2" bw="7" slack="0"/>
</pin_list>
<bind>
<opcode="add(8) " fcode="add"/>
<opset="i_2/1 "/>
</bind>
</comp>

<comp id="143" class="1004" name="store_ln528_store_fu_143">
<pin_list>
<pin id="144" dir="0" index="0" bw="7" slack="0"/>
<pin id="145" dir="0" index="1" bw="7" slack="0"/>
<pin id="146" dir="1" index="2" bw="0" slack="2147483647"/>
</pin_list>
<bind>
<opcode="store(28) " fcode="store"/>
<opset="store_ln528/1 "/>
</bind>
</comp>

<comp id="148" class="1004" name="trunc_ln531_fu_148">
<pin_list>
<pin id="149" dir="0" index="0" bw="312" slack="0"/>
<pin id="150" dir="1" index="1" bw="39" slack="0"/>
</pin_list>
<bind>
<opcode="trunc(33) " fcode="trunc"/>
<opset="trunc_ln531/2 "/>
</bind>
</comp>

<comp id="152" class="1004" name="trunc_ln531_s_fu_152">
<pin_list>
<pin id="153" dir="0" index="0" bw="39" slack="0"/>
<pin id="154" dir="0" index="1" bw="312" slack="0"/>
<pin id="155" dir="0" index="2" bw="7" slack="0"/>
<pin id="156" dir="0" index="3" bw="8" slack="0"/>
<pin id="157" dir="1" index="4" bw="39" slack="0"/>
</pin_list>
<bind>
<opcode="partselect(1002) " fcode="partselect"/>
<opset="trunc_ln531_s/2 "/>
</bind>
</comp>

<comp id="162" class="1004" name="trunc_ln531_1_fu_162">
<pin_list>
<pin id="163" dir="0" index="0" bw="39" slack="0"/>
<pin id="164" dir="0" index="1" bw="312" slack="0"/>
<pin id="165" dir="0" index="2" bw="8" slack="0"/>
<pin id="166" dir="0" index="3" bw="8" slack="0"/>
<pin id="167" dir="1" index="4" bw="39" slack="0"/>
</pin_list>
<bind>
<opcode="partselect(1002) " fcode="partselect"/>
<opset="trunc_ln531_1/2 "/>
</bind>
</comp>

<comp id="172" class="1004" name="trunc_ln531_2_fu_172">
<pin_list>
<pin id="173" dir="0" index="0" bw="39" slack="0"/>
<pin id="174" dir="0" index="1" bw="312" slack="0"/>
<pin id="175" dir="0" index="2" bw="8" slack="0"/>
<pin id="176" dir="0" index="3" bw="9" slack="0"/>
<pin id="177" dir="1" index="4" bw="39" slack="0"/>
</pin_list>
<bind>
<opcode="partselect(1002) " fcode="partselect"/>
<opset="trunc_ln531_2/2 "/>
</bind>
</comp>

<comp id="182" class="1004" name="trunc_ln531_3_fu_182">
<pin_list>
<pin id="183" dir="0" index="0" bw="39" slack="0"/>
<pin id="184" dir="0" index="1" bw="312" slack="0"/>
<pin id="185" dir="0" index="2" bw="9" slack="0"/>
<pin id="186" dir="0" index="3" bw="9" slack="0"/>
<pin id="187" dir="1" index="4" bw="39" slack="0"/>
</pin_list>
<bind>
<opcode="partselect(1002) " fcode="partselect"/>
<opset="trunc_ln531_3/2 "/>
</bind>
</comp>

<comp id="192" class="1004" name="trunc_ln531_4_fu_192">
<pin_list>
<pin id="193" dir="0" index="0" bw="39" slack="0"/>
<pin id="194" dir="0" index="1" bw="312" slack="0"/>
<pin id="195" dir="0" index="2" bw="9" slack="0"/>
<pin id="196" dir="0" index="3" bw="9" slack="0"/>
<pin id="197" dir="1" index="4" bw="39" slack="0"/>
</pin_list>
<bind>
<opcode="partselect(1002) " fcode="partselect"/>
<opset="trunc_ln531_4/2 "/>
</bind>
</comp>

<comp id="202" class="1004" name="trunc_ln531_5_fu_202">
<pin_list>
<pin id="203" dir="0" index="0" bw="39" slack="0"/>
<pin id="204" dir="0" index="1" bw="312" slack="0"/>
<pin id="205" dir="0" index="2" bw="9" slack="0"/>
<pin id="206" dir="0" index="3" bw="10" slack="0"/>
<pin id="207" dir="1" index="4" bw="39" slack="0"/>
</pin_list>
<bind>
<opcode="partselect(1002) " fcode="partselect"/>
<opset="trunc_ln531_5/2 "/>
</bind>
</comp>

<comp id="212" class="1004" name="trunc_ln531_6_fu_212">
<pin_list>
<pin id="213" dir="0" index="0" bw="39" slack="0"/>
<pin id="214" dir="0" index="1" bw="312" slack="0"/>
<pin id="215" dir="0" index="2" bw="10" slack="0"/>
<pin id="216" dir="0" index="3" bw="10" slack="0"/>
<pin id="217" dir="1" index="4" bw="39" slack="0"/>
</pin_list>
<bind>
<opcode="partselect(1002) " fcode="partselect"/>
<opset="trunc_ln531_6/2 "/>
</bind>
</comp>

<comp id="222" class="1004" name="icmp_ln538_fu_222">
<pin_list>
<pin id="223" dir="0" index="0" bw="39" slack="0"/>
<pin id="224" dir="0" index="1" bw="1" slack="0"/>
<pin id="225" dir="1" index="2" bw="1" slack="1"/>
</pin_list>
<bind>
<opcode="icmp(45) " fcode="icmp"/>
<opset="icmp_ln538/2 "/>
</bind>
</comp>

<comp id="228" class="1004" name="out_data_fu_228">
<pin_list>
<pin id="229" dir="0" index="0" bw="16" slack="0"/>
<pin id="230" dir="0" index="1" bw="312" slack="0"/>
<pin id="231" dir="0" index="2" bw="5" slack="0"/>
<pin id="232" dir="0" index="3" bw="6" slack="0"/>
<pin id="233" dir="1" index="4" bw="16" slack="1"/>
</pin_list>
<bind>
<opcode="partselect(1002) " fcode="partselect"/>
<opset="out_data/2 "/>
</bind>
</comp>

<comp id="238" class="1004" name="icmp_ln538_1_fu_238">
<pin_list>
<pin id="239" dir="0" index="0" bw="39" slack="0"/>
<pin id="240" dir="0" index="1" bw="1" slack="0"/>
<pin id="241" dir="1" index="2" bw="1" slack="1"/>
</pin_list>
<bind>
<opcode="icmp(45) " fcode="icmp"/>
<opset="icmp_ln538_1/2 "/>
</bind>
</comp>

<comp id="244" class="1004" name="out_data_2_fu_244">
<pin_list>
<pin id="245" dir="0" index="0" bw="16" slack="0"/>
<pin id="246" dir="0" index="1" bw="312" slack="0"/>
<pin id="247" dir="0" index="2" bw="7" slack="0"/>
<pin id="248" dir="0" index="3" bw="8" slack="0"/>
<pin id="249" dir="1" index="4" bw="16" slack="1"/>
</pin_list>
<bind>
<opcode="partselect(1002) " fcode="partselect"/>
<opset="out_data_2/2 "/>
</bind>
</comp>

<comp id="254" class="1004" name="icmp_ln538_2_fu_254">
<pin_list>
<pin id="255" dir="0" index="0" bw="39" slack="0"/>
<pin id="256" dir="0" index="1" bw="1" slack="0"/>
<pin id="257" dir="1" index="2" bw="1" slack="1"/>
</pin_list>
<bind>
<opcode="icmp(45) " fcode="icmp"/>
<opset="icmp_ln538_2/2 "/>
</bind>
</comp>

<comp id="260" class="1004" name="out_data_4_fu_260">
<pin_list>
<pin id="261" dir="0" index="0" bw="16" slack="0"/>
<pin id="262" dir="0" index="1" bw="312" slack="0"/>
<pin id="263" dir="0" index="2" bw="8" slack="0"/>
<pin id="264" dir="0" index="3" bw="8" slack="0"/>
<pin id="265" dir="1" index="4" bw="16" slack="1"/>
</pin_list>
<bind>
<opcode="partselect(1002) " fcode="partselect"/>
<opset="out_data_4/2 "/>
</bind>
</comp>

<comp id="270" class="1004" name="icmp_ln538_3_fu_270">
<pin_list>
<pin id="271" dir="0" index="0" bw="39" slack="0"/>
<pin id="272" dir="0" index="1" bw="1" slack="0"/>
<pin id="273" dir="1" index="2" bw="1" slack="1"/>
</pin_list>
<bind>
<opcode="icmp(45) " fcode="icmp"/>
<opset="icmp_ln538_3/2 "/>
</bind>
</comp>

<comp id="276" class="1004" name="out_data_6_fu_276">
<pin_list>
<pin id="277" dir="0" index="0" bw="16" slack="0"/>
<pin id="278" dir="0" index="1" bw="312" slack="0"/>
<pin id="279" dir="0" index="2" bw="8" slack="0"/>
<pin id="280" dir="0" index="3" bw="9" slack="0"/>
<pin id="281" dir="1" index="4" bw="16" slack="1"/>
</pin_list>
<bind>
<opcode="partselect(1002) " fcode="partselect"/>
<opset="out_data_6/2 "/>
</bind>
</comp>

<comp id="286" class="1004" name="icmp_ln538_4_fu_286">
<pin_list>
<pin id="287" dir="0" index="0" bw="39" slack="0"/>
<pin id="288" dir="0" index="1" bw="1" slack="0"/>
<pin id="289" dir="1" index="2" bw="1" slack="1"/>
</pin_list>
<bind>
<opcode="icmp(45) " fcode="icmp"/>
<opset="icmp_ln538_4/2 "/>
</bind>
</comp>

<comp id="292" class="1004" name="trunc_ln1_fu_292">
<pin_list>
<pin id="293" dir="0" index="0" bw="16" slack="0"/>
<pin id="294" dir="0" index="1" bw="312" slack="0"/>
<pin id="295" dir="0" index="2" bw="9" slack="0"/>
<pin id="296" dir="0" index="3" bw="9" slack="0"/>
<pin id="297" dir="1" index="4" bw="16" slack="1"/>
</pin_list>
<bind>
<opcode="partselect(1002) " fcode="partselect"/>
<opset="trunc_ln1/2 "/>
</bind>
</comp>

<comp id="302" class="1004" name="icmp_ln538_5_fu_302">
<pin_list>
<pin id="303" dir="0" index="0" bw="39" slack="0"/>
<pin id="304" dir="0" index="1" bw="1" slack="0"/>
<pin id="305" dir="1" index="2" bw="1" slack="1"/>
</pin_list>
<bind>
<opcode="icmp(45) " fcode="icmp"/>
<opset="icmp_ln538_5/2 "/>
</bind>
</comp>

<comp id="308" class="1004" name="trunc_ln539_6_fu_308">
<pin_list>
<pin id="309" dir="0" index="0" bw="16" slack="0"/>
<pin id="310" dir="0" index="1" bw="312" slack="0"/>
<pin id="311" dir="0" index="2" bw="9" slack="0"/>
<pin id="312" dir="0" index="3" bw="9" slack="0"/>
<pin id="313" dir="1" index="4" bw="16" slack="1"/>
</pin_list>
<bind>
<opcode="partselect(1002) " fcode="partselect"/>
<opset="trunc_ln539_6/2 "/>
</bind>
</comp>

<comp id="318" class="1004" name="icmp_ln538_6_fu_318">
<pin_list>
<pin id="319" dir="0" index="0" bw="39" slack="0"/>
<pin id="320" dir="0" index="1" bw="1" slack="0"/>
<pin id="321" dir="1" index="2" bw="1" slack="1"/>
</pin_list>
<bind>
<opcode="icmp(45) " fcode="icmp"/>
<opset="icmp_ln538_6/2 "/>
</bind>
</comp>

<comp id="324" class="1004" name="trunc_ln539_7_fu_324">
<pin_list>
<pin id="325" dir="0" index="0" bw="16" slack="0"/>
<pin id="326" dir="0" index="1" bw="312" slack="0"/>
<pin id="327" dir="0" index="2" bw="9" slack="0"/>
<pin id="328" dir="0" index="3" bw="10" slack="0"/>
<pin id="329" dir="1" index="4" bw="16" slack="1"/>
</pin_list>
<bind>
<opcode="partselect(1002) " fcode="partselect"/>
<opset="trunc_ln539_7/2 "/>
</bind>
</comp>

<comp id="334" class="1004" name="icmp_ln538_7_fu_334">
<pin_list>
<pin id="335" dir="0" index="0" bw="39" slack="0"/>
<pin id="336" dir="0" index="1" bw="1" slack="0"/>
<pin id="337" dir="1" index="2" bw="1" slack="1"/>
</pin_list>
<bind>
<opcode="icmp(45) " fcode="icmp"/>
<opset="icmp_ln538_7/2 "/>
</bind>
</comp>

<comp id="340" class="1004" name="trunc_ln539_8_fu_340">
<pin_list>
<pin id="341" dir="0" index="0" bw="16" slack="0"/>
<pin id="342" dir="0" index="1" bw="312" slack="0"/>
<pin id="343" dir="0" index="2" bw="10" slack="0"/>
<pin id="344" dir="0" index="3" bw="10" slack="0"/>
<pin id="345" dir="1" index="4" bw="16" slack="1"/>
</pin_list>
<bind>
<opcode="partselect(1002) " fcode="partselect"/>
<opset="trunc_ln539_8/2 "/>
</bind>
</comp>

<comp id="350" class="1004" name="out_data_1_fu_350">
<pin_list>
<pin id="351" dir="0" index="0" bw="1" slack="1"/>
<pin id="352" dir="0" index="1" bw="16" slack="1"/>
<pin id="353" dir="0" index="2" bw="1" slack="0"/>
<pin id="354" dir="1" index="3" bw="16" slack="0"/>
</pin_list>
<bind>
<opcode="select(49) " fcode="select"/>
<opset="out_data_1/3 "/>
</bind>
</comp>

<comp id="356" class="1004" name="out_data_3_fu_356">
<pin_list>
<pin id="357" dir="0" index="0" bw="1" slack="1"/>
<pin id="358" dir="0" index="1" bw="16" slack="1"/>
<pin id="359" dir="0" index="2" bw="1" slack="0"/>
<pin id="360" dir="1" index="3" bw="16" slack="0"/>
</pin_list>
<bind>
<opcode="select(49) " fcode="select"/>
<opset="out_data_3/3 "/>
</bind>
</comp>

<comp id="362" class="1004" name="out_data_5_fu_362">
<pin_list>
<pin id="363" dir="0" index="0" bw="1" slack="1"/>
<pin id="364" dir="0" index="1" bw="16" slack="1"/>
<pin id="365" dir="0" index="2" bw="1" slack="0"/>
<pin id="366" dir="1" index="3" bw="16" slack="0"/>
</pin_list>
<bind>
<opcode="select(49) " fcode="select"/>
<opset="out_data_5/3 "/>
</bind>
</comp>

<comp id="368" class="1004" name="out_data_7_fu_368">
<pin_list>
<pin id="369" dir="0" index="0" bw="1" slack="1"/>
<pin id="370" dir="0" index="1" bw="16" slack="1"/>
<pin id="371" dir="0" index="2" bw="1" slack="0"/>
<pin id="372" dir="1" index="3" bw="16" slack="0"/>
</pin_list>
<bind>
<opcode="select(49) " fcode="select"/>
<opset="out_data_7/3 "/>
</bind>
</comp>

<comp id="374" class="1004" name="select_ln538_fu_374">
<pin_list>
<pin id="375" dir="0" index="0" bw="1" slack="1"/>
<pin id="376" dir="0" index="1" bw="16" slack="1"/>
<pin id="377" dir="0" index="2" bw="1" slack="0"/>
<pin id="378" dir="1" index="3" bw="16" slack="0"/>
</pin_list>
<bind>
<opcode="select(49) " fcode="select"/>
<opset="select_ln538/3 "/>
</bind>
</comp>

<comp id="380" class="1004" name="select_ln538_5_fu_380">
<pin_list>
<pin id="381" dir="0" index="0" bw="1" slack="1"/>
<pin id="382" dir="0" index="1" bw="16" slack="1"/>
<pin id="383" dir="0" index="2" bw="1" slack="0"/>
<pin id="384" dir="1" index="3" bw="16" slack="0"/>
</pin_list>
<bind>
<opcode="select(49) " fcode="select"/>
<opset="select_ln538_5/3 "/>
</bind>
</comp>

<comp id="386" class="1004" name="select_ln538_6_fu_386">
<pin_list>
<pin id="387" dir="0" index="0" bw="1" slack="1"/>
<pin id="388" dir="0" index="1" bw="16" slack="1"/>
<pin id="389" dir="0" index="2" bw="1" slack="0"/>
<pin id="390" dir="1" index="3" bw="16" slack="0"/>
</pin_list>
<bind>
<opcode="select(49) " fcode="select"/>
<opset="select_ln538_6/3 "/>
</bind>
</comp>

<comp id="392" class="1004" name="select_ln538_7_fu_392">
<pin_list>
<pin id="393" dir="0" index="0" bw="1" slack="1"/>
<pin id="394" dir="0" index="1" bw="16" slack="1"/>
<pin id="395" dir="0" index="2" bw="1" slack="0"/>
<pin id="396" dir="1" index="3" bw="16" slack="0"/>
</pin_list>
<bind>
<opcode="select(49) " fcode="select"/>
<opset="select_ln538_7/3 "/>
</bind>
</comp>

<comp id="398" class="1004" name="or_ln544_s_fu_398">
<pin_list>
<pin id="399" dir="0" index="0" bw="128" slack="0"/>
<pin id="400" dir="0" index="1" bw="16" slack="0"/>
<pin id="401" dir="0" index="2" bw="16" slack="0"/>
<pin id="402" dir="0" index="3" bw="16" slack="0"/>
<pin id="403" dir="0" index="4" bw="16" slack="0"/>
<pin id="404" dir="0" index="5" bw="16" slack="0"/>
<pin id="405" dir="0" index="6" bw="16" slack="0"/>
<pin id="406" dir="0" index="7" bw="16" slack="0"/>
<pin id="407" dir="0" index="8" bw="16" slack="0"/>
<pin id="408" dir="1" index="9" bw="128" slack="0"/>
</pin_list>
<bind>
<opcode="bitconcatenate(1004) " fcode="bitconcatenate"/>
<opset="or_ln544_s/3 "/>
</bind>
</comp>

<comp id="419" class="1005" name="i_reg_419">
<pin_list>
<pin id="420" dir="0" index="0" bw="7" slack="0"/>
<pin id="421" dir="1" index="1" bw="7" slack="0"/>
</pin_list>
<bind>
<opset="i "/>
</bind>
</comp>

<comp id="426" class="1005" name="icmp_ln528_reg_426">
<pin_list>
<pin id="427" dir="0" index="0" bw="1" slack="1"/>
<pin id="428" dir="1" index="1" bw="1" slack="2147483647"/>
</pin_list>
<bind>
<opset="icmp_ln528 "/>
</bind>
</comp>

<comp id="430" class="1005" name="icmp_ln538_reg_430">
<pin_list>
<pin id="431" dir="0" index="0" bw="1" slack="1"/>
<pin id="432" dir="1" index="1" bw="1" slack="1"/>
</pin_list>
<bind>
<opset="icmp_ln538 "/>
</bind>
</comp>

<comp id="435" class="1005" name="out_data_reg_435">
<pin_list>
<pin id="436" dir="0" index="0" bw="16" slack="1"/>
<pin id="437" dir="1" index="1" bw="16" slack="1"/>
</pin_list>
<bind>
<opset="out_data "/>
</bind>
</comp>

<comp id="440" class="1005" name="icmp_ln538_1_reg_440">
<pin_list>
<pin id="441" dir="0" index="0" bw="1" slack="1"/>
<pin id="442" dir="1" index="1" bw="1" slack="1"/>
</pin_list>
<bind>
<opset="icmp_ln538_1 "/>
</bind>
</comp>

<comp id="445" class="1005" name="out_data_2_reg_445">
<pin_list>
<pin id="446" dir="0" index="0" bw="16" slack="1"/>
<pin id="447" dir="1" index="1" bw="16" slack="1"/>
</pin_list>
<bind>
<opset="out_data_2 "/>
</bind>
</comp>

<comp id="450" class="1005" name="icmp_ln538_2_reg_450">
<pin_list>
<pin id="451" dir="0" index="0" bw="1" slack="1"/>
<pin id="452" dir="1" index="1" bw="1" slack="1"/>
</pin_list>
<bind>
<opset="icmp_ln538_2 "/>
</bind>
</comp>

<comp id="455" class="1005" name="out_data_4_reg_455">
<pin_list>
<pin id="456" dir="0" index="0" bw="16" slack="1"/>
<pin id="457" dir="1" index="1" bw="16" slack="1"/>
</pin_list>
<bind>
<opset="out_data_4 "/>
</bind>
</comp>

<comp id="460" class="1005" name="icmp_ln538_3_reg_460">
<pin_list>
<pin id="461" dir="0" index="0" bw="1" slack="1"/>
<pin id="462" dir="1" index="1" bw="1" slack="1"/>
</pin_list>
<bind>
<opset="icmp_ln538_3 "/>
</bind>
</comp>

<comp id="465" class="1005" name="out_data_6_reg_465">
<pin_list>
<pin id="466" dir="0" index="0" bw="16" slack="1"/>
<pin id="467" dir="1" index="1" bw="16" slack="1"/>
</pin_list>
<bind>
<opset="out_data_6 "/>
</bind>
</comp>

<comp id="470" class="1005" name="icmp_ln538_4_reg_470">
<pin_list>
<pin id="471" dir="0" index="0" bw="1" slack="1"/>
<pin id="472" dir="1" index="1" bw="1" slack="1"/>
</pin_list>
<bind>
<opset="icmp_ln538_4 "/>
</bind>
</comp>

<comp id="475" class="1005" name="trunc_ln1_reg_475">
<pin_list>
<pin id="476" dir="0" index="0" bw="16" slack="1"/>
<pin id="477" dir="1" index="1" bw="16" slack="1"/>
</pin_list>
<bind>
<opset="trunc_ln1 "/>
</bind>
</comp>

<comp id="480" class="1005" name="icmp_ln538_5_reg_480">
<pin_list>
<pin id="481" dir="0" index="0" bw="1" slack="1"/>
<pin id="482" dir="1" index="1" bw="1" slack="1"/>
</pin_list>
<bind>
<opset="icmp_ln538_5 "/>
</bind>
</comp>

<comp id="485" class="1005" name="trunc_ln539_6_reg_485">
<pin_list>
<pin id="486" dir="0" index="0" bw="16" slack="1"/>
<pin id="487" dir="1" index="1" bw="16" slack="1"/>
</pin_list>
<bind>
<opset="trunc_ln539_6 "/>
</bind>
</comp>

<comp id="490" class="1005" name="icmp_ln538_6_reg_490">
<pin_list>
<pin id="491" dir="0" index="0" bw="1" slack="1"/>
<pin id="492" dir="1" index="1" bw="1" slack="1"/>
</pin_list>
<bind>
<opset="icmp_ln538_6 "/>
</bind>
</comp>

<comp id="495" class="1005" name="trunc_ln539_7_reg_495">
<pin_list>
<pin id="496" dir="0" index="0" bw="16" slack="1"/>
<pin id="497" dir="1" index="1" bw="16" slack="1"/>
</pin_list>
<bind>
<opset="trunc_ln539_7 "/>
</bind>
</comp>

<comp id="500" class="1005" name="icmp_ln538_7_reg_500">
<pin_list>
<pin id="501" dir="0" index="0" bw="1" slack="1"/>
<pin id="502" dir="1" index="1" bw="1" slack="1"/>
</pin_list>
<bind>
<opset="icmp_ln538_7 "/>
</bind>
</comp>

<comp id="505" class="1005" name="trunc_ln539_8_reg_505">
<pin_list>
<pin id="506" dir="0" index="0" bw="16" slack="1"/>
<pin id="507" dir="1" index="1" bw="16" slack="1"/>
</pin_list>
<bind>
<opset="trunc_ln539_8 "/>
</bind>
</comp>

</comp_list>

<net_list>
<net id="109"><net_src comp="4" pin="0"/><net_sink comp="106" pin=0"/></net>

<net id="114"><net_src comp="22" pin="0"/><net_sink comp="110" pin=0"/></net>

<net id="115"><net_src comp="0" pin="0"/><net_sink comp="110" pin=1"/></net>

<net id="121"><net_src comp="104" pin="0"/><net_sink comp="116" pin=0"/></net>

<net id="122"><net_src comp="2" pin="0"/><net_sink comp="116" pin=1"/></net>

<net id="127"><net_src comp="16" pin="0"/><net_sink comp="123" pin=0"/></net>

<net id="135"><net_src comp="128" pin="1"/><net_sink comp="131" pin=0"/></net>

<net id="136"><net_src comp="18" pin="0"/><net_sink comp="131" pin=1"/></net>

<net id="141"><net_src comp="128" pin="1"/><net_sink comp="137" pin=0"/></net>

<net id="142"><net_src comp="20" pin="0"/><net_sink comp="137" pin=1"/></net>

<net id="147"><net_src comp="137" pin="2"/><net_sink comp="143" pin=0"/></net>

<net id="151"><net_src comp="110" pin="2"/><net_sink comp="148" pin=0"/></net>

<net id="158"><net_src comp="24" pin="0"/><net_sink comp="152" pin=0"/></net>

<net id="159"><net_src comp="110" pin="2"/><net_sink comp="152" pin=1"/></net>

<net id="160"><net_src comp="26" pin="0"/><net_sink comp="152" pin=2"/></net>

<net id="161"><net_src comp="28" pin="0"/><net_sink comp="152" pin=3"/></net>

<net id="168"><net_src comp="24" pin="0"/><net_sink comp="162" pin=0"/></net>

<net id="169"><net_src comp="110" pin="2"/><net_sink comp="162" pin=1"/></net>

<net id="170"><net_src comp="30" pin="0"/><net_sink comp="162" pin=2"/></net>

<net id="171"><net_src comp="32" pin="0"/><net_sink comp="162" pin=3"/></net>

<net id="178"><net_src comp="24" pin="0"/><net_sink comp="172" pin=0"/></net>

<net id="179"><net_src comp="110" pin="2"/><net_sink comp="172" pin=1"/></net>

<net id="180"><net_src comp="34" pin="0"/><net_sink comp="172" pin=2"/></net>

<net id="181"><net_src comp="36" pin="0"/><net_sink comp="172" pin=3"/></net>

<net id="188"><net_src comp="24" pin="0"/><net_sink comp="182" pin=0"/></net>

<net id="189"><net_src comp="110" pin="2"/><net_sink comp="182" pin=1"/></net>

<net id="190"><net_src comp="38" pin="0"/><net_sink comp="182" pin=2"/></net>

<net id="191"><net_src comp="40" pin="0"/><net_sink comp="182" pin=3"/></net>

<net id="198"><net_src comp="24" pin="0"/><net_sink comp="192" pin=0"/></net>

<net id="199"><net_src comp="110" pin="2"/><net_sink comp="192" pin=1"/></net>

<net id="200"><net_src comp="42" pin="0"/><net_sink comp="192" pin=2"/></net>

<net id="201"><net_src comp="44" pin="0"/><net_sink comp="192" pin=3"/></net>

<net id="208"><net_src comp="24" pin="0"/><net_sink comp="202" pin=0"/></net>

<net id="209"><net_src comp="110" pin="2"/><net_sink comp="202" pin=1"/></net>

<net id="210"><net_src comp="46" pin="0"/><net_sink comp="202" pin=2"/></net>

<net id="211"><net_src comp="48" pin="0"/><net_sink comp="202" pin=3"/></net>

<net id="218"><net_src comp="24" pin="0"/><net_sink comp="212" pin=0"/></net>

<net id="219"><net_src comp="110" pin="2"/><net_sink comp="212" pin=1"/></net>

<net id="220"><net_src comp="50" pin="0"/><net_sink comp="212" pin=2"/></net>

<net id="221"><net_src comp="52" pin="0"/><net_sink comp="212" pin=3"/></net>

<net id="226"><net_src comp="148" pin="1"/><net_sink comp="222" pin=0"/></net>

<net id="227"><net_src comp="54" pin="0"/><net_sink comp="222" pin=1"/></net>

<net id="234"><net_src comp="56" pin="0"/><net_sink comp="228" pin=0"/></net>

<net id="235"><net_src comp="110" pin="2"/><net_sink comp="228" pin=1"/></net>

<net id="236"><net_src comp="58" pin="0"/><net_sink comp="228" pin=2"/></net>

<net id="237"><net_src comp="60" pin="0"/><net_sink comp="228" pin=3"/></net>

<net id="242"><net_src comp="152" pin="4"/><net_sink comp="238" pin=0"/></net>

<net id="243"><net_src comp="54" pin="0"/><net_sink comp="238" pin=1"/></net>

<net id="250"><net_src comp="56" pin="0"/><net_sink comp="244" pin=0"/></net>

<net id="251"><net_src comp="110" pin="2"/><net_sink comp="244" pin=1"/></net>

<net id="252"><net_src comp="62" pin="0"/><net_sink comp="244" pin=2"/></net>

<net id="253"><net_src comp="64" pin="0"/><net_sink comp="244" pin=3"/></net>

<net id="258"><net_src comp="162" pin="4"/><net_sink comp="254" pin=0"/></net>

<net id="259"><net_src comp="54" pin="0"/><net_sink comp="254" pin=1"/></net>

<net id="266"><net_src comp="56" pin="0"/><net_sink comp="260" pin=0"/></net>

<net id="267"><net_src comp="110" pin="2"/><net_sink comp="260" pin=1"/></net>

<net id="268"><net_src comp="66" pin="0"/><net_sink comp="260" pin=2"/></net>

<net id="269"><net_src comp="68" pin="0"/><net_sink comp="260" pin=3"/></net>

<net id="274"><net_src comp="172" pin="4"/><net_sink comp="270" pin=0"/></net>

<net id="275"><net_src comp="54" pin="0"/><net_sink comp="270" pin=1"/></net>

<net id="282"><net_src comp="56" pin="0"/><net_sink comp="276" pin=0"/></net>

<net id="283"><net_src comp="110" pin="2"/><net_sink comp="276" pin=1"/></net>

<net id="284"><net_src comp="70" pin="0"/><net_sink comp="276" pin=2"/></net>

<net id="285"><net_src comp="72" pin="0"/><net_sink comp="276" pin=3"/></net>

<net id="290"><net_src comp="182" pin="4"/><net_sink comp="286" pin=0"/></net>

<net id="291"><net_src comp="54" pin="0"/><net_sink comp="286" pin=1"/></net>

<net id="298"><net_src comp="56" pin="0"/><net_sink comp="292" pin=0"/></net>

<net id="299"><net_src comp="110" pin="2"/><net_sink comp="292" pin=1"/></net>

<net id="300"><net_src comp="74" pin="0"/><net_sink comp="292" pin=2"/></net>

<net id="301"><net_src comp="76" pin="0"/><net_sink comp="292" pin=3"/></net>

<net id="306"><net_src comp="192" pin="4"/><net_sink comp="302" pin=0"/></net>

<net id="307"><net_src comp="54" pin="0"/><net_sink comp="302" pin=1"/></net>

<net id="314"><net_src comp="56" pin="0"/><net_sink comp="308" pin=0"/></net>

<net id="315"><net_src comp="110" pin="2"/><net_sink comp="308" pin=1"/></net>

<net id="316"><net_src comp="78" pin="0"/><net_sink comp="308" pin=2"/></net>

<net id="317"><net_src comp="80" pin="0"/><net_sink comp="308" pin=3"/></net>

<net id="322"><net_src comp="202" pin="4"/><net_sink comp="318" pin=0"/></net>

<net id="323"><net_src comp="54" pin="0"/><net_sink comp="318" pin=1"/></net>

<net id="330"><net_src comp="56" pin="0"/><net_sink comp="324" pin=0"/></net>

<net id="331"><net_src comp="110" pin="2"/><net_sink comp="324" pin=1"/></net>

<net id="332"><net_src comp="82" pin="0"/><net_sink comp="324" pin=2"/></net>

<net id="333"><net_src comp="84" pin="0"/><net_sink comp="324" pin=3"/></net>

<net id="338"><net_src comp="212" pin="4"/><net_sink comp="334" pin=0"/></net>

<net id="339"><net_src comp="54" pin="0"/><net_sink comp="334" pin=1"/></net>

<net id="346"><net_src comp="56" pin="0"/><net_sink comp="340" pin=0"/></net>

<net id="347"><net_src comp="110" pin="2"/><net_sink comp="340" pin=1"/></net>

<net id="348"><net_src comp="86" pin="0"/><net_sink comp="340" pin=2"/></net>

<net id="349"><net_src comp="88" pin="0"/><net_sink comp="340" pin=3"/></net>

<net id="355"><net_src comp="100" pin="0"/><net_sink comp="350" pin=2"/></net>

<net id="361"><net_src comp="100" pin="0"/><net_sink comp="356" pin=2"/></net>

<net id="367"><net_src comp="100" pin="0"/><net_sink comp="362" pin=2"/></net>

<net id="373"><net_src comp="100" pin="0"/><net_sink comp="368" pin=2"/></net>

<net id="379"><net_src comp="100" pin="0"/><net_sink comp="374" pin=2"/></net>

<net id="385"><net_src comp="100" pin="0"/><net_sink comp="380" pin=2"/></net>

<net id="391"><net_src comp="100" pin="0"/><net_sink comp="386" pin=2"/></net>

<net id="397"><net_src comp="100" pin="0"/><net_sink comp="392" pin=2"/></net>

<net id="409"><net_src comp="102" pin="0"/><net_sink comp="398" pin=0"/></net>

<net id="410"><net_src comp="392" pin="3"/><net_sink comp="398" pin=1"/></net>

<net id="411"><net_src comp="386" pin="3"/><net_sink comp="398" pin=2"/></net>

<net id="412"><net_src comp="380" pin="3"/><net_sink comp="398" pin=3"/></net>

<net id="413"><net_src comp="374" pin="3"/><net_sink comp="398" pin=4"/></net>

<net id="414"><net_src comp="368" pin="3"/><net_sink comp="398" pin=5"/></net>

<net id="415"><net_src comp="362" pin="3"/><net_sink comp="398" pin=6"/></net>

<net id="416"><net_src comp="356" pin="3"/><net_sink comp="398" pin=7"/></net>

<net id="417"><net_src comp="350" pin="3"/><net_sink comp="398" pin=8"/></net>

<net id="418"><net_src comp="398" pin="9"/><net_sink comp="116" pin=2"/></net>

<net id="422"><net_src comp="106" pin="1"/><net_sink comp="419" pin=0"/></net>

<net id="423"><net_src comp="419" pin="1"/><net_sink comp="123" pin=1"/></net>

<net id="424"><net_src comp="419" pin="1"/><net_sink comp="128" pin=0"/></net>

<net id="425"><net_src comp="419" pin="1"/><net_sink comp="143" pin=1"/></net>

<net id="429"><net_src comp="131" pin="2"/><net_sink comp="426" pin=0"/></net>

<net id="433"><net_src comp="222" pin="2"/><net_sink comp="430" pin=0"/></net>

<net id="434"><net_src comp="430" pin="1"/><net_sink comp="350" pin=0"/></net>

<net id="438"><net_src comp="228" pin="4"/><net_sink comp="435" pin=0"/></net>

<net id="439"><net_src comp="435" pin="1"/><net_sink comp="350" pin=1"/></net>

<net id="443"><net_src comp="238" pin="2"/><net_sink comp="440" pin=0"/></net>

<net id="444"><net_src comp="440" pin="1"/><net_sink comp="356" pin=0"/></net>

<net id="448"><net_src comp="244" pin="4"/><net_sink comp="445" pin=0"/></net>

<net id="449"><net_src comp="445" pin="1"/><net_sink comp="356" pin=1"/></net>

<net id="453"><net_src comp="254" pin="2"/><net_sink comp="450" pin=0"/></net>

<net id="454"><net_src comp="450" pin="1"/><net_sink comp="362" pin=0"/></net>

<net id="458"><net_src comp="260" pin="4"/><net_sink comp="455" pin=0"/></net>

<net id="459"><net_src comp="455" pin="1"/><net_sink comp="362" pin=1"/></net>

<net id="463"><net_src comp="270" pin="2"/><net_sink comp="460" pin=0"/></net>

<net id="464"><net_src comp="460" pin="1"/><net_sink comp="368" pin=0"/></net>

<net id="468"><net_src comp="276" pin="4"/><net_sink comp="465" pin=0"/></net>

<net id="469"><net_src comp="465" pin="1"/><net_sink comp="368" pin=1"/></net>

<net id="473"><net_src comp="286" pin="2"/><net_sink comp="470" pin=0"/></net>

<net id="474"><net_src comp="470" pin="1"/><net_sink comp="374" pin=0"/></net>

<net id="478"><net_src comp="292" pin="4"/><net_sink comp="475" pin=0"/></net>

<net id="479"><net_src comp="475" pin="1"/><net_sink comp="374" pin=1"/></net>

<net id="483"><net_src comp="302" pin="2"/><net_sink comp="480" pin=0"/></net>

<net id="484"><net_src comp="480" pin="1"/><net_sink comp="380" pin=0"/></net>

<net id="488"><net_src comp="308" pin="4"/><net_sink comp="485" pin=0"/></net>

<net id="489"><net_src comp="485" pin="1"/><net_sink comp="380" pin=1"/></net>

<net id="493"><net_src comp="318" pin="2"/><net_sink comp="490" pin=0"/></net>

<net id="494"><net_src comp="490" pin="1"/><net_sink comp="386" pin=0"/></net>

<net id="498"><net_src comp="324" pin="4"/><net_sink comp="495" pin=0"/></net>

<net id="499"><net_src comp="495" pin="1"/><net_sink comp="386" pin=1"/></net>

<net id="503"><net_src comp="334" pin="2"/><net_sink comp="500" pin=0"/></net>

<net id="504"><net_src comp="500" pin="1"/><net_sink comp="392" pin=0"/></net>

<net id="508"><net_src comp="340" pin="4"/><net_sink comp="505" pin=0"/></net>

<net id="509"><net_src comp="505" pin="1"/><net_sink comp="392" pin=1"/></net>

</net_list>

</model> 
---------------- Datapath Model END ------------------

* FSMD analyzer results:
  - Output states:
	Port: layer8_out | {3 }
 - Input state : 
	Port: thresholded_relu<array,ap_fixed,array<ap_fixed,8u>,thresholdedrelu_config8> : layer6_out | {2 }
  - Chain level:
	State 1
		store_ln528 : 1
		i_1 : 1
		icmp_ln528 : 2
		i_2 : 2
		br_ln528 : 3
		store_ln528 : 3
	State 2
		icmp_ln538 : 1
		icmp_ln538_1 : 1
		icmp_ln538_2 : 1
		icmp_ln538_3 : 1
		icmp_ln538_4 : 1
		icmp_ln538_5 : 1
		icmp_ln538_6 : 1
		icmp_ln538_7 : 1
	State 3
		or_ln544_s : 1
		write_ln544 : 2


============================================================
+ Verbose Summary: Datapath Resource usage 
============================================================

* Functional unit list:
|----------|-----------------------------|---------|---------|
| Operation|       Functional Unit       |    FF   |   LUT   |
|----------|-----------------------------|---------|---------|
|          |      icmp_ln528_fu_131      |    0    |    14   |
|          |      icmp_ln538_fu_222      |    0    |    46   |
|          |     icmp_ln538_1_fu_238     |    0    |    46   |
|          |     icmp_ln538_2_fu_254     |    0    |    46   |
|   icmp   |     icmp_ln538_3_fu_270     |    0    |    46   |
|          |     icmp_ln538_4_fu_286     |    0    |    46   |
|          |     icmp_ln538_5_fu_302     |    0    |    46   |
|          |     icmp_ln538_6_fu_318     |    0    |    46   |
|          |     icmp_ln538_7_fu_334     |    0    |    46   |
|----------|-----------------------------|---------|---------|
|          |      out_data_1_fu_350      |    0    |    16   |
|          |      out_data_3_fu_356      |    0    |    16   |
|          |      out_data_5_fu_362      |    0    |    16   |
|  select  |      out_data_7_fu_368      |    0    |    16   |
|          |     select_ln538_fu_374     |    0    |    16   |
|          |    select_ln538_5_fu_380    |    0    |    16   |
|          |    select_ln538_6_fu_386    |    0    |    16   |
|          |    select_ln538_7_fu_392    |    0    |    16   |
|----------|-----------------------------|---------|---------|
|    add   |          i_2_fu_137         |    0    |    14   |
|----------|-----------------------------|---------|---------|
|   read   | layer6_out_read_read_fu_110 |    0    |    0    |
|----------|-----------------------------|---------|---------|
|   write  |   write_ln544_write_fu_116  |    0    |    0    |
|----------|-----------------------------|---------|---------|
|   trunc  |      trunc_ln531_fu_148     |    0    |    0    |
|----------|-----------------------------|---------|---------|
|          |     trunc_ln531_s_fu_152    |    0    |    0    |
|          |     trunc_ln531_1_fu_162    |    0    |    0    |
|          |     trunc_ln531_2_fu_172    |    0    |    0    |
|          |     trunc_ln531_3_fu_182    |    0    |    0    |
|          |     trunc_ln531_4_fu_192    |    0    |    0    |
|          |     trunc_ln531_5_fu_202    |    0    |    0    |
|          |     trunc_ln531_6_fu_212    |    0    |    0    |
|partselect|       out_data_fu_228       |    0    |    0    |
|          |      out_data_2_fu_244      |    0    |    0    |
|          |      out_data_4_fu_260      |    0    |    0    |
|          |      out_data_6_fu_276      |    0    |    0    |
|          |       trunc_ln1_fu_292      |    0    |    0    |
|          |     trunc_ln539_6_fu_308    |    0    |    0    |
|          |     trunc_ln539_7_fu_324    |    0    |    0    |
|          |     trunc_ln539_8_fu_340    |    0    |    0    |
|----------|-----------------------------|---------|---------|
|bitconcatenate|      or_ln544_s_fu_398      |    0    |    0    |
|----------|-----------------------------|---------|---------|
|   Total  |                             |    0    |   524   |
|----------|-----------------------------|---------|---------|

Memories:
N/A

* Register list:
+---------------------+--------+
|                     |   FF   |
+---------------------+--------+
|      i_reg_419      |    7   |
|  icmp_ln528_reg_426 |    1   |
| icmp_ln538_1_reg_440|    1   |
| icmp_ln538_2_reg_450|    1   |
| icmp_ln538_3_reg_460|    1   |
| icmp_ln538_4_reg_470|    1   |
| icmp_ln538_5_reg_480|    1   |
| icmp_ln538_6_reg_490|    1   |
| icmp_ln538_7_reg_500|    1   |
|  icmp_ln538_reg_430 |    1   |
|  out_data_2_reg_445 |   16   |
|  out_data_4_reg_455 |   16   |
|  out_data_6_reg_465 |   16   |
|   out_data_reg_435  |   16   |
|  trunc_ln1_reg_475  |   16   |
|trunc_ln539_6_reg_485|   16   |
|trunc_ln539_7_reg_495|   16   |
|trunc_ln539_8_reg_505|   16   |
+---------------------+--------+
|        Total        |   144  |
+---------------------+--------+

* Multiplexer (MUX) list: 
|--------|------|------|------|--------|
|  Comp  |  Pin | Size |  BW  | S x BW |
|--------|------|------|------|--------|
|  Total |      |      |      |    0   |
|--------|------|------|------|--------|



* Summary:
+-----------+--------+--------+
|           |   FF   |   LUT  |
+-----------+--------+--------+
|  Function |    0   |   524  |
|   Memory  |    -   |    -   |
|Multiplexer|    -   |    -   |
|  Register |   144  |    -   |
+-----------+--------+--------+
|   Total   |   144  |   524  |
+-----------+--------+--------+
