

================================================================
== Vitis HLS Report for 'thresholded_relu_array_ap_fixed_array_ap_fixed_6u_thresholdedrelu_config4_s'
================================================================
* Date:           Sun Apr  5 17:32:11 2026

* Version:        2023.2 (Build 4023990 on Oct 11 2023)
* Project:        gaussian_prj
* Solution:       solution1 (Vivado IP Flow Target)
* Product family: kintexu
* Target device:  xcku035-fbva676-2-e


================================================================
== Performance Estimates
================================================================
+ Timing: 
    * Summary: 
    +--------+---------+----------+------------+
    |  Clock |  Target | Estimated| Uncertainty|
    +--------+---------+----------+------------+
    |ap_clk  |  5.00 ns|  3.359 ns|     1.35 ns|
    +--------+---------+----------+------------+

+ Latency: 
    * Summary: 
    +---------+---------+-----------+-----------+------+------+---------+
    |  Latency (cycles) |   Latency (absolute)  |   Interval  | Pipeline|
    |   min   |   max   |    min    |    max    |  min |  max |   Type  |
    +---------+---------+-----------+-----------+------+------+---------+
    |     2119|     2119|  10.595 us|  10.595 us|  2119|  2119|       no|
    +---------+---------+-----------+-----------+------+------+---------+

    + Detail: 
        * Instance: 
        N/A

        * Loop: 
        +--------------------------+---------+---------+----------+-----------+-----------+------+----------+
        |                          |  Latency (cycles) | Iteration|  Initiation Interval  | Trip |          |
        |         Loop Name        |   min   |   max   |  Latency |  achieved |   target  | Count| Pipelined|
        +--------------------------+---------+---------+----------+-----------+-----------+------+----------+
        |- ThresholdedReLUActLoop  |     2117|     2117|         3|          1|          1|  2116|       yes|
        +--------------------------+---------+---------+----------+-----------+-----------+------+----------+

============================================================
+ Verbose Summary: Synthesis Manager
============================================================
InlineROM: 1
ExposeGlobal: 0
============================================================
+ Verbose Summary: CDFG Model
============================================================
IsTopModel: 0
ResetActiveHigh: 1
IsCombinational: 2
IsDatapathOnly: 0
HasWiredReturn: 1
HasMFsm: 2
HasVarLatency: 1
IsPipeline: 0
IsRtlPipelined: 0
IsInstanceOverlapped: 0
IsDontTouch: 0
HasImplIP: 0
IsGatedGlobalClock: 0

+ Individual pipeline summary: 
  * Pipeline-0: initiation interval (II) = 1, depth = 3


============================================================
+ Verbose Summary: Schedule
============================================================
* Number of FSM states : 3
* Pipeline : 1
  Pipeline-0 : II = 1, D = 3, States = { 1 2 3 }
* Dataflow Pipeline: 0

* FSM state transitions: 
1 --> 2 
2 --> 3 
3 --> 

* FSM state operations: 

State 1 <SV = 0> <Delay = 2.42>
ST_1 : Operation 6 [1/1] (0.00ns)   --->   "%i = alloca i32 1" [firmware/nnet_utils/nnet_activation_stream.h:528]   --->   Operation 6 'alloca' 'i' <Predicate = true> <Delay = 0.00>
ST_1 : Operation 7 [1/1] (0.00ns)   --->   "%specinterface_ln0 = specinterface void @_ssdm_op_SpecInterface, i96 %layer4_out, void @empty_2, i32 0, i32 0, void @empty_1, i32 0, i32 0, void @empty_1, void @empty_1, void @empty_1, i32 0, i32 0, i32 0, i32 0, void @empty_1, void @empty_1, i32 4294967295, i32 0"   --->   Operation 7 'specinterface' 'specinterface_ln0' <Predicate = true> <Delay = 0.00>
ST_1 : Operation 8 [1/1] (0.00ns)   --->   "%specinterface_ln0 = specinterface void @_ssdm_op_SpecInterface, i222 %layer2_out, void @empty_2, i32 0, i32 0, void @empty_1, i32 0, i32 0, void @empty_1, void @empty_1, void @empty_1, i32 0, i32 0, i32 0, i32 0, void @empty_1, void @empty_1, i32 4294967295, i32 0"   --->   Operation 8 'specinterface' 'specinterface_ln0' <Predicate = true> <Delay = 0.00>
ST_1 : Operation 9 [1/1] (0.53ns)   --->   "%store_ln528 = store i12 0, i12 %i" [firmware/nnet_utils/nnet_activation_stream.h:528]   --->   Operation 9 'store' 'store_ln528' <Predicate = true> <Delay = 0.53>
ST_1 : Operation 10 [1/1] (0.00ns)   --->   "%br_ln528 = br void %ThresholdedReLUPackLoop" [firmware/nnet_utils/nnet_activation_stream.h:528]   --->   Operation 10 'br' 'br_ln528' <Predicate = true> <Delay = 0.00>
ST_1 : Operation 11 [1/1] (0.00ns)   --->   "%i_3 = load i12 %i" [firmware/nnet_utils/nnet_activation_stream.h:528]   --->   Operation 11 'load' 'i_3' <Predicate = true> <Delay = 0.00>
ST_1 : Operation 12 [1/1] (1.35ns)   --->   "%icmp_ln528 = icmp_eq  i12 %i_3, i12 2116" [firmware/nnet_utils/nnet_activation_stream.h:528]   --->   Operation 12 'icmp' 'icmp_ln528' <Predicate = true> <Delay = 1.35> <CoreInst = "Cmp">   --->   Core 9 'Cmp' <Latency = 0> <II = 1> <Delay = 1.35> <FuncUnit> <Opcode : 'icmp'> <InPorts = 2> <OutPorts = 1>
ST_1 : Operation 13 [1/1] (1.35ns)   --->   "%i_4 = add i12 %i_3, i12 1" [firmware/nnet_utils/nnet_activation_stream.h:528]   --->   Operation 13 'add' 'i_4' <Predicate = true> <Delay = 1.35> <CoreInst = "Adder">   --->   Core 1 'Adder' <Latency = 0> <II = 1> <Delay = 1.35> <FuncUnit> <Opcode : 'add' 'sub'> <InPorts = 2> <OutPorts = 1>
ST_1 : Operation 14 [1/1] (0.00ns)   --->   "%br_ln528 = br i1 %icmp_ln528, void %ThresholdedReLUPackLoop.split, void %for.end15" [firmware/nnet_utils/nnet_activation_stream.h:528]   --->   Operation 14 'br' 'br_ln528' <Predicate = true> <Delay = 0.00>
ST_1 : Operation 15 [1/1] (0.53ns)   --->   "%store_ln528 = store i12 %i_4, i12 %i" [firmware/nnet_utils/nnet_activation_stream.h:528]   --->   Operation 15 'store' 'store_ln528' <Predicate = (!icmp_ln528)> <Delay = 0.53>

State 2 <SV = 1> <Delay = 3.35>
ST_2 : Operation 16 [1/1] (1.82ns)   --->   "%layer2_out_read = read i222 @_ssdm_op_Read.ap_fifo.volatile.i222P0A, i222 %layer2_out" [firmware/nnet_utils/nnet_activation_stream.h:531]   --->   Operation 16 'read' 'layer2_out_read' <Predicate = true> <Delay = 1.82> <CoreInst = "FIFO">   --->   Core 78 'FIFO' <Latency = 0> <II = 1> <Delay = 2.16> <Storage> <Opcode : 'read' 'write' 'nbread' 'nbwrite'> <Ports = 0> <Width = 222> <Depth = 2116> <FIFO>
ST_2 : Operation 17 [1/1] (0.00ns)   --->   "%trunc_ln531 = trunc i222 %layer2_out_read" [firmware/nnet_utils/nnet_activation_stream.h:531]   --->   Operation 17 'trunc' 'trunc_ln531' <Predicate = true> <Delay = 0.00>
ST_2 : Operation 18 [1/1] (0.00ns)   --->   "%trunc_ln531_s = partselect i37 @_ssdm_op_PartSelect.i37.i222.i32.i32, i222 %layer2_out_read, i32 37, i32 73" [firmware/nnet_utils/nnet_activation_stream.h:531]   --->   Operation 18 'partselect' 'trunc_ln531_s' <Predicate = true> <Delay = 0.00>
ST_2 : Operation 19 [1/1] (0.00ns)   --->   "%trunc_ln531_7 = partselect i37 @_ssdm_op_PartSelect.i37.i222.i32.i32, i222 %layer2_out_read, i32 74, i32 110" [firmware/nnet_utils/nnet_activation_stream.h:531]   --->   Operation 19 'partselect' 'trunc_ln531_7' <Predicate = true> <Delay = 0.00>
ST_2 : Operation 20 [1/1] (0.00ns)   --->   "%trunc_ln531_8 = partselect i37 @_ssdm_op_PartSelect.i37.i222.i32.i32, i222 %layer2_out_read, i32 111, i32 147" [firmware/nnet_utils/nnet_activation_stream.h:531]   --->   Operation 20 'partselect' 'trunc_ln531_8' <Predicate = true> <Delay = 0.00>
ST_2 : Operation 21 [1/1] (0.00ns)   --->   "%trunc_ln531_9 = partselect i37 @_ssdm_op_PartSelect.i37.i222.i32.i32, i222 %layer2_out_read, i32 148, i32 184" [firmware/nnet_utils/nnet_activation_stream.h:531]   --->   Operation 21 'partselect' 'trunc_ln531_9' <Predicate = true> <Delay = 0.00>
ST_2 : Operation 22 [1/1] (0.00ns)   --->   "%trunc_ln531_1 = partselect i37 @_ssdm_op_PartSelect.i37.i222.i32.i32, i222 %layer2_out_read, i32 185, i32 221" [firmware/nnet_utils/nnet_activation_stream.h:531]   --->   Operation 22 'partselect' 'trunc_ln531_1' <Predicate = true> <Delay = 0.00>
ST_2 : Operation 23 [1/1] (1.53ns)   --->   "%icmp_ln538 = icmp_sgt  i37 %trunc_ln531, i37 0" [firmware/nnet_utils/nnet_activation_stream.h:538]   --->   Operation 23 'icmp' 'icmp_ln538' <Predicate = true> <Delay = 1.53> <CoreInst = "Cmp">   --->   Core 9 'Cmp' <Latency = 0> <II = 1> <Delay = 1.53> <FuncUnit> <Opcode : 'icmp'> <InPorts = 2> <OutPorts = 1>
ST_2 : Operation 24 [1/1] (0.00ns)   --->   "%out_data = partselect i16 @_ssdm_op_PartSelect.i16.i222.i32.i32, i222 %layer2_out_read, i32 10, i32 25" [firmware/nnet_utils/nnet_activation_stream.h:539]   --->   Operation 24 'partselect' 'out_data' <Predicate = true> <Delay = 0.00>
ST_2 : Operation 25 [1/1] (1.53ns)   --->   "%icmp_ln538_8 = icmp_sgt  i37 %trunc_ln531_s, i37 0" [firmware/nnet_utils/nnet_activation_stream.h:538]   --->   Operation 25 'icmp' 'icmp_ln538_8' <Predicate = true> <Delay = 1.53> <CoreInst = "Cmp">   --->   Core 9 'Cmp' <Latency = 0> <II = 1> <Delay = 1.53> <FuncUnit> <Opcode : 'icmp'> <InPorts = 2> <OutPorts = 1>
ST_2 : Operation 26 [1/1] (0.00ns)   --->   "%out_data_9 = partselect i16 @_ssdm_op_PartSelect.i16.i222.i32.i32, i222 %layer2_out_read, i32 47, i32 62" [firmware/nnet_utils/nnet_activation_stream.h:539]   --->   Operation 26 'partselect' 'out_data_9' <Predicate = true> <Delay = 0.00>
ST_2 : Operation 27 [1/1] (1.53ns)   --->   "%icmp_ln538_9 = icmp_sgt  i37 %trunc_ln531_7, i37 0" [firmware/nnet_utils/nnet_activation_stream.h:538]   --->   Operation 27 'icmp' 'icmp_ln538_9' <Predicate = true> <Delay = 1.53> <CoreInst = "Cmp">   --->   Core 9 'Cmp' <Latency = 0> <II = 1> <Delay = 1.53> <FuncUnit> <Opcode : 'icmp'> <InPorts = 2> <OutPorts = 1>
ST_2 : Operation 28 [1/1] (0.00ns)   --->   "%out_data_11 = partselect i16 @_ssdm_op_PartSelect.i16.i222.i32.i32, i222 %layer2_out_read, i32 84, i32 99" [firmware/nnet_utils/nnet_activation_stream.h:539]   --->   Operation 28 'partselect' 'out_data_11' <Predicate = true> <Delay = 0.00>
ST_2 : Operation 29 [1/1] (1.53ns)   --->   "%icmp_ln538_10 = icmp_sgt  i37 %trunc_ln531_8, i37 0" [firmware/nnet_utils/nnet_activation_stream.h:538]   --->   Operation 29 'icmp' 'icmp_ln538_10' <Predicate = true> <Delay = 1.53> <CoreInst = "Cmp">   --->   Core 9 'Cmp' <Latency = 0> <II = 1> <Delay = 1.53> <FuncUnit> <Opcode : 'icmp'> <InPorts = 2> <OutPorts = 1>
ST_2 : Operation 30 [1/1] (0.00ns)   --->   "%out_data_13 = partselect i16 @_ssdm_op_PartSelect.i16.i222.i32.i32, i222 %layer2_out_read, i32 121, i32 136" [firmware/nnet_utils/nnet_activation_stream.h:539]   --->   Operation 30 'partselect' 'out_data_13' <Predicate = true> <Delay = 0.00>
ST_2 : Operation 31 [1/1] (1.53ns)   --->   "%icmp_ln538_11 = icmp_sgt  i37 %trunc_ln531_9, i37 0" [firmware/nnet_utils/nnet_activation_stream.h:538]   --->   Operation 31 'icmp' 'icmp_ln538_11' <Predicate = true> <Delay = 1.53> <CoreInst = "Cmp">   --->   Core 9 'Cmp' <Latency = 0> <II = 1> <Delay = 1.53> <FuncUnit> <Opcode : 'icmp'> <InPorts = 2> <OutPorts = 1>
ST_2 : Operation 32 [1/1] (0.00ns)   --->   "%trunc_ln2 = partselect i16 @_ssdm_op_PartSelect.i16.i222.i32.i32, i222 %layer2_out_read, i32 158, i32 173" [firmware/nnet_utils/nnet_activation_stream.h:539]   --->   Operation 32 'partselect' 'trunc_ln2' <Predicate = true> <Delay = 0.00>
ST_2 : Operation 33 [1/1] (1.53ns)   --->   "%icmp_ln538_12 = icmp_sgt  i37 %trunc_ln531_1, i37 0" [firmware/nnet_utils/nnet_activation_stream.h:538]   --->   Operation 33 'icmp' 'icmp_ln538_12' <Predicate = true> <Delay = 1.53> <CoreInst = "Cmp">   --->   Core 9 'Cmp' <Latency = 0> <II = 1> <Delay = 1.53> <FuncUnit> <Opcode : 'icmp'> <InPorts = 2> <OutPorts = 1>
ST_2 : Operation 34 [1/1] (0.00ns)   --->   "%trunc_ln539_9 = partselect i16 @_ssdm_op_PartSelect.i16.i222.i32.i32, i222 %layer2_out_read, i32 195, i32 210" [firmware/nnet_utils/nnet_activation_stream.h:539]   --->   Operation 34 'partselect' 'trunc_ln539_9' <Predicate = true> <Delay = 0.00>
ST_2 : Operation 47 [1/1] (0.00ns)   --->   "%ret_ln546 = ret" [firmware/nnet_utils/nnet_activation_stream.h:546]   --->   Operation 47 'ret' 'ret_ln546' <Predicate = (icmp_ln528)> <Delay = 0.00>

State 3 <SV = 2> <Delay = 2.23>
ST_3 : Operation 35 [1/1] (0.00ns)   --->   "%specpipeline_ln529 = specpipeline void @_ssdm_op_SpecPipeline, i32 4294967295, i32 0, i32 0, i32 0, void @empty_1" [firmware/nnet_utils/nnet_activation_stream.h:529]   --->   Operation 35 'specpipeline' 'specpipeline_ln529' <Predicate = true> <Delay = 0.00>
ST_3 : Operation 36 [1/1] (0.00ns)   --->   "%speclooptripcount_ln528 = speclooptripcount void @_ssdm_op_SpecLoopTripCount, i64 2116, i64 2116, i64 2116" [firmware/nnet_utils/nnet_activation_stream.h:528]   --->   Operation 36 'speclooptripcount' 'speclooptripcount_ln528' <Predicate = true> <Delay = 0.00>
ST_3 : Operation 37 [1/1] (0.00ns)   --->   "%specloopname_ln528 = specloopname void @_ssdm_op_SpecLoopName, void @empty_5" [firmware/nnet_utils/nnet_activation_stream.h:528]   --->   Operation 37 'specloopname' 'specloopname_ln528' <Predicate = true> <Delay = 0.00>
ST_3 : Operation 38 [1/1] (0.41ns)   --->   "%out_data_8 = select i1 %icmp_ln538, i16 %out_data, i16 0" [firmware/nnet_utils/nnet_activation_stream.h:538]   --->   Operation 38 'select' 'out_data_8' <Predicate = true> <Delay = 0.41> <CoreInst = "Sel">   --->   Core 73 'Sel' <Latency = 0> <II = 1> <Delay = 0.41> <FuncUnit> <Opcode : 'select'> <InPorts = 3> <OutPorts = 1>
ST_3 : Operation 39 [1/1] (0.41ns)   --->   "%out_data_10 = select i1 %icmp_ln538_8, i16 %out_data_9, i16 0" [firmware/nnet_utils/nnet_activation_stream.h:538]   --->   Operation 39 'select' 'out_data_10' <Predicate = true> <Delay = 0.41> <CoreInst = "Sel">   --->   Core 73 'Sel' <Latency = 0> <II = 1> <Delay = 0.41> <FuncUnit> <Opcode : 'select'> <InPorts = 3> <OutPorts = 1>
ST_3 : Operation 40 [1/1] (0.41ns)   --->   "%out_data_12 = select i1 %icmp_ln538_9, i16 %out_data_11, i16 0" [firmware/nnet_utils/nnet_activation_stream.h:538]   --->   Operation 40 'select' 'out_data_12' <Predicate = true> <Delay = 0.41> <CoreInst = "Sel">   --->   Core 73 'Sel' <Latency = 0> <II = 1> <Delay = 0.41> <FuncUnit> <Opcode : 'select'> <InPorts = 3> <OutPorts = 1>
ST_3 : Operation 41 [1/1] (0.41ns)   --->   "%out_data_14 = select i1 %icmp_ln538_10, i16 %out_data_13, i16 0" [firmware/nnet_utils/nnet_activation_stream.h:538]   --->   Operation 41 'select' 'out_data_14' <Predicate = true> <Delay = 0.41> <CoreInst = "Sel">   --->   Core 73 'Sel' <Latency = 0> <II = 1> <Delay = 0.41> <FuncUnit> <Opcode : 'select'> <InPorts = 3> <OutPorts = 1>
ST_3 : Operation 42 [1/1] (0.41ns)   --->   "%select_ln538 = select i1 %icmp_ln538_11, i16 %trunc_ln2, i16 0" [firmware/nnet_utils/nnet_activation_stream.h:538]   --->   Operation 42 'select' 'select_ln538' <Predicate = true> <Delay = 0.41> <CoreInst = "Sel">   --->   Core 73 'Sel' <Latency = 0> <II = 1> <Delay = 0.41> <FuncUnit> <Opcode : 'select'> <InPorts = 3> <OutPorts = 1>
ST_3 : Operation 43 [1/1] (0.41ns)   --->   "%select_ln538_9 = select i1 %icmp_ln538_12, i16 %trunc_ln539_9, i16 0" [firmware/nnet_utils/nnet_activation_stream.h:538]   --->   Operation 43 'select' 'select_ln538_9' <Predicate = true> <Delay = 0.41> <CoreInst = "Sel">   --->   Core 73 'Sel' <Latency = 0> <II = 1> <Delay = 0.41> <FuncUnit> <Opcode : 'select'> <InPorts = 3> <OutPorts = 1>
ST_3 : Operation 44 [1/1] (0.00ns)   --->   "%or_ln544_s = bitconcatenate i96 @_ssdm_op_BitConcatenate.i96.i16.i16.i16.i16.i16.i16, i16 %select_ln538_9, i16 %select_ln538, i16 %out_data_14, i16 %out_data_12, i16 %out_data_10, i16 %out_data_8" [firmware/nnet_utils/nnet_activation_stream.h:544]   --->   Operation 44 'bitconcatenate' 'or_ln544_s' <Predicate = true> <Delay = 0.00>
ST_3 : Operation 45 [1/1] (1.82ns)   --->   "%write_ln544 = write void @_ssdm_op_Write.ap_fifo.volatile.i96P0A, i96 %layer4_out, i96 %or_ln544_s" [firmware/nnet_utils/nnet_activation_stream.h:544]   --->   Operation 45 'write' 'write_ln544' <Predicate = true> <Delay = 1.82> <CoreInst = "FIFO">   --->   Core 78 'FIFO' <Latency = 0> <II = 1> <Delay = 2.16> <Storage> <Opcode : 'read' 'write' 'nbread' 'nbwrite'> <Ports = 0> <Width = 96> <Depth = 2116> <FIFO>
ST_3 : Operation 46 [1/1] (0.00ns)   --->   "%br_ln528 = br void %ThresholdedReLUPackLoop" [firmware/nnet_utils/nnet_activation_stream.h:528]   --->   Operation 46 'br' 'br_ln528' <Predicate = true> <Delay = 0.00>


============================================================
+ Verbose Summary: Timing violations
============================================================
Target clock period: 5.000ns, clock uncertainty: 1.350ns.

 <State 1>: 2.428ns
The critical path consists of the following:
	'store' operation 0 bit ('store_ln528', firmware/nnet_utils/nnet_activation_stream.h:528) of constant 0 on local variable 'i', firmware/nnet_utils/nnet_activation_stream.h:528 [6]  (0.538 ns)
	'load' operation 12 bit ('i', firmware/nnet_utils/nnet_activation_stream.h:528) on local variable 'i', firmware/nnet_utils/nnet_activation_stream.h:528 [9]  (0.000 ns)
	'icmp' operation 1 bit ('icmp_ln528', firmware/nnet_utils/nnet_activation_stream.h:528) [10]  (1.352 ns)
	'store' operation 0 bit ('store_ln528', firmware/nnet_utils/nnet_activation_stream.h:528) of variable 'i', firmware/nnet_utils/nnet_activation_stream.h:528 on local variable 'i', firmware/nnet_utils/nnet_activation_stream.h:528 [44]  (0.538 ns)

 <State 2>: 3.359ns
The critical path consists of the following:
	fifo read operation ('layer2_out_read', firmware/nnet_utils/nnet_activation_stream.h:531) on port 'layer2_out' (firmware/nnet_utils/nnet_activation_stream.h:531) [17]  (1.825 ns)
	'icmp' operation 1 bit ('icmp_ln538', firmware/nnet_utils/nnet_activation_stream.h:538) [24]  (1.534 ns)

 <State 3>: 2.236ns
The critical path consists of the following:
	'select' operation 16 bit ('out_data', firmware/nnet_utils/nnet_activation_stream.h:538) [26]  (0.411 ns)
	fifo write operation ('write_ln544', firmware/nnet_utils/nnet_activation_stream.h:544) on port 'layer4_out' (firmware/nnet_utils/nnet_activation_stream.h:544) [43]  (1.825 ns)


============================================================
+ Verbose Summary: Binding
============================================================
N/A
* FSMD analyzer results:
  - Output states:
 - Input state : 
  - Chain level:
	State 1
	State 2
	State 3


============================================================
+ Verbose Summary: Datapath Resource usage 
============================================================
N/A
